
> gen-ui@0.1.0 build
> next build

▲ Next.js 16.1.6 (Turbopack)
- Environments: .env.local

  Creating an optimized production build ...

> Build error occurred
Error: Turbopack build failed with 18 errors:
./node_modules/@crayonai/react-core/dist/stream/processStreamedMessage.js:7:18
Module not found: Can't resolve '@crayonai/stream'
[0m [90m  5 |[39m [33mObject[39m[33m.[39mdefineProperty(exports[33m,[39m [32m"__esModule"[39m[33m,[39m { value[33m:[39m [36mtrue[39m })[33m;[39m
 [90m  6 |[39m exports[33m.[39mprocessStreamedMessage [33m=[39m [36mvoid[39m [35m0[39m[33m;[39m
[31m[1m>[22m[39m[90m  7 |[39m [36mconst[39m stream_1 [33m=[39m require([32m"@crayonai/stream"[39m)[33m;[39m
 [90m    |[39m                  [31m[1m^[22m[39m[31m[1m^[22m[39m[31m[1m^[22m[39m[31m[1m^[22m[39m[31m[1m^[22m[39m[31m[1m^[22m[39m[31m[1m^[22m[39m[31m[1m^[22m[39m[31m[1m^[22m[39m[31m[1m^[22m[39m[31m[1m^[22m[39m[31m[1m^[22m[39m[31m[1m^[22m[39m[31m[1m^[22m[39m[31m[1m^[22m[39m[31m[1m^[22m[39m[31m[1m^[22m[39m[31m[1m^[22m[39m[31m[1m^[22m[39m[31m[1m^[22m[39m[31m[1m^[22m[39m[31m[1m^[22m[39m[31m[1m^[22m[39m[31m[1m^[22m[39m[31m[1m^[22m[39m[31m[1m^[22m[39m[31m[1m^[22m[39m
 [90m  8 |[39m [36mconst[39m eventsource_parser_1 [33m=[39m require([32m"eventsource-parser"[39m)[33m;[39m
 [90m  9 |[39m [36mconst[39m tiny_invariant_1 [33m=[39m __importDefault(require([32m"tiny-invariant"[39m))[33m;[39m
 [90m 10 |[39m [90m/**[39m[0m



Import trace:
  Server Component:
    ./node_modules/@crayonai/react-core/dist/stream/processStreamedMessage.js
    ./node_modules/@crayonai/react-core/dist/index.js
    ./node_modules/@thesysai/genui-sdk/dist/index.js
    ./src/app/c1thesys/page.tsx

https://nextjs.org/docs/messages/module-not-found


./node_modules/@crayonai/react-core/dist/hooks/useThreadActions.js:4:19
Module not found: Can't resolve 'zustand'
[0m [90m 2 |[39m [33mObject[39m[33m.[39mdefineProperty(exports[33m,[39m [32m"__esModule"[39m[33m,[39m { value[33m:[39m [36mtrue[39m })[33m;[39m
 [90m 3 |[39m exports[33m.[39museThreadActions [33m=[39m [36mvoid[39m [35m0[39m[33m;[39m
[31m[1m>[22m[39m[90m 4 |[39m [36mconst[39m zustand_1 [33m=[39m require([32m"zustand"[39m)[33m;[39m
 [90m   |[39m                   [31m[1m^[22m[39m[31m[1m^[22m[39m[31m[1m^[22m[39m[31m[1m^[22m[39m[31m[1m^[22m[39m[31m[1m^[22m[39m[31m[1m^[22m[39m[31m[1m^[22m[39m[31m[1m^[22m[39m[31m[1m^[22m[39m[31m[1m^[22m[39m[31m[1m^[22m[39m[31m[1m^[22m[39m[31m[1m^[22m[39m[31m[1m^[22m[39m[31m[1m^[22m[39m[31m[1m^[22m[39m[31m[1m^[22m[39m
 [90m 5 |[39m [36mconst[39m [33mChatContext_1[39m [33m=[39m require([32m"../internal/ChatContext"[39m)[33m;[39m
 [90m 6 |[39m [90m/**[39m
 [90m 7 |[39m [90m * `useThreadActions` allows you to modify the {@link ThreadState} by providing access to {@link ThreadActions} which contains methods to modify the state.[39m[0m



Import trace:
  Server Component:
    ./node_modules/@crayonai/react-core/dist/hooks/useThreadActions.js
    ./node_modules/@crayonai/react-core/dist/index.js
    ./node_modules/@thesysai/genui-sdk/dist/index.js
    ./src/app/c1thesys/page.tsx

https://nextjs.org/docs/messages/module-not-found


./node_modules/@crayonai/react-core/dist/hooks/useThreadListActions.js:4:19
Module not found: Can't resolve 'zustand'
[0m [90m 2 |[39m [33mObject[39m[33m.[39mdefineProperty(exports[33m,[39m [32m"__esModule"[39m[33m,[39m { value[33m:[39m [36mtrue[39m })[33m;[39m
 [90m 3 |[39m exports[33m.[39museThreadListActions [33m=[39m [36mvoid[39m [35m0[39m[33m;[39m
[31m[1m>[22m[39m[90m 4 |[39m [36mconst[39m zustand_1 [33m=[39m require([32m"zustand"[39m)[33m;[39m
 [90m   |[39m                   [31m[1m^[22m[39m[31m[1m^[22m[39m[31m[1m^[22m[39m[31m[1m^[22m[39m[31m[1m^[22m[39m[31m[1m^[22m[39m[31m[1m^[22m[39m[31m[1m^[22m[39m[31m[1m^[22m[39m[31m[1m^[22m[39m[31m[1m^[22m[39m[31m[1m^[22m[39m[31m[1m^[22m[39m[31m[1m^[22m[39m[31m[1m^[22m[39m[31m[1m^[22m[39m[31m[1m^[22m[39m[31m[1m^[22m[39m
 [90m 5 |[39m [36mconst[39m [33mChatContext_1[39m [33m=[39m require([32m"../internal/ChatContext"[39m)[33m;[39m
 [90m 6 |[39m [90m/**[39m
 [90m 7 |[39m [90m * `useThreadListActions` allows you to modify the {@link ThreadListState} by providing access to {@link ThreadListActions} which contains methods to modify the state.[39m[0m



Import trace:
  Server Component:
    ./node_modules/@crayonai/react-core/dist/hooks/useThreadListActions.js
    ./node_modules/@crayonai/react-core/dist/index.js
    ./node_modules/@thesysai/genui-sdk/dist/index.js
    ./src/app/c1thesys/page.tsx

https://nextjs.org/docs/messages/module-not-found


./node_modules/@crayonai/react-core/dist/hooks/useThreadListState.js:4:19
Module not found: Can't resolve 'zustand'
[0m [90m 2 |[39m [33mObject[39m[33m.[39mdefineProperty(exports[33m,[39m [32m"__esModule"[39m[33m,[39m { value[33m:[39m [36mtrue[39m })[33m;[39m
 [90m 3 |[39m exports[33m.[39museThreadListState [33m=[39m [36mvoid[39m [35m0[39m[33m;[39m
[31m[1m>[22m[39m[90m 4 |[39m [36mconst[39m zustand_1 [33m=[39m require([32m"zustand"[39m)[33m;[39m
 [90m   |[39m                   [31m[1m^[22m[39m[31m[1m^[22m[39m[31m[1m^[22m[39m[31m[1m^[22m[39m[31m[1m^[22m[39m[31m[1m^[22m[39m[31m[1m^[22m[39m[31m[1m^[22m[39m[31m[1m^[22m[39m[31m[1m^[22m[39m[31m[1m^[22m[39m[31m[1m^[22m[39m[31m[1m^[22m[39m[31m[1m^[22m[39m[31m[1m^[22m[39m[31m[1m^[22m[39m[31m[1m^[22m[39m[31m[1m^[22m[39m
 [90m 5 |[39m [36mconst[39m [33mChatContext_1[39m [33m=[39m require([32m"../internal/ChatContext"[39m)[33m;[39m
 [90m 6 |[39m [90m/**[39m
 [90m 7 |[39m [90m * `useThreadListState` allows you to access the {@link ThreadListState}. This is helpful for multiple reasons, including but not limited to:[39m[0m



Import trace:
  Server Component:
    ./node_modules/@crayonai/react-core/dist/hooks/useThreadListState.js
    ./node_modules/@crayonai/react-core/dist/index.js
    ./node_modules/@thesysai/genui-sdk/dist/index.js
    ./src/app/c1thesys/page.tsx

https://nextjs.org/docs/messages/module-not-found


./node_modules/@crayonai/react-core/dist/hooks/useThreadManagerSelector.js:4:19
Module not found: Can't resolve 'zustand'
[0m [90m 2 |[39m [33mObject[39m[33m.[39mdefineProperty(exports[33m,[39m [32m"__esModule"[39m[33m,[39m { value[33m:[39m [36mtrue[39m })[33m;[39m
 [90m 3 |[39m exports[33m.[39museThreadManagerSelector [33m=[39m [36mvoid[39m [35m0[39m[33m;[39m
[31m[1m>[22m[39m[90m 4 |[39m [36mconst[39m zustand_1 [33m=[39m require([32m"zustand"[39m)[33m;[39m
 [90m   |[39m                   [31m[1m^[22m[39m[31m[1m^[22m[39m[31m[1m^[22m[39m[31m[1m^[22m[39m[31m[1m^[22m[39m[31m[1m^[22m[39m[31m[1m^[22m[39m[31m[1m^[22m[39m[31m[1m^[22m[39m[31m[1m^[22m[39m[31m[1m^[22m[39m[31m[1m^[22m[39m[31m[1m^[22m[39m[31m[1m^[22m[39m[31m[1m^[22m[39m[31m[1m^[22m[39m[31m[1m^[22m[39m[31m[1m^[22m[39m
 [90m 5 |[39m [36mconst[39m shallow_1 [33m=[39m require([32m"zustand/react/shallow"[39m)[33m;[39m
 [90m 6 |[39m [36mconst[39m [33mChatContext_1[39m [33m=[39m require([32m"../internal/ChatContext"[39m)[33m;[39m
 [90m 7 |[39m [90m/**[39m[0m



Import trace:
  Server Component:
    ./node_modules/@crayonai/react-core/dist/hooks/useThreadManagerSelector.js
    ./node_modules/@crayonai/react-core/dist/index.js
    ./node_modules/@thesysai/genui-sdk/dist/index.js
    ./src/app/c1thesys/page.tsx

https://nextjs.org/docs/messages/module-not-found


./node_modules/@crayonai/react-core/dist/hooks/useThreadState.js:4:19
Module not found: Can't resolve 'zustand'
[0m [90m 2 |[39m [33mObject[39m[33m.[39mdefineProperty(exports[33m,[39m [32m"__esModule"[39m[33m,[39m { value[33m:[39m [36mtrue[39m })[33m;[39m
 [90m 3 |[39m exports[33m.[39museThreadState [33m=[39m [36mvoid[39m [35m0[39m[33m;[39m
[31m[1m>[22m[39m[90m 4 |[39m [36mconst[39m zustand_1 [33m=[39m require([32m"zustand"[39m)[33m;[39m
 [90m   |[39m                   [31m[1m^[22m[39m[31m[1m^[22m[39m[31m[1m^[22m[39m[31m[1m^[22m[39m[31m[1m^[22m[39m[31m[1m^[22m[39m[31m[1m^[22m[39m[31m[1m^[22m[39m[31m[1m^[22m[39m[31m[1m^[22m[39m[31m[1m^[22m[39m[31m[1m^[22m[39m[31m[1m^[22m[39m[31m[1m^[22m[39m[31m[1m^[22m[39m[31m[1m^[22m[39m[31m[1m^[22m[39m[31m[1m^[22m[39m
 [90m 5 |[39m [36mconst[39m [33mChatContext_1[39m [33m=[39m require([32m"../internal/ChatContext"[39m)[33m;[39m
 [90m 6 |[39m [90m/**[39m
 [90m 7 |[39m [90m * `useThreadState` allows you to access the {@link ThreadState}. This is helpful for multiple reasons, including but not limited to:[39m[0m



Import trace:
  Server Component:
    ./node_modules/@crayonai/react-core/dist/hooks/useThreadState.js
    ./node_modules/@crayonai/react-core/dist/index.js
    ./node_modules/@thesysai/genui-sdk/dist/index.js
    ./src/app/c1thesys/page.tsx

https://nextjs.org/docs/messages/module-not-found


./node_modules/@crayonai/react-core/dist/internal/useThreadListManagerStore.js:5:19
Module not found: Can't resolve 'zustand'
[0m [90m 3 |[39m exports[33m.[39museThreadListManagerStore [33m=[39m [36mvoid[39m [35m0[39m[33m;[39m
 [90m 4 |[39m [36mconst[39m react_1 [33m=[39m require([32m"react"[39m)[33m;[39m
[31m[1m>[22m[39m[90m 5 |[39m [36mconst[39m zustand_1 [33m=[39m require([32m"zustand"[39m)[33m;[39m
 [90m   |[39m                   [31m[1m^[22m[39m[31m[1m^[22m[39m[31m[1m^[22m[39m[31m[1m^[22m[39m[31m[1m^[22m[39m[31m[1m^[22m[39m[31m[1m^[22m[39m[31m[1m^[22m[39m[31m[1m^[22m[39m[31m[1m^[22m[39m[31m[1m^[22m[39m[31m[1m^[22m[39m[31m[1m^[22m[39m[31m[1m^[22m[39m[31m[1m^[22m[39m[31m[1m^[22m[39m[31m[1m^[22m[39m[31m[1m^[22m[39m
 [90m 6 |[39m [90m// this is to create zustand store on top of input thread list manager,[39m
 [90m 7 |[39m [90m// it enables us to expose dev friendly api using context and not give up on optimisations[39m
 [90m 8 |[39m [36mconst[39m useThreadListManagerStore [33m=[39m (inputThreadListManager) [33m=>[39m {[0m



Import trace:
  Server Component:
    ./node_modules/@crayonai/react-core/dist/internal/useThreadListManagerStore.js
    ./node_modules/@crayonai/react-core/dist/ChatProvider.js
    ./node_modules/@crayonai/react-core/dist/index.js
    ./node_modules/@thesysai/genui-sdk/dist/index.js
    ./src/app/c1thesys/page.tsx

https://nextjs.org/docs/messages/module-not-found


./node_modules/@crayonai/react-core/dist/internal/useThreadManagerStore.js:5:19
Module not found: Can't resolve 'zustand'
[0m [90m 3 |[39m exports[33m.[39museThreadManagerStore [33m=[39m [36mvoid[39m [35m0[39m[33m;[39m
 [90m 4 |[39m [36mconst[39m react_1 [33m=[39m require([32m"react"[39m)[33m;[39m
[31m[1m>[22m[39m[90m 5 |[39m [36mconst[39m zustand_1 [33m=[39m require([32m"zustand"[39m)[33m;[39m
 [90m   |[39m                   [31m[1m^[22m[39m[31m[1m^[22m[39m[31m[1m^[22m[39m[31m[1m^[22m[39m[31m[1m^[22m[39m[31m[1m^[22m[39m[31m[1m^[22m[39m[31m[1m^[22m[39m[31m[1m^[22m[39m[31m[1m^[22m[39m[31m[1m^[22m[39m[31m[1m^[22m[39m[31m[1m^[22m[39m[31m[1m^[22m[39m[31m[1m^[22m[39m[31m[1m^[22m[39m[31m[1m^[22m[39m[31m[1m^[22m[39m
 [90m 6 |[39m [90m// this is to create zustand store on top of input thread manager,[39m
 [90m 7 |[39m [90m// it enables us to expose dev friendly api using context and not give up on optimisations[39m
 [90m 8 |[39m [36mconst[39m useThreadManagerStore [33m=[39m (inputThreadManager) [33m=>[39m {[0m



Import trace:
  Server Component:
    ./node_modules/@crayonai/react-core/dist/internal/useThreadManagerStore.js
    ./node_modules/@crayonai/react-core/dist/ChatProvider.js
    ./node_modules/@crayonai/react-core/dist/index.js
    ./node_modules/@thesysai/genui-sdk/dist/index.js
    ./src/app/c1thesys/page.tsx

https://nextjs.org/docs/messages/module-not-found


./node_modules/@crayonai/react-core/dist/useThreadListManager.js:5:19
Module not found: Can't resolve 'zustand'
[0m [90m 3 |[39m exports[33m.[39museThreadListManager [33m=[39m [36mvoid[39m [35m0[39m[33m;[39m
 [90m 4 |[39m [36mconst[39m react_1 [33m=[39m require([32m"react"[39m)[33m;[39m
[31m[1m>[22m[39m[90m 5 |[39m [36mconst[39m zustand_1 [33m=[39m require([32m"zustand"[39m)[33m;[39m
 [90m   |[39m                   [31m[1m^[22m[39m[31m[1m^[22m[39m[31m[1m^[22m[39m[31m[1m^[22m[39m[31m[1m^[22m[39m[31m[1m^[22m[39m[31m[1m^[22m[39m[31m[1m^[22m[39m[31m[1m^[22m[39m[31m[1m^[22m[39m[31m[1m^[22m[39m[31m[1m^[22m[39m[31m[1m^[22m[39m[31m[1m^[22m[39m[31m[1m^[22m[39m[31m[1m^[22m[39m[31m[1m^[22m[39m[31m[1m^[22m[39m
 [90m 6 |[39m [90m/**[39m
 [90m 7 |[39m [90m * `useThreadListManager` takes the necessary arguments and helps create a {@link ThreadListManager} instance. This instance is necessary to define how a thread list should[39m
 [90m 8 |[39m [90m * be fetched, updated, deleted, and selected and which backend APIs should be called at any of these events or actions.[39m[0m



Import trace:
  Server Component:
    ./node_modules/@crayonai/react-core/dist/useThreadListManager.js
    ./node_modules/@crayonai/react-core/dist/index.js
    ./node_modules/@thesysai/genui-sdk/dist/index.js
    ./src/app/c1thesys/page.tsx

https://nextjs.org/docs/messages/module-not-found


./node_modules/@crayonai/react-core/dist/useThreadManager.js:5:19
Module not found: Can't resolve 'zustand'
[0m [90m 3 |[39m exports[33m.[39museThreadManager [33m=[39m [36mvoid[39m [35m0[39m[33m;[39m
 [90m 4 |[39m [36mconst[39m react_1 [33m=[39m require([32m"react"[39m)[33m;[39m
[31m[1m>[22m[39m[90m 5 |[39m [36mconst[39m zustand_1 [33m=[39m require([32m"zustand"[39m)[33m;[39m
 [90m   |[39m                   [31m[1m^[22m[39m[31m[1m^[22m[39m[31m[1m^[22m[39m[31m[1m^[22m[39m[31m[1m^[22m[39m[31m[1m^[22m[39m[31m[1m^[22m[39m[31m[1m^[22m[39m[31m[1m^[22m[39m[31m[1m^[22m[39m[31m[1m^[22m[39m[31m[1m^[22m[39m[31m[1m^[22m[39m[31m[1m^[22m[39m[31m[1m^[22m[39m[31m[1m^[22m[39m[31m[1m^[22m[39m[31m[1m^[22m[39m
 [90m 6 |[39m [90m/**[39m
 [90m 7 |[39m [90m * `useThreadManager` takes the necessary arguments and helps create a {@link ThreadManager} instance. This instance is necessary to define how a thread should[39m
 [90m 8 |[39m [90m * be loaded and how a message in the thread should be processed or updated. This can be useful for multiple reasons, including but not limited to:[39m[0m



Import trace:
  Server Component:
    ./node_modules/@crayonai/react-core/dist/useThreadManager.js
    ./node_modules/@crayonai/react-core/dist/index.js
    ./node_modules/@thesysai/genui-sdk/dist/index.js
    ./src/app/c1thesys/page.tsx

https://nextjs.org/docs/messages/module-not-found


./node_modules/@crayonai/react-ui/dist/components/Shell/store.js:3:1
Module not found: Can't resolve 'zustand'
[0m [90m 1 |[39m [36mimport[39m { jsx [36mas[39m _jsx } [36mfrom[39m [32m"react/jsx-runtime"[39m[33m;[39m
 [90m 2 |[39m [36mimport[39m { createContext[33m,[39m useContext[33m,[39m useEffect[33m,[39m useMemo } [36mfrom[39m [32m"react"[39m[33m;[39m
[31m[1m>[22m[39m[90m 3 |[39m [36mimport[39m { create } [36mfrom[39m [32m"zustand"[39m[33m;[39m
 [90m   |[39m [31m[1m^[22m[39m[31m[1m^[22m[39m[31m[1m^[22m[39m[31m[1m^[22m[39m[31m[1m^[22m[39m[31m[1m^[22m[39m[31m[1m^[22m[39m[31m[1m^[22m[39m[31m[1m^[22m[39m[31m[1m^[22m[39m[31m[1m^[22m[39m[31m[1m^[22m[39m[31m[1m^[22m[39m[31m[1m^[22m[39m[31m[1m^[22m[39m[31m[1m^[22m[39m[31m[1m^[22m[39m[31m[1m^[22m[39m[31m[1m^[22m[39m[31m[1m^[22m[39m[31m[1m^[22m[39m[31m[1m^[22m[39m[31m[1m^[22m[39m[31m[1m^[22m[39m[31m[1m^[22m[39m[31m[1m^[22m[39m[31m[1m^[22m[39m[31m[1m^[22m[39m[31m[1m^[22m[39m[31m[1m^[22m[39m[31m[1m^[22m[39m[31m[1m^[22m[39m[31m[1m^[22m[39m
 [90m 4 |[39m [36mimport[39m { useShallow } [36mfrom[39m [32m"zustand/react/shallow"[39m[33m;[39m
 [90m 5 |[39m [36mexport[39m [36mconst[39m createShellStore [33m=[39m ({ logoUrl[33m,[39m agentName }) [33m=>[39m create(([36mset[39m) [33m=>[39m ({
 [90m 6 |[39m     isSidebarOpen[33m:[39m [36mtrue[39m[33m,[39m[0m



Import trace:
  Server Component:
    ./node_modules/@crayonai/react-ui/dist/components/Shell/store.js
    ./node_modules/@crayonai/react-ui/dist/components/Shell/ThreadList.js
    ./node_modules/@thesysai/genui-sdk/dist/index.js
    ./src/app/c1thesys/page.tsx

https://nextjs.org/docs/messages/module-not-found


./node_modules/@thesysai/genui-sdk/dist/index.js:1:4670
Module not found: Can't resolve 'zustand'
[0m[31m[1m>[22m[39m[90m 1 |[39m [36mvar[39m [33mJl[39m[33m=[39m[33mObject[39m[33m.[39mdefineProperty[33m;[39m[36mvar[39m [33mQl[39m[33m=[39m(e[33m,[39ma[33m,[39mn)[33m=>[39ma [36min[39m e[33m?[39m[33mJl[39m(e[33m,[39ma[33m,[39m{enumerable[33m:[39m[33m![39m[35m0[39m[33m,[39mconfigurable[33m:[39m[33m![39m[35m0[39m[33m,[39mwritable[33m:[39m[33m![39m[35m0[39m[33m,[39mvalue[33m:[39mn})[33m:[39me[a][33m=[39mn[33m;[39m[36mvar[39m yr[33m=[39m(e[33m,[39ma[33m,[39mn)[33m=>[39m[33mQl[39m(e[33m,[39m[36mtypeof[39m a[33m!=[39m[32m"symbol"[39m[33m?[39ma[33m+[39m[32m""[39m[33m:[39ma[33m,[39mn)[33m;[39m[36mimport[39m[32m"./genui-sdk.css"[39m[33m;[39m[36mimport[39m{jsx [36mas[39m t[33m,[39mjsxs [36mas[39m p[33m,[39m[33mFragment[39m [36mas[39m [33mQ[39m}[36mfrom[39m[32m"react/jsx-runtime"[39m[33m;[39m[36mimport[39m{useThreadListState [36mas[39m pi[33m,[39museMessage [36mas[39m ia[33m,[39museThreadActions [36mas[39m hi[33m,[39museThreadState [36mas[39m mt[33m,[39museThreadListManager [36mas[39m [33mUr[39m[33m,[39museThreadManager [36mas[39m qr[33m,[39mprocessStreamedMessage [36mas[39m ec[33m,[39m[33mChatProvider[39m [36mas[39m ui}[36mfrom[39m[32m"@crayonai/react-core"[39m[33m;[39m[36mimport[39m{useThreadListManager [36mas[39m $y}[36mfrom[39m[32m"@crayonai/react-core"[39m[33m;[39m[36mimport[39m [33mPe[39m[33m,[39m{createContext [36mas[39m [33mIe[39m[33m,[39museContext [36mas[39m [33mNe[39m[33m,[39museRef [36mas[39m [33mD[39m[33m,[39museState [36mas[39m [33mF[39m[33m,[39museMemo [36mas[39m ne[33m,[39museEffect [36mas[39m [33mV[39m[33m,[39museCallback [36mas[39m $[33m,[39mmemo [36mas[39m q[33m,[39museLayoutEffect [36mas[39m qe[33m,[39misValidElement [36mas[39m gi[33m,[39mcloneElement [36mas[39m tc[33m,[39mforwardRef [36mas[39m qa[33m,[39m[33mFragment[39m [36mas[39m ac[33m,[39museReducer [36mas[39m rc[33m,[39m[33mComponent[39m [36mas[39m nc[33m,[39m[33mChildren[39m [36mas[39m ic}[36mfrom[39m[32m"react"[39m[33m;[39m[36mimport[39m ct [36mfrom[39m[32m"tiny-invariant"[39m[33m;[39m[36mimport[39m{w [36mas[39m $a[33m,[39m[33mA[39m [36mas[39m ft[33m,[39m[33mM[39m [36mas[39m lt[33m,[39mp [36mas[39m _i[33m,[39mr [36mas[39m oc[33m,[39ma [36mas[39m [33mAr[39m[33m,[39ms [36mas[39m sc[33m,[39mc [36mas[39m lc}[36mfrom[39m[32m"./xmlParser-B5C8tiiX.js"[39m[33m;[39m[36mimport[39m{produce [36mas[39m oa}[36mfrom[39m[32m"immer"[39m[33m;[39m[36mimport[39m{[33mAccordion[39m [36mas[39m cc[33m,[39m[33mAccordionItem[39m [36mas[39m dc[33m,[39m[33mAccordionTrigger[39m [36mas[39m mc[33m,[39m[33mAccordionContent[39m [36mas[39m pc[33m,[39m[33mIconButton[39m [36mas[39m ie[33m,[39m[33mMarkDownRenderer[39m [36mas[39m [33mWa[39m[33m,[39m[33mAreaChart[39m [36mas[39m hc[33m,[39m[33mAreaChartCondensed[39m [36mas[39m [33mWr[39m[33m,[39m[33mHorizontalBarChart[39m [36mas[39m [33mOa[39m[33m,[39m[33mBarChart[39m [36mas[39m fi[33m,[39m[33mBarChartCondensed[39m [36mas[39m [33mKa[39m[33m,[39m[33mLineChart[39m [36mas[39m uc[33m,[39m[33mLineChartCondensed[39m [36mas[39m [33mKr[39m[33m,[39m[33mCheckBoxGroup[39m [36mas[39m gc[33m,[39m[33mSwitchGroup[39m [36mas[39m _c[33m,[39m[33mFormControl[39m [36mas[39m fc[33m,[39m[33mLabel[39m [36mas[39m bc[33m,[39m[33mHint[39m [36mas[39m yc[33m,[39m[33mRadioGroup[39m [36mas[39m vc[33m,[39m[33mSelect[39m [36mas[39m ea[33m,[39m[33mSelectTrigger[39m [36mas[39m [33mPa[39m[33m,[39m[33mSelectValue[39m [36mas[39m [33mIa[39m[33m,[39m[33mSelectContent[39m [36mas[39m ta[33m,[39m[33mSelectGroup[39m [36mas[39m wc[33m,[39m[33mSelectItem[39m [36mas[39m [33mQt[39m[33m,[39m[33mSlider[39m [36mas[39m xc[33m,[39m[33mInput[39m [36mas[39m [33mOt[39m[33m,[39m[33mImage[39m [36mas[39m kc[33m,[39m[33mListBlock[39m [36mas[39m [33mNc[39m[33m,[39m[33mTagBlock[39m [36mas[39m [33mXa[39m[33m,[39m[33mTag[39m [36mas[39m bt[33m,[39m[33mCallout[39m [36mas[39m bi[33m,[39m[33mCarousel[39m [36mas[39m [33mXr[39m[33m,[39m[33mCarouselContent[39m [36mas[39m [33mZr[39m[33m,[39m[33mCarouselItem[39m [36mas[39m [33mYr[39m[33m,[39m[33mCard[39m [36mas[39m yi[33m,[39m[33mCarouselNext[39m [36mas[39m vi[33m,[39m[33mCarouselPrevious[39m [36mas[39m wi[33m,[39m[33mImageGallery[39m [36mas[39m [33mCc[39m[33m,[39m[33mSeparator[39m [36mas[39m [33mOe[39m[33m,[39m[33mSteps[39m [36mas[39m [33mLr[39m[33m,[39m[33mStepsItem[39m [36mas[39m [33mMr[39m[33m,[39m[33mTable[39m [36mas[39m xi[33m,[39m[33mTableHeader[39m [36mas[39m ki[33m,[39m[33mTableRow[39m [36mas[39m za[33m,[39m[33mTableHead[39m [36mas[39m [33mNi[39m[33m,[39m[33mTableBody[39m [36mas[39m [33mCi[39m[33m,[39m[33mTableCell[39m [36mas[39m $r[33m,[39m[33mTabs[39m [36mas[39m [33mSc[39m[33m,[39m[33mTabsList[39m [36mas[39m [33mTc[39m[33m,[39m[33mTabsTrigger[39m [36mas[39m [33mEc[39m[33m,[39m[33mTabsContent[39m [36mas[39m [33mPc[39m[33m,[39m[33mFollowUpBlock[39m [36mas[39m [33mIc[39m[33m,[39m[33mButton[39m [36mas[39m we[33m,[39m[33mSelectSeparator[39m [36mas[39m [33mAc[39m[33m,[39m[33mSelectLabel[39m [36mas[39m [33mLc[39m[33m,[39m[33mCheckBoxItem[39m [36mas[39m [33mMc[39m[33m,[39m[33mTextArea[39m [36mas[39m $c[33m,[39m[33mSwitchItem[39m [36mas[39m [33mGr[39m[33m,[39m[33mRadioItem[39m [36mas[39m [33mOc[39m[33m,[39m[33mListItem[39m [36mas[39m zc[33m,[39m[33mCardHeader[39m [36mas[39m [33mOn[39m[33m,[39m[33mButtons[39m [36mas[39m [33mBc[39m[33m,[39m[33mFollowUpItem[39m [36mas[39m [33mRc[39m[33m,[39m[33mPrintContextProvider[39m [36mas[39m [33mDc[39m[33m,[39m[33mRadialChart[39m [36mas[39m [33mFc[39m[33m,[39m[33mPieChart[39m [36mas[39m [33mSi[39m[33m,[39m[33mThemeProvider[39m [36mas[39m [33mBa[39m[33m,[39museLayoutContext [36mas[39m [33mTi[39m}[36mfrom[39m[32m"@crayonai/react-ui"[39m[33m;[39m[36mimport[39m{[33mAreaChart[39m [36mas[39m jc}[36mfrom[39m[32m"@crayonai/react-ui/Charts/AreaChart"[39m[33m;[39m[36mimport[39m{[33mBarChart[39m [36mas[39m [33mVc[39m}[36mfrom[39m[32m"@crayonai/react-ui/Charts/BarChart"[39m[33m;[39m[36mimport[39m{[33mLineChart[39m [36mas[39m [33mHc[39m}[36mfrom[39m[32m"@crayonai/react-ui/Charts/LineChart"[39m[33m;[39m[36mimport[39m{[33mPieChart[39m [36mas[39m zn}[36mfrom[39m[32m"@crayonai/react-ui/Charts/PieChart"[39m[33m;[39m[36mimport[39m{[33mScatterChart[39m [36mas[39m [33mUc[39m}[36mfrom[39m[32m"@crayonai/react-ui/Charts/ScatterChart"[39m[33m;[39m[36mimport[39m{[33mDatePicker[39m [36mas[39m [33mEi[39m}[36mfrom[39m[32m"@crayonai/react-ui/DatePicker"[39m[33m;[39m[36mimport[39m{[33mStepsItem[39m [36mas[39m qc}[36mfrom[39m[32m"@crayonai/react-ui/Steps"[39m[33m;[39m[36mimport[39m aa [36mfrom[39m[32m"lodash/isEqual"[39m[33m;[39m[36mimport[39m{z [36mas[39m r}[36mfrom[39m[32m"zod"[39m[33m;[39m[36mimport[39m{[33mRadarChart[39m [36mas[39m [33mPi[39m}[36mfrom[39m[32m"@crayonai/react-ui/Charts/RadarChart"[39m[33m;[39m[36mimport[39m{[33mRadialChart[39m [36mas[39m [33mRa[39m}[36mfrom[39m[32m"@crayonai/react-ui/Charts/RadialChart"[39m[33m;[39m[36mimport[39m{useTheme [36mas[39m [33mCe[39m[33m,[39m[33mThemeProvider[39m [36mas[39m [33mIi[39m}[36mfrom[39m[32m"@crayonai/react-ui/ThemeProvider"[39m[33m;[39m[36mimport[39m [33mT[39m[33m,[39m{clsx [36mas[39m fe}[36mfrom[39m[32m"clsx"[39m[33m;[39m[36mimport[39m [33mZa[39m [36mfrom[39m[32m"remark-breaks"[39m[33m;[39m[36mimport[39m[33m*[39m[36mas[39m he [36mfrom[39m[32m"@radix-ui/react-tooltip"[39m[33m;[39m[36mimport[39m [33mWc[39m [36mfrom[39m[32m"lucide-react/dynamicIconImports.mjs"[39m[33m;[39m[36mimport[39m{visit [36mas[39m [33mAi[39m}[36mfrom[39m[32m"unist-util-visit"[39m[33m;[39m[36mimport[39m{[33mX[39m [36mas[39m yt[33m,[39m[33mMaximize2[39m [36mas[39m [33mKc[39m[33m,[39m[33mCheck[39m [36mas[39m [33mYe[39m[33m,[39m[33mCopy[39m [36mas[39m [33mLi[39m[33m,[39m[33mMaximize[39m [36mas[39m [33mXc[39m[33m,[39m[33mAlertCircle[39m [36mas[39m sa[33m,[39m[33mChevronLeft[39m [36mas[39m la[33m,[39m[33mChevronRight[39m [36mas[39m [33mAt[39m[33m,[39m[33mMoreHorizontal[39m [36mas[39m [33mZc[39m[33m,[39m[33mLink[39m [36mas[39m [33mJr[39m[33m,[39m[33mInfo[39m [36mas[39m [33mMi[39m[33m,[39m[33mType[39m [36mas[39m [33mYc[39m[33m,[39m[33mList[39m [36mas[39m [33mGc[39m[33m,[39m[33mCalendarDays[39m [36mas[39m [33mJc[39m[33m,[39m[33mRotateCcw[39m [36mas[39m [33mQc[39m[33m,[39m[33mDownload[39m [36mas[39m ed[33m,[39m[33mPlayIcon[39m [36mas[39m td[33m,[39m[33mArrowLeft[39m [36mas[39m $i[33m,[39m[33mArrowRight[39m [36mas[39m [33mOi[39m[33m,[39m[33mEdit2[39m [36mas[39m zi[33m,[39m[33mPresentationIcon[39m [36mas[39m ad[33m,[39m[33mPlay[39m [36mas[39m [33mBi[39m[33m,[39m[33mSearch[39m [36mas[39m rd[33m,[39m[33mChevronUp[39m [36mas[39m nd[33m,[39m[33mChevronDown[39m [36mas[39m [33mRi[39m[33m,[39m[33mFileText[39m [36mas[39m id[33m,[39m[33mLoader2[39m [36mas[39m od[33m,[39m[33mShare[39m [36mas[39m sd[33m,[39m[33mShare2[39m [36mas[39m [33mBn[39m[33m,[39m[33mThumbsUpIcon[39m [36mas[39m ld[33m,[39m[33mThumbsDownIcon[39m [36mas[39m cd[33m,[39m[33mShareIcon[39m [36mas[39m dd}[36mfrom[39m[32m"lucide-react"[39m[33m;[39m[36mimport[39m[33m*[39m[36mas[39m [33mMe[39m [36mfrom[39m[32m"@radix-ui/react-dialog"[39m[33m;[39m[36mimport[39m{[33mSingleStackedBar[39m [36mas[39m md}[36mfrom[39m[32m"@crayonai/react-ui/Charts/SingleStackedBarChart"[39m[33m;[39m[36mimport[39m pd [36mfrom[39m[32m"lodash/debounce"[39m[33m;[39m[36mimport[39m[32m"katex/dist/katex.min.css"[39m[33m;[39m[36mimport[39m [33mDi[39m [36mfrom[39m[32m"rehype-katex"[39m[33m;[39m[36mimport[39m [33mQr[39m [36mfrom[39m[32m"remark-gfm"[39m[33m;[39m[36mimport[39m [33mFi[39m [36mfrom[39m[32m"remark-math"[39m[33m;[39m[36mimport[39m{findAndReplace [36mas[39m ji}[36mfrom[39m[32m"mdast-util-find-and-replace"[39m[33m;[39m[36mimport[39m{[33mMiniAreaChart[39m [36mas[39m [33mVi[39m}[36mfrom[39m[32m"@crayonai/react-ui/Charts/MiniAreaChart"[39m[33m;[39m[36mimport[39m{[33mMiniBarChart[39m [36mas[39m [33mHi[39m}[36mfrom[39m[32m"@crayonai/react-ui/Charts/MiniBarChart"[39m[33m;[39m[36mimport[39m{[33mMiniLineChart[39m [36mas[39m [33mUi[39m}[36mfrom[39m[32m"@crayonai/react-ui/Charts/MiniLineChart"[39m[33m;[39m[36mimport[39m[33m*[39m[36mas[39m ca [36mfrom[39m[32m"@radix-ui/react-accordion"[39m[33m;[39m[36mimport[39m{createColumnHelper [36mas[39m hd[33m,[39museReactTable [36mas[39m ud[33m,[39mgetCoreRowModel [36mas[39m gd[33m,[39mflexRender [36mas[39m [33mRn[39m}[36mfrom[39m[32m"@tanstack/react-table"[39m[33m;[39m[36mimport[39m{[33mSelect[39m [36mas[39m _d[33m,[39m[33mSelectTrigger[39m [36mas[39m fd[33m,[39m[33mSelectValue[39m [36mas[39m bd[33m,[39m[33mSelectContent[39m [36mas[39m yd[33m,[39m[33mSelectItem[39m [36mas[39m vd}[36mfrom[39m[32m"@crayonai/react-ui/Select"[39m[33m;[39m[36mimport[39m wd [36mfrom[39m[32m"lodash/cloneDeep"[39m[33m;[39m[36mimport[39m{[33mRadialChart[39m [36mas[39m xd[33m,[39m[33mPieChart[39m [36mas[39m kd[33m,[39m[33mLineChart[39m [36mas[39m [33mNd[39m[33m,[39m[33mAreaChart[39m [36mas[39m [33mCd[39m}[36mfrom[39m[32m"@crayonai/react-ui/Charts"[39m[33m;[39m[36mimport[39m{useShallow [36mas[39m da}[36mfrom[39m[32m"zustand/react/shallow"[39m[33m;[39m[36mimport[39m{createStore [36mas[39m [33mSd[39m[33m,[39museStore [36mas[39m [33mTd[39m}[36mfrom[39m[32m"zustand"[39m[33m;[39m[36mimport[39m{immer [36mas[39m [33mEd[39m}[36mfrom[39m[32m"zustand/middleware/immer"[39m[33m;[39m[36mimport[39m{createPortal [36mas[39m dt}[36mfrom[39m[32m"react-dom"[39m[33m;[39m[36mimport[39m{[33mResponsiveContainer[39m [36mas[39m qi}[36mfrom[39m[32m"recharts"[39m[33m;[39m[36mimport[39m [33mWi[39m [36mfrom[39m[32m"@tiptap/extension-placeholder"[39m[33m;[39m[36mimport[39m{useEditor [36mas[39m [33mKi[39m[33m,[39m[33mEditorContent[39m [36mas[39m [33mXi[39m}[36mfrom[39m[32m"@tiptap/react"[39m[33m;[39m[36mimport[39m [33mZi[39m [36mfrom[39m[32m"@tiptap/starter-kit"[39m[33m;[39m[36mimport[39m{useFloating [36mas[39m [33mYi[39m[33m,[39mflip [36mas[39m [33mGi[39m[33m,[39mautoUpdate [36mas[39m [33mJi[39m}[36mfrom[39m[32m"@floating-ui/react-dom"[39m[33m;[39m[36mimport[39m [33mOr[39m [36mfrom[39m[32m"lodash/get"[39m[33m;[39m[36mimport[39m en [36mfrom[39m[32m"lodash/set"[39m[33m;[39m[36mimport[39m{[33mSelectTrigger[39m [36mas[39m [33mPd[39m}[36mfrom[39m[32m"@radix-ui/react-select"[39m[33m;[39m[36mimport[39m{[33mTrigger[39m [36mas[39m [33mId[39m[33m,[39m[33mContainer[39m [36mas[39m [33mAd[39m[33m,[39m[33mThreadContainer[39m [36mas[39m [33mLd[39m[33m,[39m[33mHeader[39m [36mas[39m [33mMd[39m[33m,[39m[33mScrollArea[39m [36mas[39m $d[33m,[39m[33mMessages[39m [36mas[39m [33mOd[39m[33m,[39m[33mMessageLoading[39m [36mas[39m zd[33m,[39m[33mComposer[39m [36mas[39m [33mBd[39m[33m,[39m[33mWelcomeScreen[39m [36mas[39m [33mDn[39m[33m,[39m[33mConversationStarter[39m [36mas[39m [33mRd[39m}[36mfrom[39m[32m"@crayonai/react-ui/BottomTray"[39m[33m;[39m[36mimport[39m{isChatEmpty [36mas[39m zt[33m,[39misWelcomeComponent [36mas[39m tn}[36mfrom[39m[32m"@crayonai/react-ui/CrayonChat"[39m[33m;[39m[36mimport[39m{[33mContainer[39m [36mas[39m [33mQi[39m[33m,[39m[33mThreadContainer[39m [36mas[39m [33mDd[39m[33m,[39m[33mHeader[39m [36mas[39m [33mFd[39m[33m,[39m[33mScrollArea[39m [36mas[39m eo[33m,[39m[33mMessages[39m [36mas[39m to[33m,[39m[33mMessageLoading[39m [36mas[39m jd[33m,[39m[33mComposer[39m [36mas[39m [33mVd[39m[33m,[39m[33mWelcomeScreen[39m [36mas[39m [33mFn[39m[33m,[39m[33mConversationStarter[39m [36mas[39m [33mHd[39m}[36mfrom[39m[32m"@crayonai/react-ui/CopilotShell"[39m[33m;[39m[36mimport[39m{[33mContainer[39m [36mas[39m ao[33m,[39m[33mSidebarContainer[39m [36mas[39m [33mUd[39m[33m,[39m[33mSidebarHeader[39m [36mas[39m qd[33m,[39m[33mSidebarContent[39m [36mas[39m [33mWd[39m[33m,[39m[33mNewChatButton[39m [36mas[39m [33mKd[39m[33m,[39m[33mSidebarSeparator[39m [36mas[39m [33mXd[39m[33m,[39m[33mThreadList[39m [36mas[39m [33mZd[39m[33m,[39m[33mThreadContainer[39m [36mas[39m [33mYd[39m[33m,[39m[33mMobileHeader[39m [36mas[39m [33mGd[39m[33m,[39m[33mScrollArea[39m [36mas[39m ro[33m,[39m[33mMessages[39m [36mas[39m no[33m,[39m[33mMessageLoading[39m [36mas[39m [33mJd[39m[33m,[39m[33mComposer[39m [36mas[39m [33mQd[39m[33m,[39m[33mWelcomeScreen[39m [36mas[39m jn[33m,[39m[33mConversationStarter[39m [36mas[39m em}[36mfrom[39m[32m"@crayonai/react-ui/Shell"[39m[33m;[39m[36mconst[39m io[33m=[39m[33mIe[39m([36mvoid[39m [35m0[39m)[33m,[39mxe[33m=[39m()[33m=>[39m{[36mconst[39m e[33m=[39m[33mNe[39m(io)[33m;[39m[36mif[39m(e[33m===[39m[36mvoid[39m [35m0[39m)[36mthrow[39m [36mnew[39m [33mError[39m([32m"useC1Context must be used within a C1Provider"[39m)[33m;[39m[36mreturn[39m e}[33m;[39m[36mvar[39m [33mRe[39m[33m=[39m(e[33m=>[39m(e[e[33m.[39m[33mINCOMPLETE_RESPONSE[39m[33m=[39m[35m1[39m][33m=[39m[32m"INCOMPLETE_RESPONSE"[39m[33m,[39me[e[33m.[39m[33mINCOMPLETE_JSON[39m[33m=[39m[35m2[39m][33m=[39m[32m"INCOMPLETE_JSON"[39m[33m,[39me[e[33m.[39m[33mINVALID_JSON[39m[33m=[39m[35m3[39m][33m=[39m[32m"INVALID_JSON"[39m[33m,[39me[e[33m.[39m[33mINVALID_JSON_STRUCTURE[39m[33m=[39m[35m4[39m][33m=[39m[32m"INVALID_JSON_STRUCTURE"[39m[33m,[39me[e[33m.[39m[33mRENDER_ERROR[39m[33m=[39m[35m5[39m][33m=[39m[32m"RENDER_ERROR"[39m[33m,[39me[e[33m.[39m[33mUNKNOWN_ERROR_1[39m[33m=[39m[35m6[39m][33m=[39m[32m"UNKNOWN_ERROR_1"[39m[33m,[39me[e[33m.[39m[33mINVALID_CONTEXT[39m[33m=[39m[35m7[39m][33m=[39m[32m"INVALID_CONTEXT"[39m[33m,[39me[e[33m.[39m[33mINVALID_ARTIFACT_DIFF[39m[33m=[39m[35m8[39m][33m=[39m[32m"INVALID_ARTIFACT_DIFF"[39m[33m,[39me[e[33m.[39m[33mINVALID_ARTIFACT_ID[39m[33m=[39m[35m9[39m][33m=[39m[32m"INVALID_ARTIFACT_ID"[39m[33m,[39me))([33mRe[39m[33m||[39m{})[33m;[39m[36mconst[39m [33mBt[39m[33m=[39m()[33m=>[39m{[36mvar[39m a[33m;[39m[36mreturn[39m((a[33m=[39mxe()[33m.[39mformContext)[33m==[39m[36mnull[39m[33m?[39m[36mvoid[39m [35m0[39m[33m:[39ma[33m.[39museGetFieldValue())[33m||[39m(()[33m=>[39m[36mnull[39m)}[33m,[39m[33mRt[39m[33m=[39m()[33m=>[39m{[36mvar[39m a[33m;[39m[36mreturn[39m((a[33m=[39mxe()[33m.[39mformContext)[33m==[39m[36mnull[39m[33m?[39m[36mvoid[39m [35m0[39m[33m:[39ma[33m.[39museSetFieldValue())[33m||[39m(()[33m=>[39m[36mnull[39m)}[33m,[39m[33mDt[39m[33m=[39m()[33m=>[39mxe()[33m.[39museOnAction()[33m||[39m(()[33m=>[39m[36mnull[39m)[33m,[39m$e[33m=[39m()[33m=>[39mxe()[33m.[39museIsStreaming()[33m,[39m[33mKe[39m[33m=[39m({formName[33m:[39me[33m,[39mcomponentType[33m:[39ma[33m,[39mname[33m:[39mn[33m,[39mexistingValue[33m:[39mi[33m,[39mdefaultValue[33m:[39mo})[33m=>[39m{[36mconst[39m s[33m=[39m[33mRt[39m()[33m,[39ml[33m=[39m$e()[33m;[39m[33mV[39m(()[33m=>[39m{l[33m||[39mi[33m!==[39m[36mvoid[39m [35m0[39m[33m||[39mo[33m===[39m[36mvoid[39m [35m0[39m[33m||[39ms(e[33m,[39ma[33m,[39mn[33m,[39mo[33m,[39m[33m![39m[35m1[39m)}[33m,[39m[i[33m,[39mo[33m,[39ml[33m,[39ms])}[33m,[39moo[33m=[39m[33mIe[39m([36mnull[39m)[33m,[39m[33mFt[39m[33m=[39m()[33m=>[39m[33mNe[39m(oo)[33m,[39mtm[33m=[39m[[32m"required"[39m[33m,[39m[32m"minLength"[39m[33m,[39m[32m"maxLength"[39m[33m,[39m[32m"min"[39m[33m,[39m[32m"max"[39m][33m,[39mam[33m=[39m{required[33m:[39m(e[33m,[39ma)[33m=>[39m{[36mif[39m(a){[36mif[39m(e[33m===[39m[32m""[39m[33m||[39me[33m==[39m[36mnull[39m[33m||[39me[33m===[39m[33m![39m[35m1[39m)[36mreturn[39m[32m"This field is required"[39m[33m;[39m[36mif[39m([36mtypeof[39m e[33m==[39m[32m"object"[39m){[36mconst[39m n[33m=[39me[33m==[39m[36mnull[39m[33m?[39m[36mvoid[39m [35m0[39m[33m:[39me[33m.[39mmode[33m;[39m[36mif[39m(n[33m===[39m[32m"single"[39m)[36mreturn[39m(e[33m==[39m[36mnull[39m[33m?[39m[36mvoid[39m [35m0[39m[33m:[39me[33m.[39mdate)[33m?[39m[36mvoid[39m [35m0[39m[33m:[39m[32m"This field is required"[39m[33m;[39m[36mif[39m(n[33m===[39m[32m"range"[39m){[36mconst[39m o[33m=[39me[33m==[39m[36mnull[39m[33m?[39m[36mvoid[39m [35m0[39m[33m:[39me[33m.[39mdateRange[33m;[39m[36mreturn[39m [33mArray[39m[33m.[39misArray(o)[33m&&[39m(o[[35m0[39m][33m||[39mo[[35m1[39m])[33m?[39m[36mvoid[39m [35m0[39m[33m:[39m[32m"This field is required"[39m}[36mconst[39m i[33m=[39m[33mObject[39m[33m.[39mvalues(e)[33m;[39m[36mreturn[39m i[33m.[39mevery(o[33m=>[39m[36mtypeof[39m o[33m==[39m[32m"boolean"[39m[33m||[39mo[33m===[39m[36mvoid[39m [35m0[39m)[33m?[39mi[33m.[39msome([33mBoolean[39m)[33m?[39m[36mvoid[39m [35m0[39m[33m:[39m[32m"This field is required"[39m[33m:[39m[36mvoid[39m [35m0[39m}}}[33m,[39mminLength[33m:[39m(e[33m,[39ma)[33m=>[39m{[36mif[39m([36mtypeof[39m e[33m==[39m[32m"string"[39m[33m&&[39me[33m.[39mlength[33m<[39m[33ma[39m)[36mreturn[39m[32m`Must be at least ${a} characters`[39m}[33m,[39mmaxLength[33m:[39m(e[33m,[39ma)[33m=>[39m{[36mif[39m([36mtypeof[39m e[33m==[39m[32m"string"[39m[33m&&[39me[33m.[39mlength[33m>[39ma)[36mreturn[39m[32m`Must be less than ${a} characters`[39m}[33m,[39mmin[33m:[39m(e[33m,[39ma)[33m=>[39m{[36mif[39m(e[33m!=[39m[36mnull[39m[33m&&[39me[33m!==[39m[32m""[39m){e[33m=[39m[33mArray[39m[33m.[39misArray(e)[33m?[39me[33m:[39m[e][33m;[39m[36mfor[39m([36mconst[39m n [36mof[39m e){[36mconst[39m i[33m=[39m[33mNumber[39m(n)[33m;[39m[36mif[39m(isNaN(i)[33m||[39mi[33m<[39m[33ma[39m)[36mreturn[39m[32m`Must be at least ${a}`[39m}}}[33m,[39mmax[33m:[39m(e[33m,[39ma)[33m=>[39m{[36mif[39m(e[33m!=[39m[36mnull[39m[33m&&[39me[33m!==[39m[32m""[39m){e[33m=[39m[33mArray[39m[33m.[39misArray(e)[33m?[39me[33m:[39m[e][33m;[39m[36mfor[39m([36mconst[39m n [36mof[39m e){[36mconst[39m i[33m=[39m[33mNumber[39m(n)[33m;[39m[36mif[39m(isNaN(i)[33m||[39mi[33m>[39ma)[36mreturn[39m[32m`Must be no more than ${a}`[39m}}}}[33m,[39m[33mK[39m[33m=[39mq(({overridesProps[33m:[39me[33m=[39m{}[33m,[39m[33m...[39ma})[33m=>[39m{[36mvar[39m y[33m;[39m[36mconst[39m n[33m=[39m[33mRt[39m()[33m,[39mi[33m=[39m[33mDt[39m()[33m,[39mo[33m=[39m$e()[33m,[39ms[33m=[39m[33mBt[39m()[33m,[39ml[33m=[39m[33mFt[39m()[33m,[39mc[33m=[39mxe()[33m.[39mcustomComponents[33m,[39md[33m=[39mxe()[33m.[39m[33mWisdomVisualisationComponent[39m[33m,[39m{type[33m:[39mm[33m,[39mcomponentLibrary[33m:[39mh}[33m=[39m[33mNe[39m(gs)[33m;[39m[36mif[39m([33m![39ma[33m||[39m[36mtypeof[39m a[33m!=[39m[32m"object"[39m)[36mreturn[39m [36mnull[39m[33m;[39m[36mif[39m(a[33m.[39mcomponent[33m===[39m[32m"Visualization"[39m[33m&&[39mm[33m!==[39mra[33m.[39m[33mDEFAULT[39m[33m&&[39md)[36mreturn[39m t(d[33m,[39m{[33m...[39ma[33m.[39mprops})[33m;[39m[36mif[39m(c[33m&&[39mc[a[33m.[39mcomponent]){[36mconst[39m _[33m=[39mc[a[33m.[39mcomponent][33m;[39m[36mreturn[39m t(_[33m,[39m{[33m...[39ma[33m.[39mprops})}[36mconst[39m{component[33m:[39mu[33m,[39m[33mExtraProps[39m[33m:[39mg}[33m=[39mh[a[33m.[39mcomponent][33m||[39mh[us[33m.[39m[36mget[39m((y[33m=[39ma[33m.[39mcomponent)[33m==[39m[36mnull[39m[33m?[39m[36mvoid[39m [35m0[39m[33m:[39my[33m.[39mtoLowerCase())[33m||[39m[32m""[39m][33m||[39m{}[33m;[39m[36mif[39m([33m![39mu)[36mreturn[39m [36mnull[39m[33m;[39m[36mconst[39m b[33m=[39mg[33m?[39mg({props[33m:[39ma[33m.[39mprops[33m,[39mhooks[33m:[39m{updateContext[33m:[39mn[33m,[39monAction[33m:[39mi[33m,[39misStreaming[33m:[39mo[33m,[39mgetFormFieldValue[33m:[39ms[33m,[39mformContext[33m:[39ml}})[33m:[39m{}[33m,[39mf[33m=[39m[33mObject[39m[33m.[39massign({}[33m,[39ma[33m.[39mprops[33m,[39mb[33m,[39me[a[33m.[39mcomponent])[33m;[39m[36mreturn[39m t(u[33m,[39m{[33m...[39mf})})[33m,[39mz[33m=[39mr[33m.[39mobject({component[33m:[39mr[33m.[39mstring()})[33m,[39m[33mA[39m[33m=[39mr[33m.[39mobject({})[33m;[39m[36mvar[39m ma[33m=[39m(e[33m=>[39m(e[33m.[39m[33mContinueConversation[39m[33m=[39m[32m"continue_conversation"[39m[33m,[39me[33m.[39m[33mOpenUrl[39m[33m=[39m[32m"open_url"[39m[33m,[39me))(ma[33m||[39m{})[33m;[39m[36mconst[39m rm[33m=[39mr[33m.[39mobject({type[33m:[39mr[33m.[39mliteral([32m"continue_conversation"[39m)[33m,[39mprops[33m:[39mr[33m.[39mobject({})[33m.[39moptional()})[33m.[39mdescribe([32m"$ref:continueConversationAction"[39m)[33m,[39mnm[33m=[39mr[33m.[39mobject({type[33m:[39mr[33m.[39mliteral([32m"open_url"[39m)[33m,[39mprops[33m:[39mr[33m.[39mobject({url[33m:[39mr[33m.[39mstring()})})[33m.[39mdescribe([32m"$ref:openUrlAction"[39m)[33m,[39mim[33m=[39mr[33m.[39mobject({type[33m:[39mr[33m.[39mstring()[33m,[39mprops[33m:[39mr[33m.[39mrecord(r[33m.[39many())[33m.[39moptional()})[33m.[39mdescribe([32m"$exclude:customAction"[39m)[33m,[39mha[33m=[39mr[33m.[39munion([im[33m,[39mrm[33m,[39mnm])[33m.[39mdescribe([32m"$ref:actionSchema"[39m)[33m.[39moptional()[33m,[39mso[33m=[39m[33mA[39m[33m.[39mextend({name[33m:[39mr[33m.[39mstring()[33m,[39mcategory[33m:[39mr[33m.[39mstring()[33m.[39moptional()})[33m,[39mke[33m=[39mz[33m.[39mextend({component[33m:[39mr[33m.[39mliteral([32m"Icon"[39m)[33m,[39mprops[33m:[39mso})[33m,[39mom[33m=[39mr[33m.[39m[36menum[39m([[32m"primary"[39m[33m,[39m[32m"secondary"[39m[33m,[39m[32m"tertiary"[39m])[33m,[39msm[33m=[39mr[33m.[39m[36menum[39m([[32m"small"[39m[33m,[39m[32m"medium"[39m[33m,[39m[32m"large"[39m])[33m,[39mlm[33m=[39m[33mA[39m[33m.[39mextend({children[33m:[39mr[33m.[39mstring()[33m.[39m[36mdefault[39m([32m""[39m)[33m,[39mname[33m:[39mr[33m.[39mstring()[33m.[39m[36mdefault[39m([32m""[39m)[33m,[39mvariant[33m:[39mom[33m.[39moptional()[33m,[39msize[33m:[39msm[33m.[39moptional()[33m,[39miconLeft[33m:[39mke[33m.[39moptional()[33m,[39miconRight[33m:[39mke[33m.[39moptional()[33m,[39maction[33m:[39mha})[33m,[39m[33mLt[39m[33m=[39mz[33m.[39mextend({component[33m:[39mr[33m.[39mliteral([32m"Button"[39m)[33m,[39mprops[33m:[39mlm})[33m,[39mcm[33m=[39mr[33m.[39m[36menum[39m([[32m"primary"[39m[33m,[39m[32m"secondary"[39m[33m,[39m[32m"tertiary"[39m])[33m,[39mdm[33m=[39mr[33m.[39m[36menum[39m([[32m"extra-small"[39m[33m,[39m[32m"small"[39m[33m,[39m[32m"medium"[39m[33m,[39m[32m"large"[39m])[33m,[39mmm[33m=[39mr[33m.[39m[36menum[39m([[32m"square"[39m[33m,[39m[32m"circle"[39m])[33m,[39mpm[33m=[39m[33mA[39m[33m.[39mextend({icon[33m:[39mke[33m,[39mvariant[33m:[39mcm[33m.[39moptional()[33m,[39msize[33m:[39mdm[33m.[39moptional()[33m,[39mshape[33m:[39mmm[33m.[39moptional()[33m,[39mname[33m:[39mr[33m.[39mstring()[33m,[39maction[33m:[39mha})[33m,[39man[33m=[39mz[33m.[39mextend({component[33m:[39mr[33m.[39mliteral([32m"IconButton"[39m)[33m,[39mprops[33m:[39mpm})[33m,[39mhm[33m=[39m[33mA[39m[33m.[39mextend({variant[33m:[39mr[33m.[39m[36menum[39m([[32m"vertical"[39m[33m,[39m[32m"horizontal"[39m])[33m.[39moptional()[33m,[39mchildren[33m:[39mr[33m.[39marray(r[33m.[39munion([[33mLt[39m[33m,[39man]))[33m.[39m[36mdefault[39m([])})[33m,[39m[33mGe[39m[33m=[39mz[33m.[39mextend({component[33m:[39mr[33m.[39mliteral([32m"ButtonGroup"[39m)[33m,[39mprops[33m:[39mhm})[33m,[39mum[33m=[39mr[33m.[39marray(r[33m.[39mrecord(r[33m.[39munion([r[33m.[39mstring()[33m,[39mr[33m.[39mnumber()])))[33m,[39mgm[33m=[39m[33mA[39m[33m.[39mextend({categoryKey[33m:[39mr[33m.[39mstring()[33m,[39mdata[33m:[39mum})[33m,[39m[33mYa[39m[33m=[39mz[33m.[39mextend({component[33m:[39mr[33m.[39mliteral([32m"AreaChart"[39m)[33m,[39mprops[33m:[39mgm})[33m,[39m_m[33m=[39mr[33m.[39marray(r[33m.[39mrecord(r[33m.[39munion([r[33m.[39mstring()[33m,[39mr[33m.[39mnumber()])))[33m,[39mfm[33m=[39m[33mA[39m[33m.[39mextend({categoryKey[33m:[39mr[33m.[39mstring()[33m,[39mdata[33m:[39m_m})[33m,[39m[33mGa[39m[33m=[39mz[33m.[39mextend({component[33m:[39mr[33m.[39mliteral([32m"BarChart"[39m)[33m,[39mprops[33m:[39mfm})[33m,[39mbm[33m=[39mr[33m.[39marray(r[33m.[39mrecord(r[33m.[39munion([r[33m.[39mstring()[33m,[39mr[33m.[39mnumber()])))[33m,[39mym[33m=[39m[33mA[39m[33m.[39mextend({categoryKey[33m:[39mr[33m.[39mstring()[33m,[39mdata[33m:[39mbm})[33m,[39m[33mJa[39m[33m=[39mz[33m.[39mextend({component[33m:[39mr[33m.[39mliteral([32m"LineChart"[39m)[33m,[39mprops[33m:[39mym})[33m,[39mvm[33m=[39mr[33m.[39marray(r[33m.[39mrecord(r[33m.[39munion([r[33m.[39mstring()[33m,[39mr[33m.[39mnumber()])))[33m,[39mwm[33m=[39m[33mA[39m[33m.[39mextend({categoryKey[33m:[39mr[33m.[39mstring()[33m,[39mdata[33m:[39mvm[33m,[39mdataKey[33m:[39mr[33m.[39mstring()})[33m,[39m[33mQa[39m[33m=[39mz[33m.[39mextend({component[33m:[39mr[33m.[39mliteral([32m"PieChart"[39m)[33m,[39mprops[33m:[39mwm})[33m,[39mxm[33m=[39mq(e[33m=>[39m{[36mconst[39m{categoryKey[33m:[39ma[33m,[39mdata[33m:[39mn[33m,[39m[33m...[39mi}[33m=[39me[33m;[39m[36mreturn[39m[33m![39ma[33m||[39m[33m![39mn[33m||[39mn[33m.[39mlength[33m===[39m[35m0[39m[33m||[39m[33mObject[39m[33m.[39mkeys(n[[35m0[39m])[33m.[39mlength[33m<[39m[35m2[39m[33m?[39m[36mnull[39m[33m:[39mt([33mPi[39m[33m,[39m{categoryKey[33m:[39ma[33m,[39mdata[33m:[39mn[33m,[39m[33m...[39mi})})[33m,[39mkm[33m=[39mr[33m.[39marray(r[33m.[39mrecord(r[33m.[39munion([r[33m.[39mstring()[33m,[39mr[33m.[39mnumber()])))[33m,[39m[33mNm[39m[33m=[39m[33mA[39m[33m.[39mextend({categoryKey[33m:[39mr[33m.[39mstring()[33m,[39mdata[33m:[39mkm})[33m,[39mer[33m=[39mz[33m.[39mextend({component[33m:[39mr[33m.[39mliteral([32m"RadarChart"[39m)[33m,[39mprops[33m:[39m[33mNm[39m})[33m,[39m[33mCm[39m[33m=[39mq(e[33m=>[39m{[36mconst[39m{categoryKey[33m:[39ma[33m,[39mdata[33m:[39mn[33m,[39mdataKey[33m:[39mi[33m,[39m[33m...[39mo}[33m=[39me[33m,[39ms[33m=[39m[33mD[39m([36mnull[39m)[33m;[39m[36mif[39m([33m![39ma[33m||[39m[33m![39mn[33m||[39mn[33m.[39mlength[33m===[39m[35m0[39m[33m||[39mn[n[33m.[39mlength[33m-[39m[35m1[39m][a][33m===[39m[36mvoid[39m [35m0[39m[33m||[39mn[n[33m.[39mlength[33m-[39m[35m1[39m][i][33m===[39m[36mvoid[39m [35m0[39m){[36mif[39m(s[33m.[39mcurrent){[36mconst[39m{categoryKey[33m:[39ml[33m,[39mdata[33m:[39mc[33m,[39mdataKey[33m:[39md[33m,[39m[33m...[39mm}[33m=[39ms[33m.[39mcurrent[33m;[39m[36mreturn[39m t([33mRa[39m[33m,[39m{categoryKey[33m:[39ml[33m,[39mdata[33m:[39mc[33m,[39mdataKey[33m:[39md[33m,[39m[33m...[39mm})}[36mreturn[39m [36mnull[39m}[36mreturn[39m s[33m.[39mcurrent[33m=[39me[33m,[39mt([33mRa[39m[33m,[39m{categoryKey[33m:[39ma[33m,[39mdata[33m:[39mn[33m,[39mdataKey[33m:[39mi[33m,[39m[33m...[39mo})})[33m,[39m[33mSm[39m[33m=[39mr[33m.[39marray(r[33m.[39mrecord(r[33m.[39munion([r[33m.[39mstring()[33m,[39mr[33m.[39mnumber()])))[33m,[39m[33mTm[39m[33m=[39m[33mA[39m[33m.[39mextend({categoryKey[33m:[39mr[33m.[39mstring()[33m,[39mdataKey[33m:[39mr[33m.[39mstring()[33m,[39mdata[33m:[39m[33mSm[39m})[33m,[39mtr[33m=[39mz[33m.[39mextend({component[33m:[39mr[33m.[39mliteral([32m"RadialChart"[39m)[33m,[39mprops[33m:[39m[33mTm[39m})[33m,[39mrn[33m=[39me[33m=>[39m{e[33m&&[39mwindow[33m.[39mopen(e[33m,[39m[32m"_blank"[39m[33m,[39m[32m"noopener,noreferrer"[39m)}[33m,[39mlo[33m=[39m[33mIe[39m([36mvoid[39m [35m0[39m)[33m,[39m[33mEm[39m[33m=[39me[33m=>[39m{[36mtry[39m{[36mreturn[39m e[33m?[39m[32m`https://www.google.com/s2/favicons?sz=128&domain=${new URL(e).hostname}`[39m[33m:[39m[32m""[39m}[36mcatch[39m{[36mreturn[39m[32m""[39m}}[33m,[39m[33mPm[39m[33m=[39m({sources[33m:[39me[33m,[39mchildren[33m:[39ma})[33m=>[39m{[36mconst[39m n[33m=[39mne(()[33m=>[39m(e[33m==[39m[36mnull[39m[33m?[39m[36mvoid[39m [35m0[39m[33m:[39me[33m.[39mmap(i[33m=>[39m({[33m...[39mi[33m,[39mfaviconUrl[33m:[39m[33mEm[39m(i[33m.[39murl)})))[33m?[39m[33m?[39m[][33m,[39m[e])[33m;[39m[36mreturn[39m t(lo[33m.[39m[33mProvider[39m[33m,[39m{value[33m:[39mn[33m,[39mchildren[33m:[39ma})}[33m,[39mco[33m=[39m()[33m=>[39m[33mNe[39m(lo)[33m?[39m[33m?[39m[][33m;[39m[36mfunction[39m [33mIm[39m(e){[36mreturn[39m e[33m<[39m[35m480[39m[33m?[39m[32m"mobile"[39m[33m:[39me[33m<[39m[35m800[39m[33m?[39m[32m"tablet"[39m[33m:[39m[32m"desktop"[39m}[36mfunction[39m nn(e){[36mconst[39m[a[33m,[39mn][33m=[39m[33mF[39m({width[33m:[39m[35m0[39m[33m,[39mheight[33m:[39m[35m0[39m[33m,[39mbreakpoint[33m:[39m[32m"mobile"[39m})[33m,[39m[i[33m,[39mo][33m=[39m[33mF[39m([36mnull[39m)[33m;[39m[36mreturn[39m qe(()[33m=>[39m{[36mconst[39m s[33m=[39me[33m.[39mcurrent[33m;[39ms[33m!==[39mi[33m&&[39mo(s)})[33m,[39mqe(()[33m=>[39m{[36mif[39m([33m![39mi)[36mreturn[39m[33m;[39m[36mconst[39m s[33m=[39m()[33m=>[39m{[36mconst[39m c[33m=[39mi[33m.[39mclientWidth[33m,[39md[33m=[39mi[33m.[39mclientHeight[33m;[39mn({width[33m:[39mc[33m,[39mheight[33m:[39md[33m,[39mbreakpoint[33m:[39m[33mIm[39m(c)})}[33m,[39ml[33m=[39m[36mnew[39m [33mResizeObserver[39m(()[33m=>[39mrequestAnimationFrame(s))[33m;[39m[36mreturn[39m l[33m.[39mobserve(i)[33m,[39ms()[33m,[39m()[33m=>[39m{l[33m.[39mdisconnect()}}[33m,[39m[i])[33m,[39ma}[36mconst[39m ar[33m=[39m()[33m=>[39mne(()[33m=>[39mcrypto[33m.[39mrandomUUID()[33m,[39m[])[33m,[39mvr[33m=[39m[32m"c1-pinnable-tooltip-open"[39m[33m,[39m[33mAm[39m[33m=[39m[32m"c1-pinnable-tooltip-global"[39m[33m;[39m[36mfunction[39m on(e[33m=[39m{}){[36mconst[39m{groupId[33m:[39ma[33m=[39m[33mAm[39m[33m,[39mcloseDelay[33m:[39mn[33m=[39m[35m200[39m[33m,[39monOpenChange[33m:[39mi}[33m=[39me[33m,[39m[o[33m,[39ms][33m=[39m[33mF[39m([33m![39m[35m1[39m)[33m,[39m[l[33m,[39mc][33m=[39m[33mF[39m([33m![39m[35m1[39m)[33m,[39m[d[33m,[39mm][33m=[39m[33mF[39m([33m![39m[35m1[39m)[33m,[39mh[33m=[39m[33mD[39m([36mnull[39m)[33m,[39mu[33m=[39mar()[33m,[39mg[33m=[39m$(()[33m=>[39m{h[33m.[39mcurrent[33m!==[39m[36mnull[39m[33m&&[39m(window[33m.[39mclearTimeout(h[33m.[39mcurrent)[33m,[39mh[33m.[39mcurrent[33m=[39m[36mnull[39m)}[33m,[39m[])[33m,[39mb[33m=[39m$(()[33m=>[39m{g()[33m,[39ml[33m||[39m(d[33m&&[39mm([33m![39m[35m1[39m)[33m,[39ms([33m![39m[35m0[39m))}[33m,[39m[g[33m,[39ml[33m,[39md])[33m,[39mf[33m=[39m$(()[33m=>[39m{d[33m&&[39mm([33m![39m[35m1[39m)[33m,[39ml[33m||[39m(h[33m.[39mcurrent[33m=[39mwindow[33m.[39msetTimeout(()[33m=>[39m{s([33m![39m[35m1[39m)[33m,[39mh[33m.[39mcurrent[33m=[39m[36mnull[39m}[33m,[39mn))}[33m,[39m[l[33m,[39md[33m,[39mn])[33m,[39my[33m=[39m$(()[33m=>[39m{g()[33m,[39mc(x[33m=>[39m{[36mconst[39m [33mC[39m[33m=[39m[33m![39mx[33m;[39m[36mreturn[39m s([33mC[39m)[33m,[39m[33mC[39m[33m||[39mm([33m![39m[35m0[39m)[33m,[39m[33mC[39m})}[33m,[39m[g])[33m,[39m_[33m=[39m$(()[33m=>[39m{g()[33m,[39mc([33m![39m[35m1[39m)[33m,[39mm([33m![39m[35m0[39m)[33m,[39ms([33m![39m[35m1[39m)}[33m,[39m[g])[33m,[39mv[33m=[39m$(()[33m=>[39m{_()}[33m,[39m[_])[33m,[39m[33mN[39m[33m=[39m$(x[33m=>[39m[33mC[39m[33m=>[39m{[36mvar[39m k[33m;[39m(k[33m=[39m[33mC[39m[33m.[39mtarget)[33m!=[39m[36mnull[39m[33m&&[39mk[33m.[39mclosest(x)[33m||[39m_()}[33m,[39m[_])[33m;[39m[36mreturn[39m [33mV[39m(()[33m=>[39m()[33m=>[39m{g()}[33m,[39m[g])[33m,[39m[33mV[39m(()[33m=>[39m{i[33m==[39m[36mnull[39m[33m||[39mi(o)}[33m,[39m[o[33m,[39mi])[33m,[39m[33mV[39m(()[33m=>[39m{o[33m&&[39mwindow[33m.[39mdispatchEvent([36mnew[39m [33mCustomEvent[39m(vr[33m,[39m{detail[33m:[39m{id[33m:[39mu[33m,[39mgroupId[33m:[39ma}}))}[33m,[39m[u[33m,[39mo[33m,[39ma])[33m,[39m[33mV[39m(()[33m=>[39m{[36mconst[39m x[33m=[39m[33mC[39m[33m=>[39m{[36mconst[39m k[33m=[39m[33mC[39m[33m.[39mdetail[33m;[39m(k[33m==[39m[36mnull[39m[33m?[39m[36mvoid[39m [35m0[39m[33m:[39mk[33m.[39mgroupId)[33m===[39ma[33m&&[39m(k[33m==[39m[36mnull[39m[33m?[39m[36mvoid[39m [35m0[39m[33m:[39mk[33m.[39mid)[33m!==[39mu[33m&&[39m_()}[33m;[39m[36mreturn[39m window[33m.[39maddEventListener(vr[33m,[39mx)[33m,[39m()[33m=>[39m{window[33m.[39mremoveEventListener(vr[33m,[39mx)}}[33m,[39m[u[33m,[39ma[33m,[39m_])[33m,[39m{isOpen[33m:[39mo[33m,[39misPinned[33m:[39ml[33m,[39mhandleMouseEnter[33m:[39mb[33m,[39mhandleMouseLeave[33m:[39mf[33m,[39mhandleTriggerClick[33m:[39my[33m,[39mhandleContentClick[33m:[39mv[33m,[39mcloseTooltip[33m:[39m_[33m,[39mgetPointerDownOutsideHandler[33m:[39m[33mN[39m}}[36mconst[39m mo[33m=[39me[33m=>[39m{[36mif[39m(e[33m.[39mlength[33m===[39m[35m0[39m)[36mreturn[39m[[]][33m;[39m[36mconst[39m a[33m=[39me[[35m0[39m][33m,[39mn[33m=[39me[33m.[39mslice([35m1[39m)[33m,[39mi[33m=[39mmo(n)[33m,[39mo[33m=[39m[][33m;[39m[36mreturn[39m i[33m.[39mforEach(s[33m=>[39m{[36mfor[39m([36mlet[39m l[33m=[39m[35m0[39m[33m;[39ml[33m<=[39ms[33m.[39mlength[33m;[39ml[33m++[39m){[36mconst[39m c[33m=[39m[[33m...[39ms[33m.[39mslice([35m0[39m[33m,[39ml)[33m,[39ma[33m,[39m[33m...[39ms[33m.[39mslice(l)][33m.[39mfilter(d[33m=>[39md[33m!==[39m[36mvoid[39m [35m0[39m)[33m;[39mo[33m.[39mpush(c)}})[33m,[39mo}[33m,[39m[33mVn[39m[33m=[39m[33mObject[39m[33m.[39mentries([33mWc[39m)[33m.[39mreduce((e[33m,[39m[a[33m,[39mn])[33m=>[39m((i[33m=>[39m{[36mconst[39m o[33m=[39mi[33m.[39mtrim()[33m.[39msplit([35m/-/[39m)[33m.[39mfilter(s[33m=>[39ms[33m.[39mlength[33m>[39m[35m0[39m)[33m;[39m[36mreturn[39m o[33m.[39mlength[33m===[39m[35m0[39m[33m?[39m[[32m""[39m][33m:[39mmo(o)[33m.[39mmap(s[33m=>[39ms[33m.[39mjoin([32m"-"[39m))})(a)[33m.[39mforEach(i[33m=>[39m{e[i][33m=[39mn})[33m,[39me)[33m,[39m{})[33m,[39m[33mEt[39m[33m=[39m[36mnew[39m [33mMap[39m[33m,[39m[33mLm[39m[33m=[39m{accessibility[33m:[39m[32m"accessibility"[39m[33m,[39maccount[33m:[39m[32m"user"[39m[33m,[39manimals[33m:[39m[32m"cat"[39m[33m,[39marrows[33m:[39m[32m"arrow-right"[39m[33m,[39mbrands[33m:[39m[32m"box"[39m[33m,[39mbuildings[33m:[39m[32m"building"[39m[33m,[39mcharts[33m:[39m[32m"chart-line"[39m[33m,[39mcommunication[33m:[39m[32m"message-square"[39m[33m,[39mconnectivity[33m:[39m[32m"wifi"[39m[33m,[39mcursors[33m:[39m[32m"mouse-pointer"[39m[33m,[39mdesign[33m:[39m[32m"palette"[39m[33m,[39mdevelopment[33m:[39m[32m"code"[39m[33m,[39mdevices[33m:[39m[32m"smartphone"[39m[33m,[39memoji[33m:[39m[32m"smile"[39m[33m,[39mfiles[33m:[39m[32m"file"[39m[33m,[39mfinance[33m:[39m[32m"dollar-sign"[39m[33m,[39m[32m"food-beverage"[39m[33m:[39m[32m"cooking-pot"[39m[33m,[39mgaming[33m:[39m[32m"gamepad"[39m[33m,[39mhome[33m:[39m[32m"house"[39m[33m,[39mlayout[33m:[39m[32m"layout"[39m[33m,[39mmail[33m:[39m[32m"mail"[39m[33m,[39mmath[33m:[39m[32m"calculator"[39m[33m,[39mmedical[33m:[39m[32m"heart-pulse"[39m[33m,[39mmultimedia[33m:[39m[32m"music"[39m[33m,[39mnature[33m:[39m[32m"tree-pine"[39m[33m,[39mnavigation[33m:[39m[32m"map-pin"[39m[33m,[39mnotifications[33m:[39m[32m"bell"[39m[33m,[39mpeople[33m:[39m[32m"users"[39m[33m,[39mphotography[33m:[39m[32m"camera"[39m[33m,[39mscience[33m:[39m[32m"microscope"[39m[33m,[39mseasons[33m:[39m[32m"sun"[39m[33m,[39msecurity[33m:[39m[32m"shield"[39m[33m,[39mshapes[33m:[39m[32m"circle"[39m[33m,[39mshopping[33m:[39m[32m"shopping-cart"[39m[33m,[39msocial[33m:[39m[32m"share-2"[39m[33m,[39msports[33m:[39m[32m"trophy"[39m[33m,[39msustainability[33m:[39m[32m"leaf"[39m[33m,[39mtext[33m:[39m[32m"type"[39m[33m,[39mtime[33m:[39m[32m"clock"[39m[33m,[39mtools[33m:[39m[32m"wrench"[39m[33m,[39mtransportation[33m:[39m[32m"car"[39m[33m,[39mtravel[33m:[39m[32m"plane"[39m[33m,[39mweather[33m:[39m[32m"cloud"[39m}[33m,[39mde[33m=[39m({name[33m:[39me[33m,[39mcategory[33m:[39ma[33m,[39m[33m...[39mn})[33m=>[39m{[36mconst[39m[i[33m,[39mo][33m=[39m[33mF[39m(()[33m=>[39m[33mEt[39m[33m.[39m[36mget[39m(e)[33m||[39m[36mnull[39m)[33m;[39m[36mreturn[39m [33mV[39m(()[33m=>[39m{[36mconst[39m s[33m=[39m[36masync[39m l[33m=>[39m{[36mconst[39m c[33m=[39m(d[33m=>[39m{[36mconst[39m m[33m=[39m[33mVn[39m[d][33m;[39m[36mif[39m(m)[36mreturn[39m m[33m;[39m[36mconst[39m h[33m=[39m(u[33m=>[39m{[36mconst[39m g[33m=[39mu[33m.[39msplit([32m"-"[39m)[33m,[39mb[33m=[39m[g[[35m0[39m]][33m;[39m[36mlet[39m f[33m=[39mb[[35m0[39m][33m;[39m[36mfor[39m([36mconst[39m y [36mof[39m g[33m.[39mslice([35m1[39m)){[36mconst[39m _[33m=[39m[32m`${f}-${y}`[39m[33m;[39mf[33m=[39m_[33m,[39mb[33m.[39mpush(_)}[36mreturn[39m b[33m.[39mreverse()})(d)[33m;[39m[36mfor[39m([36mconst[39m u [36mof[39m h){[36mconst[39m g[33m=[39m[33mVn[39m[u][33m;[39m[36mif[39m(g)[36mreturn[39m g}[36mreturn[39m [36mnull[39m})(l)[33m;[39m[36mif[39m([33m![39mc)[36mreturn[39m[33m![39m[35m1[39m[33m;[39m[36mtry[39m{[36mconst[39m d[33m=[39m[36mawait[39m c()[33m;[39m[36mif[39m(d[33m!=[39m[36mnull[39m[33m&&[39md[33m.[39m[36mdefault[39m)[36mreturn[39m [33mEt[39m[33m.[39m[36mset[39m(l[33m,[39md[33m.[39m[36mdefault[39m)[33m,[39mo(()[33m=>[39md[33m.[39m[36mdefault[39m)[33m,[39m[33m![39m[35m0[39m}[36mcatch[39m{[36mreturn[39m[33m![39m[35m1[39m}[36mreturn[39m[33m![39m[35m1[39m}[33m;[39m([36masync[39m()[33m=>[39m{[36mif[39m([33mEt[39m[33m.[39mhas(e))[36mreturn[39m [36mvoid[39m o([33mEt[39m[33m.[39m[36mget[39m(e))[33m;[39m[36mif[39m([33m![39m[36mawait[39m s(e)){[36mconst[39m l[33m=[39m[33mLm[39m[a[33m||[39m[32m""[39m][33m||[39m[32m"circle-dot"[39m[33m;[39m[33mEt[39m[33m.[39mhas(l)[33m?[39mo([33mEt[39m[33m.[39m[36mget[39m(l))[33m:[39m[36mawait[39m s(l)}})()}[33m,[39m[e[33m,[39ma])[33m,[39mi[33m?[39mt(i[33m,[39m{size[33m:[39m[35m14[39m[33m,[39m[33m...[39mn})[33m:[39m[36mnull[39m}[33m,[39m[33mMm[39m[33m=[39m()[33m=>[39me[33m=>[39m{[33mAi[39m(e[33m,[39m[32m"code"[39m[33m,[39m(a[33m,[39mn[33m,[39mi)[33m=>[39m{[36mif[39m(a[33m.[39mlang[33m===[39m[32m"mermaid"[39m[33m&&[39m[36mtypeof[39m a[33m.[39mvalue[33m==[39m[32m"string"[39m){[36mconst[39m o[33m=[39m{type[33m:[39m[32m"customComponent"[39m[33m,[39mdata[33m:[39m{hName[33m:[39m[32m"div"[39m[33m,[39mhProperties[33m:[39m{[32m"data-component-type"[39m[33m:[39m[32m"mermaid"[39m[33m,[39m[32m"data-mermaid-code"[39m[33m:[39mbtoa(encodeURIComponent(a[33m.[39mvalue))}}[33m,[39mchildren[33m:[39m[]}[33m;[39mi[33m&&[39m[36mtypeof[39m n[33m==[39m[32m"number"[39m[33m&&[39m(i[33m.[39mchildren[n][33m=[39mo)}})}[33m,[39m[33mX[39m[33m=[39m(e[33m,[39ma[33m=[39m[32m"#000000"[39m)[33m=>[39m{[36mif[39m([33m![39me)[36mreturn[39m a[33m;[39m[36mif[39m(e[33m.[39mstartsWith([32m"#"[39m))[36mreturn[39m e[33m;[39m[36mif[39m(e[33m.[39mstartsWith([32m"var(--"[39m)){[36mconst[39m n[33m=[39me[33m.[39mmatch([35m/var\(--([^)]+)\)/[39m)[33m;[39m[36mif[39m([33m![39mn)[36mreturn[39m a[33m;[39m[36mconst[39m i[33m=[39m[32m`--${n[1]}`[39m[33m;[39m[36mif[39m([36mtypeof[39m window[33m>[39m[32m"u"[39m)[36mreturn[39m a[33m;[39m[36mconst[39m o[33m=[39mgetComputedStyle(document[33m.[39mdocumentElement)[33m.[39mgetPropertyValue(i)[33m.[39mtrim()[33m;[39m[36mreturn[39m o[33m&&[39m[33mHn[39m(o)[33m||[39ma}[36mreturn[39m [33mHn[39m(e)[33m||[39ma}[33m,[39m[33mHn[39m[33m=[39me[33m=>[39m{[36mif[39m([33m![39me)[36mreturn[39m [36mnull[39m[33m;[39m[36mconst[39m a[33m=[39me[33m.[39mtrim()[33m;[39m[36mif[39m(a[33m.[39mstartsWith([32m"#"[39m))[36mreturn[39m a[33m.[39mlength[33m===[39m[35m4[39m[33m?[39m[32m`#${a[1]}${a[1]}${a[2]}${a[2]}${a[3]}${a[3]}`[39m[33m:[39ma[33m;[39m[36mconst[39m n[33m=[39ms[33m=>[39m[33mMath[39m[33m.[39mmax([35m0[39m[33m,[39m[33mMath[39m[33m.[39mmin([35m255[39m[33m,[39m[33mMath[39m[33m.[39mround(s)))[33m.[39mtoString([35m16[39m)[33m.[39mpadStart([35m2[39m[33m,[39m[32m"0"[39m)[33m,[39mi[33m=[39ma[33m.[39mmatch([35m/rgba?\((\d+),\s*(\d+),\s*(\d+)(?:,\s*([\d.]+))?\)/[39m)[33m;[39m[36mif[39m(i){[36mconst[39m s[33m=[39mparseInt(i[[35m1[39m][33m,[39m[35m10[39m)[33m,[39ml[33m=[39mparseInt(i[[35m2[39m][33m,[39m[35m10[39m)[33m,[39mc[33m=[39mparseInt(i[[35m3[39m][33m,[39m[35m10[39m)[33m,[39md[33m=[39mi[[35m4[39m][33m,[39mm[33m=[39m[32m`#${n(s)}${n(l)}${n(c)}`[39m[33m;[39m[36mif[39m(d){[36mconst[39m h[33m=[39mparseFloat(d)[33m;[39m[36mif[39m(h[33m<[39m[35m1[39m)[36mreturn[39m[32m`${m}${n(255*h)}`[39m}[36mreturn[39m m}[36mconst[39m o[33m=[39ma[33m.[39mmatch([35m/hsla?\((\d+),\s*(\d+)%,\s*(\d+)%(?:,\s*([\d.]+))?\)/[39m)[33m;[39m[36mif[39m(o){[36mconst[39m s[33m=[39mparseInt(o[[35m1[39m][33m,[39m[35m10[39m)[33m/[39m[35m360[39m[33m,[39ml[33m=[39mparseInt(o[[35m2[39m][33m,[39m[35m10[39m)[33m/[39m[35m100[39m[33m,[39mc[33m=[39mparseInt(o[[35m3[39m][33m,[39m[35m10[39m)[33m/[39m[35m100[39m[33m,[39md[33m=[39mo[[35m4[39m][33m,[39mm[33m=[39m([35m1[39m[33m-[39m[33mMath[39m[33m.[39mabs([35m2[39m[33m*[39mc[33m-[39m[35m1[39m))[33m*[39ml[33m,[39mh[33m=[39mm[33m*[39m([35m1[39m[33m-[39m[33mMath[39m[33m.[39mabs([35m6[39m[33m*[39ms[33m%[39m[35m2[39m[33m-[39m[35m1[39m))[33m,[39mu[33m=[39mc[33m-[39mm[33m/[39m[35m2[39m[33m;[39m[36mlet[39m g[33m=[39m[35m0[39m[33m,[39mb[33m=[39m[35m0[39m[33m,[39mf[33m=[39m[35m0[39m[33m;[39ms[33m<[39m[35m1[39m[33m/[39m[35m6[39m[33m?[39m(g[33m=[39mm[33m,[39mb[33m=[39mh[33m,[39mf[33m=[39m[35m0[39m)[33m:[39ms[33m<[39m[35m2[39m[33m/[39m[35m6[39m[33m?[39m(g[33m=[39mh[33m,[39mb[33m=[39mm[33m,[39mf[33m=[39m[35m0[39m)[33m:[39ms[33m<[39m[35m.5[39m[33m?[39m(g[33m=[39m[35m0[39m[33m,[39mb[33m=[39mm[33m,[39mf[33m=[39mh)[33m:[39ms[33m<[39m[35m4[39m[33m/[39m[35m6[39m[33m?[39m(g[33m=[39m[35m0[39m[33m,[39mb[33m=[39mh[33m,[39mf[33m=[39mm)[33m:[39ms[33m<[39m[35m5[39m[33m/[39m[35m6[39m[33m?[39m(g[33m=[39mh[33m,[39mb[33m=[39m[35m0[39m[33m,[39mf[33m=[39mm)[33m:[39m(g[33m=[39mm[33m,[39mb[33m=[39m[35m0[39m[33m,[39mf[33m=[39mh)[33m;[39m[36mconst[39m y[33m=[39m[32m`#${n(255*(g+u))}${n(255*(b+u))}${n(255*(f+u))}`[39m[33m;[39m[36mif[39m(d){[36mconst[39m _[33m=[39mparseFloat(d)[33m;[39m[36mif[39m(_[33m<[39m[35m1[39m)[36mreturn[39m[32m`${y}${n(255*_)}`[39m}[36mreturn[39m y}[36mreturn[39m [36mnull[39m}[33m,[39mpo[33m=[39m({svg[33m:[39me[33m,[39mmermaidCode[33m:[39ma[33m,[39misModal[33m:[39mn[33m=[39m[33m![39m[35m1[39m[33m,[39monClose[33m:[39mi[33m,[39monExpand[33m:[39mo[33m,[39misMobile[33m:[39ms[33m=[39m[33m![39m[35m1[39m})[33m=>[39m{[36mconst[39m[l[33m,[39mc][33m=[39m[33mF[39m([35m1[39m)[33m,[39m[d[33m,[39mm][33m=[39m[33mF[39m({x[33m:[39m[35m0[39m[33m,[39my[33m:[39m[35m0[39m})[33m,[39m[h[33m,[39mu][33m=[39m[33mF[39m([33m![39m[35m1[39m)[33m,[39m[g[33m,[39mb][33m=[39m[33mF[39m([33m![39m[35m1[39m)[33m,[39mf[33m=[39m[33mD[39m({x[33m:[39m[35m0[39m[33m,[39my[33m:[39m[35m0[39m})[33m,[39my[33m=[39m[33mD[39m([36mnull[39m)[33m,[39m_[33m=[39m[33mD[39m([36mnull[39m)[33m,[39mv[33m=[39m[33mD[39m(d)[33m,[39m[33mN[39m[33m=[39m[33mD[39m(l)[33m,[39mx[33m=[39m[33mD[39m([36mnull[39m)[33m,[39m[33mC[39m[33m=[39m[33mD[39m([36mnull[39m)[33m;[39m[33mV[39m(()[33m=>[39m{v[33m.[39mcurrent[33m=[39md}[33m,[39m[d])[33m,[39m[33mV[39m(()[33m=>[39m{[33mN[39m[33m.[39mcurrent[33m=[39ml}[33m,[39m[l])[33m;[39m[36mconst[39m k[33m=[39m$(()[33m=>[39m{[36mif[39m(y[33m.[39mcurrent[33m&&[39m_[33m.[39mcurrent){[36mconst[39m [33mL[39m[33m=[39my[33m.[39mcurrent[33m,[39m[33mR[39m[33m=[39m_[33m.[39mcurrent[33m.[39mquerySelector([32m"svg"[39m)[33m;[39m[36mif[39m([33mR[39m){[36mconst[39m [33mH[39m[33m=[39ms[33m?[39m[35m60[39m[33m:[39m[35m80[39m[33m,[39m[33mM[39m[33m=[39m[33mL[39m[33m.[39mclientWidth[33m-[39m[33mH[39m[33m,[39m[33mE[39m[33m=[39m[33mL[39m[33m.[39mclientHeight[33m-[39m[33mH[39m[33m,[39mj[33m=[39m[33mR[39m[33m.[39mgetBoundingClientRect()[33m,[39m[33mO[39m[33m=[39ml[33m||[39m[35m1[39m[33m,[39m[33mB[39m[33m=[39m[33mM[39m[33m/[39m(j[33m.[39mwidth[33m/[39m[33mO[39m)[33m,[39m[33mW[39m[33m=[39m[33mE[39m[33m/[39m(j[33m.[39mheight[33m/[39m[33mO[39m)[33m,[39m[33mG[39m[33m=[39m[33mMath[39m[33m.[39mmin([33mB[39m[33m,[39m[33mW[39m[33m,[39m[35m4[39m)[33m;[39mc([33mMath[39m[33m.[39mmax([33mG[39m[33m,[39m[35m.1[39m))[33m,[39mm({x[33m:[39m[35m0[39m[33m,[39my[33m:[39m[35m0[39m})}}}[33m,[39m[l[33m,[39ms])[33m,[39m[33mS[39m[33m=[39m$([36masync[39m()[33m=>[39m{[36mconst[39m [33mL[39m[33m=[39ma[33m||[39me[33m;[39m[36mtry[39m{[36mawait[39m navigator[33m.[39mclipboard[33m.[39mwriteText([33mL[39m)[33m,[39mb([33m![39m[35m0[39m)[33m,[39msetTimeout(()[33m=>[39mb([33m![39m[35m1[39m)[33m,[39m[35m2e3[39m)}[36mcatch[39m{[36mconst[39m [33mR[39m[33m=[39mdocument[33m.[39mcreateElement([32m"textarea"[39m)[33m;[39m[33mR[39m[33m.[39mvalue[33m=[39m[33mL[39m[33m,[39mdocument[33m.[39mbody[33m.[39mappendChild([33mR[39m)[33m,[39m[33mR[39m[33m.[39mselect()[33m,[39mdocument[33m.[39mexecCommand([32m"copy"[39m)[33m,[39mdocument[33m.[39mbody[33m.[39mremoveChild([33mR[39m)[33m,[39mb([33m![39m[35m0[39m)[33m,[39msetTimeout(()[33m=>[39mb([33m![39m[35m1[39m)[33m,[39m[35m2e3[39m)}}[33m,[39m[a[33m,[39me])[33m;[39m[33mV[39m(()[33m=>[39m{[36mconst[39m [33mL[39m[33m=[39my[33m.[39mcurrent[33m;[39m[36mif[39m([33m![39m[33mL[39m)[36mreturn[39m[33m;[39m[36mconst[39m [33mR[39m[33m=[39m[33mH[39m[33m=>[39m{[36mif[39m([33mH[39m[33m.[39mctrlKey[33m||[39m[33mH[39m[33m.[39mmetaKey){[33mH[39m[33m.[39mpreventDefault()[33m;[39m[36mconst[39m [33mM[39m[33m=[39m[33mH[39m[33m.[39mdeltaY[33m>[39m[35m0[39m[33m?[39m[33m-[39m[35m.2[39m[33m:[39m[35m.2[39m[33m;[39mc([33mE[39m[33m=>[39m[33mMath[39m[33m.[39mmin([33mMath[39m[33m.[39mmax([33mE[39m[33m+[39m[33mM[39m[33m,[39m[35m.1[39m)[33m,[39m[35m4[39m))}}[33m;[39m[36mreturn[39m [33mL[39m[33m.[39maddEventListener([32m"wheel"[39m[33m,[39m[33mR[39m[33m,[39m{passive[33m:[39m[33m![39m[35m1[39m})[33m,[39m()[33m=>[39m{[33mL[39m[33m.[39mremoveEventListener([32m"wheel"[39m[33m,[39m[33mR[39m)}}[33m,[39m[])[33m,[39m[33mV[39m(()[33m=>[39m{[36mconst[39m [33mL[39m[33m=[39my[33m.[39mcurrent[33m;[39m[36mif[39m([33m![39m[33mL[39m)[36mreturn[39m[33m;[39m[36mconst[39m [33mR[39m[33m=[39m([33mO[39m[33m,[39m[33mB[39m)[33m=>[39m{[36mconst[39m [33mW[39m[33m=[39m[33mB[39m[33m.[39mx[33m-[39m[33mO[39m[33m.[39mx[33m,[39m[33mG[39m[33m=[39m[33mB[39m[33m.[39my[33m-[39m[33mO[39m[33m.[39my[33m;[39m[36mreturn[39m [33mMath[39m[33m.[39msqrt([33mW[39m[33m*[39m[33mW[39m[33m+[39m[33mG[39m[33m*[39m[33mG[39m)}[33m,[39m[33mH[39m[33m=[39m([33mO[39m[33m,[39m[33mB[39m)[33m=>[39m({x[33m:[39m([33mO[39m[33m.[39mx[33m+[39m[33mB[39m[33m.[39mx)[33m/[39m[35m2[39m[33m,[39my[33m:[39m([33mO[39m[33m.[39my[33m+[39m[33mB[39m[33m.[39my)[33m/[39m[35m2[39m})[33m,[39m[33mM[39m[33m=[39m[33mO[39m[33m=>[39m{[36mif[39m([33mO[39m[33m.[39mtouches[33m.[39mlength[33m===[39m[35m0[39m)[36mreturn[39m[33m;[39m[36mconst[39m [33mB[39m[33m=[39m[33mArray[39m[33m.[39m[36mfrom[39m([33mO[39m[33m.[39mtouches)[33m.[39mmap([33mW[39m[33m=>[39m({x[33m:[39m[33mW[39m[33m.[39mclientX[33m,[39my[33m:[39m[33mW[39m[33m.[39mclientY}))[33m;[39m[36mif[39m([33mO[39m[33m.[39mtouches[33m.[39mlength[33m===[39m[35m1[39m[33m&&[39m[33mB[39m[[35m0[39m])[33mC[39m[33m.[39mcurrent[33m=[39m[33mDate[39m[33m.[39mnow()[33m,[39mu([33m![39m[35m0[39m)[33m,[39mf[33m.[39mcurrent[33m=[39m{x[33m:[39m[33mB[39m[[35m0[39m][33m.[39mx[33m-[39mv[33m.[39mcurrent[33m.[39mx[33m,[39my[33m:[39m[33mB[39m[[35m0[39m][33m.[39my[33m-[39mv[33m.[39mcurrent[33m.[39my}[33m,[39mx[33m.[39mcurrent[33m=[39m[36mnull[39m[33m;[39m[36melse[39m [36mif[39m([33mO[39m[33m.[39mtouches[33m.[39mlength[33m===[39m[35m2[39m[33m&&[39m[33mB[39m[[35m0[39m][33m&&[39m[33mB[39m[[35m1[39m]){u([33m![39m[35m1[39m)[33m;[39m[36mconst[39m [33mW[39m[33m=[39m[33mR[39m([33mB[39m[[35m0[39m][33m,[39m[33mB[39m[[35m1[39m])[33m,[39m[33mG[39m[33m=[39m[33mH[39m([33mB[39m[[35m0[39m][33m,[39m[33mB[39m[[35m1[39m])[33m,[39moe[33m=[39m[33mL[39m[33m.[39mgetBoundingClientRect()[33m;[39mx[33m.[39mcurrent[33m=[39m{touches[33m:[39m[33mB[39m[33m,[39mdistance[33m:[39m[33mW[39m[33m,[39mcenter[33m:[39m{x[33m:[39m[33mG[39m[33m.[39mx[33m-[39moe[33m.[39mleft[33m,[39my[33m:[39m[33mG[39m[33m.[39my[33m-[39moe[33m.[39mtop}[33m,[39mzoom[33m:[39m[33mN[39m[33m.[39mcurrent[33m,[39mposition[33m:[39mv[33m.[39mcurrent}}[33mO[39m[33m.[39mtouches[33m.[39mlength[33m>[39m[35m1[39m[33m&&[39m[33mO[39m[33m.[39mpreventDefault()}[33m,[39m[33mE[39m[33m=[39m[33mO[39m[33m=>[39m{[36mif[39m([33mO[39m[33m.[39mtouches[33m.[39mlength[33m===[39m[35m0[39m)[36mreturn[39m[33m;[39m[36mconst[39m [33mB[39m[33m=[39m[33mArray[39m[33m.[39m[36mfrom[39m([33mO[39m[33m.[39mtouches)[33m.[39mmap([33mW[39m[33m=>[39m({x[33m:[39m[33mW[39m[33m.[39mclientX[33m,[39my[33m:[39m[33mW[39m[33m.[39mclientY}))[33m;[39m[36mif[39m([33mO[39m[33m.[39mtouches[33m.[39mlength[33m===[39m[35m1[39m[33m&&[39m[33m![39mx[33m.[39mcurrent[33m&&[39m[33mB[39m[[35m0[39m]){[36mconst[39m [33mW[39m[33m=[39m[33mC[39m[33m.[39mcurrent[33m?[39m[33mDate[39m[33m.[39mnow()[33m-[39m[33mC[39m[33m.[39mcurrent[33m:[39m[35m1[39m[33m/[39m[35m0[39m[33m;[39m[33mW[39m[33m<[39m[35m300[39m[33m?[39m([33mMath[39m[33m.[39mabs([33mB[39m[[35m0[39m][33m.[39mx[33m-[39mf[33m.[39mcurrent[33m.[39mx)[33m>[39m[35m5[39m[33m||[39m[33mMath[39m[33m.[39mabs([33mB[39m[[35m0[39m][33m.[39my[33m-[39mf[33m.[39mcurrent[33m.[39my)[33m>[39m[35m5[39m[33m||[39m[33mW[39m[33m>[39m[35m50[39m)[33m&&[39m[33mO[39m[33m.[39mpreventDefault()[33m:[39m[33mO[39m[33m.[39mpreventDefault()[33m,[39mm({x[33m:[39m[33mB[39m[[35m0[39m][33m.[39mx[33m-[39mf[33m.[39mcurrent[33m.[39mx[33m,[39my[33m:[39m[33mB[39m[[35m0[39m][33m.[39my[33m-[39mf[33m.[39mcurrent[33m.[39my})}[36melse[39m [36mif[39m([33mO[39m[33m.[39mtouches[33m.[39mlength[33m===[39m[35m2[39m[33m&&[39mx[33m.[39mcurrent[33m&&[39m[33mB[39m[[35m0[39m][33m&&[39m[33mB[39m[[35m1[39m]){[33mO[39m[33m.[39mpreventDefault()[33m;[39m[36mconst[39m [33mW[39m[33m=[39m[33mR[39m([33mB[39m[[35m0[39m][33m,[39m[33mB[39m[[35m1[39m])[33m,[39m[33mG[39m[33m=[39m[33mH[39m([33mB[39m[[35m0[39m][33m,[39m[33mB[39m[[35m1[39m])[33m,[39moe[33m=[39m[33mL[39m[33m.[39mgetBoundingClientRect()[33m,[39mse[33m=[39m{x[33m:[39m[33mG[39m[33m.[39mx[33m-[39moe[33m.[39mleft[33m,[39my[33m:[39m[33mG[39m[33m.[39my[33m-[39moe[33m.[39mtop}[33m,[39mve[33m=[39m[33mW[39m[33m/[39mx[33m.[39mcurrent[33m.[39mdistance[33m,[39mle[33m=[39m[33mMath[39m[33m.[39mmin([33mMath[39m[33m.[39mmax(x[33m.[39mcurrent[33m.[39mzoom[33m*[39mve[33m,[39m[35m.1[39m)[33m,[39m[35m4[39m)[33m,[39mge[33m=[39m{x[33m:[39m(x[33m.[39mcurrent[33m.[39mcenter[33m.[39mx[33m-[39mx[33m.[39mcurrent[33m.[39mposition[33m.[39mx)[33m/[39mx[33m.[39mcurrent[33m.[39mzoom[33m,[39my[33m:[39m(x[33m.[39mcurrent[33m.[39mcenter[33m.[39my[33m-[39mx[33m.[39mcurrent[33m.[39mposition[33m.[39my)[33m/[39mx[33m.[39mcurrent[33m.[39mzoom}[33m,[39mce[33m=[39m{x[33m:[39mse[33m.[39mx[33m-[39mge[33m.[39mx[33m*[39mle[33m,[39my[33m:[39mse[33m.[39my[33m-[39mge[33m.[39my[33m*[39mle}[33m;[39mc(le)[33m,[39mm(ce)[33m,[39mx[33m.[39mcurrent[33m=[39m{[33m...[39mx[33m.[39mcurrent[33m,[39mtouches[33m:[39m[33mB[39m[33m,[39mdistance[33m:[39m[33mW[39m[33m,[39mcenter[33m:[39mse[33m,[39mzoom[33m:[39mle[33m,[39mposition[33m:[39mce}}}[33m,[39mj[33m=[39m[33mO[39m[33m=>[39m{[36mif[39m([33mC[39m[33m.[39mcurrent[33m=[39m[36mnull[39m[33m,[39m[33mO[39m[33m.[39mtouches[33m.[39mlength[33m===[39m[35m0[39m)u([33m![39m[35m1[39m)[33m,[39mx[33m.[39mcurrent[33m=[39m[36mnull[39m[33m;[39m[36melse[39m [36mif[39m([33mO[39m[33m.[39mtouches[33m.[39mlength[33m===[39m[35m1[39m){x[33m.[39mcurrent[33m=[39m[36mnull[39m[33m;[39m[36mconst[39m [33mB[39m[33m=[39m[33mO[39m[33m.[39mtouches[[35m0[39m][33m;[39m[33mB[39m[33m&&[39m(u([33m![39m[35m0[39m)[33m,[39mf[33m.[39mcurrent[33m=[39m{x[33m:[39m[33mB[39m[33m.[39mclientX[33m-[39mv[33m.[39mcurrent[33m.[39mx[33m,[39my[33m:[39m[33mB[39m[33m.[39mclientY[33m-[39mv[33m.[39mcurrent[33m.[39my})}}[33m;[39m[36mreturn[39m [33mL[39m[33m.[39maddEventListener([32m"touchstart"[39m[33m,[39m[33mM[39m[33m,[39m{passive[33m:[39m[33m![39m[35m1[39m})[33m,[39m[33mL[39m[33m.[39maddEventListener([32m"touchmove"[39m[33m,[39m[33mE[39m[33m,[39m{passive[33m:[39m[33m![39m[35m1[39m})[33m,[39m[33mL[39m[33m.[39maddEventListener([32m"touchend"[39m[33m,[39mj[33m,[39m{passive[33m:[39m[33m![39m[35m1[39m})[33m,[39m[33mL[39m[33m.[39maddEventListener([32m"touchcancel"[39m[33m,[39mj[33m,[39m{passive[33m:[39m[33m![39m[35m1[39m})[33m,[39m()[33m=>[39m{[33mL[39m[33m.[39mremoveEventListener([32m"touchstart"[39m[33m,[39m[33mM[39m)[33m,[39m[33mL[39m[33m.[39mremoveEventListener([32m"touchmove"[39m[33m,[39m[33mE[39m)[33m,[39m[33mL[39m[33m.[39mremoveEventListener([32m"touchend"[39m[33m,[39mj)[33m,[39m[33mL[39m[33m.[39mremoveEventListener([32m"touchcancel"[39m[33m,[39mj)}}[33m,[39m[])[33m;[39m[36mconst[39m w[33m=[39m$([33mL[39m[33m=>[39m{[33mL[39m[33m.[39mbutton[33m===[39m[35m0[39m[33m&&[39m([33mL[39m[33m.[39mstopPropagation()[33m,[39mu([33m![39m[35m0[39m)[33m,[39mf[33m.[39mcurrent[33m=[39m{x[33m:[39m[33mL[39m[33m.[39mclientX[33m-[39md[33m.[39mx[33m,[39my[33m:[39m[33mL[39m[33m.[39mclientY[33m-[39md[33m.[39my})}[33m,[39m[d])[33m,[39m[33mP[39m[33m=[39m$([33mL[39m[33m=>[39m{h[33m&&[39mm({x[33m:[39m[33mL[39m[33m.[39mclientX[33m-[39mf[33m.[39mcurrent[33m.[39mx[33m,[39my[33m:[39m[33mL[39m[33m.[39mclientY[33m-[39mf[33m.[39mcurrent[33m.[39my})}[33m,[39m[h])[33m,[39m[33mI[39m[33m=[39m$(()[33m=>[39m{u([33m![39m[35m1[39m)}[33m,[39m[])[33m;[39m[36mreturn[39m [33mV[39m(()[33m=>[39m{[36mif[39m([33m![39mn)[36mreturn[39m[33m;[39m[36mconst[39m [33mL[39m[33m=[39m[33mR[39m[33m=>[39m{[33mR[39m[33m.[39mkey[33m===[39m[32m"Escape"[39m[33m&&[39mi[33m&&[39mi()}[33m;[39m[36mreturn[39m window[33m.[39maddEventListener([32m"keydown"[39m[33m,[39m[33mL[39m)[33m,[39m()[33m=>[39mwindow[33m.[39mremoveEventListener([32m"keydown"[39m[33m,[39m[33mL[39m)}[33m,[39m[n[33m,[39mi])[33m,[39mp([32m"div"[39m[33m,[39m{className[33m:[39mfe([32m"c1-mermaid-viewer"[39m[33m,[39m{[32m"c1-mermaid-viewer--mobile"[39m[33m:[39ms})[33m,[39mchildren[33m:[39m[n[33m&&[39mi[33m&&[39mt([32m"div"[39m[33m,[39m{className[33m:[39mfe([32m"c1-mermaid-controls"[39m[33m,[39m[32m"c1-mermaid-controls--top-left"[39m)[33m,[39mchildren[33m:[39mt(ie[33m,[39m{icon[33m:[39mt(yt[33m,[39m{})[33m,[39monClick[33m:[39mi[33m,[39mtitle[33m:[39m[32m"Close (Esc)"[39m[33m,[39msize[33m:[39m[32m"medium"[39m[33m,[39mvariant[33m:[39m[32m"secondary"[39m[33m,[39mshape[33m:[39m[32m"square"[39m})})[33m,[39mp([32m"div"[39m[33m,[39m{className[33m:[39mfe([32m"c1-mermaid-controls"[39m[33m,[39m{[32m"c1-mermaid-controls--top-right-modal"[39m[33m:[39mn[33m,[39m[32m"c1-mermaid-controls--top-right"[39m[33m:[39m[33m![39mn[33m,[39m[32m"c1-mermaid-controls--mobile"[39m[33m:[39ms})[33m,[39mchildren[33m:[39m[t(ie[33m,[39m{icon[33m:[39mt([33mKc[39m[33m,[39m{})[33m,[39monClick[33m:[39mk[33m,[39mtitle[33m:[39m[32m"Fit to View"[39m[33m,[39msize[33m:[39m[32m"medium"[39m[33m,[39mvariant[33m:[39m[32m"secondary"[39m[33m,[39mshape[33m:[39m[32m"square"[39m})[33m,[39mt(ie[33m,[39m{icon[33m:[39mt(g[33m?[39m[33mYe[39m[33m:[39m[33mLi[39m[33m,[39m{})[33m,[39monClick[33m:[39m[33mS[39m[33m,[39mtitle[33m:[39mg[33m?[39m[32m"Copied!"[39m[33m:[39ma[33m?[39m[32m"Copy Mermaid Code"[39m[33m:[39m[32m"Copy SVG"[39m[33m,[39msize[33m:[39m[32m"medium"[39m[33m,[39mvariant[33m:[39m[32m"secondary"[39m[33m,[39mshape[33m:[39m[32m"square"[39m})[33m,[39m[33m![39mn[33m&&[39mo[33m&&[39mt(ie[33m,[39m{icon[33m:[39mt([33mXc[39m[33m,[39m{})[33m,[39monClick[33m:[39mo[33m,[39mtitle[33m:[39m[32m"Fullscreen"[39m[33m,[39msize[33m:[39m[32m"medium"[39m[33m,[39mvariant[33m:[39m[32m"secondary"[39m[33m,[39mshape[33m:[39m[32m"square"[39m})]})[33m,[39mt([32m"div"[39m[33m,[39m{ref[33m:[39my[33m,[39mclassName[33m:[39mfe([32m"c1-mermaid-viewer__canvas"[39m[33m,[39m{[32m"c1-mermaid-viewer__canvas--dragging"[39m[33m:[39mh[33m,[39m[32m"c1-mermaid-viewer__canvas--mobile"[39m[33m:[39ms})[33m,[39monMouseDown[33m:[39mw[33m,[39monMouseMove[33m:[39m[33mP[39m[33m,[39monMouseUp[33m:[39m[33mI[39m[33m,[39monMouseLeave[33m:[39m[33mI[39m[33m,[39mchildren[33m:[39mt([32m"div"[39m[33m,[39m{ref[33m:[39m_[33m,[39mclassName[33m:[39mfe([32m"c1-mermaid-viewer__svg"[39m[33m,[39m[32m"mermaid"[39m[33m,[39m{[32m"c1-mermaid-viewer__svg--animated"[39m[33m:[39m[33m![39mh[33m,[39m[32m"c1-mermaid-viewer__svg--mobile"[39m[33m:[39ms})[33m,[39mdangerouslySetInnerHTML[33m:[39m{__html[33m:[39me}[33m,[39mstyle[33m:[39m{transform[33m:[39m[32m`translate(${d.x}px, ${d.y}px) scale(${l})`[39m}})})[33m,[39mp([32m"div"[39m[33m,[39m{className[33m:[39mfe([32m"c1-mermaid-controls"[39m[33m,[39m{[32m"c1-mermaid-controls--bottom-left-modal"[39m[33m:[39mn[33m,[39m[32m"c1-mermaid-controls--bottom-left"[39m[33m:[39m[33m![39mn[33m,[39m[32m"c1-mermaid-controls--mobile"[39m[33m:[39ms})[33m,[39mchildren[33m:[39m[p([32m"div"[39m[33m,[39m{className[33m:[39mfe([32m"c1-mermaid-badge"[39m[33m,[39m{[32m"c1-mermaid-badge--md"[39m[33m:[39mn[33m,[39m[32m"c1-mermaid-badge--sm"[39m[33m:[39m[33m![39mn[33m,[39m[32m"c1-mermaid-badge--mobile"[39m[33m:[39ms})[33m,[39mchildren[33m:[39m[[33mMath[39m[33m.[39mround([35m100[39m[33m*[39ml)[33m,[39m[32m"%"[39m]})[33m,[39mn[33m&&[39mt([32m"div"[39m[33m,[39m{className[33m:[39mfe([32m"c1-mermaid-help"[39m[33m,[39m{[32m"c1-mermaid-help--mobile"[39m[33m:[39ms})[33m,[39mchildren[33m:[39ms[33m?[39m[32m"Drag to pan • Pinch to zoom"[39m[33m:[39m[32m"Drag to pan • Ctrl+Scroll/Pinch to zoom • Esc to close"[39m})]})]})}[33m,[39m$m[33m=[39m({isOpen[33m:[39me[33m,[39monClose[33m:[39ma[33m,[39msvg[33m:[39mn[33m,[39mmermaidCode[33m:[39mi})[33m=>[39m{[36mconst[39m{portalThemeClassName[33m:[39mo}[33m=[39m[33mCe[39m()[33m,[39ms[33m=[39m[33mD[39m([36mnull[39m)[33m,[39m{breakpoint[33m:[39ml}[33m=[39mnn(s)[33m,[39mc[33m=[39ml[33m===[39m[32m"mobile"[39m[33m;[39m[36mreturn[39m t([33mMe[39m[33m.[39m[33mRoot[39m[33m,[39m{open[33m:[39me[33m,[39monOpenChange[33m:[39ma[33m,[39mchildren[33m:[39mp([33mMe[39m[33m.[39m[33mPortal[39m[33m,[39m{children[33m:[39m[t([33mMe[39m[33m.[39m[33mOverlay[39m[33m,[39m{className[33m:[39mfe([32m"c1-mermaid-modal__overlay"[39m[33m,[39mo)})[33m,[39mp([33mMe[39m[33m.[39m[33mContent[39m[33m,[39m{ref[33m:[39ms[33m,[39mclassName[33m:[39mfe([32m"c1-mermaid-modal__content"[39m[33m,[39mo[33m,[39m{[32m"c1-mermaid-modal__content--mobile"[39m[33m:[39mc})[33m,[39monPointerDownOutside[33m:[39ma[33m,[39monEscapeKeyDown[33m:[39ma[33m,[39mchildren[33m:[39m[t([33mMe[39m[33m.[39m[33mTitle[39m[33m,[39m{className[33m:[39m[32m"c1-mermaid-modal__title"[39m[33m,[39mchildren[33m:[39m[32m"Mermaid Diagram"[39m})[33m,[39mt([33mMe[39m[33m.[39m[33mDescription[39m[33m,[39m{className[33m:[39m[32m"c1-mermaid-modal__description"[39m[33m,[39mchildren[33m:[39m[32m"This is a mermaid diagram."[39m})[33m,[39mt(po[33m,[39m{svg[33m:[39mn[33m,[39mmermaidCode[33m:[39mi[33m,[39misModal[33m:[39m[33m![39m[35m0[39m[33m,[39monClose[33m:[39ma[33m,[39misMobile[33m:[39mc})]})]})})}[33m,[39m[33mYt[39m[33m=[39m[36mnew[39m [33mMap[39m[33m;[39m[36mlet[39m [33mGt[39m[33m=[39m[36mnull[39m[33m,[39m[33mUn[39m[33m=[39m[36mnull[39m[33m;[39m[36mconst[39m [33mOm[39m[33m=[39mq(({node[33m:[39me[33m,[39mchildren[33m:[39ma[33m,[39m[33m...[39mn})[33m=>[39m{[36mconst[39m{mode[33m:[39mi[33m,[39mtheme[33m:[39mo}[33m=[39m[33mCe[39m()[33m,[39ms[33m=[39m[33mD[39m([36mnull[39m)[33m,[39m{breakpoint[33m:[39ml}[33m=[39mnn(s)[33m,[39mc[33m=[39ml[33m===[39m[32m"mobile"[39m[33m,[39md[33m=[39m(e[33m==[39m[36mnull[39m[33m?[39m[36mvoid[39m [35m0[39m[33m:[39me[33m.[39mproperties)[33m?[39m[33m?[39m{}[33m,[39mm[33m=[39md[[32m"data-component-type"[39m][33m,[39mh[33m=[39md[[32m"data-mermaid-code"[39m][33m,[39m[u[33m,[39mg][33m=[39m[33mF[39m([36mnull[39m)[33m,[39m[b[33m,[39mf][33m=[39m[33mF[39m([33m![39m[35m1[39m)[33m,[39my[33m=[39m[33mD[39m([36mnull[39m)[33m,[39m_[33m=[39m[33mD[39m([36mnull[39m)[33m,[39mv[33m=[39mh[33m?[39m(x[33m=>[39m{[36mtry[39m{[36mreturn[39m decodeURIComponent(atob(x))}[36mcatch[39m{[36mreturn[39m [36mnull[39m}})(h)[33m:[39m[36mnull[39m[33m,[39m[33mN[39m[33m=[39mv[33m?[39m[32m`${v}|${i}`[39m[33m:[39m[36mnull[39m[33m;[39m[36mreturn[39m [33mV[39m(()[33m=>[39m{[36mif[39m(m[33m!==[39m[32m"mermaid"[39m[33m||[39m[33m![39m[33mN[39m)[36mreturn[39m[33m;[39m[36mconst[39m x[33m=[39m[33mYt[39m[33m.[39m[36mget[39m([33mN[39m)[33m;[39m[36mreturn[39m x[33m?[39m(g(x)[33m,[39m[36mvoid[39m(_[33m.[39mcurrent[33m=[39m[33mN[39m))[33m:[39m[36mvoid[39m [35m0[39m}[33m,[39m[m[33m,[39m[33mN[39m])[33m,[39m[33mV[39m(()[33m=>[39m{[36mif[39m(m[33m===[39m[32m"mermaid"[39m[33m&&[39m(v[33m!=[39m[36mnull[39m[33m&&[39mv[33m.[39mtrim())[33m&&[39m[33mN[39m[33m&&[39m(_[33m.[39mcurrent[33m!==[39m[33mN[39m[33m||[39m[33m![39m[33mYt[39m[33m.[39mhas([33mN[39m)))[36mreturn[39m y[33m.[39mcurrent[33m&&[39mclearTimeout(y[33m.[39mcurrent)[33m,[39my[33m.[39mcurrent[33m=[39msetTimeout([36masync[39m()[33m=>[39m{[36mif[39m(_[33m.[39mcurrent[33m!==[39m[33mN[39m[33m||[39m[33m![39m[33mYt[39m[33m.[39mhas([33mN[39m))[36mtry[39m{[36mconst[39m x[33m=[39m[36mawait[39m([36masync[39m(w[33m,[39m[33mP[39m)[33m=>[39m{[36mconst[39m [33mI[39m[33m=[39m[33mJSON[39m[33m.[39mstringify({mode[33m:[39m[33mP[39m[33m,[39mcontainerFills[33m:[39mw[33m.[39mcontainerFills[33m,[39mprimaryText[33m:[39mw[33m.[39mprimaryText[33m,[39mstrokeDefault[33m:[39mw[33m.[39mstrokeDefault})[33m;[39m[36mif[39m([33mUn[39m[33m===[39m[33mI[39m[33m&&[39m[33mGt[39m)[36mreturn[39m [33mGt[39m[33m;[39m[36mtry[39m{[36mreturn[39m [33mGt[39m[33m=[39m([36mawait[39m [36mimport[39m([32m"mermaid"[39m))[33m.[39m[36mdefault[39m[33m,[39m[33mGt[39m[33m.[39minitialize({startOnLoad[33m:[39m[33m![39m[35m1[39m[33m,[39mtheme[33m:[39m[32m"base"[39m[33m,[39msecurityLevel[33m:[39m[32m"loose"[39m[33m,[39mthemeVariables[33m:[39m{darkMode[33m:[39m[33mP[39m[33m===[39m[32m"dark"[39m[33m,[39mprimaryColor[33m:[39m[33mX[39m(w[33m.[39minteractiveDefault)[33m,[39mprimaryTextColor[33m:[39m[33mX[39m(w[33m.[39mprimaryText)[33m,[39mprimaryBorderColor[33m:[39m[33mX[39m(w[33m.[39mstrokeInteractiveEl)[33m,[39msecondaryColor[33m:[39m[33mX[39m(w[33m.[39minteractiveDefault)[33m,[39msecondaryTextColor[33m:[39m[33mX[39m(w[33m.[39mprimaryText)[33m,[39msecondaryBorderColor[33m:[39m[33mX[39m(w[33m.[39mstrokeInteractiveEl)[33m,[39mtertiaryColor[33m:[39m[33mX[39m(w[33m.[39minteractiveDefault)[33m,[39mtertiaryBorderColor[33m:[39m[33mX[39m(w[33m.[39mstrokeInteractiveEl)[33m,[39mtertiaryTextColor[33m:[39m[33mX[39m(w[33m.[39mprimaryText)[33m,[39mbackground[33m:[39m[33mX[39m(w[33m.[39mcontainerFills)[33m,[39mmainBkg[33m:[39m[33mX[39m(w[33m.[39minteractiveDefault)[33m,[39mtextColor[33m:[39m[33mX[39m(w[33m.[39mprimaryText)[33m,[39mborder1[33m:[39m[33mX[39m(w[33m.[39mstrokeInteractiveEl)[33m,[39mborder2[33m:[39m[33mX[39m(w[33m.[39mstrokeInteractiveEl)[33m,[39mlineColor[33m:[39m[33mX[39m(w[33m.[39mstrokeInteractiveEl)[33m,[39merrorBkgColor[33m:[39m[33mX[39m(w[33m.[39minteractiveDefault)[33m,[39merrorTextColor[33m:[39m[33mX[39m(w[33m.[39mprimaryText)[33m,[39mnodeBkg[33m:[39m[33mX[39m(w[33m.[39minteractiveDefault)[33m,[39mnodeBorder[33m:[39m[33mX[39m(w[33m.[39mstrokeInteractiveEl)[33m,[39mnodeTextColor[33m:[39m[33mX[39m(w[33m.[39mprimaryText)[33m,[39mclusterBkg[33m:[39m[33mX[39m(w[33m.[39minteractiveDefault)[33m,[39mclusterBorder[33m:[39m[33mX[39m(w[33m.[39mstrokeInteractiveEl)[33m,[39mdefaultLinkColor[33m:[39m[33mX[39m(w[33m.[39mstrokeInteractiveEl)[33m,[39mtitleColor[33m:[39m[33mX[39m(w[33m.[39mprimaryText)[33m,[39mactorBorder[33m:[39m[33mX[39m(w[33m.[39mstrokeInteractiveEl)[33m,[39mactorBkg[33m:[39m[33mX[39m(w[33m.[39minteractiveDefault)[33m,[39mactorTextColor[33m:[39m[33mX[39m(w[33m.[39mprimaryText)[33m,[39mactorLineColor[33m:[39m[33mX[39m(w[33m.[39mstrokeInteractiveEl)[33m,[39msignalColor[33m:[39m[33mX[39m(w[33m.[39mprimaryText)[33m,[39msignalTextColor[33m:[39m[33mX[39m(w[33m.[39mprimaryText)[33m,[39mlabelBoxBkgColor[33m:[39m[33mX[39m(w[33m.[39minteractiveDefault)[33m,[39mlabelBoxBorderColor[33m:[39m[33mX[39m(w[33m.[39mstrokeInteractiveEl)[33m,[39mlabelTextColor[33m:[39m[33mX[39m(w[33m.[39mprimaryText)[33m,[39mloopTextColor[33m:[39m[33mX[39m(w[33m.[39mprimaryText)[33m,[39mactivationBkgColor[33m:[39m[33mX[39m(w[33m.[39minteractiveDefault)[33m,[39mactivationBorderColor[33m:[39m[33mX[39m(w[33m.[39mstrokeInteractiveEl)[33m,[39msequenceNumberColor[33m:[39m[33mX[39m(w[33m.[39mprimaryText)[33m,[39msectionBkgColor[33m:[39m[33mX[39m(w[33m.[39msunkFills)[33m,[39maltSectionBkgColor[33m:[39m[33mX[39m(w[33m.[39mcontainerFills)[33m,[39msectionBkgColor2[33m:[39m[33mX[39m(w[33m.[39msunkFills)[33m,[39mlabelColor[33m:[39m[33mX[39m(w[33m.[39mprimaryText)[33m,[39maltBackground[33m:[39m[33mX[39m(w[33m.[39minteractiveDefault)[33m,[39mfillType0[33m:[39m[33mX[39m(w[33m.[39minteractiveDefault)[33m,[39mfillType1[33m:[39m[33mX[39m(w[33m.[39minteractiveDefault)[33m,[39mfillType2[33m:[39m[33mX[39m(w[33m.[39minteractiveDefault)[33m,[39mfillType3[33m:[39m[33mX[39m(w[33m.[39minteractiveDefault)[33m,[39mfillType4[33m:[39m[33mX[39m(w[33m.[39minteractiveDefault)[33m,[39mfillType5[33m:[39m[33mX[39m(w[33m.[39minteractiveDefault)[33m,[39mfillType6[33m:[39m[33mX[39m(w[33m.[39minteractiveDefault)[33m,[39mfillType7[33m:[39m[33mX[39m(w[33m.[39minteractiveDefault)[33m,[39mjourneyTextColor[33m:[39m[32m"#000000"[39m[33m,[39mnoteBkgColor[33m:[39m[33mX[39m(w[33m.[39mcontainerFills)[33m,[39mnoteTextColor[33m:[39m[33mX[39m(w[33m.[39mprimaryText)[33m,[39mnoteBorderColor[33m:[39m[33mX[39m(w[33m.[39mstrokeDefault)[33m,[39mc4LabelColor[33m:[39m[33mX[39m(w[33m.[39mprimaryText)[33m,[39mfontFamily[33m:[39mw[33m.[39mfontPrimary[33m||[39mw[33m.[39mfontBody[33m||[39m[32m'"Open Sans", sans-serif'[39m[33m,[39mfontSize[33m:[39m[32m"14px"[39m}[33m,[39mflowchart[33m:[39m{htmlLabels[33m:[39m[33m![39m[35m0[39m[33m,[39museMaxWidth[33m:[39m[33m![39m[35m1[39m}[33m,[39msequence[33m:[39m{useMaxWidth[33m:[39m[33m![39m[35m1[39m}[33m,[39mgantt[33m:[39m{useMaxWidth[33m:[39m[33m![39m[35m1[39m}[33m,[39msuppressErrorRendering[33m:[39m[33m![39m[35m0[39m})[33m,[39m[33mUn[39m[33m=[39m[33mI[39m[33m,[39m[33mGt[39m}[36mcatch[39m{[36mreturn[39m [36mnull[39m}})(o[33m,[39mi)[33m;[39m[36mif[39m([33m![39mx)[36mreturn[39m[33m;[39mx[33m.[39mparseError[33m;[39m[36mconst[39m [33mC[39m[33m=[39m[36mawait[39m x[33m.[39mparse(v[33m,[39m{suppressErrors[33m:[39m[33m![39m[35m0[39m})[33m;[39m[36mif[39m([33m![39m[33mC[39m[33m||[39m[33m![39m[33mC[39m[33m.[39mdiagramType)[36mreturn[39m [36mvoid[39m(_[33m.[39mcurrent[33m&&[39mg([33mYt[39m[33m.[39m[36mget[39m(_[33m.[39mcurrent)[33m?[39m[33m?[39m[36mnull[39m))[33m;[39m[36mconst[39m{svg[33m:[39mk}[33m=[39m[36mawait[39m x[33m.[39mrender([32m`mermaid-${Date.now()}-${Math.random().toString(36).slice(2,9)}`[39m[33m,[39mv)[33m;[39m[36mif[39m(k[33m.[39mincludes([32m"NaN"[39m))[36mreturn[39m[33m;[39m[36mconst[39m [33mS[39m[33m=[39m(w[33m=>[39mw[33m.[39mreplace([35m/<span class="nodeLabel[^"]*">\s*<p>/g[39m[33m,[39m[32m'<span class="nodeLabel">'[39m)[33m.[39mreplace([35m/<\/p>\s*<\/span>/g[39m[33m,[39m[32m"</span>"[39m)[33m.[39mreplace([35m/<foreignObject/g[39m[33m,[39m[32m'<foreignObject style="overflow: visible;"'[39m))(k)[33m;[39m[33mYt[39m[33m.[39m[36mset[39m([33mN[39m[33m,[39m[33mS[39m)[33m,[39mg([33mS[39m)[33m,[39m_[33m.[39mcurrent[33m=[39m[33mN[39m}[36mcatch[39m{}}[33m,[39m[35m50[39m)[33m,[39m()[33m=>[39m{y[33m.[39mcurrent[33m&&[39mclearTimeout(y[33m.[39mcurrent)}}[33m,[39m[m[33m,[39mv[33m,[39m[33mN[39m[33m,[39mi[33m,[39mo])[33m,[39mm[33m!==[39m[32m"mermaid"[39m[33m?[39mt([32m"div"[39m[33m,[39m{[33m...[39mn[33m,[39mchildren[33m:[39ma})[33m:[39mu[33m?[39mp([33mQ[39m[33m,[39m{children[33m:[39m[t([32m"div"[39m[33m,[39m{[33m...[39mn[33m,[39mref[33m:[39ms[33m,[39mclassName[33m:[39mfe([32m"c1-mermaid-container"[39m[33m,[39m{[32m"c1-mermaid-container--mobile"[39m[33m:[39mc})[33m,[39mchildren[33m:[39mt(po[33m,[39m{svg[33m:[39mu[33m,[39mmermaidCode[33m:[39mv[33m||[39m[36mvoid[39m [35m0[39m[33m,[39misModal[33m:[39m[33m![39m[35m1[39m[33m,[39monExpand[33m:[39m()[33m=>[39mf([33m![39m[35m0[39m)[33m,[39misMobile[33m:[39mc})})[33m,[39mt($m[33m,[39m{isOpen[33m:[39mb[33m,[39monClose[33m:[39m()[33m=>[39mf([33m![39m[35m1[39m)[33m,[39msvg[33m:[39mu[33m,[39mmermaidCode[33m:[39mv[33m||[39m[36mvoid[39m [35m0[39m})]})[33m:[39m[36mnull[39m})[33m,[39msn[33m=[39mq(({height[33m:[39me[33m,[39mwidth[33m:[39ma[33m,[39murl[33m:[39mn[33m,[39malt[33m:[39mi})[33m=>[39m{[36mconst[39m o[33m=[39m[33mD[39m([36mnull[39m)[33m,[39m[s[33m,[39ml][33m=[39m[33mF[39m([33m![39m[35m1[39m)[33m;[39m[36mreturn[39m s[33m||[39m[33m![39mn[33m?[39mt(de[33m,[39m{name[33m:[39m[32m"globe"[39m[33m,[39msize[33m:[39m[33mMath[39m[33m.[39mmax(e[33m,[39ma)})[33m:[39mt([32m"img"[39m[33m,[39m{ref[33m:[39mo[33m,[39msrc[33m:[39mn[33m,[39malt[33m:[39mi[33m,[39mheight[33m:[39me[33m,[39mwidth[33m:[39ma[33m,[39monLoad[33m:[39m()[33m=>[39m{[36mconst[39m c[33m=[39mo[33m.[39mcurrent[33m;[39mc[33m&&[39mc[33m.[39mnaturalWidth[33m<=[39m[35m16[39m[33m&&[39mc[33m.[39mnaturalHeight[33m<=[39m[35m16[39m[33m?[39ml([33m![39m[35m0[39m)[33m:[39ml([33m![39m[35m1[39m)}[33m,[39monError[33m:[39m()[33m=>[39m{l([33m![39m[35m0[39m)}[33m,[39mclassName[33m:[39m[32m"c1-source-favicon-image"[39m})})[33m,[39mzm[33m=[39mq(e[33m=>[39m{[36mconst[39m{title[33m:[39ma[33m,[39msourceName[33m:[39mn[33m,[39monClick[33m:[39mi[33m,[39mfaviconUrl[33m:[39mo[33m,[39murl[33m:[39ms}[33m=[39me[33m,[39ml[33m=[39ms[33m&&[39ms[33m.[39mtrim()[33m!==[39m[32m""[39m[33m;[39m[36mreturn[39m p([32m"button"[39m[33m,[39m{className[33m:[39m[33mT[39m([32m"c1-citation-item"[39m[33m,[39m{[32m"c1-citation-item--has-url"[39m[33m:[39ml})[33m,[39monClick[33m:[39m()[33m=>[39m{rn(s)[33m,[39mi[33m==[39m[36mnull[39m[33m||[39mi()}[33m,[39mtype[33m:[39m[32m"button"[39m[33m,[39mchildren[33m:[39m[t([32m"div"[39m[33m,[39m{className[33m:[39m[32m"c1-citation-item__logo"[39m[33m,[39mchildren[33m:[39mt(sn[33m,[39m{url[33m:[39mo[33m,[39malt[33m:[39mn[33m,[39mwidth[33m:[39m[35m24[39m[33m,[39mheight[33m:[39m[35m24[39m})})[33m,[39mp([32m"div"[39m[33m,[39m{className[33m:[39m[32m"c1-citation-item__content"[39m[33m,[39mchildren[33m:[39m[t([32m"div"[39m[33m,[39m{className[33m:[39m[32m"c1-citation-item__title"[39m[33m,[39mchildren[33m:[39ma})[33m,[39mt([32m"div"[39m[33m,[39m{className[33m:[39m[32m"c1-citation-item__source"[39m[33m,[39mchildren[33m:[39mn})]})]})})[33m,[39m[33mBm[39m[33m=[39mq(e[33m=>[39m{[36mconst[39m{sources[33m:[39ma}[33m=[39me[33m,[39m{portalThemeClassName[33m:[39mn}[33m=[39m[33mCe[39m()[33m,[39m{isOpen[33m:[39mi[33m,[39mhandleMouseEnter[33m:[39mo[33m,[39mhandleMouseLeave[33m:[39ms[33m,[39mhandleTriggerClick[33m:[39ml[33m,[39mhandleContentClick[33m:[39mc[33m,[39mcloseTooltip[33m:[39md[33m,[39mgetPointerDownOutsideHandler[33m:[39mm}[33m=[39mon()[33m;[39m[36mreturn[39m t([32m"span"[39m[33m,[39m{className[33m:[39m[32m"c1-citation-container"[39m[33m,[39mchildren[33m:[39mt(he[33m.[39m[33mProvider[39m[33m,[39m{children[33m:[39mp(he[33m.[39m[33mRoot[39m[33m,[39m{open[33m:[39mi[33m,[39mchildren[33m:[39m[t(he[33m.[39m[33mTrigger[39m[33m,[39m{asChild[33m:[39m[33m![39m[35m0[39m[33m,[39mchildren[33m:[39mt([32m"button"[39m[33m,[39m{type[33m:[39m[32m"button"[39m[33m,[39mclassName[33m:[39m[32m"c1-citation"[39m[33m,[39m[32m"aria-label"[39m[33m:[39m[32m"Citations"[39m[33m,[39monClick[33m:[39ml[33m,[39monMouseEnter[33m:[39mo[33m,[39monMouseLeave[33m:[39ms[33m,[39mchildren[33m:[39mt(de[33m,[39m{name[33m:[39m[32m"globe"[39m[33m,[39msize[33m:[39m[35m12[39m})})})[33m,[39mt(he[33m.[39m[33mPortal[39m[33m,[39m{children[33m:[39mt(he[33m.[39m[33mContent[39m[33m,[39m{side[33m:[39m[32m"bottom"[39m[33m,[39malign[33m:[39m[32m"start"[39m[33m,[39msideOffset[33m:[39m[35m4[39m[33m,[39malignOffset[33m:[39m[33m-[39m[35m8[39m[33m,[39mclassName[33m:[39m[33mT[39m([32m"c1-citation-tooltip"[39m[33m,[39mn)[33m,[39monMouseEnter[33m:[39mo[33m,[39monMouseLeave[33m:[39ms[33m,[39monClick[33m:[39mc[33m,[39monPointerDownOutside[33m:[39mm([32m".c1-citation"[39m)[33m,[39mchildren[33m:[39mt([32m"div"[39m[33m,[39m{className[33m:[39m[32m"c1-citation-tooltip__content"[39m[33m,[39mchildren[33m:[39ma[33m.[39mmap((h[33m,[39mu)[33m=>[39m{[36mconst[39m{key[33m:[39mg[33m,[39m[33m...[39mb}[33m=[39mh[33m;[39m[36mreturn[39m t(zm[33m,[39m{[33m...[39mb[33m,[39monClick[33m:[39md}[33m,[39mu)})})})})]})})})})[33m,[39m[33mRm[39m[33m=[39mq(e[33m=>[39m{[36mconst[39m{sources[33m:[39ma}[33m=[39me[33m;[39m[36mreturn[39m a[33m&&[39ma[33m.[39mlength[33m!==[39m[35m0[39m[33m?[39mt([33mBm[39m[33m,[39m{[33m...[39me})[33m:[39m[36mnull[39m})[33m,[39mho[33m=[39m({node[33m:[39me[33m,[39mchildren[33m:[39ma[33m,[39m[33m...[39mn})[33m=>[39m{[36mconst[39m i[33m=[39mco()[33m,[39mo[33m=[39m(e[33m==[39m[36mnull[39m[33m?[39m[36mvoid[39m [35m0[39m[33m:[39me[33m.[39mproperties)[33m?[39m[33m?[39m{}[33m,[39ms[33m=[39mo[[32m"data-component-type"[39m][33m,[39ml[33m=[39mo[[32m"data-citation-indices"[39m][33m;[39m[36mif[39m(s[33m!==[39m[32m"citation"[39m[33m||[39m[33m![39ml)[36mreturn[39m t([32m"span"[39m[33m,[39m{[33m...[39mn[33m,[39mchildren[33m:[39ma})[33m;[39m[36mif[39m([33m![39mi[33m.[39mlength)[36mreturn[39m [36mnull[39m[33m;[39m[36mconst[39m c[33m=[39ml[33m.[39msplit([32m","[39m)[33m.[39mmap([33mNumber[39m)[33m.[39mmap(d[33m=>[39mi[d[33m-[39m[35m1[39m])[33m.[39mfilter(d[33m=>[39md[33m!==[39m[36mvoid[39m [35m0[39m)[33m.[39mfilter(d[33m=>[39md[33m.[39msourceName[33m&&[39md[33m.[39mtitle[33m&&[39md[33m.[39msourceName[33m.[39mtrim()[33m!==[39m[32m""[39m[33m&&[39md[33m.[39mtitle[33m.[39mtrim()[33m!==[39m[32m""[39m)[33m;[39m[36mreturn[39m c[33m.[39mlength[33m===[39m[35m0[39m[33m?[39m[36mnull[39m[33m:[39mt([33mRm[39m[33m,[39m{sources[33m:[39mc})}[33m,[39mqn[33m=[39m[35m/(\[\d+\]\s*)+/g[39m[33m,[39m[33mWn[39m[33m=[39m[35m/\[(\d+)\]/g[39m[33m,[39muo[33m=[39m()[33m=>[39me[33m=>[39m{[33mAi[39m(e[33m,[39m[32m"text"[39m[33m,[39m(a[33m,[39mn[33m,[39mi)[33m=>[39m{[36mif[39m([36mtypeof[39m a[33m.[39mvalue[33m!=[39m[32m"string"[39m)[36mreturn[39m[33m;[39m[36mconst[39m o[33m=[39m[][33m;[39m[36mlet[39m s[33m,[39ml[33m=[39m[35m0[39m[33m;[39m[36mfor[39m([33m;[39m(s[33m=[39mqn[33m.[39mexec(a[33m.[39mvalue))[33m!==[39m[36mnull[39m[33m;[39m){s[33m.[39mindex[33m>[39ml[33m&&[39mo[33m.[39mpush({type[33m:[39m[32m"text"[39m[33m,[39mvalue[33m:[39ma[33m.[39mvalue[33m.[39mslice(l[33m,[39ms[33m.[39mindex)})[33m;[39m[36mconst[39m c[33m=[39ms[[35m0[39m][33m,[39md[33m=[39m[][33m;[39m[36mlet[39m m[33m;[39m[36mfor[39m([33m;[39m(m[33m=[39m[33mWn[39m[33m.[39mexec(c))[33m!==[39m[36mnull[39m[33m;[39m)d[33m.[39mpush(m[[35m1[39m][33m?[39m[33m?[39m[32m""[39m)[33m;[39m[33mWn[39m[33m.[39mlastIndex[33m=[39m[35m0[39m[33m,[39md[33m.[39mlength[33m>[39m[35m0[39m[33m&&[39mo[33m.[39mpush({type[33m:[39m[32m"customComponent"[39m[33m,[39mdata[33m:[39m{hName[33m:[39m[32m"span"[39m[33m,[39mhProperties[33m:[39m{[32m"data-component-type"[39m[33m:[39m[32m"citation"[39m[33m,[39m[32m"data-citation-indices"[39m[33m:[39md[33m.[39mjoin([32m","[39m)}}[33m,[39mchildren[33m:[39m[{type[33m:[39m[32m"text"[39m[33m,[39mvalue[33m:[39mc[33m.[39mtrim()}]})[33m,[39ml[33m=[39ms[33m.[39mindex[33m+[39mc[33m.[39mlength}[36mreturn[39m qn[33m.[39mlastIndex[33m=[39m[35m0[39m[33m,[39ml[33m<[39m[33ma[39m[33m.[39mvalue[33m.[39mlength[33m&&[39mo[33m.[39mpush({type[33m:[39m[32m"text"[39m[33m,[39mvalue[33m:[39ma[33m.[39mvalue[33m.[39mslice(l)})[33m,[39mo[33m.[39mlength[33m>[39m[35m0[39m[33m&&[39mi[33m&&[39m[36mtypeof[39m n[33m==[39m[32m"number"[39m[33m?[39m(i[33m.[39mchildren[33m.[39msplice(n[33m,[39m[35m1[39m[33m,[39m[33m...[39mo)[33m,[39mn[33m+[39mo[33m.[39mlength)[33m:[39m[36mvoid[39m [35m0[39m})}[33m,[39m[33mUe[39m[33m=[39m({children[33m:[39me})[33m=>[39me[33m,[39m[33mEe[39m[33m=[39mq(({content[33m:[39me[33m,[39mclassName[33m:[39ma})[33m=>[39m{[36mconst[39m{mode[33m:[39mn}[33m=[39m[33mCe[39m()[33m;[39m[36mreturn[39m e[33m?[39mt([32m"span"[39m[33m,[39m{className[33m:[39mfe([32m"c1-inline-markdown-renderer"[39m[33m,[39ma[33m,[39m{[32m"c1-inline-markdown-renderer--dark"[39m[33m:[39mn[33m===[39m[32m"dark"[39m})[33m,[39mchildren[33m:[39mt([33mWa[39m[33m,[39m{textMarkdown[33m:[39me[33m,[39moptions[33m:[39m{remarkPlugins[33m:[39m[uo[33m,[39m[[33mZa[39m[33m,[39m{breaks[33m:[39m[33m![39m[35m1[39m}]][33m,[39mcomponents[33m:[39m{span[33m:[39mho[33m,[39mp[33m:[39m[33mUe[39m[33m,[39mh1[33m:[39m[33mUe[39m[33m,[39mh2[33m:[39m[33mUe[39m[33m,[39mh3[33m:[39m[33mUe[39m[33m,[39mh4[33m:[39m[33mUe[39m[33m,[39mh5[33m:[39m[33mUe[39m[33m,[39mh6[33m:[39m[33mUe[39m[33m,[39mul[33m:[39m[33mUe[39m[33m,[39mol[33m:[39m[33mUe[39m[33m,[39mli[33m:[39m[33mUe[39m}}})})[33m:[39m[36mnull[39m})[33m;[39m[33mEe[39m[33m.[39mdisplayName[33m=[39m[32m"InlineMarkdownRenderer"[39m[33m;[39m[36mconst[39m [33mIt[39m[33m=[39me[33m=>[39m{[36mconst[39m{heading[33m:[39ma[33m,[39mdescription[33m:[39mn}[33m=[39me[33m;[39m[36mreturn[39m(a[33m||[39mn)[33m&&[39mp([32m"div"[39m[33m,[39m{className[33m:[39m[32m"c1-inline-header"[39m[33m,[39mchildren[33m:[39m[a[33m&&[39mt([32m"div"[39m[33m,[39m{className[33m:[39m[32m"c1-inline-header-heading"[39m[33m,[39mchildren[33m:[39mt([33mEe[39m[33m,[39m{content[33m:[39ma})})[33m,[39mn[33m&&[39mt([32m"div"[39m[33m,[39m{className[33m:[39m[32m"c1-inline-header-description"[39m[33m,[39mchildren[33m:[39mt([33mEe[39m[33m,[39m{content[33m:[39mn})})]})}[33m,[39m[33mDm[39m[33m=[39m[33mA[39m[33m.[39mextend({heading[33m:[39mr[33m.[39mstring()[33m,[39mdescription[33m:[39mr[33m.[39mstring()[33m.[39moptional()})[33m,[39mbe[33m=[39mz[33m.[39mextend({component[33m:[39mr[33m.[39mliteral([32m"InlineHeader"[39m)[33m,[39mprops[33m:[39m[33mDm[39m})[33m,[39mln[33m=[39m[[32m"k"[39m[33m,[39m[32m"m"[39m[33m,[39m[32m"b"[39m[33m,[39m[32m"t"[39m][33m,[39mwr[33m=[39m{k[33m:[39m[35m1e3[39m[33m,[39mm[33m:[39m[35m1e6[39m[33m,[39mb[33m:[39m[35m1e9[39m[33m,[39mt[33m:[39m[35m1e12[39m}[33m,[39mot[33m=[39m(e[33m,[39ma[33m,[39mn)[33m=>[39ma[33m===[39m[32m"1d"[39m[33m?[39m((i[33m,[39mo)[33m=>[39mq(s[33m=>[39m{[36mconst[39m{chartData[33m:[39ml[33m,[39m[33m...[39mc}[33m=[39ms[33m,[39m{data[33m:[39md[33m,[39munit[33m:[39mm[33m,[39mheader[33m:[39mh}[33m=[39ml[33m,[39mu[33m=[39mm[33m==[39m[36mnull[39m[33m?[39m[36mvoid[39m [35m0[39m[33m:[39mm[33m.[39mtoLowerCase()[33m,[39mg[33m=[39mu[33m?[39mwr[u][33m:[39m[35m1[39m[33m,[39mb[33m=[39md[33m.[39mmap(y[33m=>[39m({[33m...[39my[33m,[39mvalue[33m:[39my[33m.[39mvalue[33m*[39mg}))[33m,[39mf[33m=[39mxr({component[33m:[39mo[33m,[39mprops[33m:[39ms})[33m;[39m[36mreturn[39m p([32m"div"[39m[33m,[39m{className[33m:[39m[32m"c1-chart-wrapper"[39m[33m,[39mchildren[33m:[39m[h[33m&&[39mt([33mIt[39m[33m,[39m{heading[33m:[39mh[33m.[39mprops[33m.[39mheading[33m,[39mdescription[33m:[39mh[33m.[39mprops[33m.[39mdescription})[33m,[39mf()[33m,[39mt(i[33m,[39m{[33m...[39mc[33m,[39mdata[33m:[39mb})]})}))(e[33m,[39mn)[33m:[39ma[33m===[39m[32m"scatter"[39m[33m?[39m((i[33m,[39mo)[33m=>[39mq(s[33m=>[39m{[36mconst[39m{chartData[33m:[39ml[33m,[39m[33m...[39mc}[33m=[39ms[33m,[39m{data[33m:[39md[33m,[39munit[33m:[39mm[33m,[39mheader[33m:[39mh}[33m=[39ml[33m,[39mu[33m=[39mm[33m==[39m[36mnull[39m[33m?[39m[36mvoid[39m [35m0[39m[33m:[39mm[33m.[39mtoLowerCase()[33m,[39mg[33m=[39mu[33m?[39mwr[u][33m:[39m[35m1[39m[33m,[39mb[33m=[39md[33m.[39mmap(y[33m=>[39m({[33m...[39my[33m,[39mdata[33m:[39my[33m.[39mseries[33m.[39mmap(_[33m=>[39m({[33m...[39m_[33m,[39mx[33m:[39m_[33m.[39mx[33m*[39mg[33m,[39my[33m:[39m_[33m.[39my[33m*[39mg[33m,[39m[33m...[39m_[33m.[39mz[33m!==[39m[36mvoid[39m [35m0[39m[33m&&[39m{z[33m:[39m_[33m.[39mz[33m*[39mg}}))}))[33m,[39mf[33m=[39mxr({component[33m:[39mo[33m,[39mprops[33m:[39ms})[33m;[39m[36mreturn[39m p([32m"div"[39m[33m,[39m{className[33m:[39m[32m"c1-chart-wrapper"[39m[33m,[39mchildren[33m:[39m[h[33m&&[39mt([33mIt[39m[33m,[39m{heading[33m:[39mh[33m.[39mprops[33m.[39mheading[33m,[39mdescription[33m:[39mh[33m.[39mprops[33m.[39mdescription})[33m,[39mf()[33m,[39mt(i[33m,[39m{[33m...[39mc[33m,[39mdata[33m:[39mb})]})}))(e[33m,[39mn)[33m:[39m((i[33m,[39mo)[33m=>[39mq(s[33m=>[39m{[36mconst[39m{chartData[33m:[39ml[33m,[39m[33m...[39mc}[33m=[39ms[33m,[39m{data[33m:[39md[33m,[39munit[33m:[39mm[33m,[39mheader[33m:[39mh}[33m=[39ml[33m,[39mu[33m=[39mm[33m==[39m[36mnull[39m[33m?[39m[36mvoid[39m [35m0[39m[33m:[39mm[33m.[39mtoLowerCase()[33m,[39mg[33m=[39mu[33m?[39mwr[u][33m:[39m[35m1[39m[33m,[39mb[33m=[39md[33m.[39mlabels[33m.[39mmap((y[33m,[39m_)[33m=>[39m{[36mconst[39m v[33m=[39m{}[33m;[39m[36mreturn[39m d[33m.[39mseries[33m.[39mforEach([33mN[39m[33m=>[39m{[36mconst[39m x[33m=[39m[33mN[39m[33m.[39mvalues[_][33m||[39m[35m0[39m[33m;[39mv[[33mN[39m[33m.[39mcategory][33m=[39mx[33m*[39mg})[33m,[39m{category[33m:[39my[33m,[39m[33m...[39mv}})[33m,[39mf[33m=[39mxr({component[33m:[39mo[33m,[39mprops[33m:[39ms})[33m;[39m[36mreturn[39m p([32m"div"[39m[33m,[39m{className[33m:[39m[32m"c1-chart-wrapper"[39m[33m,[39mchildren[33m:[39m[h[33m&&[39mt([33mIt[39m[33m,[39m{heading[33m:[39mh[33m.[39mprops[33m.[39mheading[33m,[39mdescription[33m:[39mh[33m.[39mprops[33m.[39mdescription})[33m,[39mf()[33m,[39mt(i[33m,[39m{[33m...[39mc[33m,[39mdata[33m:[39mb})]})}))(e[33m,[39mn)[33m,[39mxr[33m=[39m({props[33m:[39me[33m,[39mcomponent[33m:[39ma})[33m=>[39m{[36mconst[39m{[33mExperimentalChartOptionsComponent[39m[33m:[39mn[33m,[39museIsStreaming[33m:[39mi}[33m=[39mxe()[33m,[39mo[33m=[39mi()[33m,[39ms[33m=[39m[33mD[39m({component[33m:[39ma[33m,[39mprops[33m:[39me})[33m;[39ms[33m.[39mcurrent[33m=[39m{component[33m:[39ma[33m,[39mprops[33m:[39me}[33m;[39m[36mconst[39m l[33m=[39m$(()[33m=>[39m{[36mconst[39m{component[33m:[39mc[33m,[39mprops[33m:[39md}[33m=[39ms[33m.[39mcurrent[33m;[39m[36mreturn[39m $a([33mJSON[39m[33m.[39mstringify({component[33m:[39m{component[33m:[39m[32m"Card"[39m[33m,[39mprops[33m:[39m{children[33m:[39m[{component[33m:[39mc[33m,[39mprops[33m:[39md}]}}[33m,[39merror[33m:[39m[36mnull[39m}))}[33m,[39m[])[33m;[39m[36mreturn[39m()[33m=>[39m[33m![39mn[33m||[39mo[33m?[39m[36mnull[39m[33m:[39mt([32m"div"[39m[33m,[39m{className[33m:[39m[32m"c1-chart-wrapper-options"[39m[33m,[39mchildren[33m:[39mt(n[33m,[39m{getChartResponse[33m:[39ml})})}[33m,[39m[33mFm[39m[33m=[39mr[33m.[39marray(r[33m.[39mobject({category[33m:[39mr[33m.[39mstring()[33m,[39mvalue[33m:[39mr[33m.[39mnumber()[33m.[39m[36mdefault[39m([35m0[39m)}))[33m,[39mcn[33m=[39mr[33m.[39mobject({header[33m:[39mbe[33m.[39moptional()[33m,[39munit[33m:[39mr[33m.[39m[36menum[39m(ln)[33m.[39moptional()[33m,[39mdata[33m:[39m[33mFm[39m})[33m.[39mdescribe([32m"$ref:chart1DProps"[39m)[33m,[39mjm[33m=[39mr[33m.[39mobject({labels[33m:[39mr[33m.[39marray(r[33m.[39mstring())[33m,[39mseries[33m:[39mr[33m.[39marray(r[33m.[39mobject({category[33m:[39mr[33m.[39mstring()[33m,[39mvalues[33m:[39mr[33m.[39marray(r[33m.[39mnumber())}))[33m.[39m[36mdefault[39m([])})[33m,[39mrr[33m=[39mr[33m.[39mobject({header[33m:[39mbe[33m.[39moptional()[33m,[39munit[33m:[39mr[33m.[39m[36menum[39m(ln)[33m.[39moptional()[33m,[39mdata[33m:[39mjm})[33m.[39mdescribe([32m"$ref:chart2DProps"[39m)[33m,[39m[33mVm[39m[33m=[39mr[33m.[39mobject({x[33m:[39mr[33m.[39mnumber()[33m,[39my[33m:[39mr[33m.[39mnumber()[33m,[39mz[33m:[39mr[33m.[39mnumber()[33m.[39moptional()})[33m,[39m[33mHm[39m[33m=[39mr[33m.[39mobject({name[33m:[39mr[33m.[39mstring()[33m,[39mseries[33m:[39mr[33m.[39marray([33mVm[39m)})[33m,[39m[33mUm[39m[33m=[39mr[33m.[39marray([33mHm[39m)[33m,[39mqm[33m=[39mr[33m.[39mobject({header[33m:[39mbe[33m.[39moptional()[33m,[39munit[33m:[39mr[33m.[39m[36menum[39m(ln)[33m.[39moptional()[33m,[39mdata[33m:[39m[33mUm[39m})[33m.[39mdescribe([32m"$ref:scatterChartDataProps"[39m)[33m;[39m[36mvar[39m zr[33m=[39m(e[33m=>[39m(e[33m.[39m[33mNORMAL[39m[33m=[39m[32m"normal"[39m[33m,[39me[33m.[39m[33mCONDENSED_NORMAL[39m[33m=[39m[32m"condensedNormal"[39m[33m,[39me))(zr[33m||[39m{})[33m;[39m[36mconst[39m [33mWm[39m[33m=[39m[33mA[39m[33m.[39mextend({type[33m:[39mr[33m.[39m[36menum[39m([[32m"normal"[39m[33m,[39m[32m"condensedNormal"[39m])[33m.[39moptional()[33m,[39mvariant[33m:[39mr[33m.[39m[36menum[39m([[32m"linear"[39m[33m,[39m[32m"natural"[39m])[33m.[39moptional()[33m,[39mchartData[33m:[39mrr[33m,[39mxAxisLabel[33m:[39mr[33m.[39mstring()[33m.[39moptional()[33m,[39myAxisLabel[33m:[39mr[33m.[39mstring()[33m.[39moptional()})[33m,[39mgo[33m=[39mz[33m.[39mextend({component[33m:[39mr[33m.[39mliteral([32m"AreaChartV2"[39m)[33m,[39mprops[33m:[39m[33mWm[39m})[33m,[39m[33mKm[39m[33m=[39mq(e[33m=>[39m{[36mswitch[39m(e[33m.[39mtype){[36mcase[39m zr[33m.[39m[33mCONDENSED_NORMAL[39m[33m:[39m[36mreturn[39m t([33mWr[39m[33m,[39m{[33m...[39me[33m,[39mtickVariant[33m:[39m[32m"angled"[39m})[33m;[39m[36mcase[39m zr[33m.[39m[33mNORMAL[39m[33m:[39m[36mdefault[39m[33m:[39m[36mreturn[39m t(hc[33m,[39m{[33m...[39me})}})[33m;[39m[36mvar[39m [33mAa[39m[33m=[39m(e[33m=>[39m(e[33m.[39m[33mNORMAL[39m[33m=[39m[32m"normal"[39m[33m,[39me[33m.[39m[33mHORIZONTAL[39m[33m=[39m[32m"horizontal"[39m[33m,[39me[33m.[39m[33mCONDENSED_NORMAL[39m[33m=[39m[32m"condensedNormal"[39m[33m,[39me))([33mAa[39m[33m||[39m{})[33m;[39m[36mconst[39m [33mXm[39m[33m=[39m[33mA[39m[33m.[39mextend({variant[33m:[39mr[33m.[39m[36menum[39m([[32m"grouped"[39m[33m,[39m[32m"stacked"[39m])[33m.[39moptional()[33m,[39misHorizontal[33m:[39mr[33m.[39mboolean()[33m.[39moptional()[33m.[39mdescribe([32m"$exclude:isHorizontal"[39m)[33m,[39mtype[33m:[39mr[33m.[39m[36menum[39m([[32m"normal"[39m[33m,[39m[32m"horizontal"[39m[33m,[39m[32m"condensedNormal"[39m])[33m.[39moptional()[33m,[39mchartData[33m:[39mrr[33m,[39mxAxisLabel[33m:[39mr[33m.[39mstring()[33m.[39moptional()[33m,[39myAxisLabel[33m:[39mr[33m.[39mstring()[33m.[39moptional()})[33m,[39m_o[33m=[39mz[33m.[39mextend({component[33m:[39mr[33m.[39mliteral([32m"BarChartV2"[39m)[33m,[39mprops[33m:[39m[33mXm[39m})[33m,[39m[33mZm[39m[33m=[39mq(e[33m=>[39m{[36mif[39m(e[33m.[39misHorizontal)[36mreturn[39m t([33mOa[39m[33m,[39m{[33m...[39me})[33m;[39m[36mswitch[39m(e[33m.[39mtype){[36mcase[39m [33mAa[39m[33m.[39m[33mHORIZONTAL[39m[33m:[39m[36mreturn[39m t([33mOa[39m[33m,[39m{[33m...[39me})[33m;[39m[36mcase[39m [33mAa[39m[33m.[39m[33mCONDENSED_NORMAL[39m[33m:[39m[36mreturn[39m t([33mKa[39m[33m,[39m{[33m...[39me[33m,[39mtickVariant[33m:[39m[32m"angled"[39m})[33m;[39m[36mcase[39m [33mAa[39m[33m.[39m[33mNORMAL[39m[33m:[39m[36mdefault[39m[33m:[39m[36mreturn[39m t(fi[33m,[39m{[33m...[39me})}})[33m;[39m[36mvar[39m [33mBr[39m[33m=[39m(e[33m=>[39m(e[33m.[39m[33mNORMAL[39m[33m=[39m[32m"normal"[39m[33m,[39me[33m.[39m[33mCONDENSED_NORMAL[39m[33m=[39m[32m"condensedNormal"[39m[33m,[39me))([33mBr[39m[33m||[39m{})[33m;[39m[36mconst[39m [33mYm[39m[33m=[39m[33mA[39m[33m.[39mextend({type[33m:[39mr[33m.[39m[36menum[39m([[32m"normal"[39m[33m,[39m[32m"condensedNormal"[39m])[33m.[39moptional()[33m,[39mvariant[33m:[39mr[33m.[39m[36menum[39m([[32m"linear"[39m[33m,[39m[32m"natural"[39m])[33m.[39moptional()[33m,[39mchartData[33m:[39mrr[33m,[39mxAxisLabel[33m:[39mr[33m.[39mstring()[33m.[39moptional()[33m,[39myAxisLabel[33m:[39mr[33m.[39mstring()[33m.[39moptional()})[33m,[39mfo[33m=[39mz[33m.[39mextend({component[33m:[39mr[33m.[39mliteral([32m"LineChartV2"[39m)[33m,[39mprops[33m:[39m[33mYm[39m})[33m,[39m[33mGm[39m[33m=[39mq(e[33m=>[39m{[36mswitch[39m(e[33m.[39mtype){[36mcase[39m [33mBr[39m[33m.[39m[33mCONDENSED_NORMAL[39m[33m:[39m[36mreturn[39m t([33mKr[39m[33m,[39m{[33m...[39me[33m,[39mtickVariant[33m:[39m[32m"angled"[39m})[33m;[39m[36mcase[39m [33mBr[39m[33m.[39m[33mNORMAL[39m[33m:[39m[36mdefault[39m[33m:[39m[36mreturn[39m t(uc[33m,[39m{[33m...[39me})}})[33m,[39m[33mJm[39m[33m=[39m[33mA[39m[33m.[39mextend({variant[33m:[39mr[33m.[39m[36menum[39m([[32m"pie"[39m[33m,[39m[32m"donut"[39m])[33m.[39moptional()[33m.[39m[36mdefault[39m([32m"pie"[39m)[33m,[39mchartData[33m:[39mcn})[33m,[39mbo[33m=[39mz[33m.[39mextend({component[33m:[39mr[33m.[39mliteral([32m"PieChartV2"[39m)[33m,[39mprops[33m:[39m[33mJm[39m})[33m,[39m[33mQm[39m[33m=[39mq(e[33m=>[39m{[36mconst[39m{categoryKey[33m:[39ma[33m,[39mdata[33m:[39mn[33m,[39m[33m...[39mi}[33m=[39me[33m;[39m[36mreturn[39m[33m![39ma[33m||[39m[33m![39mn[33m||[39mn[33m.[39mlength[33m===[39m[35m0[39m[33m||[39m[33mObject[39m[33m.[39mkeys(n[[35m0[39m])[33m.[39mlength[33m<[39m[35m2[39m[33m?[39m[36mnull[39m[33m:[39mt([33mPi[39m[33m,[39m{categoryKey[33m:[39ma[33m,[39mdata[33m:[39mn[33m,[39m[33m...[39mi})})[33m,[39mep[33m=[39m[33mA[39m[33m.[39mextend({chartData[33m:[39mrr})[33m,[39myo[33m=[39mz[33m.[39mextend({component[33m:[39mr[33m.[39mliteral([32m"RadarChartV2"[39m)[33m,[39mprops[33m:[39mep})[33m,[39mtp[33m=[39mq(e[33m=>[39m{[36mconst[39m{categoryKey[33m:[39ma[33m,[39mdata[33m:[39mn[33m,[39mdataKey[33m:[39mi[33m,[39m[33m...[39mo}[33m=[39me[33m,[39ms[33m=[39m[33mD[39m([36mnull[39m)[33m;[39m[36mif[39m([33m![39ma[33m||[39m[33m![39mn[33m||[39mn[33m.[39mlength[33m===[39m[35m0[39m[33m||[39mn[n[33m.[39mlength[33m-[39m[35m1[39m][a][33m===[39m[36mvoid[39m [35m0[39m[33m||[39mn[n[33m.[39mlength[33m-[39m[35m1[39m][i][33m===[39m[36mvoid[39m [35m0[39m){[36mif[39m(s[33m.[39mcurrent){[36mconst[39m{categoryKey[33m:[39ml[33m,[39mdata[33m:[39mc[33m,[39mdataKey[33m:[39md[33m,[39m[33m...[39mm}[33m=[39ms[33m.[39mcurrent[33m;[39m[36mreturn[39m t([33mRa[39m[33m,[39m{categoryKey[33m:[39ml[33m,[39mdata[33m:[39mc[33m,[39mdataKey[33m:[39md[33m,[39m[33m...[39mm})}[36mreturn[39m [36mnull[39m}[36mreturn[39m s[33m.[39mcurrent[33m=[39me[33m,[39mt([33mRa[39m[33m,[39m{categoryKey[33m:[39ma[33m,[39mdata[33m:[39mn[33m,[39mdataKey[33m:[39mi[33m,[39m[33m...[39mo})})[33m,[39map[33m=[39m[33mA[39m[33m.[39mextend({chartData[33m:[39mcn})[33m,[39mvo[33m=[39mz[33m.[39mextend({component[33m:[39mr[33m.[39mliteral([32m"RadialChartV2"[39m)[33m,[39mprops[33m:[39map})[33m,[39mrp[33m=[39m[33mA[39m[33m.[39mextend({chartData[33m:[39mqm[33m,[39mxAxisLabel[33m:[39mr[33m.[39mstring()[33m.[39moptional()[33m,[39myAxisLabel[33m:[39mr[33m.[39mstring()[33m.[39moptional()})[33m,[39mwo[33m=[39mz[33m.[39mextend({component[33m:[39mr[33m.[39mliteral([32m"ScatterChart"[39m)[33m,[39mprops[33m:[39mrp})[33m,[39mnp[33m=[39m[33mA[39m[33m.[39mextend({chartData[33m:[39mcn})[33m,[39mxo[33m=[39mz[33m.[39mextend({component[33m:[39mr[33m.[39mliteral([32m"SingleStackedBarChart"[39m)[33m,[39mprops[33m:[39mnp})[33m,[39mko[33m=[39mq(e[33m=>[39m{[36mconst[39m{categoryKey[33m:[39ma[33m,[39mdata[33m:[39mn[33m,[39mdataKey[33m:[39mi[33m,[39m[33m...[39mo}[33m=[39me[33m;[39m[36mreturn[39m t(md[33m,[39m{categoryKey[33m:[39ma[33m,[39mdata[33m:[39mn[33m,[39mdataKey[33m:[39mi[33m,[39mlegendVariant[33m:[39m(n[33m==[39m[36mnull[39m[33m?[39m[36mvoid[39m [35m0[39m[33m:[39mn[33m.[39mlength)[33m<[39m[35m6[39m[33m?[39m[32m"stacked"[39m[33m:[39m[32m"default"[39m[33m,[39m[33m...[39mo})})[33m;[39mko[33m.[39mdisplayName[33m=[39m[32m"SingleStackedBarChart"[39m[33m;[39m[36mconst[39m jt[33m=[39mr[33m.[39munion([go[33m,[39m_o[33m,[39mfo[33m,[39myo[33m,[39mvo[33m,[39mbo[33m,[39mxo[33m,[39mwo])[33m.[39mdescribe([32m"$ref:chartV2Component"[39m)[33m,[39m[33mNo[39m[33m=[39m(e[33m,[39ma)[33m=>[39mn[33m=>[39m{[36mconst[39m{children[33m:[39mi}[33m=[39me[33m,[39mo[33m=[39m{}[33m;[39m[36mreturn[39m i[33m.[39mforEach(s[33m=>[39m{o[s[33m.[39mprops[33m.[39mname][33m=[39ma(n[33m,[39ms[33m.[39mprops[33m.[39mname)})[33m,[39mo}[33m,[39mip[33m=[39mq(e[33m=>[39m{[36mconst[39m{children[33m:[39ma[33m,[39m[33m...[39mn}[33m=[39me[33m,[39mi[33m=[39m[33mRt[39m()[33m,[39mo[33m=[39m[33mFt[39m()[33m,[39ms[33m=[39m[33mBt[39m()[33m,[39ml[33m=[39m[33mNo[39m(e[33m,[39ms)[33m;[39m[36mreturn[39m t(gc[33m,[39m{[33m...[39mn[33m,[39mchildren[33m:[39ma[33m==[39m[36mnull[39m[33m?[39m[36mvoid[39m [35m0[39m[33m:[39ma[33m.[39mmap(c[33m=>[39m{[36mconst[39m{exploreButton[33m:[39md[33m,[39m[33m...[39mm}[33m=[39mc[33m.[39mprops[33m;[39m[36mreturn[39m t([33mK[39m[33m,[39m{component[33m:[39mc[33m.[39mcomponent[33m,[39mprops[33m:[39m{[33m...[39mm[33m,[39mlabel[33m:[39mp([32m"div"[39m[33m,[39m{className[33m:[39m[32m"c1-check-box-item-label"[39m[33m,[39mchildren[33m:[39m[c[33m.[39mprops[33m.[39mlabel[33m,[39md[33m&&[39mt([33mK[39m[33m,[39m{component[33m:[39md[33m.[39mcomponent[33m,[39mprops[33m:[39m{[33m...[39md[33m.[39mprops[33m,[39mparentValue[33m:[39mc[33m.[39mprops[33m.[39mlabel}})]})[33m,[39monChange[33m:[39m(h[33m=[39mc[33m.[39mprops[33m.[39mname[33m,[39mu[33m=>[39m{[36mif[39m(i(o[33m==[39m[36mnull[39m[33m?[39m[36mvoid[39m [35m0[39m[33m:[39mo[33m.[39mformName[33m,[39m[32m"CheckBoxItem"[39m[33m,[39mh[33m,[39mu)[33m,[39m(o[33m==[39m[36mnull[39m[33m?[39m[36mvoid[39m [35m0[39m[33m:[39mo[33m.[39mvalidateField)[33m&&[39mn[33m.[39mrules){[36mconst[39m g[33m=[39m{[33m...[39ml(o[33m==[39m[36mnull[39m[33m?[39m[36mvoid[39m [35m0[39m[33m:[39mo[33m.[39mformName)[33m,[39m[h][33m:[39mu}[33m;[39mo[33m.[39mvalidateField(n[33m.[39mname[33m,[39mg[33m,[39mn[33m.[39mrules)}})}}[33m,[39mc[33m.[39mprops[33m.[39mname)[33m;[39m[36mvar[39m h})})})[33m,[39m[33mCo[39m[33m=[39m(e[33m,[39ma)[33m=>[39mn[33m=>[39m{[36mconst[39m{children[33m:[39mi}[33m=[39me[33m,[39mo[33m=[39m{}[33m;[39m[36mreturn[39m i[33m.[39mforEach(s[33m=>[39m{o[s[33m.[39mprops[33m.[39mname][33m=[39ma(n[33m,[39ms[33m.[39mprops[33m.[39mname)})[33m,[39mo}[33m,[39mop[33m=[39mq(e[33m=>[39m{[36mconst[39m{children[33m:[39ma[33m,[39m[33m...[39mn}[33m=[39me[33m,[39mi[33m=[39m[33mRt[39m()[33m,[39mo[33m=[39m[33mFt[39m()[33m,[39ms[33m=[39m[33mBt[39m()[33m,[39ml[33m=[39m[33mCo[39m(e[33m,[39ms)[33m;[39m[36mreturn[39m t(_c[33m,[39m{[33m...[39mn[33m,[39mchildren[33m:[39ma[33m==[39m[36mnull[39m[33m?[39m[36mvoid[39m [35m0[39m[33m:[39ma[33m.[39mmap(c[33m=>[39m{[36mconst[39m{exploreButton[33m:[39md[33m,[39m[33m...[39mm}[33m=[39mc[33m.[39mprops[33m;[39m[36mreturn[39m t([33mK[39m[33m,[39m{component[33m:[39mc[33m.[39mcomponent[33m,[39mprops[33m:[39m{[33m...[39mm[33m,[39mlabel[33m:[39mp([32m"div"[39m[33m,[39m{className[33m:[39m[32m"c1-switch-item-label"[39m[33m,[39mchildren[33m:[39m[c[33m.[39mprops[33m.[39mlabel[33m,[39md[33m&&[39mt([33mK[39m[33m,[39m{component[33m:[39md[33m.[39mcomponent[33m,[39mprops[33m:[39m{[33m...[39md[33m.[39mprops[33m,[39mparentValue[33m:[39mc[33m.[39mprops[33m.[39mlabel}})]})[33m,[39monChange[33m:[39m(h[33m=[39mc[33m.[39mprops[33m.[39mname[33m,[39mu[33m=>[39m{[36mif[39m(i(o[33m==[39m[36mnull[39m[33m?[39m[36mvoid[39m [35m0[39m[33m:[39mo[33m.[39mformName[33m,[39m[32m"SwitchItem"[39m[33m,[39mh[33m,[39mu)[33m,[39m(o[33m==[39m[36mnull[39m[33m?[39m[36mvoid[39m [35m0[39m[33m:[39mo[33m.[39mvalidateField)[33m&&[39mn[33m.[39mrules){[36mconst[39m g[33m=[39m{[33m...[39ml(o[33m==[39m[36mnull[39m[33m?[39m[36mvoid[39m [35m0[39m[33m:[39mo[33m.[39mformName)[33m,[39m[h][33m:[39mu}[33m;[39mo[33m.[39mvalidateField(n[33m.[39mname[33m,[39mg[33m,[39mn[33m.[39mrules)}})}}[33m,[39mc[33m.[39mprops[33m.[39mname)[33m;[39m[36mvar[39m h})})})[33m,[39msp[33m=[39mq(e[33m=>[39m{[36mvar[39m b[33m;[39m[36mconst[39m{label[33m:[39ma[33m,[39mhint[33m:[39mn}[33m=[39me[33m,[39m{component[33m:[39mi[33m,[39mprops[33m:[39mo}[33m=[39me[33m.[39mchildren[33m,[39ms[33m=[39mi[33m===[39m[32m"Slider"[39m[33m,[39ml[33m=[39m[33mFt[39m()[33m,[39mc[33m=[39m[33mBt[39m()[33m,[39md[33m=[39m$e()[33m,[39mm[33m=[39mo[33m.[39mname[33m,[39mh[33m=[39ml[33m&&[39mm[33m?[39ml[33m.[39merrors[m][33m:[39m[36mvoid[39m [35m0[39m[33m,[39mu[33m=[39m[33m![39m[33m![39m((b[33m=[39mo[33m==[39m[36mnull[39m[33m?[39m[36mvoid[39m [35m0[39m[33m:[39mo[33m.[39mrules)[33m!=[39m[36mnull[39m[33m&&[39mb[33m.[39mrequired)[33m;[39m[33mV[39m(()[33m=>[39m{[33m![39md[33m&&[39mo[33m.[39mrules[33m&&[39m(l[33m==[39m[36mnull[39m[33m||[39ml[33m.[39mregisterField(m[33m,[39mo[33m.[39mrules[33m,[39mlp(i[33m,[39mo[33m,[39mc)))}[33m,[39m[d[33m,[39ml[33m==[39m[36mnull[39m[33m?[39m[36mvoid[39m [35m0[39m[33m:[39ml[33m.[39mregisterField])[33m;[39m[36mconst[39m g[33m=[39ms[33m?[39m{[33m...[39mo[33m,[39mlabel[33m:[39ma}[33m:[39mo[33m;[39m[36mreturn[39m p(fc[33m,[39m{hasError[33m:[39ms[33m?[39m[36mvoid[39m [35m0[39m[33m:[39m[33m![39m[33m![39mh[33m,[39mchildren[33m:[39m[a[33m&&[39m[33m![39ms[33m&&[39mt(bc[33m,[39m{required[33m:[39mu[33m,[39mchildren[33m:[39ma})[33m,[39mi[33m&&[39mt([33mK[39m[33m,[39m{component[33m:[39mi[33m,[39mprops[33m:[39mg})[33m,[39m[33m![39ms[33m&&[39m(h[33m||[39mn)[33m&&[39mp(yc[33m,[39m{children[33m:[39m[h[33m?[39mt(sa[33m,[39m{size[33m:[39m[35m14[39m})[33m:[39m[36mnull[39m[33m,[39mh[33m||[39mn]})]})})[33m,[39mlp[33m=[39m(e[33m,[39ma[33m,[39mn)[33m=>[39m{[36mswitch[39m(e){[36mcase[39m[32m"SwitchGroup"[39m[33m:[39m[36mreturn[39m [33mCo[39m(a[33m,[39mn)[33m;[39m[36mcase[39m[32m"CheckBoxGroup"[39m[33m:[39m[36mreturn[39m [33mNo[39m(a[33m,[39mn)[33m;[39m[36mdefault[39m[33m:[39m[36mreturn[39m n}}[33m,[39mcp[33m=[39m[33mA[39m[33m.[39mextend({icon[33m:[39mke[33m,[39mactionLabel[33m:[39mr[33m.[39mstring()[33m,[39maction[33m:[39mha})[33m,[39mnr[33m=[39mz[33m.[39mextend({component[33m:[39mr[33m.[39mliteral([32m"ExploreButton"[39m)[33m,[39mprops[33m:[39mcp})[33m,[39mdp[33m=[39m[33mA[39m[33m.[39mextend({label[33m:[39mr[33m.[39mstring()[33m,[39mdescription[33m:[39mr[33m.[39mstring()[33m.[39moptional()[33m,[39mname[33m:[39mr[33m.[39mstring()[33m.[39m[36mdefault[39m([32m"default"[39m)[33m,[39mdefaultChecked[33m:[39mr[33m.[39mboolean()[33m.[39moptional()[33m,[39mexploreButton[33m:[39mnr[33m.[39moptional()})[33m,[39m[33mSo[39m[33m=[39mz[33m.[39mextend({component[33m:[39mr[33m.[39mliteral([32m"CheckBoxItem"[39m)[33m,[39mprops[33m:[39mdp})[33m,[39mmp[33m=[39m[33mA[39m[33m.[39mextend({children[33m:[39mr[33m.[39marray([33mSo[39m)[33m,[39mname[33m:[39mr[33m.[39mstring()[33m.[39m[36mdefault[39m([32m""[39m)[33m,[39mrules[33m:[39mr[33m.[39mobject({required[33m:[39mr[33m.[39mboolean()[33m.[39moptional()})[33m.[39moptional()})[33m,[39m[33mTo[39m[33m=[39mz[33m.[39mextend({component[33m:[39mr[33m.[39mliteral([32m"CheckBoxGroup"[39m)[33m,[39mprops[33m:[39mmp})[33m,[39mpp[33m=[39m[33mA[39m[33m.[39mextend({mode[33m:[39mr[33m.[39m[36menum[39m([[32m"single"[39m[33m,[39m[32m"range"[39m])[33m.[39moptional()[33m,[39mname[33m:[39mr[33m.[39mstring()[33m.[39m[36mdefault[39m([32m""[39m)[33m,[39msingleDefaultDate[33m:[39mr[33m.[39mstring()[33m.[39moptional()[33m,[39mrangeDefaultDates[33m:[39mr[33m.[39marray(r[33m.[39mstring())[33m.[39moptional()[33m,[39mrules[33m:[39mr[33m.[39mobject({required[33m:[39mr[33m.[39mboolean()[33m.[39moptional()})[33m.[39moptional()})[33m,[39m[33mEo[39m[33m=[39mz[33m.[39mextend({component[33m:[39mr[33m.[39mliteral([32m"DatePicker"[39m)[33m,[39mprops[33m:[39mpp})[33m,[39mhp[33m=[39m[33mA[39m[33m.[39mextend({name[33m:[39mr[33m.[39mstring()[33m.[39m[36mdefault[39m([32m""[39m)[33m,[39mplaceholder[33m:[39mr[33m.[39mstring()[33m.[39moptional()[33m,[39mtype[33m:[39mr[33m.[39mstring()[33m.[39moptional()[33m,[39mdefaultValue[33m:[39mr[33m.[39mstring()[33m.[39moptional()[33m,[39mrules[33m:[39mr[33m.[39mobject({required[33m:[39mr[33m.[39mboolean()[33m.[39moptional()[33m,[39mminLength[33m:[39mr[33m.[39mnumber()[33m.[39moptional()[33m,[39mmaxLength[33m:[39mr[33m.[39mnumber()[33m.[39moptional()[33m,[39mmin[33m:[39mr[33m.[39mnumber()[33m.[39moptional()[33m,[39mmax[33m:[39mr[33m.[39mnumber()[33m.[39moptional()})[33m.[39moptional()})[33m,[39m[33mPo[39m[33m=[39mz[33m.[39mextend({component[33m:[39mr[33m.[39mliteral([32m"Input"[39m)[33m,[39mprops[33m:[39mhp})[33m,[39mup[33m=[39mq(e[33m=>[39m{[36mconst[39m{children[33m:[39ma[33m,[39m[33m...[39mn}[33m=[39me[33m;[39m[36mreturn[39m t(vc[33m,[39m{[33m...[39mn[33m,[39mchildren[33m:[39ma[33m==[39m[36mnull[39m[33m?[39m[36mvoid[39m [35m0[39m[33m:[39ma[33m.[39mmap(i[33m=>[39m{[36mconst[39m{exploreButton[33m:[39mo[33m,[39m[33m...[39ms}[33m=[39mi[33m.[39mprops[33m;[39m[36mreturn[39m t([33mK[39m[33m,[39m{component[33m:[39mi[33m.[39mcomponent[33m,[39mprops[33m:[39m{[33m...[39ms[33m,[39mlabel[33m:[39mp([32m"div"[39m[33m,[39m{className[33m:[39m[32m"c1-radio-item-label"[39m[33m,[39mchildren[33m:[39m[i[33m.[39mprops[33m.[39mlabel[33m,[39mo[33m&&[39mt([33mK[39m[33m,[39m{component[33m:[39mo[33m.[39mcomponent[33m,[39mprops[33m:[39m{[33m...[39mo[33m.[39mprops[33m,[39mparentValue[33m:[39mi[33m.[39mprops[33m.[39mlabel}})]})}}[33m,[39mi[33m.[39mprops[33m.[39mvalue)})})})[33m,[39mgp[33m=[39m[33mA[39m[33m.[39mextend({label[33m:[39mr[33m.[39mstring()[33m,[39mdescription[33m:[39mr[33m.[39mstring()[33m.[39moptional()[33m,[39mvalue[33m:[39mr[33m.[39mstring()[33m.[39m[36mdefault[39m([32m""[39m)[33m,[39mexploreButton[33m:[39mnr[33m.[39moptional()})[33m,[39m[33mIo[39m[33m=[39mz[33m.[39mextend({component[33m:[39mr[33m.[39mliteral([32m"RadioItem"[39m)[33m,[39mprops[33m:[39mgp})[33m,[39m_p[33m=[39m[33mA[39m[33m.[39mextend({name[33m:[39mr[33m.[39mstring()[33m.[39m[36mdefault[39m([32m""[39m)[33m,[39mchildren[33m:[39mr[33m.[39marray([33mIo[39m)[33m,[39mdefaultValue[33m:[39mr[33m.[39mstring()[33m.[39moptional()[33m,[39mrules[33m:[39mr[33m.[39mobject({required[33m:[39mr[33m.[39mboolean()[33m.[39moptional()})[33m.[39moptional()})[33m,[39m[33mAo[39m[33m=[39mz[33m.[39mextend({component[33m:[39mr[33m.[39mliteral([32m"RadioGroup"[39m)[33m,[39mprops[33m:[39m_p})[33m,[39m[33mLo[39m[33m=[39mz[33m.[39mextend({component[33m:[39mr[33m.[39mliteral([32m"SelectLabel"[39m)[33m,[39mprops[33m:[39m[33mA[39m[33m.[39mextend({text[33m:[39mr[33m.[39mstring()})})[33m,[39m[33mMo[39m[33m=[39mz[33m.[39mextend({component[33m:[39mr[33m.[39mliteral([32m"SelectSeparator"[39m)})[33m,[39m$o[33m=[39mz[33m.[39mextend({component[33m:[39mr[33m.[39mliteral([32m"SelectItem"[39m)[33m,[39mprops[33m:[39m[33mA[39m[33m.[39mextend({value[33m:[39mr[33m.[39mstring()[33m,[39mchildren[33m:[39mr[33m.[39mstring()})})[33m,[39mfp[33m=[39mr[33m.[39munion([[33mLo[39m[33m,[39m[33mMo[39m[33m,[39m$o])[33m,[39mbp[33m=[39m[33mA[39m[33m.[39mextend({placeholder[33m:[39mr[33m.[39mstring()[33m.[39moptional()[33m,[39mchildren[33m:[39mr[33m.[39marray(fp)[33m.[39moptional()[33m,[39mdefaultValue[33m:[39mr[33m.[39mstring()[33m.[39moptional()[33m,[39mname[33m:[39mr[33m.[39mstring()[33m.[39m[36mdefault[39m([32m""[39m)[33m,[39mrules[33m:[39mr[33m.[39mobject({required[33m:[39mr[33m.[39mboolean()[33m.[39moptional()})[33m.[39moptional()})[33m,[39m[33mOo[39m[33m=[39mz[33m.[39mextend({component[33m:[39mr[33m.[39mliteral([32m"Select"[39m)[33m,[39mprops[33m:[39mbp})[33m,[39myp[33m=[39mq(e[33m=>[39m{[36mconst[39m{placeholder[33m:[39ma[33m,[39mchildren[33m:[39mn[33m,[39m[33m...[39mi}[33m=[39me[33m;[39m[36mreturn[39m p(ea[33m,[39m{[33m...[39mi[33m,[39mchildren[33m:[39m[t([33mPa[39m[33m,[39m{size[33m:[39m[32m"lg"[39m[33m,[39mchildren[33m:[39mt([33mIa[39m[33m,[39m{placeholder[33m:[39ma})})[33m,[39mt(ta[33m,[39m{children[33m:[39mt(wc[33m,[39m{children[33m:[39mn[33m==[39m[36mnull[39m[33m?[39m[36mvoid[39m [35m0[39m[33m:[39mn[33m.[39mmap((o[33m,[39ms)[33m=>[39mt([33mK[39m[33m,[39m{[33m...[39mo}[33m,[39m[32m`select-item-${s}`[39m))})})]})})[33m,[39mvp[33m=[39m[33mA[39m[33m.[39mextend({variant[33m:[39mr[33m.[39m[36menum[39m([[32m"continuous"[39m[33m,[39m[32m"discrete"[39m])[33m,[39mmin[33m:[39mr[33m.[39mnumber()[33m.[39m[36mdefault[39m([35m0[39m)[33m,[39mmax[33m:[39mr[33m.[39mnumber()[33m.[39m[36mdefault[39m([35m100[39m)[33m,[39mstep[33m:[39mr[33m.[39mnumber()[33m.[39moptional()[33m,[39mdefaultValue[33m:[39mr[33m.[39marray(r[33m.[39mnumber())[33m,[39mname[33m:[39mr[33m.[39mstring()[33m.[39m[36mdefault[39m([32m""[39m)[33m,[39mrules[33m:[39mr[33m.[39mobject({required[33m:[39mr[33m.[39mboolean()[33m.[39moptional()[33m,[39mmin[33m:[39mr[33m.[39mnumber()[33m.[39moptional()[33m,[39mmax[33m:[39mr[33m.[39mnumber()[33m.[39moptional()})[33m.[39moptional()})[33m,[39mzo[33m=[39mz[33m.[39mextend({component[33m:[39mr[33m.[39mliteral([32m"Slider"[39m)[33m,[39mprops[33m:[39mvp})[33m,[39mkr[33m=[39m({value[33m:[39me[33m,[39monChange[33m:[39ma[33m,[39merror[33m:[39mn})[33m=>[39m{[36mconst[39m[i[33m,[39mo][33m=[39m[33mF[39m(e)[33m,[39m[s[33m,[39ml][33m=[39m[33mF[39m([33m![39m[35m1[39m)[33m;[39m[36mreturn[39m [33mV[39m(()[33m=>[39m{s[33m||[39mo(e)}[33m,[39m[e[33m,[39ms])[33m,[39mt([32m"div"[39m[33m,[39m{className[33m:[39m[32m"c1-slider-block__validated-input"[39m[33m,[39mchildren[33m:[39mt([33mOt[39m[33m,[39m{type[33m:[39m[32m"text"[39m[33m,[39mvalue[33m:[39mi[33m,[39monChange[33m:[39mc[33m=>[39m{[36mconst[39m{value[33m:[39md}[33m=[39mc[33m.[39mtarget[33m;[39mo(d)[33m,[39misNaN([33mNumber[39m(d))[33m||[39ma([33mNumber[39m(d))}[33m,[39mclassName[33m:[39m[33mT[39m([32m"c1-slider-block__input"[39m[33m,[39m{[32m"c1-slider-block__input-error"[39m[33m:[39mn})[33m,[39monFocus[33m:[39m()[33m=>[39ml([33m![39m[35m0[39m)[33m,[39monBlur[33m:[39m()[33m=>[39ml([33m![39m[35m1[39m)})})}[33m,[39mwp[33m=[39m[33mA[39m[33m.[39mextend({label[33m:[39mr[33m.[39mstring()[33m,[39mdescription[33m:[39mr[33m.[39mstring()[33m.[39moptional()[33m,[39mname[33m:[39mr[33m.[39mstring()[33m.[39m[36mdefault[39m([32m""[39m)[33m,[39mdefaultChecked[33m:[39mr[33m.[39mboolean()[33m.[39moptional()[33m,[39mexploreButton[33m:[39mnr[33m.[39moptional()})[33m,[39m[33mBo[39m[33m=[39mz[33m.[39mextend({component[33m:[39mr[33m.[39mliteral([32m"SwitchItem"[39m)[33m,[39mprops[33m:[39mwp})[33m,[39mxp[33m=[39m[33mA[39m[33m.[39mextend({children[33m:[39mr[33m.[39marray([33mBo[39m)[33m,[39mname[33m:[39mr[33m.[39mstring()[33m.[39m[36mdefault[39m([32m""[39m)[33m,[39mrules[33m:[39mr[33m.[39mobject({required[33m:[39mr[33m.[39mboolean()[33m.[39moptional()})[33m.[39moptional()})[33m,[39m[33mRo[39m[33m=[39mz[33m.[39mextend({component[33m:[39mr[33m.[39mliteral([32m"SwitchGroup"[39m)[33m,[39mprops[33m:[39mxp})[33m,[39mkp[33m=[39m[33mA[39m[33m.[39mextend({placeholder[33m:[39mr[33m.[39mstring()[33m.[39moptional()[33m,[39mrows[33m:[39mr[33m.[39mnumber()[33m.[39moptional()[33m,[39mdefaultValue[33m:[39mr[33m.[39mstring()[33m.[39moptional()[33m,[39mname[33m:[39mr[33m.[39mstring()[33m.[39m[36mdefault[39m([32m""[39m)[33m,[39mrules[33m:[39mr[33m.[39mobject({required[33m:[39mr[33m.[39mboolean()[33m.[39moptional()[33m,[39mminLength[33m:[39mr[33m.[39mnumber()[33m.[39moptional()[33m,[39mmaxLength[33m:[39mr[33m.[39mnumber()[33m.[39moptional()})[33m.[39moptional()})[33m,[39m[33mDo[39m[33m=[39mz[33m.[39mextend({component[33m:[39mr[33m.[39mliteral([32m"TextArea"[39m)[33m,[39mprops[33m:[39mkp})[33m,[39m[33mNp[39m[33m=[39m[33mA[39m[33m.[39mextend({label[33m:[39mr[33m.[39mstring()[33m,[39mvalue[33m:[39mr[33m.[39mstring()[33m.[39m[36mdefault[39m([32m""[39m)[33m,[39mname[33m:[39mr[33m.[39mstring()[33m.[39m[36mdefault[39m([32m"default"[39m)[33m,[39mdefaultChecked[33m:[39mr[33m.[39mboolean()[33m.[39moptional()[33m,[39micon[33m:[39mso[33m.[39moptional()})[33m,[39m[33mCp[39m[33m=[39m[33mA[39m[33m.[39mextend({name[33m:[39mr[33m.[39mstring()[33m.[39m[36mdefault[39m([32m""[39m)[33m,[39mmultiselect[33m:[39mr[33m.[39mboolean()[33m.[39m[36mdefault[39m([33m![39m[35m1[39m)[33m,[39mvariant[33m:[39mr[33m.[39m[36menum[39m([[32m"icon"[39m[33m,[39m[32m"letter"[39m[33m,[39m[32m"number"[39m])[33m,[39mdefaultValue[33m:[39mr[33m.[39mstring()[33m.[39moptional()[33m,[39mrules[33m:[39mr[33m.[39mobject({required[33m:[39mr[33m.[39mboolean()[33m.[39moptional()})[33m.[39moptional()[33m,[39mchildren[33m:[39mr[33m.[39marray([33mNp[39m)})[33m,[39m[33mFo[39m[33m=[39mz[33m.[39mextend({component[33m:[39mr[33m.[39mliteral([32m"TileOptionBlock"[39m)[33m,[39mprops[33m:[39m[33mCp[39m})[33m,[39mjo[33m=[39mq(e[33m=>[39m{[36mconst[39m{label[33m:[39ma[33m,[39mvariant[33m:[39mn[33m,[39mchecked[33m:[39mi[33m,[39mindex[33m:[39mo[33m,[39monChange[33m:[39ms}[33m=[39me[33m,[39ml[33m=[39mn[33m===[39m[32m"icon"[39m[33m?[39m[32m"icon"[39m[33m:[39m[32m"letter"[39m[33m;[39m[36mreturn[39m p([32m"div"[39m[33m,[39m{className[33m:[39m[32m"c1-tile-option-item "[39m[33m+[39m(i[33m?[39m[32m"c1-tile-option-item-selected"[39m[33m:[39m[32m""[39m)[33m,[39monClick[33m:[39ms[33m,[39mrole[33m:[39me[33m.[39mmultiselect[33m?[39m[32m"checkbox"[39m[33m:[39m[32m"radio"[39m[33m,[39m[32m"aria-checked"[39m[33m:[39mi[33m,[39mtabIndex[33m:[39m[35m0[39m[33m,[39monKeyDown[33m:[39md[33m=>[39m{d[33m.[39mkey[33m!==[39m[32m"Enter"[39m[33m&&[39md[33m.[39mkey[33m!==[39m[32m" "[39m[33m||[39m(d[33m.[39mpreventDefault()[33m,[39ms())}[33m,[39mchildren[33m:[39m[p([32m"div"[39m[33m,[39m{className[33m:[39m[32m`c1-tile-option-item-indicator c1-tile-option-item-indicator-${l}`[39m[33m,[39mchildren[33m:[39m[n[33m===[39m[32m"letter"[39m[33m&&[39mt([32m"span"[39m[33m,[39m{className[33m:[39m[32m"c1-tile-option-item-letter"[39m[33m,[39mchildren[33m:[39m(c[33m=[39mo[33m,[39m[33mString[39m[33m.[39mfromCharCode([35m65[39m[33m+[39mc))})[33m,[39mn[33m===[39m[32m"number"[39m[33m&&[39mt([32m"span"[39m[33m,[39m{className[33m:[39m[32m"c1-tile-option-item-letter"[39m[33m,[39mchildren[33m:[39m(d[33m=>[39m(d[33m+[39m[35m1[39m)[33m.[39mtoString())(o)})[33m,[39mn[33m===[39m[32m"icon"[39m[33m&&[39me[33m.[39micon[33m&&[39mt(de[33m,[39m{name[33m:[39me[33m.[39micon[33m.[39mname[33m,[39mcategory[33m:[39me[33m.[39micon[33m.[39mcategory[33m||[39m[32m"core"[39m[33m,[39msize[33m:[39m[35m16[39m})]})[33m,[39mt([32m"div"[39m[33m,[39m{className[33m:[39m[32m"c1-tile-option-item-label"[39m[33m,[39mchildren[33m:[39ma})]})[33m;[39m[36mvar[39m c})[33m;[39mjo[33m.[39mdisplayName[33m=[39m[32m"TileOptionItem"[39m[33m;[39m[36mconst[39m [33mVo[39m[33m=[39mq(e[33m=>[39m{[36mconst[39m{children[33m:[39ma[33m,[39mmultiselect[33m:[39mn[33m=[39m[33m![39m[35m1[39m[33m,[39mvariant[33m:[39mi[33m,[39m[33m...[39mo}[33m=[39me[33m,[39ms[33m=[39m[33mRt[39m()[33m,[39ml[33m=[39m[33mFt[39m()[33m,[39mc[33m=[39m[33mBt[39m()[33m,[39md[33m=[39m((y[33m,[39m_[33m,[39mv)[33m=>[39m[33mN[39m[33m=>[39m{[36mif[39m(v){[36mconst[39m{children[33m:[39mx}[33m=[39my[33m,[39m[33mC[39m[33m=[39m{}[33m;[39m[36mreturn[39m x[33m.[39mforEach(k[33m=>[39m{[36mconst[39m [33mS[39m[33m=[39mk[33m.[39mvalue[33m||[39mk[33m.[39mname[33m;[39m[33mC[39m[[33mS[39m][33m=[39m_([33mN[39m[33m,[39m[33mS[39m)})[33m,[39m[33mC[39m}{[36mconst[39m{name[33m:[39mx}[33m=[39my[33m;[39m[36mreturn[39m _([33mN[39m[33m,[39mx)}})(e[33m,[39mc[33m,[39mn)[33m,[39mm[33m=[39ml[33m==[39m[36mnull[39m[33m?[39m[36mvoid[39m [35m0[39m[33m:[39ml[33m.[39mformName[33m,[39mh[33m=[39mo[33m.[39mname[33m,[39mu[33m=[39mo[33m.[39mdefaultValue[33m,[39mg[33m=[39mn[33m?[39m[36mvoid[39m [35m0[39m[33m:[39mc(m[33m,[39mh)[33m;[39m[33mKe[39m({formName[33m:[39mm[33m,[39mcomponentType[33m:[39m[32m"TileOptionBlock"[39m[33m,[39mname[33m:[39mh[33m,[39mexistingValue[33m:[39mg[33m,[39mdefaultValue[33m:[39mn[33m?[39m[36mvoid[39m [35m0[39m[33m:[39mu})[33m;[39m[36mconst[39m b[33m=[39mn[33m?[39md((l[33m==[39m[36mnull[39m[33m?[39m[36mvoid[39m [35m0[39m[33m:[39ml[33m.[39mformName)[33m||[39m[32m""[39m)[33m:[39mc((l[33m==[39m[36mnull[39m[33m?[39m[36mvoid[39m [35m0[39m[33m:[39ml[33m.[39mformName)[33m||[39m[32m""[39m[33m,[39mo[33m.[39mname)[33m?[39m[33m?[39mo[33m.[39mdefaultValue[33m,[39mf[33m=[39mar()[33m;[39m[36mreturn[39m t([32m"div"[39m[33m,[39m{className[33m:[39m[32m"c1-tile-option-block"[39m[33m,[39mchildren[33m:[39ma[33m==[39m[36mnull[39m[33m?[39m[36mvoid[39m [35m0[39m[33m:[39ma[33m.[39mmap((y[33m,[39m_)[33m=>[39m{[36mconst[39m v[33m=[39my[33m.[39mvalue[33m||[39my[33m.[39mname[33m,[39m[33mN[39m[33m=[39m[32m`${f}-${_}`[39m[33m,[39mx[33m=[39mn[33m?[39m(b[33m==[39m[36mnull[39m[33m?[39m[36mvoid[39m [35m0[39m[33m:[39mb[v])[33m?[39m[33m?[39my[33m.[39mdefaultChecked[33m?[39m[33m?[39m[33m![39m[35m1[39m[33m:[39mb[33m===[39my[33m.[39mvalue[33m;[39m[36mreturn[39m t(jo[33m,[39m{[33m...[39my[33m,[39mchecked[33m:[39mx[33m,[39mindex[33m:[39m_[33m,[39mmultiselect[33m:[39mn[33m,[39mvariant[33m:[39mi[33m,[39monChange[33m:[39mn[33m&&[39mv[33m?[39m()[33m=>[39m{[36mreturn[39m([33mC[39m[33m=[39mv[33m,[39mk[33m=>[39m{[36mif[39m(s(l[33m==[39m[36mnull[39m[33m?[39m[36mvoid[39m [35m0[39m[33m:[39ml[33m.[39mformName[33m,[39m[32m"TileOptionItem"[39m[33m,[39m[33mC[39m[33m,[39mk)[33m,[39m(l[33m==[39m[36mnull[39m[33m?[39m[36mvoid[39m [35m0[39m[33m:[39ml[33m.[39mvalidateField)[33m&&[39mo[33m.[39mrules){[36mconst[39m [33mS[39m[33m=[39m{[33m...[39md(l[33m==[39m[36mnull[39m[33m?[39m[36mvoid[39m [35m0[39m[33m:[39ml[33m.[39mformName)[33m,[39m[[33mC[39m][33m:[39mk}[33m;[39ml[33m.[39mvalidateField(o[33m.[39mname[33m,[39m[33mS[39m[33m,[39mo[33m.[39mrules)}})([33m![39mx)[33m;[39m[36mvar[39m [33mC[39m}[33m:[39m()[33m=>[39m{[36mreturn[39m [33mC[39m[33m=[39my[33m.[39mvalue[33m||[39m[32m""[39m[33m,[39ml[33m!=[39m[36mnull[39m[33m&&[39ml[33m.[39mvalidateField[33m&&[39mo[33m.[39mrules[33m&&[39ml[33m.[39mvalidateField(o[33m.[39mname[33m,[39m[33mC[39m[33m,[39mo[33m.[39mrules)[33m,[39m[36mvoid[39m s(l[33m==[39m[36mnull[39m[33m?[39m[36mvoid[39m [35m0[39m[33m:[39ml[33m.[39mformName[33m,[39m[32m"TileOptionBlock"[39m[33m,[39mo[33m.[39mname[33m,[39m[33mC[39m)[33m;[39m[36mvar[39m [33mC[39m}}[33m,[39m[33mN[39m)})})})[33m;[39m[33mVo[39m[33m.[39mdisplayName[33m=[39m[32m"TileOptionBlockWrapper"[39m[33m;[39m[36mconst[39m [33mHo[39m[33m=[39m[33mA[39m[33m.[39mextend({children[33m:[39mr[33m.[39munion([[33mPo[39m[33m,[39m[33mDo[39m[33m,[39m[33mOo[39m[33m,[39m[33mTo[39m[33m,[39m[33mAo[39m[33m,[39m[33mEo[39m[33m,[39mzo[33m,[39m[33mRo[39m[33m,[39m[33mFo[39m])[33m,[39mlabel[33m:[39mr[33m.[39mstring()[33m.[39m[36mdefault[39m([32m""[39m)[33m,[39mhint[33m:[39mr[33m.[39mstring()[33m.[39moptional()})[33m,[39m[33mSp[39m[33m=[39mz[33m.[39mextend({component[33m:[39mr[33m.[39mliteral([32m"FormControl"[39m)[33m,[39mprops[33m:[39m[33mHo[39m})[33m,[39m[33mTp[39m[33m=[39m[33mA[39m[33m.[39mextend({children[33m:[39mr[33m.[39marray([33mHo[39m)[33m,[39mbuttons[33m:[39m[33mGe[39m[33m.[39moptional()[33m,[39mname[33m:[39mr[33m.[39mstring()[33m.[39m[36mdefault[39m([32m"form"[39m)})[33m,[39mvt[33m=[39mz[33m.[39mextend({component[33m:[39mr[33m.[39mliteral([32m"Form"[39m)[33m,[39mprops[33m:[39m[33mTp[39m})[33m,[39m[33mEp[39m[33m=[39m({src[33m:[39me[33m,[39malt[33m:[39ma[33m,[39mclassName[33m:[39mn[33m,[39mimageLoading[33m:[39mi})[33m=>[39m{[36mconst[39m[o[33m,[39ms][33m=[39m[33mF[39m(i[33m||[39m[33m![39m[35m0[39m)[33m,[39m[l[33m,[39mc][33m=[39m[33mF[39m([33m![39m[35m1[39m)[33m,[39md[33m=[39m[33mD[39m([36mnull[39m)[33m,[39m{breakpoint[33m:[39mm}[33m=[39mnn(d)[33m,[39mh[33m=[39mm[33m===[39m[32m"mobile"[39m[33m;[39m[36mreturn[39m t([33mQ[39m[33m,[39m{children[33m:[39me[33m&&[39mp([32m"div"[39m[33m,[39m{ref[33m:[39md[33m,[39mclassName[33m:[39mfe([32m"c1-image-block-wrapper"[39m[33m,[39m{[32m"c1-image-block-wrapper--mobile"[39m[33m:[39mh[33m,[39m[32m"c1-image-block-wrapper--error"[39m[33m:[39ml}[33m,[39mn)[33m,[39mstyle[33m:[39me[33m&&[39m[33m![39ml[33m?[39m{[32m"--bg-image"[39m[33m:[39m[32m`url(${e})`[39m}[33m:[39m[36mvoid[39m [35m0[39m[33m,[39mchildren[33m:[39m[t([32m"img"[39m[33m,[39m{src[33m:[39me[33m,[39malt[33m:[39ma[33m,[39mclassName[33m:[39mfe([32m"c1-image-block-image"[39m[33m,[39m{[32m"c1-image-block-image--mobile"[39m[33m:[39mh[33m,[39m[32m"c1-image-block-image--error"[39m[33m:[39ml})[33m,[39monLoad[33m:[39m()[33m=>[39m{s([33m![39m[35m1[39m)[33m,[39mc([33m![39m[35m1[39m)}[33m,[39monError[33m:[39m()[33m=>[39m{s([33m![39m[35m1[39m)[33m,[39mc([33m![39m[35m0[39m)}})[33m,[39mo[33m&&[39mt([32m"div"[39m[33m,[39m{className[33m:[39m[32m"c1-image-loader"[39m})]})})}[33m,[39m[33mNr[39m[33m=[39m[36mnew[39m [33mMap[39m[33m,[39m[33mNa[39m[33m=[39m[36mnew[39m [33mMap[39m[33m,[39m[33mRr[39m[33m=[39m[36masync[39m(e[33m,[39ma)[33m=>[39m([33mNr[39m[33m.[39mhas(e)[33m||[39m([33mNa[39m[33m.[39mhas(e)[33m||[39m[33mNa[39m[33m.[39m[36mset[39m(e[33m,[39ma(e)[33m.[39mthen(({url[33m:[39mn[33m,[39mthumbnailUrl[33m:[39mi})[33m=>[39m{[36mconst[39m o[33m=[39m{url[33m:[39mn[33m,[39mthumbnailUrl[33m:[39mi[33m||[39mn}[33m;[39m[36mreturn[39m [33mNr[39m[33m.[39m[36mset[39m(e[33m,[39mo)[33m,[39m[33mNa[39m[33m.[39m[36mdelete[39m(e)[33m,[39mo}))[33m,[39m[36mawait[39m [33mNa[39m[33m.[39m[36mget[39m(e))[33m,[39m[33mNr[39m[33m.[39m[36mget[39m(e))[33m,[39mut[33m=[39mq(e[33m=>[39m{[36mconst[39m a[33m=[39me[33m.[39malt[33m,[39mn[33m=[39me[33m.[39msrc[33m,[39mi[33m=[39mn[33m||[39ma[33m,[39mo[33m=[39me[33m.[39mthumbnailOnly[33m,[39ms[33m=[39me[33m.[39mvariant[33m,[39m{searchImage[33m:[39ml}[33m=[39mxe()[33m;[39m[36mlet[39m c[33m;[39mc[33m=[39mn[33m?[39m[36masync[39m _[33m=>[39m({url[33m:[39m_[33m,[39mthumbnailUrl[33m:[39m[36mvoid[39m [35m0[39m})[33m:[39ml[33m;[39m[36mconst[39m d[33m=[39m$e()[33m,[39m[m[33m,[39mh][33m=[39m[33mF[39m([36mnull[39m)[33m,[39m[u[33m,[39mg][33m=[39m[33mF[39m([33m![39m[35m0[39m)[33m,[39mb[33m=[39m[33mD[39m([36mnull[39m)[33m,[39mf[33m=[39m[33mD[39m([35m0[39m)[33m,[39my[33m=[39m[36masync[39m _[33m=>[39m{[36mif[39m([33m![39m_)[36mreturn[39m[33m;[39m[36mconst[39m{url[33m:[39mv[33m,[39mthumbnailUrl[33m:[39m[33mN[39m}[33m=[39m[36mawait[39m [33mRr[39m(_[33m,[39mc)[33m;[39mh([33mN[39m[33m||[39mv)[33m,[39mo[33m||[39mv[33m===[39m([33mN[39m[33m||[39mv)[33m||[39m[36mawait[39m([36masync[39m x[33m=>[39m{[36mconst[39m [33mC[39m[33m=[39m[36mnew[39m [33mImage[39m[33m;[39m[33mC[39m[33m.[39msrc[33m=[39mx[33m,[39m[33mC[39m[33m.[39monload[33m=[39m()[33m=>[39m{h(x)}})(v)}[33m;[39m[36mreturn[39m [33mV[39m(()[33m=>[39m{c[33m&&[39mi[33m&&[39m[33m![39mm[33m&&[39m(d[33m&&[39mf[33m.[39mcurrent[33m!==[39m[33m-[39m[35m1[39m[33m?[39mb[33m.[39mcurrent[33m!==[39mi[33m?[39m(b[33m.[39mcurrent[33m=[39mi[33m,[39mf[33m.[39mcurrent[33m=[39m[35m1[39m)[33m:[39m(f[33m.[39mcurrent[33m+=[39m[35m1[39m[33m,[39mf[33m.[39mcurrent[33m>=[39m[35m3[39m[33m&&[39m(y(i)[33m,[39mf[33m.[39mcurrent[33m=[39m[33m-[39m[35m1[39m))[33m:[39md[33m||[39my(i))}[33m,[39m[d[33m,[39mi[33m,[39mf[33m.[39mcurrent])[33m,[39mc[33m&&[39m(e[33m.[39malt[33m||[39me[33m.[39msrc)[33m?[39mt([33mQ[39m[33m,[39m{children[33m:[39ms[33m===[39m[32m"ImageBlock"[39m[33m?[39mt([33mQ[39m[33m,[39m{children[33m:[39mm[33m&&[39mt([33mEp[39m[33m,[39m{src[33m:[39mm[33m,[39malt[33m:[39ma[33m,[39mimageLoading[33m:[39mu})})[33m:[39mp([32m"div"[39m[33m,[39m{className[33m:[39m[32m"c1-image-wrapper"[39m[33m,[39mchildren[33m:[39m[m[33m&&[39mt(kc[33m,[39m{src[33m:[39mm[33m,[39malt[33m:[39ma[33m,[39maspectRatio[33m:[39me[33m.[39maspectRatio[33m,[39mclassName[33m:[39m[32m`c1-image ${e.className||""}`[39m[33m,[39mscale[33m:[39m[32m"fill"[39m[33m,[39monLoad[33m:[39m()[33m=>[39m{g([33m![39m[35m1[39m)}})[33m,[39mu[33m&&[39mt([32m"div"[39m[33m,[39m{className[33m:[39m[32m"c1-image-loader"[39m})]})})[33m:[39m[36mnull[39m})[33m,[39m[33mPp[39m[33m=[39m[33mA[39m[33m.[39mextend({src[33m:[39mr[33m.[39mstring()[33m.[39moptional()[33m,[39malt[33m:[39mr[33m.[39mstring()[33m,[39maspectRatio[33m:[39mr[33m.[39mstring()[33m.[39moptional()})[33m,[39m[33mAe[39m[33m=[39mz[33m.[39mextend({component[33m:[39mr[33m.[39mliteral([32m"Image"[39m)[33m,[39mprops[33m:[39m[33mPp[39m})[33m,[39m[33mIp[39m[33m=[39me[33m=>[39m{[36mconst[39m{title[33m:[39ma[33m,[39msubtitle[33m:[39mn[33m,[39mvariant[33m:[39mi[33m,[39miconName[33m:[39mo[33m,[39miconCategory[33m:[39ms[33m,[39mimage[33m:[39ml[33m,[39mindex[33m:[39mc[33m=[39m[35m0[39m[33m,[39mlistHasSubtitle[33m:[39md[33m,[39mitemAction[33m:[39mm}[33m=[39me[33m,[39mh[33m=[39m[33mDt[39m()[33m,[39mu[33m=[39mm[33m==[39m[36mnull[39m[33m?[39m[36mvoid[39m [35m0[39m[33m:[39mm[33m.[39mlabel[33m,[39mg[33m=[39mm[33m==[39m[36mnull[39m[33m?[39m[36mvoid[39m [35m0[39m[33m:[39mm[33m.[39micon[33m,[39mb[33m=[39m[33m![39m[33m![39m(m[33m!=[39m[36mnull[39m[33m&&[39mm[33m.[39maction)[33m;[39m[36mreturn[39m t([32m"div"[39m[33m,[39m{className[33m:[39mfe([32m"c1-list-item-wrapper"[39m[33m,[39mb[33m&&[39m[32m"c1-list-item-wrapper-with-action"[39m)[33m,[39mchildren[33m:[39mp([32m"div"[39m[33m,[39m{className[33m:[39mfe([32m"c1-list-item"[39m[33m,[39mb[33m&&[39m[32m"c1-list-item-clickable"[39m)[33m,[39monClick[33m:[39mb[33m?[39m()[33m=>[39m{m[33m!=[39m[36mnull[39m[33m&&[39mm[33m.[39maction[33m&&[39mh[33m&&[39mh(a[33m,[39m[32m"User clicked on ListItem: "[39m[33m+[39ma[33m,[39m[36mvoid[39m [35m0[39m[33m,[39m{type[33m:[39mm[33m.[39maction[33m.[39mtype[33m,[39mparams[33m:[39mm[33m.[39maction[33m.[39mprops[33m?[39m[33m?[39m{}})}[33m:[39m[36mvoid[39m [35m0[39m[33m,[39mrole[33m:[39mb[33m?[39m[32m"button"[39m[33m:[39m[36mvoid[39m [35m0[39m[33m,[39mtabIndex[33m:[39mb[33m?[39m[35m0[39m[33m:[39m[36mvoid[39m [35m0[39m[33m,[39mchildren[33m:[39m[p([32m"div"[39m[33m,[39m{className[33m:[39mfe([32m"c1-list-item-indicator"[39m[33m,[39m[33m![39md[33m&&[39m[32m"c1-list-item-indicator-no-subtitle"[39m[33m,[39mb[33m&&[39m[32m"c1-list-item-indicator-clickable"[39m)[33m,[39mchildren[33m:[39m[i[33m===[39m[32m"number"[39m[33m&&[39mt([32m"div"[39m[33m,[39m{className[33m:[39m[32m"c1-list-item-indicator-number"[39m[33m,[39mchildren[33m:[39mc[33m+[39m[35m1[39m})[33m,[39mi[33m===[39m[32m"icon"[39m[33m&&[39mo[33m&&[39mt(de[33m,[39m{name[33m:[39mo[33m,[39mcategory[33m:[39ms[33m,[39msize[33m:[39m[35m16[39m})[33m,[39mi[33m===[39m[32m"image"[39m[33m&&[39ml[33m&&[39m(l[33m.[39msrc[33m||[39ml[33m.[39malt)[33m&&[39mt([32m"div"[39m[33m,[39m{className[33m:[39m[32m"c1-list-item-indicator-image"[39m[33m,[39mchildren[33m:[39mt(ut[33m,[39m{alt[33m:[39ml[33m.[39malt[33m,[39msrc[33m:[39ml[33m.[39msrc[33m,[39maspectRatio[33m:[39m[32m"1:1"[39m[33m,[39mthumbnailOnly[33m:[39m[33m![39m[35m0[39m[33m,[39mwidth[33m:[39m[35m40[39m[33m,[39mheight[33m:[39m[35m40[39m})})]})[33m,[39mp([32m"div"[39m[33m,[39m{className[33m:[39m[32m"c1-list-item-content-wrapper"[39m[33m,[39mchildren[33m:[39m[p([32m"div"[39m[33m,[39m{className[33m:[39m[32m"c1-list-item-content"[39m[33m,[39mchildren[33m:[39m[t([32m"div"[39m[33m,[39m{className[33m:[39m[32m"c1-list-item-title"[39m[33m,[39mchildren[33m:[39mt([33mEe[39m[33m,[39m{content[33m:[39ma})})[33m,[39mn[33m&&[39mt([32m"div"[39m[33m,[39m{className[33m:[39m[32m"c1-list-item-subtitle"[39m[33m,[39mchildren[33m:[39mt([33mEe[39m[33m,[39m{content[33m:[39mn})})]})[33m,[39mb[33m&&[39mp([32m"div"[39m[33m,[39m{className[33m:[39m[32m"c1-list-item-action-button"[39m[33m,[39mchildren[33m:[39m[u[33m&&[39mt([32m"div"[39m[33m,[39m{className[33m:[39m[32m"c1-list-item-action-label"[39m[33m,[39mchildren[33m:[39mu})[33m,[39mg[33m&&[39mt([32m"div"[39m[33m,[39m{className[33m:[39m[32m"c1-list-item-action-icon"[39m[33m,[39mchildren[33m:[39mt(de[33m,[39m{name[33m:[39mg[33m.[39mprops[33m.[39mname[33m,[39mcategory[33m:[39mg[33m.[39mprops[33m.[39mcategory[33m,[39msize[33m:[39m[35m16[39m})})]})]})]})})}[33m,[39m[33mAp[39m[33m=[39mr[33m.[39mobject({action[33m:[39mha[33m,[39mlabel[33m:[39mr[33m.[39mstring()[33m.[39moptional()[33m,[39micon[33m:[39mke[33m.[39moptional()})[33m,[39m[33mUo[39m[33m=[39m[33mA[39m[33m.[39mextend({title[33m:[39mr[33m.[39mstring()[33m,[39msubtitle[33m:[39mr[33m.[39mstring()[33m.[39moptional()[33m,[39miconName[33m:[39mr[33m.[39mstring()[33m.[39moptional()[33m,[39miconCategory[33m:[39mr[33m.[39mstring()[33m.[39moptional()[33m,[39mimage[33m:[39mr[33m.[39mobject({src[33m:[39mr[33m.[39mstring()[33m.[39moptional()[33m,[39malt[33m:[39mr[33m.[39mstring()})[33m.[39moptional()[33m,[39mitemAction[33m:[39m[33mAp[39m[33m.[39moptional()})[33m;[39mz[33m.[39mextend({component[33m:[39mr[33m.[39mliteral([32m"ListItem"[39m)[33m,[39mprops[33m:[39m[33mUo[39m})[33m;[39m[36mconst[39m [33mLp[39m[33m=[39m[33mA[39m[33m.[39mextend({heading[33m:[39mr[33m.[39mstring()[33m.[39moptional()[33m,[39mdescription[33m:[39mr[33m.[39mstring()[33m.[39moptional()[33m,[39mvariant[33m:[39mr[33m.[39m[36menum[39m([[32m"icon"[39m[33m,[39m[32m"image"[39m[33m,[39m[32m"number"[39m])[33m.[39m[36mdefault[39m([32m"number"[39m)[33m,[39mitems[33m:[39mr[33m.[39marray([33mUo[39m)})[33m,[39m[33mVt[39m[33m=[39mz[33m.[39mextend({component[33m:[39mr[33m.[39mliteral([32m"List"[39m)[33m,[39mprops[33m:[39m[33mLp[39m})[33m,[39m[33mMp[39m[33m=[39mq(e[33m=>[39m{[36mconst[39m{items[33m:[39ma[33m,[39m[33m...[39mn}[33m=[39me[33m,[39mi[33m=[39m[33mDt[39m()[33m;[39m[36mreturn[39m t([33mNc[39m[33m,[39m{[33m...[39mn[33m,[39mchildren[33m:[39ma[33m.[39mmap((o[33m,[39ms)[33m=>[39m{[36mvar[39m g[33m,[39mb[33m;[39m[36mconst[39m{imageAlt[33m:[39ml[33m,[39mimageSrc[33m:[39mc[33m,[39mtitle[33m:[39md[33m,[39msubtitle[33m:[39mm}[33m=[39mo[33m,[39mh[33m=[39mc[33m||[39ml[33m?[39mt(ut[33m,[39m{alt[33m:[39ml[33m,[39msrc[33m:[39mc[33m,[39maspectRatio[33m:[39m[32m"1:1"[39m[33m,[39mthumbnailOnly[33m:[39m[33m![39m[35m0[39m})[33m:[39m[36mvoid[39m [35m0[39m[33m,[39mu[33m=[39m(b[33m=[39m(g[33m=[39mo[33m.[39mdecorativeIcon)[33m==[39m[36mnull[39m[33m?[39m[36mvoid[39m [35m0[39m[33m:[39mg[33m.[39mprops)[33m!=[39m[36mnull[39m[33m&&[39mb[33m.[39mname[33m?[39mt(de[33m,[39m{name[33m:[39mo[33m.[39mdecorativeIcon[33m.[39mprops[33m.[39mname})[33m:[39m[36mvoid[39m [35m0[39m[33m;[39m[36mreturn[39m p([32m"div"[39m[33m,[39m{className[33m:[39m[32m"crayon-list-item c1-list-item"[39m[33m,[39monClick[33m:[39m()[33m=>[39m{i[33m&&[39mi(d[33m,[39m[32m"User clicked on ListItem: "[39m[33m+[39md[33m,[39m[36mvoid[39m [35m0[39m)}[33m,[39mchildren[33m:[39m[h[33m&&[39mt([32m"div"[39m[33m,[39m{className[33m:[39m[32m"c1-list-item-image-wrapper"[39m[33m,[39mchildren[33m:[39mh})[33m,[39mp([32m"div"[39m[33m,[39m{className[33m:[39m[32m"crayon-list-item-content"[39m[33m,[39mchildren[33m:[39m[u[33m&&[39mu[33m,[39md[33m&&[39mt([32m"div"[39m[33m,[39m{className[33m:[39m[32m"crayon-list-item-title"[39m[33m,[39mchildren[33m:[39md})[33m,[39mm[33m&&[39mt([32m"div"[39m[33m,[39m{className[33m:[39m[32m"crayon-list-item-subtitle"[39m[33m,[39mchildren[33m:[39mm})]})]}[33m,[39m[32m`list-item-${s}`[39m)})})})[33m,[39m$p[33m=[39m[33mA[39m[33m.[39mextend({decorativeIcon[33m:[39mke[33m.[39moptional()[33m,[39mtitle[33m:[39mr[33m.[39mstring()[33m,[39msubtitle[33m:[39mr[33m.[39mstring()[33m.[39moptional()[33m,[39mimage[33m:[39m[33mAe[39m[33m.[39moptional()})[33m,[39m[33mOp[39m[33m=[39mz[33m.[39mextend({component[33m:[39mr[33m.[39mliteral([32m"ListItem"[39m)[33m,[39mprops[33m:[39m$p})[33m,[39mzp[33m=[39m[33mA[39m[33m.[39mextend({items[33m:[39mr[33m.[39marray(r[33m.[39mobject({decorativeIcon[33m:[39mke[33m.[39moptional()[33m,[39mimageAlt[33m:[39mr[33m.[39mstring()[33m.[39moptional()[33m,[39mimageSrc[33m:[39mr[33m.[39mstring()[33m.[39moptional()[33m,[39mtitle[33m:[39mr[33m.[39mstring()[33m.[39m[36mdefault[39m([32m""[39m)[33m,[39msubtitle[33m:[39mr[33m.[39mstring()[33m.[39moptional()}))})[33m,[39m[33mHt[39m[33m=[39mz[33m.[39mextend({component[33m:[39mr[33m.[39mliteral([32m"ListBlock"[39m)[33m,[39mprops[33m:[39mzp})[33m,[39mqo[33m=[39m[33mA[39m[33m.[39mextend({text[33m:[39mr[33m.[39mstring()[33m.[39m[36mdefault[39m([32m""[39m)[33m,[39miconName[33m:[39mr[33m.[39mstring()[33m.[39moptional()[33m,[39miconCategory[33m:[39mr[33m.[39mstring()[33m.[39moptional()[33m,[39mvariant[33m:[39mr[33m.[39m[36menum[39m([[32m"neutral"[39m[33m,[39m[32m"info"[39m[33m,[39m[32m"success"[39m[33m,[39m[32m"warning"[39m[33m,[39m[32m"danger"[39m])[33m.[39m[36mdefault[39m([32m"neutral"[39m)})[33m,[39m[33mWo[39m[33m=[39mz[33m.[39mextend({component[33m:[39mr[33m.[39mliteral([32m"Tag"[39m)[33m,[39mprops[33m:[39mqo})[33m,[39m[33mBp[39m[33m=[39m[33mA[39m[33m.[39mextend({children[33m:[39mr[33m.[39marray(qo)})[33m,[39mpt[33m=[39mz[33m.[39mextend({component[33m:[39mr[33m.[39mliteral([32m"TagBlock"[39m)[33m,[39mprops[33m:[39m[33mBp[39m})[33m,[39m[33mKo[39m[33m=[39mq(e[33m=>[39m{[36mconst[39m{children[33m:[39ma[33m,[39msize[33m:[39mn[33m,[39m[33m...[39mi}[33m=[39me[33m;[39m[36mreturn[39m t([33mXa[39m[33m,[39m{[33m...[39mi[33m,[39mchildren[33m:[39ma[33m.[39mmap((o[33m,[39ms)[33m=>[39mt(bt[33m,[39m{text[33m:[39mo[33m.[39mtext[33m,[39micon[33m:[39mo[33m.[39miconName[33m?[39mt(de[33m,[39m{name[33m:[39mo[33m.[39miconName[33m,[39mcategory[33m:[39mo[33m.[39miconCategory})[33m:[39m[36mvoid[39m [35m0[39m[33m,[39msize[33m:[39mn[33m,[39mvariant[33m:[39mo[33m.[39mvariant}[33m,[39m[32m`tag-${s}`[39m))})})[33m,[39m[33mRp[39m[33m=[39m[33mA[39m[33m.[39mextend({children[33m:[39mr[33m.[39mstring()[33m.[39m[36mdefault[39m([32m""[39m)[33m,[39micon[33m:[39mke[33m.[39moptional()[33m,[39mtype[33m:[39mr[33m.[39m[36menum[39m([[32m"string"[39m[33m,[39m[32m"number"[39m[33m,[39m[32m"action"[39m])[33m.[39m[36mdefault[39m([32m"string"[39m)})[33m,[39m[33mXo[39m[33m=[39m[33mA[39m[33m.[39mextend({rows[33m:[39mr[33m.[39marray([33mRp[39m)})[33m;[39mz[33m.[39mextend({component[33m:[39mr[33m.[39mliteral([32m"TableHeader"[39m)[33m,[39mprops[33m:[39m[33mXo[39m})[33m;[39m[36mconst[39m [33mDp[39m[33m=[39mr[33m.[39mobject({label[33m:[39mr[33m.[39mstring()[33m,[39mleftIcon[33m:[39mke[33m.[39moptional()[33m,[39mrightIcon[33m:[39mke[33m.[39moptional()[33m,[39maction[33m:[39mha})[33m,[39m[33mFp[39m[33m=[39mr[33m.[39marray([33mDp[39m)[33m,[39mjp[33m=[39mr[33m.[39munion([r[33m.[39mstring()[33m.[39m[36mdefault[39m([32m""[39m)[33m,[39mpt[33m,[39m[33mFp[39m])[33m,[39m[33mVp[39m[33m=[39m[33mA[39m[33m.[39mextend({children[33m:[39mr[33m.[39marray(jp)})[33m,[39m[33mZo[39m[33m=[39m[33mA[39m[33m.[39mextend({rows[33m:[39mr[33m.[39marray([33mVp[39m)})[33m;[39mz[33m.[39mextend({component[33m:[39mr[33m.[39mliteral([32m"TableBody"[39m)[33m,[39mprops[33m:[39m[33mZo[39m})[33m;[39m[36mconst[39m [33mHp[39m[33m=[39m[33mA[39m[33m.[39mextend({tableHeader[33m:[39m[33mXo[39m[33m,[39mtableBody[33m:[39m[33mZo[39m})[33m,[39mua[33m=[39mz[33m.[39mextend({component[33m:[39mr[33m.[39mliteral([32m"Table"[39m)[33m,[39mprops[33m:[39m[33mHp[39m})[33m,[39m[33mUp[39m[33m=[39m[33mA[39m[33m.[39mextend({header[33m:[39mbe[33m.[39moptional()[33m,[39mvariant[33m:[39mr[33m.[39m[36menum[39m([[32m"clear"[39m[33m,[39m[32m"card"[39m[33m,[39m[32m"sunk"[39m])[33m.[39moptional()[33m,[39mtextMarkdown[33m:[39mr[33m.[39mstring()[33m.[39m[36mdefault[39m([32m""[39m)})[33m,[39m[33mDe[39m[33m=[39mz[33m.[39mextend({component[33m:[39mr[33m.[39mliteral([32m"TextContent"[39m)[33m,[39mprops[33m:[39m[33mUp[39m})[33m,[39mqp[33m=[39m[33mA[39m[33m.[39mextend({value[33m:[39mr[33m.[39mstring()[33m,[39mtrigger[33m:[39mr[33m.[39mobject({text[33m:[39mr[33m.[39mstring()[33m,[39micon[33m:[39mke[33m.[39moptional()})[33m,[39mcontent[33m:[39mr[33m.[39marray(r[33m.[39munion([[33mGe[39m[33m,[39m[33mDe[39m[33m,[39mjt[33m,[39mvt[33m,[39m[33mVt[39m[33m,[39mpt[33m,[39m[33mAe[39m[33m,[39mua[33m,[39m[33mYa[39m[33m,[39m[33mGa[39m[33m,[39m[33mJa[39m[33m,[39mtr[33m,[39mer[33m,[39m[33mQa[39m[33m,[39m[33mHt[39m]))[33m.[39moptional()})[33m,[39m[33mWp[39m[33m=[39m[33mA[39m[33m.[39mextend({header[33m:[39mbe[33m.[39moptional()[33m,[39mchildren[33m:[39mr[33m.[39marray(qp)})[33m,[39mir[33m=[39mz[33m.[39mextend({component[33m:[39mr[33m.[39mliteral([32m"Accordion"[39m)[33m,[39mprops[33m:[39m[33mWp[39m})[33m,[39m[33mKp[39m[33m=[39m[33mA[39m[33m.[39mextend({variant[33m:[39mr[33m.[39m[36menum[39m([[32m"neutral"[39m[33m,[39m[32m"info"[39m[33m,[39m[32m"warning"[39m[33m,[39m[32m"success"[39m])[33m.[39m[36mdefault[39m([32m"neutral"[39m)[33m,[39mtitle[33m:[39mr[33m.[39mstring()[33m.[39m[36mdefault[39m([32m""[39m)[33m,[39mdescription[33m:[39mr[33m.[39mstring()[33m.[39m[36mdefault[39m([32m""[39m)})[33m,[39mdn[33m=[39mz[33m.[39mextend({component[33m:[39mr[33m.[39mliteral([32m"Callout"[39m)[33m,[39mprops[33m:[39m[33mKp[39m})[33m,[39m[33mXp[39m[33m=[39mq(e[33m=>[39m{[36mconst[39m{title[33m:[39ma[33m,[39msourceName[33m:[39mn[33m,[39monClick[33m:[39mi[33m,[39mfaviconUrl[33m:[39mo[33m,[39murl[33m:[39ms[33m,[39msourceId[33m:[39ml}[33m=[39me[33m,[39mc[33m=[39ms[33m&&[39ms[33m.[39mtrim()[33m!==[39m[32m""[39m[33m;[39m[36mreturn[39m p([32m"button"[39m[33m,[39m{className[33m:[39m[33mT[39m([32m"c1-condensed-source-item"[39m[33m,[39m{[32m"c1-condensed-source-item--has-url"[39m[33m:[39mc})[33m,[39monClick[33m:[39m()[33m=>[39m{rn(s)[33m,[39mi[33m==[39m[36mnull[39m[33m||[39mi()}[33m,[39mtype[33m:[39m[32m"button"[39m[33m,[39m[32m"aria-label"[39m[33m:[39m[32m`Open source ${l??""}`[39m[33m.[39mtrim()[33m,[39m[32m"data-source-id"[39m[33m:[39ml[33m,[39mchildren[33m:[39m[t([32m"div"[39m[33m,[39m{className[33m:[39m[32m"c1-condensed-source-item__logo"[39m[33m,[39mchildren[33m:[39mt(sn[33m,[39m{url[33m:[39mo[33m,[39malt[33m:[39mn[33m,[39mwidth[33m:[39m[35m24[39m[33m,[39mheight[33m:[39m[35m24[39m})})[33m,[39mp([32m"div"[39m[33m,[39m{className[33m:[39m[32m"c1-condensed-source-item__content"[39m[33m,[39mchildren[33m:[39m[l[33m!==[39m[36mvoid[39m [35m0[39m[33m&&[39mt([32m"span"[39m[33m,[39m{className[33m:[39m[32m"c1-source-id-badge"[39m[33m,[39m[32m"aria-hidden"[39m[33m:[39m[32m"true"[39m[33m,[39mchildren[33m:[39ml})[33m,[39mp([32m"div"[39m[33m,[39m{className[33m:[39m[32m"c1-condensed-source-item__text"[39m[33m,[39mchildren[33m:[39m[t([32m"div"[39m[33m,[39m{className[33m:[39m[32m"c1-condensed-source-item__title"[39m[33m,[39mchildren[33m:[39ma})[33m,[39mt([32m"div"[39m[33m,[39m{className[33m:[39m[32m"c1-condensed-source-item__source"[39m[33m,[39mchildren[33m:[39mn})]})]})]})})[33m,[39m[33mZp[39m[33m=[39mq(e[33m=>[39m{[36mconst[39m{title[33m:[39ma[33m,[39msourceName[33m:[39mn[33m,[39monClick[33m:[39mi[33m,[39mfaviconUrl[33m:[39mo[33m,[39murl[33m:[39ms[33m,[39msourceId[33m:[39ml}[33m=[39me[33m,[39mc[33m=[39m()[33m=>[39m{rn(s)[33m,[39mi[33m==[39m[36mnull[39m[33m||[39mi()}[33m,[39md[33m=[39ms[33m&&[39ms[33m.[39mtrim()[33m!==[39m[32m""[39m[33m;[39m[36mreturn[39m p([32m"div"[39m[33m,[39m{className[33m:[39m[33mT[39m([32m"c1-listed-source-item"[39m[33m,[39m{[32m"c1-listed-source-item--has-url"[39m[33m:[39md})[33m,[39monClick[33m:[39mc[33m,[39mrole[33m:[39m[32m"button"[39m[33m,[39mtabIndex[33m:[39m[35m0[39m[33m,[39m[32m"data-source-id"[39m[33m:[39ml[33m,[39monKeyDown[33m:[39mm[33m=>[39m{m[33m.[39mkey[33m!==[39m[32m"Enter"[39m[33m&&[39mm[33m.[39mkey[33m!==[39m[32m" "[39m[33m||[39m(m[33m.[39mpreventDefault()[33m,[39mc())}[33m,[39mchildren[33m:[39m[p([32m"div"[39m[33m,[39m{className[33m:[39m[32m"c1-listed-source-item__header"[39m[33m,[39mchildren[33m:[39m[t([32m"div"[39m[33m,[39m{className[33m:[39m[32m"c1-listed-source-item__logo"[39m[33m,[39mchildren[33m:[39mt(sn[33m,[39m{url[33m:[39mo[33m,[39malt[33m:[39mn[33m,[39mwidth[33m:[39m[35m20[39m[33m,[39mheight[33m:[39m[35m20[39m})})[33m,[39mt([32m"span"[39m[33m,[39m{className[33m:[39m[32m"c1-listed-source-item__source-name"[39m[33m,[39mchildren[33m:[39mn})]})[33m,[39mt([32m"div"[39m[33m,[39m{className[33m:[39m[32m"c1-listed-source-item__title"[39m[33m,[39mchildren[33m:[39ma})]})})[33m,[39m[33mYp[39m[33m=[39mq(e[33m=>[39m{[36mconst[39m{sources[33m:[39ma}[33m=[39me[33m,[39m{portalThemeClassName[33m:[39mn}[33m=[39m[33mCe[39m()[33m,[39mi[33m=[39m[33mD[39m([36mnull[39m)[33m,[39m{isOpen[33m:[39mo[33m,[39mhandleMouseEnter[33m:[39ms[33m,[39mhandleMouseLeave[33m:[39ml[33m,[39mhandleTriggerClick[33m:[39mc[33m,[39mhandleContentClick[33m:[39md[33m,[39mcloseTooltip[33m:[39mm}[33m=[39mon()[33m;[39m[36mreturn[39m t([32m"div"[39m[33m,[39m{className[33m:[39m[32m"c1-condensed-sources-container"[39m[33m,[39mchildren[33m:[39mt(he[33m.[39m[33mProvider[39m[33m,[39m{children[33m:[39mp(he[33m.[39m[33mRoot[39m[33m,[39m{open[33m:[39mo[33m,[39mchildren[33m:[39m[t(he[33m.[39m[33mTrigger[39m[33m,[39m{asChild[33m:[39m[33m![39m[35m0[39m[33m,[39mchildren[33m:[39mp([32m"button"[39m[33m,[39m{ref[33m:[39mi[33m,[39mtype[33m:[39m[32m"button"[39m[33m,[39mclassName[33m:[39m[33mT[39m([32m"c1-condensed-sources-button"[39m[33m,[39mo[33m&&[39m[32m"c1-condensed-sources-button--is-open"[39m)[33m,[39m[32m"aria-label"[39m[33m:[39m[32m"Sources"[39m[33m,[39monClick[33m:[39mc[33m,[39monMouseEnter[33m:[39ms[33m,[39monMouseLeave[33m:[39ml[33m,[39mchildren[33m:[39m[[32m"Sources"[39m[33m,[39mt([32m"span"[39m[33m,[39m{className[33m:[39m[32m"c1-condensed-sources-item__count"[39m[33m,[39mchildren[33m:[39ma[33m.[39mlength})]})})[33m,[39mt(he[33m.[39m[33mPortal[39m[33m,[39m{children[33m:[39mt(he[33m.[39m[33mContent[39m[33m,[39m{side[33m:[39m[32m"bottom"[39m[33m,[39malign[33m:[39m[32m"start"[39m[33m,[39msideOffset[33m:[39m[35m4[39m[33m,[39malignOffset[33m:[39m[33m-[39m[35m8[39m[33m,[39mclassName[33m:[39m[33mT[39m([32m"c1-condensed-sources-tooltip"[39m[33m,[39mn)[33m,[39monMouseEnter[33m:[39ms[33m,[39monMouseLeave[33m:[39ml[33m,[39monClick[33m:[39md[33m,[39monPointerDownOutside[33m:[39mh[33m=>[39m{[36mvar[39m u[33m;[39m(u[33m=[39mi[33m.[39mcurrent)[33m!=[39m[36mnull[39m[33m&&[39mu[33m.[39mcontains(h[33m.[39mtarget)[33m||[39mm()}[33m,[39mchildren[33m:[39mt([32m"div"[39m[33m,[39m{className[33m:[39m[32m"c1-condensed-sources-tooltip__content"[39m[33m,[39mchildren[33m:[39ma[33m.[39mmap((h[33m,[39mu)[33m=>[39m{[36mconst[39m{key[33m:[39mg[33m,[39m[33m...[39mb}[33m=[39mh[33m;[39m[36mreturn[39m t([33mXp[39m[33m,[39m{[33m...[39mb[33m,[39msourceId[33m:[39mu[33m,[39monClick[33m:[39mm}[33m,[39mh[33m.[39murl[33m?[39m[33m?[39mu)})})})})]})})})})[33m;[39mq(e[33m=>[39m{[36mconst[39m{sources[33m:[39ma}[33m=[39me[33m;[39m[36mreturn[39m a[33m&&[39ma[33m.[39mlength[33m!==[39m[35m0[39m[33m?[39mt([33mYp[39m[33m,[39m{[33m...[39me})[33m:[39m[36mnull[39m})[33m;[39m[36mconst[39m [33mGp[39m[33m=[39mq(e[33m=>[39m{[36mconst[39m{sources[33m:[39ma}[33m=[39me[33m,[39mn[33m=[39m[33mD[39m([36mnull[39m)[33m,[39m[i[33m,[39mo][33m=[39m[33mF[39m({left[33m:[39m[33m![39m[35m1[39m[33m,[39mright[33m:[39m[33m![39m[35m1[39m})[33m,[39ms[33m=[39m$(d[33m=>[39m{o(m[33m=>[39m({[33m...[39mm[33m,[39mleft[33m:[39md}))}[33m,[39m[])[33m,[39ml[33m=[39m$(d[33m=>[39m{o(m[33m=>[39m({[33m...[39mm[33m,[39mright[33m:[39md}))}[33m,[39m[])[33m;[39m[36mif[39m([33m![39ma[33m.[39mlength)[36mreturn[39m [36mnull[39m[33m;[39m[36mconst[39m c[33m=[39mi[33m.[39mleft[33m||[39mi[33m.[39mright[33m;[39m[36mreturn[39m p([32m"div"[39m[33m,[39m{className[33m:[39m[32m"c1-listed-sources"[39m[33m,[39mchildren[33m:[39m[p([32m"div"[39m[33m,[39m{className[33m:[39m[32m"c1-listed-sources-header"[39m[33m,[39mchildren[33m:[39m[t([32m"span"[39m[33m,[39m{className[33m:[39m[32m"c1-listed-sources-header__title"[39m[33m,[39mchildren[33m:[39m[32m"Sources"[39m})[33m,[39mc[33m&&[39mp([32m"div"[39m[33m,[39m{className[33m:[39m[32m"c1-listed-sources-header__buttons"[39m[33m,[39mchildren[33m:[39m[t(ie[33m,[39m{variant[33m:[39m[32m"secondary"[39m[33m,[39msize[33m:[39m[32m"small"[39m[33m,[39monClick[33m:[39m()[33m=>[39m{[36mvar[39m d[33m;[39m[36mreturn[39m(d[33m=[39mn[33m.[39mcurrent)[33m==[39m[36mnull[39m[33m?[39m[36mvoid[39m [35m0[39m[33m:[39md[33m.[39mscroll([32m"left"[39m)}[33m,[39mdisabled[33m:[39m[33m![39mi[33m.[39mleft[33m,[39micon[33m:[39mt(la[33m,[39m{})})[33m,[39mt(ie[33m,[39m{variant[33m:[39m[32m"secondary"[39m[33m,[39msize[33m:[39m[32m"small"[39m[33m,[39monClick[33m:[39m()[33m=>[39m{[36mvar[39m d[33m;[39m[36mreturn[39m(d[33m=[39mn[33m.[39mcurrent)[33m==[39m[36mnull[39m[33m?[39m[36mvoid[39m [35m0[39m[33m:[39md[33m.[39mscroll([32m"right"[39m)}[33m,[39mdisabled[33m:[39m[33m![39mi[33m.[39mright[33m,[39micon[33m:[39mt([33mAt[39m[33m,[39m{})})]})]})[33m,[39mt([33mXr[39m[33m,[39m{variant[33m:[39m[32m"sunk"[39m[33m,[39mref[33m:[39mn[33m,[39mshowButtons[33m:[39m[33m![39m[35m1[39m[33m,[39monScrollLeftEnabled[33m:[39ms[33m,[39monScrollRightEnabled[33m:[39ml[33m,[39mchildren[33m:[39mt([33mZr[39m[33m,[39m{children[33m:[39ma[33m.[39mmap((d[33m,[39mm)[33m=>[39m{[36mconst[39m{key[33m:[39mh[33m,[39m[33m...[39mu}[33m=[39md[33m;[39m[36mreturn[39m t([33mYr[39m[33m,[39m{className[33m:[39m[33mT[39m([32m"c1-listed-sources-item-container"[39m[33m,[39m{[32m"c1-listed-sources-item-container--has-url"[39m[33m:[39md[33m.[39murl})[33m,[39mchildren[33m:[39mt([33mZp[39m[33m,[39m{[33m...[39mu[33m,[39msourceId[33m:[39mm})}[33m,[39md[33m.[39murl[33m?[39m[33m?[39mm)})})})]})})[33m,[39m[33mJp[39m[33m=[39mq(()[33m=>[39m{[36mconst[39m e[33m=[39mco()[33m;[39m[36mreturn[39m e[33m.[39mlength[33m?[39mt([33mGp[39m[33m,[39m{sources[33m:[39me})[33m:[39m[36mnull[39m})[33m,[39m[33mQp[39m[33m=[39m{[33mImage[39m[33m:[39m{variant[33m:[39m[32m"ImageBlock"[39m}}[33m,[39meh[33m=[39m[33mA[39m[33m.[39mextend({variant[33m:[39mr[33m.[39m[36menum[39m([[32m"neutral"[39m[33m,[39m[32m"danger"[39m[33m,[39m[32m"info"[39m[33m,[39m[32m"warning"[39m[33m,[39m[32m"success"[39m])[33m.[39m[36mdefault[39m([32m"neutral"[39m)[33m,[39mtitle[33m:[39mr[33m.[39mstring()[33m.[39m[36mdefault[39m([32m""[39m)[33m,[39mdescription[33m:[39mr[33m.[39mstring()[33m.[39m[36mdefault[39m([32m""[39m)})[33m,[39mor[33m=[39mz[33m.[39mextend({component[33m:[39mr[33m.[39mliteral([32m"CalloutV2"[39m)[33m,[39mprops[33m:[39meh})[33m,[39m[33mYo[39m[33m=[39m[33mA[39m[33m.[39mextend({title[33m:[39mr[33m.[39mstring()[33m,[39msubtitle[33m:[39mr[33m.[39mstring()[33m.[39moptional()[33m,[39mactions[33m:[39mr[33m.[39marray(r[33m.[39munion([[33mLt[39m[33m,[39man]))[33m.[39moptional()})[33m,[39mwt[33m=[39mz[33m.[39mextend({component[33m:[39mr[33m.[39mliteral([32m"CardHeader"[39m)[33m,[39mprops[33m:[39m[33mYo[39m})[33m,[39mmn[33m=[39mz[33m.[39mextend({component[33m:[39mr[33m.[39mliteral([32m"Header"[39m)[33m,[39mprops[33m:[39m[33mYo[39m})[33m,[39mth[33m=[39m{[35m100[39m[33m:[39m[32m"💯"[39m[33m,[39m[35m1234[39m[33m:[39m[32m"🔢"[39m[33m,[39mgrinning[33m:[39m[32m"😀"[39m[33m,[39mgrimacing[33m:[39m[32m"😬"[39m[33m,[39mgrin[33m:[39m[32m"😁"[39m[33m,[39mjoy[33m:[39m[32m"😂"[39m[33m,[39mrofl[33m:[39m[32m"🤣"[39m[33m,[39mpartying[33m:[39m[32m"🥳"[39m[33m,[39msmiley[33m:[39m[32m"😃"[39m[33m,[39msmile[33m:[39m[32m"😄"[39m[33m,[39msweat_smile[33m:[39m[32m"😅"[39m[33m,[39mlaughing[33m:[39m[32m"😆"[39m[33m,[39minnocent[33m:[39m[32m"😇"[39m[33m,[39mwink[33m:[39m[32m"😉"[39m[33m,[39mblush[33m:[39m[32m"😊"[39m[33m,[39mslightly_smiling_face[33m:[39m[32m"🙂"[39m[33m,[39mupside_down_face[33m:[39m[32m"🙃"[39m[33m,[39mrelaxed[33m:[39m[32m"☺️"[39m[33m,[39myum[33m:[39m[32m"😋"[39m[33m,[39mrelieved[33m:[39m[32m"😌"[39m[33m,[39mheart_eyes[33m:[39m[32m"😍"[39m[33m,[39msmiling_face_with_three_hearts[33m:[39m[32m"🥰"[39m[33m,[39mkissing_heart[33m:[39m[32m"😘"[39m[33m,[39mkissing[33m:[39m[32m"😗"[39m[33m,[39mkissing_smiling_eyes[33m:[39m[32m"😙"[39m[33m,[39mkissing_closed_eyes[33m:[39m[32m"😚"[39m[33m,[39mstuck_out_tongue_winking_eye[33m:[39m[32m"😜"[39m[33m,[39mzany[33m:[39m[32m"🤪"[39m[33m,[39mraised_eyebrow[33m:[39m[32m"🤨"[39m[33m,[39mmonocle[33m:[39m[32m"🧐"[39m[33m,[39mstuck_out_tongue_closed_eyes[33m:[39m[32m"😝"[39m[33m,[39mstuck_out_tongue[33m:[39m[32m"😛"[39m[33m,[39mmoney_mouth_face[33m:[39m[32m"🤑"[39m[33m,[39mnerd_face[33m:[39m[32m"🤓"[39m[33m,[39msunglasses[33m:[39m[32m"😎"[39m[33m,[39mstar_struck[33m:[39m[32m"🤩"[39m[33m,[39mclown_face[33m:[39m[32m"🤡"[39m[33m,[39mcowboy_hat_face[33m:[39m[32m"🤠"[39m[33m,[39mhugs[33m:[39m[32m"🤗"[39m[33m,[39msmirk[33m:[39m[32m"😏"[39m[33m,[39mno_mouth[33m:[39m[32m"😶"[39m[33m,[39mneutral_face[33m:[39m[32m"😐"[39m[33m,[39mexpressionless[33m:[39m[32m"😑"[39m[33m,[39munamused[33m:[39m[32m"😒"[39m[33m,[39mroll_eyes[33m:[39m[32m"🙄"[39m[33m,[39mthinking[33m:[39m[32m"🤔"[39m[33m,[39mlying_face[33m:[39m[32m"🤥"[39m[33m,[39mhand_over_mouth[33m:[39m[32m"🤭"[39m[33m,[39mshushing[33m:[39m[32m"🤫"[39m[33m,[39msymbols_over_mouth[33m:[39m[32m"🤬"[39m[33m,[39mexploding_head[33m:[39m[32m"🤯"[39m[33m,[39mflushed[33m:[39m[32m"😳"[39m[33m,[39mdisappointed[33m:[39m[32m"😞"[39m[33m,[39mworried[33m:[39m[32m"😟"[39m[33m,[39mangry[33m:[39m[32m"😠"[39m[33m,[39mrage[33m:[39m[32m"😡"[39m[33m,[39mpensive[33m:[39m[32m"😔"[39m[33m,[39mconfused[33m:[39m[32m"😕"[39m[33m,[39mslightly_frowning_face[33m:[39m[32m"🙁"[39m[33m,[39mfrowning_face[33m:[39m[32m"☹"[39m[33m,[39mpersevere[33m:[39m[32m"😣"[39m[33m,[39mconfounded[33m:[39m[32m"😖"[39m[33m,[39mtired_face[33m:[39m[32m"😫"[39m[33m,[39mweary[33m:[39m[32m"😩"[39m[33m,[39mpleading[33m:[39m[32m"🥺"[39m[33m,[39mtriumph[33m:[39m[32m"😤"[39m[33m,[39mopen_mouth[33m:[39m[32m"😮"[39m[33m,[39mscream[33m:[39m[32m"😱"[39m[33m,[39mfearful[33m:[39m[32m"😨"[39m[33m,[39mcold_sweat[33m:[39m[32m"😰"[39m[33m,[39mhushed[33m:[39m[32m"😯"[39m[33m,[39mfrowning[33m:[39m[32m"😦"[39m[33m,[39manguished[33m:[39m[32m"😧"[39m[33m,[39mcry[33m:[39m[32m"😢"[39m[33m,[39mdisappointed_relieved[33m:[39m[32m"😥"[39m[33m,[39mdrooling_face[33m:[39m[32m"🤤"[39m[33m,[39msleepy[33m:[39m[32m"😪"[39m[33m,[39msweat[33m:[39m[32m"😓"[39m[33m,[39mhot[33m:[39m[32m"🥵"[39m[33m,[39mcold[33m:[39m[32m"🥶"[39m[33m,[39msob[33m:[39m[32m"😭"[39m[33m,[39mdizzy_face[33m:[39m[32m"😵"[39m[33m,[39mastonished[33m:[39m[32m"😲"[39m[33m,[39mzipper_mouth_face[33m:[39m[32m"🤐"[39m[33m,[39mnauseated_face[33m:[39m[32m"🤢"[39m[33m,[39msneezing_face[33m:[39m[32m"🤧"[39m[33m,[39mvomiting[33m:[39m[32m"🤮"[39m[33m,[39mmask[33m:[39m[32m"😷"[39m[33m,[39mface_with_thermometer[33m:[39m[32m"🤒"[39m[33m,[39mface_with_head_bandage[33m:[39m[32m"🤕"[39m[33m,[39mwoozy[33m:[39m[32m"🥴"[39m[33m,[39msleeping[33m:[39m[32m"😴"[39m[33m,[39mzzz[33m:[39m[32m"💤"[39m[33m,[39mpoop[33m:[39m[32m"💩"[39m[33m,[39msmiling_imp[33m:[39m[32m"😈"[39m[33m,[39mimp[33m:[39m[32m"👿"[39m[33m,[39mjapanese_ogre[33m:[39m[32m"👹"[39m[33m,[39mjapanese_goblin[33m:[39m[32m"👺"[39m[33m,[39mskull[33m:[39m[32m"💀"[39m[33m,[39mghost[33m:[39m[32m"👻"[39m[33m,[39malien[33m:[39m[32m"👽"[39m[33m,[39mrobot[33m:[39m[32m"🤖"[39m[33m,[39msmiley_cat[33m:[39m[32m"😺"[39m[33m,[39msmile_cat[33m:[39m[32m"😸"[39m[33m,[39mjoy_cat[33m:[39m[32m"😹"[39m[33m,[39mheart_eyes_cat[33m:[39m[32m"😻"[39m[33m,[39msmirk_cat[33m:[39m[32m"😼"[39m[33m,[39mkissing_cat[33m:[39m[32m"😽"[39m[33m,[39mscream_cat[33m:[39m[32m"🙀"[39m[33m,[39mcrying_cat_face[33m:[39m[32m"😿"[39m[33m,[39mpouting_cat[33m:[39m[32m"😾"[39m[33m,[39mpalms_up[33m:[39m[32m"🤲"[39m[33m,[39mraised_hands[33m:[39m[32m"🙌"[39m[33m,[39mclap[33m:[39m[32m"👏"[39m[33m,[39mwave[33m:[39m[32m"👋"[39m[33m,[39mcall_me_hand[33m:[39m[32m"🤙"[39m[33m,[39m[32m"+1"[39m[33m:[39m[32m"👍"[39m[33m,[39m[32m"-1"[39m[33m:[39m[32m"👎"[39m[33m,[39mfacepunch[33m:[39m[32m"👊"[39m[33m,[39mfist[33m:[39m[32m"✊"[39m[33m,[39mfist_left[33m:[39m[32m"🤛"[39m[33m,[39mfist_right[33m:[39m[32m"🤜"[39m[33m,[39mv[33m:[39m[32m"✌"[39m[33m,[39mok_hand[33m:[39m[32m"👌"[39m[33m,[39mraised_hand[33m:[39m[32m"✋"[39m[33m,[39mraised_back_of_hand[33m:[39m[32m"🤚"[39m[33m,[39mopen_hands[33m:[39m[32m"👐"[39m[33m,[39mmuscle[33m:[39m[32m"💪"[39m[33m,[39mpray[33m:[39m[32m"🙏"[39m[33m,[39mfoot[33m:[39m[32m"🦶"[39m[33m,[39mleg[33m:[39m[32m"🦵"[39m[33m,[39mhandshake[33m:[39m[32m"🤝"[39m[33m,[39mpoint_up[33m:[39m[32m"☝"[39m[33m,[39mpoint_up_2[33m:[39m[32m"👆"[39m[33m,[39mpoint_down[33m:[39m[32m"👇"[39m[33m,[39mpoint_left[33m:[39m[32m"👈"[39m[33m,[39mpoint_right[33m:[39m[32m"👉"[39m[33m,[39mfu[33m:[39m[32m"🖕"[39m[33m,[39mraised_hand_with_fingers_splayed[33m:[39m[32m"🖐"[39m[33m,[39mlove_you[33m:[39m[32m"🤟"[39m[33m,[39mmetal[33m:[39m[32m"🤘"[39m[33m,[39mcrossed_fingers[33m:[39m[32m"🤞"[39m[33m,[39mvulcan_salute[33m:[39m[32m"🖖"[39m[33m,[39mwriting_hand[33m:[39m[32m"✍"[39m[33m,[39mselfie[33m:[39m[32m"🤳"[39m[33m,[39mnail_care[33m:[39m[32m"💅"[39m[33m,[39mlips[33m:[39m[32m"👄"[39m[33m,[39mtooth[33m:[39m[32m"🦷"[39m[33m,[39mtongue[33m:[39m[32m"👅"[39m[33m,[39mear[33m:[39m[32m"👂"[39m[33m,[39mnose[33m:[39m[32m"👃"[39m[33m,[39meye[33m:[39m[32m"👁"[39m[33m,[39meyes[33m:[39m[32m"👀"[39m[33m,[39mbrain[33m:[39m[32m"🧠"[39m[33m,[39mbust_in_silhouette[33m:[39m[32m"👤"[39m[33m,[39mbusts_in_silhouette[33m:[39m[32m"👥"[39m[33m,[39mspeaking_head[33m:[39m[32m"🗣"[39m[33m,[39mbaby[33m:[39m[32m"👶"[39m[33m,[39mchild[33m:[39m[32m"🧒"[39m[33m,[39mboy[33m:[39m[32m"👦"[39m[33m,[39mgirl[33m:[39m[32m"👧"[39m[33m,[39madult[33m:[39m[32m"🧑"[39m[33m,[39mman[33m:[39m[32m"👨"[39m[33m,[39mwoman[33m:[39m[32m"👩"[39m[33m,[39mblonde_woman[33m:[39m[32m"👱‍♀️"[39m[33m,[39mblonde_man[33m:[39m[32m"👱"[39m[33m,[39mbearded_person[33m:[39m[32m"🧔"[39m[33m,[39molder_adult[33m:[39m[32m"🧓"[39m[33m,[39molder_man[33m:[39m[32m"👴"[39m[33m,[39molder_woman[33m:[39m[32m"👵"[39m[33m,[39mman_with_gua_pi_mao[33m:[39m[32m"👲"[39m[33m,[39mwoman_with_headscarf[33m:[39m[32m"🧕"[39m[33m,[39mwoman_with_turban[33m:[39m[32m"👳‍♀️"[39m[33m,[39mman_with_turban[33m:[39m[32m"👳"[39m[33m,[39mpolicewoman[33m:[39m[32m"👮‍♀️"[39m[33m,[39mpoliceman[33m:[39m[32m"👮"[39m[33m,[39mconstruction_worker_woman[33m:[39m[32m"👷‍♀️"[39m[33m,[39mconstruction_worker_man[33m:[39m[32m"👷"[39m[33m,[39mguardswoman[33m:[39m[32m"💂‍♀️"[39m[33m,[39mguardsman[33m:[39m[32m"💂"[39m[33m,[39mfemale_detective[33m:[39m[32m"🕵️‍♀️"[39m[33m,[39mmale_detective[33m:[39m[32m"🕵"[39m[33m,[39mwoman_health_worker[33m:[39m[32m"👩‍⚕️"[39m[33m,[39mman_health_worker[33m:[39m[32m"👨‍⚕️"[39m[33m,[39mwoman_farmer[33m:[39m[32m"👩‍🌾"[39m[33m,[39mman_farmer[33m:[39m[32m"👨‍🌾"[39m[33m,[39mwoman_cook[33m:[39m[32m"👩‍🍳"[39m[33m,[39mman_cook[33m:[39m[32m"👨‍🍳"[39m[33m,[39mwoman_student[33m:[39m[32m"👩‍🎓"[39m[33m,[39mman_student[33m:[39m[32m"👨‍🎓"[39m[33m,[39mwoman_singer[33m:[39m[32m"👩‍🎤"[39m[33m,[39mman_singer[33m:[39m[32m"👨‍🎤"[39m[33m,[39mwoman_teacher[33m:[39m[32m"👩‍🏫"[39m[33m,[39mman_teacher[33m:[39m[32m"👨‍🏫"[39m[33m,[39mwoman_factory_worker[33m:[39m[32m"👩‍🏭"[39m[33m,[39mman_factory_worker[33m:[39m[32m"👨‍🏭"[39m[33m,[39mwoman_technologist[33m:[39m[32m"👩‍💻"[39m[33m,[39mman_technologist[33m:[39m[32m"👨‍💻"[39m[33m,[39mwoman_office_worker[33m:[39m[32m"👩‍💼"[39m[33m,[39mman_office_worker[33m:[39m[32m"👨‍💼"[39m[33m,[39mwoman_mechanic[33m:[39m[32m"👩‍🔧"[39m[33m,[39mman_mechanic[33m:[39m[32m"👨‍🔧"[39m[33m,[39mwoman_scientist[33m:[39m[32m"👩‍🔬"[39m[33m,[39mman_scientist[33m:[39m[32m"👨‍🔬"[39m[33m,[39mwoman_artist[33m:[39m[32m"👩‍🎨"[39m[33m,[39mman_artist[33m:[39m[32m"👨‍🎨"[39m[33m,[39mwoman_firefighter[33m:[39m[32m"👩‍🚒"[39m[33m,[39mman_firefighter[33m:[39m[32m"👨‍🚒"[39m[33m,[39mwoman_pilot[33m:[39m[32m"👩‍✈️"[39m[33m,[39mman_pilot[33m:[39m[32m"👨‍✈️"[39m[33m,[39mwoman_astronaut[33m:[39m[32m"👩‍🚀"[39m[33m,[39mman_astronaut[33m:[39m[32m"👨‍🚀"[39m[33m,[39mwoman_judge[33m:[39m[32m"👩‍⚖️"[39m[33m,[39mman_judge[33m:[39m[32m"👨‍⚖️"[39m[33m,[39mwoman_superhero[33m:[39m[32m"🦸‍♀️"[39m[33m,[39mman_superhero[33m:[39m[32m"🦸‍♂️"[39m[33m,[39mwoman_supervillain[33m:[39m[32m"🦹‍♀️"[39m[33m,[39mman_supervillain[33m:[39m[32m"🦹‍♂️"[39m[33m,[39mmrs_claus[33m:[39m[32m"🤶"[39m[33m,[39msanta[33m:[39m[32m"🎅"[39m[33m,[39msorceress[33m:[39m[32m"🧙‍♀️"[39m[33m,[39mwizard[33m:[39m[32m"🧙‍♂️"[39m[33m,[39mwoman_elf[33m:[39m[32m"🧝‍♀️"[39m[33m,[39mman_elf[33m:[39m[32m"🧝‍♂️"[39m[33m,[39mwoman_vampire[33m:[39m[32m"🧛‍♀️"[39m[33m,[39mman_vampire[33m:[39m[32m"🧛‍♂️"[39m[33m,[39mwoman_zombie[33m:[39m[32m"🧟‍♀️"[39m[33m,[39mman_zombie[33m:[39m[32m"🧟‍♂️"[39m[33m,[39mwoman_genie[33m:[39m[32m"🧞‍♀️"[39m[33m,[39mman_genie[33m:[39m[32m"🧞‍♂️"[39m[33m,[39mmermaid[33m:[39m[32m"🧜‍♀️"[39m[33m,[39mmerman[33m:[39m[32m"🧜‍♂️"[39m[33m,[39mwoman_fairy[33m:[39m[32m"🧚‍♀️"[39m[33m,[39mman_fairy[33m:[39m[32m"🧚‍♂️"[39m[33m,[39mangel[33m:[39m[32m"👼"[39m[33m,[39mpregnant_woman[33m:[39m[32m"🤰"[39m[33m,[39mbreastfeeding[33m:[39m[32m"🤱"[39m[33m,[39mprincess[33m:[39m[32m"👸"[39m[33m,[39mprince[33m:[39m[32m"🤴"[39m[33m,[39mbride_with_veil[33m:[39m[32m"👰"[39m[33m,[39mman_in_tuxedo[33m:[39m[32m"🤵"[39m[33m,[39mrunning_woman[33m:[39m[32m"🏃‍♀️"[39m[33m,[39mrunning_man[33m:[39m[32m"🏃"[39m[33m,[39mwalking_woman[33m:[39m[32m"🚶‍♀️"[39m[33m,[39mwalking_man[33m:[39m[32m"🚶"[39m[33m,[39mdancer[33m:[39m[32m"💃"[39m[33m,[39mman_dancing[33m:[39m[32m"🕺"[39m[33m,[39mdancing_women[33m:[39m[32m"👯"[39m[33m,[39mdancing_men[33m:[39m[32m"👯‍♂️"[39m[33m,[39mcouple[33m:[39m[32m"👫"[39m[33m,[39mtwo_men_holding_hands[33m:[39m[32m"👬"[39m[33m,[39mtwo_women_holding_hands[33m:[39m[32m"👭"[39m[33m,[39mbowing_woman[33m:[39m[32m"🙇‍♀️"[39m[33m,[39mbowing_man[33m:[39m[32m"🙇"[39m[33m,[39mman_facepalming[33m:[39m[32m"🤦‍♂️"[39m[33m,[39mwoman_facepalming[33m:[39m[32m"🤦‍♀️"[39m[33m,[39mwoman_shrugging[33m:[39m[32m"🤷"[39m[33m,[39mman_shrugging[33m:[39m[32m"🤷‍♂️"[39m[33m,[39mtipping_hand_woman[33m:[39m[32m"💁"[39m[33m,[39mtipping_hand_man[33m:[39m[32m"💁‍♂️"[39m[33m,[39mno_good_woman[33m:[39m[32m"🙅"[39m[33m,[39mno_good_man[33m:[39m[32m"🙅‍♂️"[39m[33m,[39mok_woman[33m:[39m[32m"🙆"[39m[33m,[39mok_man[33m:[39m[32m"🙆‍♂️"[39m[33m,[39mraising_hand_woman[33m:[39m[32m"🙋"[39m[33m,[39mraising_hand_man[33m:[39m[32m"🙋‍♂️"[39m[33m,[39mpouting_woman[33m:[39m[32m"🙎"[39m[33m,[39mpouting_man[33m:[39m[32m"🙎‍♂️"[39m[33m,[39mfrowning_woman[33m:[39m[32m"🙍"[39m[33m,[39mfrowning_man[33m:[39m[32m"🙍‍♂️"[39m[33m,[39mhaircut_woman[33m:[39m[32m"💇"[39m[33m,[39mhaircut_man[33m:[39m[32m"💇‍♂️"[39m[33m,[39mmassage_woman[33m:[39m[32m"💆"[39m[33m,[39mmassage_man[33m:[39m[32m"💆‍♂️"[39m[33m,[39mwoman_in_steamy_room[33m:[39m[32m"🧖‍♀️"[39m[33m,[39mman_in_steamy_room[33m:[39m[32m"🧖‍♂️"[39m[33m,[39mcouple_with_heart_woman_man[33m:[39m[32m"💑"[39m[33m,[39mcouple_with_heart_woman_woman[33m:[39m[32m"👩‍❤️‍👩"[39m[33m,[39mcouple_with_heart_man_man[33m:[39m[32m"👨‍❤️‍👨"[39m[33m,[39mcouplekiss_man_woman[33m:[39m[32m"💏"[39m[33m,[39mcouplekiss_woman_woman[33m:[39m[32m"👩‍❤️‍💋‍👩"[39m[33m,[39mcouplekiss_man_man[33m:[39m[32m"👨‍❤️‍💋‍👨"[39m[33m,[39mfamily_man_woman_boy[33m:[39m[32m"👪"[39m[33m,[39mfamily_man_woman_girl[33m:[39m[32m"👨‍👩‍👧"[39m[33m,[39mfamily_man_woman_girl_boy[33m:[39m[32m"👨‍👩‍👧‍👦"[39m[33m,[39mfamily_man_woman_boy_boy[33m:[39m[32m"👨‍👩‍👦‍👦"[39m[33m,[39mfamily_man_woman_girl_girl[33m:[39m[32m"👨‍👩‍👧‍👧"[39m[33m,[39mfamily_woman_woman_boy[33m:[39m[32m"👩‍👩‍👦"[39m[33m,[39mfamily_woman_woman_girl[33m:[39m[32m"👩‍👩‍👧"[39m[33m,[39mfamily_woman_woman_girl_boy[33m:[39m[32m"👩‍👩‍👧‍👦"[39m[33m,[39mfamily_woman_woman_boy_boy[33m:[39m[32m"👩‍👩‍👦‍👦"[39m[33m,[39mfamily_woman_woman_girl_girl[33m:[39m[32m"👩‍👩‍👧‍👧"[39m[33m,[39mfamily_man_man_boy[33m:[39m[32m"👨‍👨‍👦"[39m[33m,[39mfamily_man_man_girl[33m:[39m[32m"👨‍👨‍👧"[39m[33m,[39mfamily_man_man_girl_boy[33m:[39m[32m"👨‍👨‍👧‍👦"[39m[33m,[39mfamily_man_man_boy_boy[33m:[39m[32m"👨‍👨‍👦‍👦"[39m[33m,[39mfamily_man_man_girl_girl[33m:[39m[32m"👨‍👨‍👧‍👧"[39m[33m,[39mfamily_woman_boy[33m:[39m[32m"👩‍👦"[39m[33m,[39mfamily_woman_girl[33m:[39m[32m"👩‍👧"[39m[33m,[39mfamily_woman_girl_boy[33m:[39m[32m"👩‍👧‍👦"[39m[33m,[39mfamily_woman_boy_boy[33m:[39m[32m"👩‍👦‍👦"[39m[33m,[39mfamily_woman_girl_girl[33m:[39m[32m"👩‍👧‍👧"[39m[33m,[39mfamily_man_boy[33m:[39m[32m"👨‍👦"[39m[33m,[39mfamily_man_girl[33m:[39m[32m"👨‍👧"[39m[33m,[39mfamily_man_girl_boy[33m:[39m[32m"👨‍👧‍👦"[39m[33m,[39mfamily_man_boy_boy[33m:[39m[32m"👨‍👦‍👦"[39m[33m,[39mfamily_man_girl_girl[33m:[39m[32m"👨‍👧‍👧"[39m[33m,[39myarn[33m:[39m[32m"🧶"[39m[33m,[39mthread[33m:[39m[32m"🧵"[39m[33m,[39mcoat[33m:[39m[32m"🧥"[39m[33m,[39mlabcoat[33m:[39m[32m"🥼"[39m[33m,[39mwomans_clothes[33m:[39m[32m"👚"[39m[33m,[39mtshirt[33m:[39m[32m"👕"[39m[33m,[39mjeans[33m:[39m[32m"👖"[39m[33m,[39mnecktie[33m:[39m[32m"👔"[39m[33m,[39mdress[33m:[39m[32m"👗"[39m[33m,[39mbikini[33m:[39m[32m"👙"[39m[33m,[39mkimono[33m:[39m[32m"👘"[39m[33m,[39mlipstick[33m:[39m[32m"💄"[39m[33m,[39mkiss[33m:[39m[32m"💋"[39m[33m,[39mfootprints[33m:[39m[32m"👣"[39m[33m,[39mflat_shoe[33m:[39m[32m"🥿"[39m[33m,[39mhigh_heel[33m:[39m[32m"👠"[39m[33m,[39msandal[33m:[39m[32m"👡"[39m[33m,[39mboot[33m:[39m[32m"👢"[39m[33m,[39mmans_shoe[33m:[39m[32m"👞"[39m[33m,[39mathletic_shoe[33m:[39m[32m"👟"[39m[33m,[39mhiking_boot[33m:[39m[32m"🥾"[39m[33m,[39msocks[33m:[39m[32m"🧦"[39m[33m,[39mgloves[33m:[39m[32m"🧤"[39m[33m,[39mscarf[33m:[39m[32m"🧣"[39m[33m,[39mwomans_hat[33m:[39m[32m"👒"[39m[33m,[39mtophat[33m:[39m[32m"🎩"[39m[33m,[39mbilled_hat[33m:[39m[32m"🧢"[39m[33m,[39mrescue_worker_helmet[33m:[39m[32m"⛑"[39m[33m,[39mmortar_board[33m:[39m[32m"🎓"[39m[33m,[39mcrown[33m:[39m[32m"👑"[39m[33m,[39mschool_satchel[33m:[39m[32m"🎒"[39m[33m,[39mluggage[33m:[39m[32m"🧳"[39m[33m,[39mpouch[33m:[39m[32m"👝"[39m[33m,[39mpurse[33m:[39m[32m"👛"[39m[33m,[39mhandbag[33m:[39m[32m"👜"[39m[33m,[39mbriefcase[33m:[39m[32m"💼"[39m[33m,[39meyeglasses[33m:[39m[32m"👓"[39m[33m,[39mdark_sunglasses[33m:[39m[32m"🕶"[39m[33m,[39mgoggles[33m:[39m[32m"🥽"[39m[33m,[39mring[33m:[39m[32m"💍"[39m[33m,[39mclosed_umbrella[33m:[39m[32m"🌂"[39m[33m,[39mdog[33m:[39m[32m"🐶"[39m[33m,[39mcat[33m:[39m[32m"🐱"[39m[33m,[39mmouse[33m:[39m[32m"🐭"[39m[33m,[39mhamster[33m:[39m[32m"🐹"[39m[33m,[39mrabbit[33m:[39m[32m"🐰"[39m[33m,[39mfox_face[33m:[39m[32m"🦊"[39m[33m,[39mbear[33m:[39m[32m"🐻"[39m[33m,[39mpanda_face[33m:[39m[32m"🐼"[39m[33m,[39mkoala[33m:[39m[32m"🐨"[39m[33m,[39mtiger[33m:[39m[32m"🐯"[39m[33m,[39mlion[33m:[39m[32m"🦁"[39m[33m,[39mcow[33m:[39m[32m"🐮"[39m[33m,[39mpig[33m:[39m[32m"🐷"[39m[33m,[39mpig_nose[33m:[39m[32m"🐽"[39m[33m,[39mfrog[33m:[39m[32m"🐸"[39m[33m,[39msquid[33m:[39m[32m"🦑"[39m[33m,[39moctopus[33m:[39m[32m"🐙"[39m[33m,[39mshrimp[33m:[39m[32m"🦐"[39m[33m,[39mmonkey_face[33m:[39m[32m"🐵"[39m[33m,[39mgorilla[33m:[39m[32m"🦍"[39m[33m,[39msee_no_evil[33m:[39m[32m"🙈"[39m[33m,[39mhear_no_evil[33m:[39m[32m"🙉"[39m[33m,[39mspeak_no_evil[33m:[39m[32m"🙊"[39m[33m,[39mmonkey[33m:[39m[32m"🐒"[39m[33m,[39mchicken[33m:[39m[32m"🐔"[39m[33m,[39mpenguin[33m:[39m[32m"🐧"[39m[33m,[39mbird[33m:[39m[32m"🐦"[39m[33m,[39mbaby_chick[33m:[39m[32m"🐤"[39m[33m,[39mhatching_chick[33m:[39m[32m"🐣"[39m[33m,[39mhatched_chick[33m:[39m[32m"🐥"[39m[33m,[39mduck[33m:[39m[32m"🦆"[39m[33m,[39meagle[33m:[39m[32m"🦅"[39m[33m,[39mowl[33m:[39m[32m"🦉"[39m[33m,[39mbat[33m:[39m[32m"🦇"[39m[33m,[39mwolf[33m:[39m[32m"🐺"[39m[33m,[39mboar[33m:[39m[32m"🐗"[39m[33m,[39mhorse[33m:[39m[32m"🐴"[39m[33m,[39municorn[33m:[39m[32m"🦄"[39m[33m,[39mhoneybee[33m:[39m[32m"🐝"[39m[33m,[39mbug[33m:[39m[32m"🐛"[39m[33m,[39mbutterfly[33m:[39m[32m"🦋"[39m[33m,[39msnail[33m:[39m[32m"🐌"[39m[33m,[39mbeetle[33m:[39m[32m"🐞"[39m[33m,[39mant[33m:[39m[32m"🐜"[39m[33m,[39mgrasshopper[33m:[39m[32m"🦗"[39m[33m,[39mspider[33m:[39m[32m"🕷"[39m[33m,[39mscorpion[33m:[39m[32m"🦂"[39m[33m,[39mcrab[33m:[39m[32m"🦀"[39m[33m,[39msnake[33m:[39m[32m"🐍"[39m[33m,[39mlizard[33m:[39m[32m"🦎"[39m[33m,[39m[32m"t-rex"[39m[33m:[39m[32m"🦖"[39m[33m,[39msauropod[33m:[39m[32m"🦕"[39m[33m,[39mturtle[33m:[39m[32m"🐢"[39m[33m,[39mtropical_fish[33m:[39m[32m"🐠"[39m[33m,[39mfish[33m:[39m[32m"🐟"[39m[33m,[39mblowfish[33m:[39m[32m"🐡"[39m[33m,[39mdolphin[33m:[39m[32m"🐬"[39m[33m,[39mshark[33m:[39m[32m"🦈"[39m[33m,[39mwhale[33m:[39m[32m"🐳"[39m[33m,[39mwhale2[33m:[39m[32m"🐋"[39m[33m,[39mcrocodile[33m:[39m[32m"🐊"[39m[33m,[39mleopard[33m:[39m[32m"🐆"[39m[33m,[39mzebra[33m:[39m[32m"🦓"[39m[33m,[39mtiger2[33m:[39m[32m"🐅"[39m[33m,[39mwater_buffalo[33m:[39m[32m"🐃"[39m[33m,[39mox[33m:[39m[32m"🐂"[39m[33m,[39mcow2[33m:[39m[32m"🐄"[39m[33m,[39mdeer[33m:[39m[32m"🦌"[39m[33m,[39mdromedary_camel[33m:[39m[32m"🐪"[39m[33m,[39mcamel[33m:[39m[32m"🐫"[39m[33m,[39mgiraffe[33m:[39m[32m"🦒"[39m[33m,[39melephant[33m:[39m[32m"🐘"[39m[33m,[39mrhinoceros[33m:[39m[32m"🦏"[39m[33m,[39mgoat[33m:[39m[32m"🐐"[39m[33m,[39mram[33m:[39m[32m"🐏"[39m[33m,[39msheep[33m:[39m[32m"🐑"[39m[33m,[39mracehorse[33m:[39m[32m"🐎"[39m[33m,[39mpig2[33m:[39m[32m"🐖"[39m[33m,[39mrat[33m:[39m[32m"🐀"[39m[33m,[39mmouse2[33m:[39m[32m"🐁"[39m[33m,[39mrooster[33m:[39m[32m"🐓"[39m[33m,[39mturkey[33m:[39m[32m"🦃"[39m[33m,[39mdove[33m:[39m[32m"🕊"[39m[33m,[39mdog2[33m:[39m[32m"🐕"[39m[33m,[39mpoodle[33m:[39m[32m"🐩"[39m[33m,[39mcat2[33m:[39m[32m"🐈"[39m[33m,[39mrabbit2[33m:[39m[32m"🐇"[39m[33m,[39mchipmunk[33m:[39m[32m"🐿"[39m[33m,[39mhedgehog[33m:[39m[32m"🦔"[39m[33m,[39mraccoon[33m:[39m[32m"🦝"[39m[33m,[39mllama[33m:[39m[32m"🦙"[39m[33m,[39mhippopotamus[33m:[39m[32m"🦛"[39m[33m,[39mkangaroo[33m:[39m[32m"🦘"[39m[33m,[39mbadger[33m:[39m[32m"🦡"[39m[33m,[39mswan[33m:[39m[32m"🦢"[39m[33m,[39mpeacock[33m:[39m[32m"🦚"[39m[33m,[39mparrot[33m:[39m[32m"🦜"[39m[33m,[39mlobster[33m:[39m[32m"🦞"[39m[33m,[39mmosquito[33m:[39m[32m"🦟"[39m[33m,[39mpaw_prints[33m:[39m[32m"🐾"[39m[33m,[39mdragon[33m:[39m[32m"🐉"[39m[33m,[39mdragon_face[33m:[39m[32m"🐲"[39m[33m,[39mcactus[33m:[39m[32m"🌵"[39m[33m,[39mchristmas_tree[33m:[39m[32m"🎄"[39m[33m,[39mevergreen_tree[33m:[39m[32m"🌲"[39m[33m,[39mdeciduous_tree[33m:[39m[32m"🌳"[39m[33m,[39mpalm_tree[33m:[39m[32m"🌴"[39m[33m,[39mseedling[33m:[39m[32m"🌱"[39m[33m,[39mherb[33m:[39m[32m"🌿"[39m[33m,[39mshamrock[33m:[39m[32m"☘"[39m[33m,[39mfour_leaf_clover[33m:[39m[32m"🍀"[39m[33m,[39mbamboo[33m:[39m[32m"🎍"[39m[33m,[39mtanabata_tree[33m:[39m[32m"🎋"[39m[33m,[39mleaves[33m:[39m[32m"🍃"[39m[33m,[39mfallen_leaf[33m:[39m[32m"🍂"[39m[33m,[39mmaple_leaf[33m:[39m[32m"🍁"[39m[33m,[39mear_of_rice[33m:[39m[32m"🌾"[39m[33m,[39mhibiscus[33m:[39m[32m"🌺"[39m[33m,[39msunflower[33m:[39m[32m"🌻"[39m[33m,[39mrose[33m:[39m[32m"🌹"[39m[33m,[39mwilted_flower[33m:[39m[32m"🥀"[39m[33m,[39mtulip[33m:[39m[32m"🌷"[39m[33m,[39mblossom[33m:[39m[32m"🌼"[39m[33m,[39mcherry_blossom[33m:[39m[32m"🌸"[39m[33m,[39mbouquet[33m:[39m[32m"💐"[39m[33m,[39mmushroom[33m:[39m[32m"🍄"[39m[33m,[39mchestnut[33m:[39m[32m"🌰"[39m[33m,[39mjack_o_lantern[33m:[39m[32m"🎃"[39m[33m,[39mshell[33m:[39m[32m"🐚"[39m[33m,[39mspider_web[33m:[39m[32m"🕸"[39m[33m,[39mearth_americas[33m:[39m[32m"🌎"[39m[33m,[39mearth_africa[33m:[39m[32m"🌍"[39m[33m,[39mearth_asia[33m:[39m[32m"🌏"[39m[33m,[39mfull_moon[33m:[39m[32m"🌕"[39m[33m,[39mwaning_gibbous_moon[33m:[39m[32m"🌖"[39m[33m,[39mlast_quarter_moon[33m:[39m[32m"🌗"[39m[33m,[39mwaning_crescent_moon[33m:[39m[32m"🌘"[39m[33m,[39mnew_moon[33m:[39m[32m"🌑"[39m[33m,[39mwaxing_crescent_moon[33m:[39m[32m"🌒"[39m[33m,[39mfirst_quarter_moon[33m:[39m[32m"🌓"[39m[33m,[39mwaxing_gibbous_moon[33m:[39m[32m"🌔"[39m[33m,[39mnew_moon_with_face[33m:[39m[32m"🌚"[39m[33m,[39mfull_moon_with_face[33m:[39m[32m"🌝"[39m[33m,[39mfirst_quarter_moon_with_face[33m:[39m[32m"🌛"[39m[33m,[39mlast_quarter_moon_with_face[33m:[39m[32m"🌜"[39m[33m,[39msun_with_face[33m:[39m[32m"🌞"[39m[33m,[39mcrescent_moon[33m:[39m[32m"🌙"[39m[33m,[39mstar[33m:[39m[32m"⭐"[39m[33m,[39mstar2[33m:[39m[32m"🌟"[39m[33m,[39mdizzy[33m:[39m[32m"💫"[39m[33m,[39msparkles[33m:[39m[32m"✨"[39m[33m,[39mcomet[33m:[39m[32m"☄"[39m[33m,[39msunny[33m:[39m[32m"☀️"[39m[33m,[39msun_behind_small_cloud[33m:[39m[32m"🌤"[39m[33m,[39mpartly_sunny[33m:[39m[32m"⛅"[39m[33m,[39msun_behind_large_cloud[33m:[39m[32m"🌥"[39m[33m,[39msun_behind_rain_cloud[33m:[39m[32m"🌦"[39m[33m,[39mcloud[33m:[39m[32m"☁️"[39m[33m,[39mcloud_with_rain[33m:[39m[32m"🌧"[39m[33m,[39mcloud_with_lightning_and_rain[33m:[39m[32m"⛈"[39m[33m,[39mcloud_with_lightning[33m:[39m[32m"🌩"[39m[33m,[39mzap[33m:[39m[32m"⚡"[39m[33m,[39mfire[33m:[39m[32m"🔥"[39m[33m,[39mboom[33m:[39m[32m"💥"[39m[33m,[39msnowflake[33m:[39m[32m"❄️"[39m[33m,[39mcloud_with_snow[33m:[39m[32m"🌨"[39m[33m,[39msnowman[33m:[39m[32m"⛄"[39m[33m,[39msnowman_with_snow[33m:[39m[32m"☃"[39m[33m,[39mwind_face[33m:[39m[32m"🌬"[39m[33m,[39mdash[33m:[39m[32m"💨"[39m[33m,[39mtornado[33m:[39m[32m"🌪"[39m[33m,[39mfog[33m:[39m[32m"🌫"[39m[33m,[39mopen_umbrella[33m:[39m[32m"☂"[39m[33m,[39mumbrella[33m:[39m[32m"☔"[39m[33m,[39mdroplet[33m:[39m[32m"💧"[39m[33m,[39msweat_drops[33m:[39m[32m"💦"[39m[33m,[39mocean[33m:[39m[32m"🌊"[39m[33m,[39mgreen_apple[33m:[39m[32m"🍏"[39m[33m,[39mapple[33m:[39m[32m"🍎"[39m[33m,[39mpear[33m:[39m[32m"🍐"[39m[33m,[39mtangerine[33m:[39m[32m"🍊"[39m[33m,[39mlemon[33m:[39m[32m"🍋"[39m[33m,[39mbanana[33m:[39m[32m"🍌"[39m[33m,[39mwatermelon[33m:[39m[32m"🍉"[39m[33m,[39mgrapes[33m:[39m[32m"🍇"[39m[33m,[39mstrawberry[33m:[39m[32m"🍓"[39m[33m,[39mmelon[33m:[39m[32m"🍈"[39m[33m,[39mcherries[33m:[39m[32m"🍒"[39m[33m,[39mpeach[33m:[39m[32m"🍑"[39m[33m,[39mpineapple[33m:[39m[32m"🍍"[39m[33m,[39mcoconut[33m:[39m[32m"🥥"[39m[33m,[39mkiwi_fruit[33m:[39m[32m"🥝"[39m[33m,[39mmango[33m:[39m[32m"🥭"[39m[33m,[39mavocado[33m:[39m[32m"🥑"[39m[33m,[39mbroccoli[33m:[39m[32m"🥦"[39m[33m,[39mtomato[33m:[39m[32m"🍅"[39m[33m,[39meggplant[33m:[39m[32m"🍆"[39m[33m,[39mcucumber[33m:[39m[32m"🥒"[39m[33m,[39mcarrot[33m:[39m[32m"🥕"[39m[33m,[39mhot_pepper[33m:[39m[32m"🌶"[39m[33m,[39mpotato[33m:[39m[32m"🥔"[39m[33m,[39mcorn[33m:[39m[32m"🌽"[39m[33m,[39mleafy_greens[33m:[39m[32m"🥬"[39m[33m,[39msweet_potato[33m:[39m[32m"🍠"[39m[33m,[39mpeanuts[33m:[39m[32m"🥜"[39m[33m,[39mhoney_pot[33m:[39m[32m"🍯"[39m[33m,[39mcroissant[33m:[39m[32m"🥐"[39m[33m,[39mbread[33m:[39m[32m"🍞"[39m[33m,[39mbaguette_bread[33m:[39m[32m"🥖"[39m[33m,[39mbagel[33m:[39m[32m"🥯"[39m[33m,[39mpretzel[33m:[39m[32m"🥨"[39m[33m,[39mcheese[33m:[39m[32m"🧀"[39m[33m,[39megg[33m:[39m[32m"🥚"[39m[33m,[39mbacon[33m:[39m[32m"🥓"[39m[33m,[39msteak[33m:[39m[32m"🥩"[39m[33m,[39mpancakes[33m:[39m[32m"🥞"[39m[33m,[39mpoultry_leg[33m:[39m[32m"🍗"[39m[33m,[39mmeat_on_bone[33m:[39m[32m"🍖"[39m[33m,[39mbone[33m:[39m[32m"🦴"[39m[33m,[39mfried_shrimp[33m:[39m[32m"🍤"[39m[33m,[39mfried_egg[33m:[39m[32m"🍳"[39m[33m,[39mhamburger[33m:[39m[32m"🍔"[39m[33m,[39mfries[33m:[39m[32m"🍟"[39m[33m,[39mstuffed_flatbread[33m:[39m[32m"🥙"[39m[33m,[39mhotdog[33m:[39m[32m"🌭"[39m[33m,[39mpizza[33m:[39m[32m"🍕"[39m[33m,[39msandwich[33m:[39m[32m"🥪"[39m[33m,[39mcanned_food[33m:[39m[32m"🥫"[39m[33m,[39mspaghetti[33m:[39m[32m"🍝"[39m[33m,[39mtaco[33m:[39m[32m"🌮"[39m[33m,[39mburrito[33m:[39m[32m"🌯"[39m[33m,[39mgreen_salad[33m:[39m[32m"🥗"[39m[33m,[39mshallow_pan_of_food[33m:[39m[32m"🥘"[39m[33m,[39mramen[33m:[39m[32m"🍜"[39m[33m,[39mstew[33m:[39m[32m"🍲"[39m[33m,[39mfish_cake[33m:[39m[32m"🍥"[39m[33m,[39mfortune_cookie[33m:[39m[32m"🥠"[39m[33m,[39msushi[33m:[39m[32m"🍣"[39m[33m,[39mbento[33m:[39m[32m"🍱"[39m[33m,[39mcurry[33m:[39m[32m"🍛"[39m[33m,[39mrice_ball[33m:[39m[32m"🍙"[39m[33m,[39mrice[33m:[39m[32m"🍚"[39m[33m,[39mrice_cracker[33m:[39m[32m"🍘"[39m[33m,[39moden[33m:[39m[32m"🍢"[39m[33m,[39mdango[33m:[39m[32m"🍡"[39m[33m,[39mshaved_ice[33m:[39m[32m"🍧"[39m[33m,[39mice_cream[33m:[39m[32m"🍨"[39m[33m,[39micecream[33m:[39m[32m"🍦"[39m[33m,[39mpie[33m:[39m[32m"🥧"[39m[33m,[39mcake[33m:[39m[32m"🍰"[39m[33m,[39mcupcake[33m:[39m[32m"🧁"[39m[33m,[39mmoon_cake[33m:[39m[32m"🥮"[39m[33m,[39mbirthday[33m:[39m[32m"🎂"[39m[33m,[39mcustard[33m:[39m[32m"🍮"[39m[33m,[39mcandy[33m:[39m[32m"🍬"[39m[33m,[39mlollipop[33m:[39m[32m"🍭"[39m[33m,[39mchocolate_bar[33m:[39m[32m"🍫"[39m[33m,[39mpopcorn[33m:[39m[32m"🍿"[39m[33m,[39mdumpling[33m:[39m[32m"🥟"[39m[33m,[39mdoughnut[33m:[39m[32m"🍩"[39m[33m,[39mcookie[33m:[39m[32m"🍪"[39m[33m,[39mmilk_glass[33m:[39m[32m"🥛"[39m[33m,[39mbeer[33m:[39m[32m"🍺"[39m[33m,[39mbeers[33m:[39m[32m"🍻"[39m[33m,[39mclinking_glasses[33m:[39m[32m"🥂"[39m[33m,[39mwine_glass[33m:[39m[32m"🍷"[39m[33m,[39mtumbler_glass[33m:[39m[32m"🥃"[39m[33m,[39mcocktail[33m:[39m[32m"🍸"[39m[33m,[39mtropical_drink[33m:[39m[32m"🍹"[39m[33m,[39mchampagne[33m:[39m[32m"🍾"[39m[33m,[39msake[33m:[39m[32m"🍶"[39m[33m,[39mtea[33m:[39m[32m"🍵"[39m[33m,[39mcup_with_straw[33m:[39m[32m"🥤"[39m[33m,[39mcoffee[33m:[39m[32m"☕"[39m[33m,[39mbaby_bottle[33m:[39m[32m"🍼"[39m[33m,[39msalt[33m:[39m[32m"🧂"[39m[33m,[39mspoon[33m:[39m[32m"🥄"[39m[33m,[39mfork_and_knife[33m:[39m[32m"🍴"[39m[33m,[39mplate_with_cutlery[33m:[39m[32m"🍽"[39m[33m,[39mbowl_with_spoon[33m:[39m[32m"🥣"[39m[33m,[39mtakeout_box[33m:[39m[32m"🥡"[39m[33m,[39mchopsticks[33m:[39m[32m"🥢"[39m[33m,[39msoccer[33m:[39m[32m"⚽"[39m[33m,[39mbasketball[33m:[39m[32m"🏀"[39m[33m,[39mfootball[33m:[39m[32m"🏈"[39m[33m,[39mbaseball[33m:[39m[32m"⚾"[39m[33m,[39msoftball[33m:[39m[32m"🥎"[39m[33m,[39mtennis[33m:[39m[32m"🎾"[39m[33m,[39mvolleyball[33m:[39m[32m"🏐"[39m[33m,[39mrugby_football[33m:[39m[32m"🏉"[39m[33m,[39mflying_disc[33m:[39m[32m"🥏"[39m[33m,[39m[32m"8ball"[39m[33m:[39m[32m"🎱"[39m[33m,[39mgolf[33m:[39m[32m"⛳"[39m[33m,[39mgolfing_woman[33m:[39m[32m"🏌️‍♀️"[39m[33m,[39mgolfing_man[33m:[39m[32m"🏌"[39m[33m,[39mping_pong[33m:[39m[32m"🏓"[39m[33m,[39mbadminton[33m:[39m[32m"🏸"[39m[33m,[39mgoal_net[33m:[39m[32m"🥅"[39m[33m,[39mice_hockey[33m:[39m[32m"🏒"[39m[33m,[39mfield_hockey[33m:[39m[32m"🏑"[39m[33m,[39mlacrosse[33m:[39m[32m"🥍"[39m[33m,[39mcricket[33m:[39m[32m"🏏"[39m[33m,[39mski[33m:[39m[32m"🎿"[39m[33m,[39mskier[33m:[39m[32m"⛷"[39m[33m,[39msnowboarder[33m:[39m[32m"🏂"[39m[33m,[39mperson_fencing[33m:[39m[32m"🤺"[39m[33m,[39mwomen_wrestling[33m:[39m[32m"🤼‍♀️"[39m[33m,[39mmen_wrestling[33m:[39m[32m"🤼‍♂️"[39m[33m,[39mwoman_cartwheeling[33m:[39m[32m"🤸‍♀️"[39m[33m,[39mman_cartwheeling[33m:[39m[32m"🤸‍♂️"[39m[33m,[39mwoman_playing_handball[33m:[39m[32m"🤾‍♀️"[39m[33m,[39mman_playing_handball[33m:[39m[32m"🤾‍♂️"[39m[33m,[39mice_skate[33m:[39m[32m"⛸"[39m[33m,[39mcurling_stone[33m:[39m[32m"🥌"[39m[33m,[39mskateboard[33m:[39m[32m"🛹"[39m[33m,[39msled[33m:[39m[32m"🛷"[39m[33m,[39mbow_and_arrow[33m:[39m[32m"🏹"[39m[33m,[39mfishing_pole_and_fish[33m:[39m[32m"🎣"[39m[33m,[39mboxing_glove[33m:[39m[32m"🥊"[39m[33m,[39mmartial_arts_uniform[33m:[39m[32m"🥋"[39m[33m,[39mrowing_woman[33m:[39m[32m"🚣‍♀️"[39m[33m,[39mrowing_man[33m:[39m[32m"🚣"[39m[33m,[39mclimbing_woman[33m:[39m[32m"🧗‍♀️"[39m[33m,[39mclimbing_man[33m:[39m[32m"🧗‍♂️"[39m[33m,[39mswimming_woman[33m:[39m[32m"🏊‍♀️"[39m[33m,[39mswimming_man[33m:[39m[32m"🏊"[39m[33m,[39mwoman_playing_water_polo[33m:[39m[32m"🤽‍♀️"[39m[33m,[39mman_playing_water_polo[33m:[39m[32m"🤽‍♂️"[39m[33m,[39mwoman_in_lotus_position[33m:[39m[32m"🧘‍♀️"[39m[33m,[39mman_in_lotus_position[33m:[39m[32m"🧘‍♂️"[39m[33m,[39msurfing_woman[33m:[39m[32m"🏄‍♀️"[39m[33m,[39msurfing_man[33m:[39m[32m"🏄"[39m[33m,[39mbath[33m:[39m[32m"🛀"[39m[33m,[39mbasketball_woman[33m:[39m[32m"⛹️‍♀️"[39m[33m,[39mbasketball_man[33m:[39m[32m"⛹"[39m[33m,[39mweight_lifting_woman[33m:[39m[32m"🏋️‍♀️"[39m[33m,[39mweight_lifting_man[33m:[39m[32m"🏋"[39m[33m,[39mbiking_woman[33m:[39m[32m"🚴‍♀️"[39m[33m,[39mbiking_man[33m:[39m[32m"🚴"[39m[33m,[39mmountain_biking_woman[33m:[39m[32m"🚵‍♀️"[39m[33m,[39mmountain_biking_man[33m:[39m[32m"🚵"[39m[33m,[39mhorse_racing[33m:[39m[32m"🏇"[39m[33m,[39mbusiness_suit_levitating[33m:[39m[32m"🕴"[39m[33m,[39mtrophy[33m:[39m[32m"🏆"[39m[33m,[39mrunning_shirt_with_sash[33m:[39m[32m"🎽"[39m[33m,[39mmedal_sports[33m:[39m[32m"🏅"[39m[33m,[39mmedal_military[33m:[39m[32m"🎖"[39m[33m,[39m[32m"1st_place_medal"[39m[33m:[39m[32m"🥇"[39m[33m,[39m[32m"2nd_place_medal"[39m[33m:[39m[32m"🥈"[39m[33m,[39m[32m"3rd_place_medal"[39m[33m:[39m[32m"🥉"[39m[33m,[39mreminder_ribbon[33m:[39m[32m"🎗"[39m[33m,[39mrosette[33m:[39m[32m"🏵"[39m[33m,[39mticket[33m:[39m[32m"🎫"[39m[33m,[39mtickets[33m:[39m[32m"🎟"[39m[33m,[39mperforming_arts[33m:[39m[32m"🎭"[39m[33m,[39mart[33m:[39m[32m"🎨"[39m[33m,[39mcircus_tent[33m:[39m[32m"🎪"[39m[33m,[39mwoman_juggling[33m:[39m[32m"🤹‍♀️"[39m[33m,[39mman_juggling[33m:[39m[32m"🤹‍♂️"[39m[33m,[39mmicrophone[33m:[39m[32m"🎤"[39m[33m,[39mheadphones[33m:[39m[32m"🎧"[39m[33m,[39mmusical_score[33m:[39m[32m"🎼"[39m[33m,[39mmusical_keyboard[33m:[39m[32m"🎹"[39m[33m,[39mdrum[33m:[39m[32m"🥁"[39m[33m,[39msaxophone[33m:[39m[32m"🎷"[39m[33m,[39mtrumpet[33m:[39m[32m"🎺"[39m[33m,[39mguitar[33m:[39m[32m"🎸"[39m[33m,[39mviolin[33m:[39m[32m"🎻"[39m[33m,[39mclapper[33m:[39m[32m"🎬"[39m[33m,[39mvideo_game[33m:[39m[32m"🎮"[39m[33m,[39mspace_invader[33m:[39m[32m"👾"[39m[33m,[39mdart[33m:[39m[32m"🎯"[39m[33m,[39mgame_die[33m:[39m[32m"🎲"[39m[33m,[39mchess_pawn[33m:[39m[32m"♟"[39m[33m,[39mslot_machine[33m:[39m[32m"🎰"[39m[33m,[39mjigsaw[33m:[39m[32m"🧩"[39m[33m,[39mbowling[33m:[39m[32m"🎳"[39m[33m,[39mred_car[33m:[39m[32m"🚗"[39m[33m,[39mtaxi[33m:[39m[32m"🚕"[39m[33m,[39mblue_car[33m:[39m[32m"🚙"[39m[33m,[39mbus[33m:[39m[32m"🚌"[39m[33m,[39mtrolleybus[33m:[39m[32m"🚎"[39m[33m,[39mracing_car[33m:[39m[32m"🏎"[39m[33m,[39mpolice_car[33m:[39m[32m"🚓"[39m[33m,[39mambulance[33m:[39m[32m"🚑"[39m[33m,[39mfire_engine[33m:[39m[32m"🚒"[39m[33m,[39mminibus[33m:[39m[32m"🚐"[39m[33m,[39mtruck[33m:[39m[32m"🚚"[39m[33m,[39marticulated_lorry[33m:[39m[32m"🚛"[39m[33m,[39mtractor[33m:[39m[32m"🚜"[39m[33m,[39mkick_scooter[33m:[39m[32m"🛴"[39m[33m,[39mmotorcycle[33m:[39m[32m"🏍"[39m[33m,[39mbike[33m:[39m[32m"🚲"[39m[33m,[39mmotor_scooter[33m:[39m[32m"🛵"[39m[33m,[39mrotating_light[33m:[39m[32m"🚨"[39m[33m,[39moncoming_police_car[33m:[39m[32m"🚔"[39m[33m,[39moncoming_bus[33m:[39m[32m"🚍"[39m[33m,[39moncoming_automobile[33m:[39m[32m"🚘"[39m[33m,[39moncoming_taxi[33m:[39m[32m"🚖"[39m[33m,[39maerial_tramway[33m:[39m[32m"🚡"[39m[33m,[39mmountain_cableway[33m:[39m[32m"🚠"[39m[33m,[39msuspension_railway[33m:[39m[32m"🚟"[39m[33m,[39mrailway_car[33m:[39m[32m"🚃"[39m[33m,[39mtrain[33m:[39m[32m"🚋"[39m[33m,[39mmonorail[33m:[39m[32m"🚝"[39m[33m,[39mbullettrain_side[33m:[39m[32m"🚄"[39m[33m,[39mbullettrain_front[33m:[39m[32m"🚅"[39m[33m,[39mlight_rail[33m:[39m[32m"🚈"[39m[33m,[39mmountain_railway[33m:[39m[32m"🚞"[39m[33m,[39msteam_locomotive[33m:[39m[32m"🚂"[39m[33m,[39mtrain2[33m:[39m[32m"🚆"[39m[33m,[39mmetro[33m:[39m[32m"🚇"[39m[33m,[39mtram[33m:[39m[32m"🚊"[39m[33m,[39mstation[33m:[39m[32m"🚉"[39m[33m,[39mflying_saucer[33m:[39m[32m"🛸"[39m[33m,[39mhelicopter[33m:[39m[32m"🚁"[39m[33m,[39msmall_airplane[33m:[39m[32m"🛩"[39m[33m,[39mairplane[33m:[39m[32m"✈️"[39m[33m,[39mflight_departure[33m:[39m[32m"🛫"[39m[33m,[39mflight_arrival[33m:[39m[32m"🛬"[39m[33m,[39msailboat[33m:[39m[32m"⛵"[39m[33m,[39mmotor_boat[33m:[39m[32m"🛥"[39m[33m,[39mspeedboat[33m:[39m[32m"🚤"[39m[33m,[39mferry[33m:[39m[32m"⛴"[39m[33m,[39mpassenger_ship[33m:[39m[32m"🛳"[39m[33m,[39mrocket[33m:[39m[32m"🚀"[39m[33m,[39martificial_satellite[33m:[39m[32m"🛰"[39m[33m,[39mseat[33m:[39m[32m"💺"[39m[33m,[39mcanoe[33m:[39m[32m"🛶"[39m[33m,[39manchor[33m:[39m[32m"⚓"[39m[33m,[39mconstruction[33m:[39m[32m"🚧"[39m[33m,[39mfuelpump[33m:[39m[32m"⛽"[39m[33m,[39mbusstop[33m:[39m[32m"🚏"[39m[33m,[39mvertical_traffic_light[33m:[39m[32m"🚦"[39m[33m,[39mtraffic_light[33m:[39m[32m"🚥"[39m[33m,[39mcheckered_flag[33m:[39m[32m"🏁"[39m[33m,[39mship[33m:[39m[32m"🚢"[39m[33m,[39mferris_wheel[33m:[39m[32m"🎡"[39m[33m,[39mroller_coaster[33m:[39m[32m"🎢"[39m[33m,[39mcarousel_horse[33m:[39m[32m"🎠"[39m[33m,[39mbuilding_construction[33m:[39m[32m"🏗"[39m[33m,[39mfoggy[33m:[39m[32m"🌁"[39m[33m,[39mtokyo_tower[33m:[39m[32m"🗼"[39m[33m,[39mfactory[33m:[39m[32m"🏭"[39m[33m,[39mfountain[33m:[39m[32m"⛲"[39m[33m,[39mrice_scene[33m:[39m[32m"🎑"[39m[33m,[39mmountain[33m:[39m[32m"⛰"[39m[33m,[39mmountain_snow[33m:[39m[32m"🏔"[39m[33m,[39mmount_fuji[33m:[39m[32m"🗻"[39m[33m,[39mvolcano[33m:[39m[32m"🌋"[39m[33m,[39mjapan[33m:[39m[32m"🗾"[39m[33m,[39mcamping[33m:[39m[32m"🏕"[39m[33m,[39mtent[33m:[39m[32m"⛺"[39m[33m,[39mnational_park[33m:[39m[32m"🏞"[39m[33m,[39mmotorway[33m:[39m[32m"🛣"[39m[33m,[39mrailway_track[33m:[39m[32m"🛤"[39m[33m,[39msunrise[33m:[39m[32m"🌅"[39m[33m,[39msunrise_over_mountains[33m:[39m[32m"🌄"[39m[33m,[39mdesert[33m:[39m[32m"🏜"[39m[33m,[39mbeach_umbrella[33m:[39m[32m"🏖"[39m[33m,[39mdesert_island[33m:[39m[32m"🏝"[39m[33m,[39mcity_sunrise[33m:[39m[32m"🌇"[39m[33m,[39mcity_sunset[33m:[39m[32m"🌆"[39m[33m,[39mcityscape[33m:[39m[32m"🏙"[39m[33m,[39mnight_with_stars[33m:[39m[32m"🌃"[39m[33m,[39mbridge_at_night[33m:[39m[32m"🌉"[39m[33m,[39mmilky_way[33m:[39m[32m"🌌"[39m[33m,[39mstars[33m:[39m[32m"🌠"[39m[33m,[39msparkler[33m:[39m[32m"🎇"[39m[33m,[39mfireworks[33m:[39m[32m"🎆"[39m[33m,[39mrainbow[33m:[39m[32m"🌈"[39m[33m,[39mhouses[33m:[39m[32m"🏘"[39m[33m,[39meuropean_castle[33m:[39m[32m"🏰"[39m[33m,[39mjapanese_castle[33m:[39m[32m"🏯"[39m[33m,[39mstadium[33m:[39m[32m"🏟"[39m[33m,[39mstatue_of_liberty[33m:[39m[32m"🗽"[39m[33m,[39mhouse[33m:[39m[32m"🏠"[39m[33m,[39mhouse_with_garden[33m:[39m[32m"🏡"[39m[33m,[39mderelict_house[33m:[39m[32m"🏚"[39m[33m,[39moffice[33m:[39m[32m"🏢"[39m[33m,[39mdepartment_store[33m:[39m[32m"🏬"[39m[33m,[39mpost_office[33m:[39m[32m"🏣"[39m[33m,[39meuropean_post_office[33m:[39m[32m"🏤"[39m[33m,[39mhospital[33m:[39m[32m"🏥"[39m[33m,[39mbank[33m:[39m[32m"🏦"[39m[33m,[39mhotel[33m:[39m[32m"🏨"[39m[33m,[39mconvenience_store[33m:[39m[32m"🏪"[39m[33m,[39mschool[33m:[39m[32m"🏫"[39m[33m,[39mlove_hotel[33m:[39m[32m"🏩"[39m[33m,[39mwedding[33m:[39m[32m"💒"[39m[33m,[39mclassical_building[33m:[39m[32m"🏛"[39m[33m,[39mchurch[33m:[39m[32m"⛪"[39m[33m,[39mmosque[33m:[39m[32m"🕌"[39m[33m,[39msynagogue[33m:[39m[32m"🕍"[39m[33m,[39mkaaba[33m:[39m[32m"🕋"[39m[33m,[39mshinto_shrine[33m:[39m[32m"⛩"[39m[33m,[39mwatch[33m:[39m[32m"⌚"[39m[33m,[39miphone[33m:[39m[32m"📱"[39m[33m,[39mcalling[33m:[39m[32m"📲"[39m[33m,[39mcomputer[33m:[39m[32m"💻"[39m[33m,[39mkeyboard[33m:[39m[32m"⌨"[39m[33m,[39mdesktop_computer[33m:[39m[32m"🖥"[39m[33m,[39mprinter[33m:[39m[32m"🖨"[39m[33m,[39mcomputer_mouse[33m:[39m[32m"🖱"[39m[33m,[39mtrackball[33m:[39m[32m"🖲"[39m[33m,[39mjoystick[33m:[39m[32m"🕹"[39m[33m,[39mclamp[33m:[39m[32m"🗜"[39m[33m,[39mminidisc[33m:[39m[32m"💽"[39m[33m,[39mfloppy_disk[33m:[39m[32m"💾"[39m[33m,[39mcd[33m:[39m[32m"💿"[39m[33m,[39mdvd[33m:[39m[32m"📀"[39m[33m,[39mvhs[33m:[39m[32m"📼"[39m[33m,[39mcamera[33m:[39m[32m"📷"[39m[33m,[39mcamera_flash[33m:[39m[32m"📸"[39m[33m,[39mvideo_camera[33m:[39m[32m"📹"[39m[33m,[39mmovie_camera[33m:[39m[32m"🎥"[39m[33m,[39mfilm_projector[33m:[39m[32m"📽"[39m[33m,[39mfilm_strip[33m:[39m[32m"🎞"[39m[33m,[39mtelephone_receiver[33m:[39m[32m"📞"[39m[33m,[39mphone[33m:[39m[32m"☎️"[39m[33m,[39mpager[33m:[39m[32m"📟"[39m[33m,[39mfax[33m:[39m[32m"📠"[39m[33m,[39mtv[33m:[39m[32m"📺"[39m[33m,[39mradio[33m:[39m[32m"📻"[39m[33m,[39mstudio_microphone[33m:[39m[32m"🎙"[39m[33m,[39mlevel_slider[33m:[39m[32m"🎚"[39m[33m,[39mcontrol_knobs[33m:[39m[32m"🎛"[39m[33m,[39mcompass[33m:[39m[32m"🧭"[39m[33m,[39mstopwatch[33m:[39m[32m"⏱"[39m[33m,[39mtimer_clock[33m:[39m[32m"⏲"[39m[33m,[39malarm_clock[33m:[39m[32m"⏰"[39m[33m,[39mmantelpiece_clock[33m:[39m[32m"🕰"[39m[33m,[39mhourglass_flowing_sand[33m:[39m[32m"⏳"[39m[33m,[39mhourglass[33m:[39m[32m"⌛"[39m[33m,[39msatellite[33m:[39m[32m"📡"[39m[33m,[39mbattery[33m:[39m[32m"🔋"[39m[33m,[39melectric_plug[33m:[39m[32m"🔌"[39m[33m,[39mbulb[33m:[39m[32m"💡"[39m[33m,[39mflashlight[33m:[39m[32m"🔦"[39m[33m,[39mcandle[33m:[39m[32m"🕯"[39m[33m,[39mfire_extinguisher[33m:[39m[32m"🧯"[39m[33m,[39mwastebasket[33m:[39m[32m"🗑"[39m[33m,[39moil_drum[33m:[39m[32m"🛢"[39m[33m,[39mmoney_with_wings[33m:[39m[32m"💸"[39m[33m,[39mdollar[33m:[39m[32m"💵"[39m[33m,[39myen[33m:[39m[32m"💴"[39m[33m,[39meuro[33m:[39m[32m"💶"[39m[33m,[39mpound[33m:[39m[32m"💷"[39m[33m,[39mmoneybag[33m:[39m[32m"💰"[39m[33m,[39mcredit_card[33m:[39m[32m"💳"[39m[33m,[39mgem[33m:[39m[32m"💎"[39m[33m,[39mbalance_scale[33m:[39m[32m"⚖"[39m[33m,[39mtoolbox[33m:[39m[32m"🧰"[39m[33m,[39mwrench[33m:[39m[32m"🔧"[39m[33m,[39mhammer[33m:[39m[32m"🔨"[39m[33m,[39mhammer_and_pick[33m:[39m[32m"⚒"[39m[33m,[39mhammer_and_wrench[33m:[39m[32m"🛠"[39m[33m,[39mpick[33m:[39m[32m"⛏"[39m[33m,[39mnut_and_bolt[33m:[39m[32m"🔩"[39m[33m,[39mgear[33m:[39m[32m"⚙"[39m[33m,[39mbrick[33m:[39m[32m"🧱"[39m[33m,[39mchains[33m:[39m[32m"⛓"[39m[33m,[39mmagnet[33m:[39m[32m"🧲"[39m[33m,[39mgun[33m:[39m[32m"🔫"[39m[33m,[39mbomb[33m:[39m[32m"💣"[39m[33m,[39mfirecracker[33m:[39m[32m"🧨"[39m[33m,[39mhocho[33m:[39m[32m"🔪"[39m[33m,[39mdagger[33m:[39m[32m"🗡"[39m[33m,[39mcrossed_swords[33m:[39m[32m"⚔"[39m[33m,[39mshield[33m:[39m[32m"🛡"[39m[33m,[39msmoking[33m:[39m[32m"🚬"[39m[33m,[39mskull_and_crossbones[33m:[39m[32m"☠"[39m[33m,[39mcoffin[33m:[39m[32m"⚰"[39m[33m,[39mfuneral_urn[33m:[39m[32m"⚱"[39m[33m,[39mamphora[33m:[39m[32m"🏺"[39m[33m,[39mcrystal_ball[33m:[39m[32m"🔮"[39m[33m,[39mprayer_beads[33m:[39m[32m"📿"[39m[33m,[39mnazar_amulet[33m:[39m[32m"🧿"[39m[33m,[39mbarber[33m:[39m[32m"💈"[39m[33m,[39malembic[33m:[39m[32m"⚗"[39m[33m,[39mtelescope[33m:[39m[32m"🔭"[39m[33m,[39mmicroscope[33m:[39m[32m"🔬"[39m[33m,[39mhole[33m:[39m[32m"🕳"[39m[33m,[39mpill[33m:[39m[32m"💊"[39m[33m,[39msyringe[33m:[39m[32m"💉"[39m[33m,[39mdna[33m:[39m[32m"🧬"[39m[33m,[39mmicrobe[33m:[39m[32m"🦠"[39m[33m,[39mpetri_dish[33m:[39m[32m"🧫"[39m[33m,[39mtest_tube[33m:[39m[32m"🧪"[39m[33m,[39mthermometer[33m:[39m[32m"🌡"[39m[33m,[39mbroom[33m:[39m[32m"🧹"[39m[33m,[39mbasket[33m:[39m[32m"🧺"[39m[33m,[39mtoilet_paper[33m:[39m[32m"🧻"[39m[33m,[39mlabel[33m:[39m[32m"🏷"[39m[33m,[39mbookmark[33m:[39m[32m"🔖"[39m[33m,[39mtoilet[33m:[39m[32m"🚽"[39m[33m,[39mshower[33m:[39m[32m"🚿"[39m[33m,[39mbathtub[33m:[39m[32m"🛁"[39m[33m,[39msoap[33m:[39m[32m"🧼"[39m[33m,[39msponge[33m:[39m[32m"🧽"[39m[33m,[39mlotion_bottle[33m:[39m[32m"🧴"[39m[33m,[39mkey[33m:[39m[32m"🔑"[39m[33m,[39mold_key[33m:[39m[32m"🗝"[39m[33m,[39mcouch_and_lamp[33m:[39m[32m"🛋"[39m[33m,[39msleeping_bed[33m:[39m[32m"🛌"[39m[33m,[39mbed[33m:[39m[32m"🛏"[39m[33m,[39mdoor[33m:[39m[32m"🚪"[39m[33m,[39mbellhop_bell[33m:[39m[32m"🛎"[39m[33m,[39mteddy_bear[33m:[39m[32m"🧸"[39m[33m,[39mframed_picture[33m:[39m[32m"🖼"[39m[33m,[39mworld_map[33m:[39m[32m"🗺"[39m[33m,[39mparasol_on_ground[33m:[39m[32m"⛱"[39m[33m,[39mmoyai[33m:[39m[32m"🗿"[39m[33m,[39mshopping[33m:[39m[32m"🛍"[39m[33m,[39mshopping_cart[33m:[39m[32m"🛒"[39m[33m,[39mballoon[33m:[39m[32m"🎈"[39m[33m,[39mflags[33m:[39m[32m"🎏"[39m[33m,[39mribbon[33m:[39m[32m"🎀"[39m[33m,[39mgift[33m:[39m[32m"🎁"[39m[33m,[39mconfetti_ball[33m:[39m[32m"🎊"[39m[33m,[39mtada[33m:[39m[32m"🎉"[39m[33m,[39mdolls[33m:[39m[32m"🎎"[39m[33m,[39mwind_chime[33m:[39m[32m"🎐"[39m[33m,[39mcrossed_flags[33m:[39m[32m"🎌"[39m[33m,[39mizakaya_lantern[33m:[39m[32m"🏮"[39m[33m,[39mred_envelope[33m:[39m[32m"🧧"[39m[33m,[39memail[33m:[39m[32m"✉️"[39m[33m,[39menvelope_with_arrow[33m:[39m[32m"📩"[39m[33m,[39mincoming_envelope[33m:[39m[32m"📨"[39m[33m,[39m[32m"e-mail"[39m[33m:[39m[32m"📧"[39m[33m,[39mlove_letter[33m:[39m[32m"💌"[39m[33m,[39mpostbox[33m:[39m[32m"📮"[39m[33m,[39mmailbox_closed[33m:[39m[32m"📪"[39m[33m,[39mmailbox[33m:[39m[32m"📫"[39m[33m,[39mmailbox_with_mail[33m:[39m[32m"📬"[39m[33m,[39mmailbox_with_no_mail[33m:[39m[32m"📭"[39m[33m,[39m[36mpackage[39m[33m:[39m[32m"📦"[39m[33m,[39mpostal_horn[33m:[39m[32m"📯"[39m[33m,[39minbox_tray[33m:[39m[32m"📥"[39m[33m,[39moutbox_tray[33m:[39m[32m"📤"[39m[33m,[39mscroll[33m:[39m[32m"📜"[39m[33m,[39mpage_with_curl[33m:[39m[32m"📃"[39m[33m,[39mbookmark_tabs[33m:[39m[32m"📑"[39m[33m,[39mreceipt[33m:[39m[32m"🧾"[39m[33m,[39mbar_chart[33m:[39m[32m"📊"[39m[33m,[39mchart_with_upwards_trend[33m:[39m[32m"📈"[39m[33m,[39mchart_with_downwards_trend[33m:[39m[32m"📉"[39m[33m,[39mpage_facing_up[33m:[39m[32m"📄"[39m[33m,[39mdate[33m:[39m[32m"📅"[39m[33m,[39mcalendar[33m:[39m[32m"📆"[39m[33m,[39mspiral_calendar[33m:[39m[32m"🗓"[39m[33m,[39mcard_index[33m:[39m[32m"📇"[39m[33m,[39mcard_file_box[33m:[39m[32m"🗃"[39m[33m,[39mballot_box[33m:[39m[32m"🗳"[39m[33m,[39mfile_cabinet[33m:[39m[32m"🗄"[39m[33m,[39mclipboard[33m:[39m[32m"📋"[39m[33m,[39mspiral_notepad[33m:[39m[32m"🗒"[39m[33m,[39mfile_folder[33m:[39m[32m"📁"[39m[33m,[39mopen_file_folder[33m:[39m[32m"📂"[39m[33m,[39mcard_index_dividers[33m:[39m[32m"🗂"[39m[33m,[39mnewspaper_roll[33m:[39m[32m"🗞"[39m[33m,[39mnewspaper[33m:[39m[32m"📰"[39m[33m,[39mnotebook[33m:[39m[32m"📓"[39m[33m,[39mclosed_book[33m:[39m[32m"📕"[39m[33m,[39mgreen_book[33m:[39m[32m"📗"[39m[33m,[39mblue_book[33m:[39m[32m"📘"[39m[33m,[39morange_book[33m:[39m[32m"📙"[39m[33m,[39mnotebook_with_decorative_cover[33m:[39m[32m"📔"[39m[33m,[39mledger[33m:[39m[32m"📒"[39m[33m,[39mbooks[33m:[39m[32m"📚"[39m[33m,[39mopen_book[33m:[39m[32m"📖"[39m[33m,[39msafety_pin[33m:[39m[32m"🧷"[39m[33m,[39mlink[33m:[39m[32m"🔗"[39m[33m,[39mpaperclip[33m:[39m[32m"📎"[39m[33m,[39mpaperclips[33m:[39m[32m"🖇"[39m[33m,[39mscissors[33m:[39m[32m"✂️"[39m[33m,[39mtriangular_ruler[33m:[39m[32m"📐"[39m[33m,[39mstraight_ruler[33m:[39m[32m"📏"[39m[33m,[39mabacus[33m:[39m[32m"🧮"[39m[33m,[39mpushpin[33m:[39m[32m"📌"[39m[33m,[39mround_pushpin[33m:[39m[32m"📍"[39m[33m,[39mtriangular_flag_on_post[33m:[39m[32m"🚩"[39m[33m,[39mwhite_flag[33m:[39m[32m"🏳"[39m[33m,[39mblack_flag[33m:[39m[32m"🏴"[39m[33m,[39mrainbow_flag[33m:[39m[32m"🏳️‍🌈"[39m[33m,[39mclosed_lock_with_key[33m:[39m[32m"🔐"[39m[33m,[39mlock[33m:[39m[32m"🔒"[39m[33m,[39munlock[33m:[39m[32m"🔓"[39m[33m,[39mlock_with_ink_pen[33m:[39m[32m"🔏"[39m[33m,[39mpen[33m:[39m[32m"🖊"[39m[33m,[39mfountain_pen[33m:[39m[32m"🖋"[39m[33m,[39mblack_nib[33m:[39m[32m"✒️"[39m[33m,[39mmemo[33m:[39m[32m"📝"[39m[33m,[39mpencil2[33m:[39m[32m"✏️"[39m[33m,[39mcrayon[33m:[39m[32m"🖍"[39m[33m,[39mpaintbrush[33m:[39m[32m"🖌"[39m[33m,[39mmag[33m:[39m[32m"🔍"[39m[33m,[39mmag_right[33m:[39m[32m"🔎"[39m[33m,[39mheart[33m:[39m[32m"❤️"[39m[33m,[39morange_heart[33m:[39m[32m"🧡"[39m[33m,[39myellow_heart[33m:[39m[32m"💛"[39m[33m,[39mgreen_heart[33m:[39m[32m"💚"[39m[33m,[39mblue_heart[33m:[39m[32m"💙"[39m[33m,[39mpurple_heart[33m:[39m[32m"💜"[39m[33m,[39mblack_heart[33m:[39m[32m"🖤"[39m[33m,[39mbroken_heart[33m:[39m[32m"💔"[39m[33m,[39mheavy_heart_exclamation[33m:[39m[32m"❣"[39m[33m,[39mtwo_hearts[33m:[39m[32m"💕"[39m[33m,[39mrevolving_hearts[33m:[39m[32m"💞"[39m[33m,[39mheartbeat[33m:[39m[32m"💓"[39m[33m,[39mheartpulse[33m:[39m[32m"💗"[39m[33m,[39msparkling_heart[33m:[39m[32m"💖"[39m[33m,[39mcupid[33m:[39m[32m"💘"[39m[33m,[39mgift_heart[33m:[39m[32m"💝"[39m[33m,[39mheart_decoration[33m:[39m[32m"💟"[39m[33m,[39mpeace_symbol[33m:[39m[32m"☮"[39m[33m,[39mlatin_cross[33m:[39m[32m"✝"[39m[33m,[39mstar_and_crescent[33m:[39m[32m"☪"[39m[33m,[39mom[33m:[39m[32m"🕉"[39m[33m,[39mwheel_of_dharma[33m:[39m[32m"☸"[39m[33m,[39mstar_of_david[33m:[39m[32m"✡"[39m[33m,[39msix_pointed_star[33m:[39m[32m"🔯"[39m[33m,[39mmenorah[33m:[39m[32m"🕎"[39m[33m,[39myin_yang[33m:[39m[32m"☯"[39m[33m,[39morthodox_cross[33m:[39m[32m"☦"[39m[33m,[39mplace_of_worship[33m:[39m[32m"🛐"[39m[33m,[39mophiuchus[33m:[39m[32m"⛎"[39m[33m,[39maries[33m:[39m[32m"♈"[39m[33m,[39mtaurus[33m:[39m[32m"♉"[39m[33m,[39mgemini[33m:[39m[32m"♊"[39m[33m,[39mcancer[33m:[39m[32m"♋"[39m[33m,[39mleo[33m:[39m[32m"♌"[39m[33m,[39mvirgo[33m:[39m[32m"♍"[39m[33m,[39mlibra[33m:[39m[32m"♎"[39m[33m,[39mscorpius[33m:[39m[32m"♏"[39m[33m,[39msagittarius[33m:[39m[32m"♐"[39m[33m,[39mcapricorn[33m:[39m[32m"♑"[39m[33m,[39maquarius[33m:[39m[32m"♒"[39m[33m,[39mpisces[33m:[39m[32m"♓"[39m[33m,[39mid[33m:[39m[32m"🆔"[39m[33m,[39matom_symbol[33m:[39m[32m"⚛"[39m[33m,[39mu7a7a[33m:[39m[32m"🈳"[39m[33m,[39mu5272[33m:[39m[32m"🈹"[39m[33m,[39mradioactive[33m:[39m[32m"☢"[39m[33m,[39mbiohazard[33m:[39m[32m"☣"[39m[33m,[39mmobile_phone_off[33m:[39m[32m"📴"[39m[33m,[39mvibration_mode[33m:[39m[32m"📳"[39m[33m,[39mu6709[33m:[39m[32m"🈶"[39m[33m,[39mu7121[33m:[39m[32m"🈚"[39m[33m,[39mu7533[33m:[39m[32m"🈸"[39m[33m,[39mu55b6[33m:[39m[32m"🈺"[39m[33m,[39mu6708[33m:[39m[32m"🈷️"[39m[33m,[39meight_pointed_black_star[33m:[39m[32m"✴️"[39m[33m,[39mvs[33m:[39m[32m"🆚"[39m[33m,[39maccept[33m:[39m[32m"🉑"[39m[33m,[39mwhite_flower[33m:[39m[32m"💮"[39m[33m,[39mideograph_advantage[33m:[39m[32m"🉐"[39m[33m,[39msecret[33m:[39m[32m"㊙️"[39m[33m,[39mcongratulations[33m:[39m[32m"㊗️"[39m[33m,[39mu5408[33m:[39m[32m"🈴"[39m[33m,[39mu6e80[33m:[39m[32m"🈵"[39m[33m,[39mu7981[33m:[39m[32m"🈲"[39m[33m,[39ma[33m:[39m[32m"🅰️"[39m[33m,[39mb[33m:[39m[32m"🅱️"[39m[33m,[39mab[33m:[39m[32m"🆎"[39m[33m,[39mcl[33m:[39m[32m"🆑"[39m[33m,[39mo2[33m:[39m[32m"🅾️"[39m[33m,[39msos[33m:[39m[32m"🆘"[39m[33m,[39mno_entry[33m:[39m[32m"⛔"[39m[33m,[39mname_badge[33m:[39m[32m"📛"[39m[33m,[39mno_entry_sign[33m:[39m[32m"🚫"[39m[33m,[39mx[33m:[39m[32m"❌"[39m[33m,[39mo[33m:[39m[32m"⭕"[39m[33m,[39mstop_sign[33m:[39m[32m"🛑"[39m[33m,[39manger[33m:[39m[32m"💢"[39m[33m,[39mhotsprings[33m:[39m[32m"♨️"[39m[33m,[39mno_pedestrians[33m:[39m[32m"🚷"[39m[33m,[39mdo_not_litter[33m:[39m[32m"🚯"[39m[33m,[39mno_bicycles[33m:[39m[32m"🚳"[39m[33m,[39m[32m"non-potable_water"[39m[33m:[39m[32m"🚱"[39m[33m,[39munderage[33m:[39m[32m"🔞"[39m[33m,[39mno_mobile_phones[33m:[39m[32m"📵"[39m[33m,[39mexclamation[33m:[39m[32m"❗"[39m[33m,[39mgrey_exclamation[33m:[39m[32m"❕"[39m[33m,[39mquestion[33m:[39m[32m"❓"[39m[33m,[39mgrey_question[33m:[39m[32m"❔"[39m[33m,[39mbangbang[33m:[39m[32m"‼️"[39m[33m,[39minterrobang[33m:[39m[32m"⁉️"[39m[33m,[39mlow_brightness[33m:[39m[32m"🔅"[39m[33m,[39mhigh_brightness[33m:[39m[32m"🔆"[39m[33m,[39mtrident[33m:[39m[32m"🔱"[39m[33m,[39mfleur_de_lis[33m:[39m[32m"⚜"[39m[33m,[39mpart_alternation_mark[33m:[39m[32m"〽️"[39m[33m,[39mwarning[33m:[39m[32m"⚠️"[39m[33m,[39mchildren_crossing[33m:[39m[32m"🚸"[39m[33m,[39mbeginner[33m:[39m[32m"🔰"[39m[33m,[39mrecycle[33m:[39m[32m"♻️"[39m[33m,[39mu6307[33m:[39m[32m"🈯"[39m[33m,[39mchart[33m:[39m[32m"💹"[39m[33m,[39msparkle[33m:[39m[32m"❇️"[39m[33m,[39meight_spoked_asterisk[33m:[39m[32m"✳️"[39m[33m,[39mnegative_squared_cross_mark[33m:[39m[32m"❎"[39m[33m,[39mwhite_check_mark[33m:[39m[32m"✅"[39m[33m,[39mdiamond_shape_with_a_dot_inside[33m:[39m[32m"💠"[39m[33m,[39mcyclone[33m:[39m[32m"🌀"[39m[33m,[39mloop[33m:[39m[32m"➿"[39m[33m,[39mglobe_with_meridians[33m:[39m[32m"🌐"[39m[33m,[39mm[33m:[39m[32m"Ⓜ️"[39m[33m,[39matm[33m:[39m[32m"🏧"[39m[33m,[39msa[33m:[39m[32m"🈂️"[39m[33m,[39mpassport_control[33m:[39m[32m"🛂"[39m[33m,[39mcustoms[33m:[39m[32m"🛃"[39m[33m,[39mbaggage_claim[33m:[39m[32m"🛄"[39m[33m,[39mleft_luggage[33m:[39m[32m"🛅"[39m[33m,[39mwheelchair[33m:[39m[32m"♿"[39m[33m,[39mno_smoking[33m:[39m[32m"🚭"[39m[33m,[39mwc[33m:[39m[32m"🚾"[39m[33m,[39mparking[33m:[39m[32m"🅿️"[39m[33m,[39mpotable_water[33m:[39m[32m"🚰"[39m[33m,[39mmens[33m:[39m[32m"🚹"[39m[33m,[39mwomens[33m:[39m[32m"🚺"[39m[33m,[39mbaby_symbol[33m:[39m[32m"🚼"[39m[33m,[39mrestroom[33m:[39m[32m"🚻"[39m[33m,[39mput_litter_in_its_place[33m:[39m[32m"🚮"[39m[33m,[39mcinema[33m:[39m[32m"🎦"[39m[33m,[39msignal_strength[33m:[39m[32m"📶"[39m[33m,[39mkoko[33m:[39m[32m"🈁"[39m[33m,[39mng[33m:[39m[32m"🆖"[39m[33m,[39mok[33m:[39m[32m"🆗"[39m[33m,[39mup[33m:[39m[32m"🆙"[39m[33m,[39mcool[33m:[39m[32m"🆒"[39m[33m,[39m[36mnew[39m[33m:[39m[32m"🆕"[39m[33m,[39mfree[33m:[39m[32m"🆓"[39m[33m,[39mzero[33m:[39m[32m"0️⃣"[39m[33m,[39mone[33m:[39m[32m"1️⃣"[39m[33m,[39mtwo[33m:[39m[32m"2️⃣"[39m[33m,[39mthree[33m:[39m[32m"3️⃣"[39m[33m,[39mfour[33m:[39m[32m"4️⃣"[39m[33m,[39mfive[33m:[39m[32m"5️⃣"[39m[33m,[39msix[33m:[39m[32m"6️⃣"[39m[33m,[39mseven[33m:[39m[32m"7️⃣"[39m[33m,[39meight[33m:[39m[32m"8️⃣"[39m[33m,[39mnine[33m:[39m[32m"9️⃣"[39m[33m,[39mkeycap_ten[33m:[39m[32m"🔟"[39m[33m,[39masterisk[33m:[39m[32m"*⃣"[39m[33m,[39meject_button[33m:[39m[32m"⏏️"[39m[33m,[39marrow_forward[33m:[39m[32m"▶️"[39m[33m,[39mpause_button[33m:[39m[32m"⏸"[39m[33m,[39mnext_track_button[33m:[39m[32m"⏭"[39m[33m,[39mstop_button[33m:[39m[32m"⏹"[39m[33m,[39mrecord_button[33m:[39m[32m"⏺"[39m[33m,[39mplay_or_pause_button[33m:[39m[32m"⏯"[39m[33m,[39mprevious_track_button[33m:[39m[32m"⏮"[39m[33m,[39mfast_forward[33m:[39m[32m"⏩"[39m[33m,[39mrewind[33m:[39m[32m"⏪"[39m[33m,[39mtwisted_rightwards_arrows[33m:[39m[32m"🔀"[39m[33m,[39mrepeat[33m:[39m[32m"🔁"[39m[33m,[39mrepeat_one[33m:[39m[32m"🔂"[39m[33m,[39marrow_backward[33m:[39m[32m"◀️"[39m[33m,[39marrow_up_small[33m:[39m[32m"🔼"[39m[33m,[39marrow_down_small[33m:[39m[32m"🔽"[39m[33m,[39marrow_double_up[33m:[39m[32m"⏫"[39m[33m,[39marrow_double_down[33m:[39m[32m"⏬"[39m[33m,[39marrow_right[33m:[39m[32m"➡️"[39m[33m,[39marrow_left[33m:[39m[32m"⬅️"[39m[33m,[39marrow_up[33m:[39m[32m"⬆️"[39m[33m,[39marrow_down[33m:[39m[32m"⬇️"[39m[33m,[39marrow_upper_right[33m:[39m[32m"↗️"[39m[33m,[39marrow_lower_right[33m:[39m[32m"↘️"[39m[33m,[39marrow_lower_left[33m:[39m[32m"↙️"[39m[33m,[39marrow_upper_left[33m:[39m[32m"↖️"[39m[33m,[39marrow_up_down[33m:[39m[32m"↕️"[39m[33m,[39mleft_right_arrow[33m:[39m[32m"↔️"[39m[33m,[39marrows_counterclockwise[33m:[39m[32m"🔄"[39m[33m,[39marrow_right_hook[33m:[39m[32m"↪️"[39m[33m,[39mleftwards_arrow_with_hook[33m:[39m[32m"↩️"[39m[33m,[39marrow_heading_up[33m:[39m[32m"⤴️"[39m[33m,[39marrow_heading_down[33m:[39m[32m"⤵️"[39m[33m,[39mhash[33m:[39m[32m"#️⃣"[39m[33m,[39minformation_source[33m:[39m[32m"ℹ️"[39m[33m,[39mabc[33m:[39m[32m"🔤"[39m[33m,[39mabcd[33m:[39m[32m"🔡"[39m[33m,[39mcapital_abcd[33m:[39m[32m"🔠"[39m[33m,[39msymbols[33m:[39m[32m"🔣"[39m[33m,[39mmusical_note[33m:[39m[32m"🎵"[39m[33m,[39mnotes[33m:[39m[32m"🎶"[39m[33m,[39mwavy_dash[33m:[39m[32m"〰️"[39m[33m,[39mcurly_loop[33m:[39m[32m"➰"[39m[33m,[39mheavy_check_mark[33m:[39m[32m"✔️"[39m[33m,[39marrows_clockwise[33m:[39m[32m"🔃"[39m[33m,[39mheavy_plus_sign[33m:[39m[32m"➕"[39m[33m,[39mheavy_minus_sign[33m:[39m[32m"➖"[39m[33m,[39mheavy_division_sign[33m:[39m[32m"➗"[39m[33m,[39mheavy_multiplication_x[33m:[39m[32m"✖️"[39m[33m,[39minfinity[33m:[39m[32m"♾"[39m[33m,[39mheavy_dollar_sign[33m:[39m[32m"💲"[39m[33m,[39mcurrency_exchange[33m:[39m[32m"💱"[39m[33m,[39mcopyright[33m:[39m[32m"©️"[39m[33m,[39mregistered[33m:[39m[32m"®️"[39m[33m,[39mtm[33m:[39m[32m"™️"[39m[33m,[39mend[33m:[39m[32m"🔚"[39m[33m,[39mback[33m:[39m[32m"🔙"[39m[33m,[39mon[33m:[39m[32m"🔛"[39m[33m,[39mtop[33m:[39m[32m"🔝"[39m[33m,[39msoon[33m:[39m[32m"🔜"[39m[33m,[39mballot_box_with_check[33m:[39m[32m"☑️"[39m[33m,[39mradio_button[33m:[39m[32m"🔘"[39m[33m,[39mwhite_circle[33m:[39m[32m"⚪"[39m[33m,[39mblack_circle[33m:[39m[32m"⚫"[39m[33m,[39mred_circle[33m:[39m[32m"🔴"[39m[33m,[39mlarge_blue_circle[33m:[39m[32m"🔵"[39m[33m,[39msmall_orange_diamond[33m:[39m[32m"🔸"[39m[33m,[39msmall_blue_diamond[33m:[39m[32m"🔹"[39m[33m,[39mlarge_orange_diamond[33m:[39m[32m"🔶"[39m[33m,[39mlarge_blue_diamond[33m:[39m[32m"🔷"[39m[33m,[39msmall_red_triangle[33m:[39m[32m"🔺"[39m[33m,[39mblack_small_square[33m:[39m[32m"▪️"[39m[33m,[39mwhite_small_square[33m:[39m[32m"▫️"[39m[33m,[39mblack_large_square[33m:[39m[32m"⬛"[39m[33m,[39mwhite_large_square[33m:[39m[32m"⬜"[39m[33m,[39msmall_red_triangle_down[33m:[39m[32m"🔻"[39m[33m,[39mblack_medium_square[33m:[39m[32m"◼️"[39m[33m,[39mwhite_medium_square[33m:[39m[32m"◻️"[39m[33m,[39mblack_medium_small_square[33m:[39m[32m"◾"[39m[33m,[39mwhite_medium_small_square[33m:[39m[32m"◽"[39m[33m,[39mblack_square_button[33m:[39m[32m"🔲"[39m[33m,[39mwhite_square_button[33m:[39m[32m"🔳"[39m[33m,[39mspeaker[33m:[39m[32m"🔈"[39m[33m,[39msound[33m:[39m[32m"🔉"[39m[33m,[39mloud_sound[33m:[39m[32m"🔊"[39m[33m,[39mmute[33m:[39m[32m"🔇"[39m[33m,[39mmega[33m:[39m[32m"📣"[39m[33m,[39mloudspeaker[33m:[39m[32m"📢"[39m[33m,[39mbell[33m:[39m[32m"🔔"[39m[33m,[39mno_bell[33m:[39m[32m"🔕"[39m[33m,[39mblack_joker[33m:[39m[32m"🃏"[39m[33m,[39mmahjong[33m:[39m[32m"🀄"[39m[33m,[39mspades[33m:[39m[32m"♠️"[39m[33m,[39mclubs[33m:[39m[32m"♣️"[39m[33m,[39mhearts[33m:[39m[32m"♥️"[39m[33m,[39mdiamonds[33m:[39m[32m"♦️"[39m[33m,[39mflower_playing_cards[33m:[39m[32m"🎴"[39m[33m,[39mthought_balloon[33m:[39m[32m"💭"[39m[33m,[39mright_anger_bubble[33m:[39m[32m"🗯"[39m[33m,[39mspeech_balloon[33m:[39m[32m"💬"[39m[33m,[39mleft_speech_bubble[33m:[39m[32m"🗨"[39m[33m,[39mclock1[33m:[39m[32m"🕐"[39m[33m,[39mclock2[33m:[39m[32m"🕑"[39m[33m,[39mclock3[33m:[39m[32m"🕒"[39m[33m,[39mclock4[33m:[39m[32m"🕓"[39m[33m,[39mclock5[33m:[39m[32m"🕔"[39m[33m,[39mclock6[33m:[39m[32m"🕕"[39m[33m,[39mclock7[33m:[39m[32m"🕖"[39m[33m,[39mclock8[33m:[39m[32m"🕗"[39m[33m,[39mclock9[33m:[39m[32m"🕘"[39m[33m,[39mclock10[33m:[39m[32m"🕙"[39m[33m,[39mclock11[33m:[39m[32m"🕚"[39m[33m,[39mclock12[33m:[39m[32m"🕛"[39m[33m,[39mclock130[33m:[39m[32m"🕜"[39m[33m,[39mclock230[33m:[39m[32m"🕝"[39m[33m,[39mclock330[33m:[39m[32m"🕞"[39m[33m,[39mclock430[33m:[39m[32m"🕟"[39m[33m,[39mclock530[33m:[39m[32m"🕠"[39m[33m,[39mclock630[33m:[39m[32m"🕡"[39m[33m,[39mclock730[33m:[39m[32m"🕢"[39m[33m,[39mclock830[33m:[39m[32m"🕣"[39m[33m,[39mclock930[33m:[39m[32m"🕤"[39m[33m,[39mclock1030[33m:[39m[32m"🕥"[39m[33m,[39mclock1130[33m:[39m[32m"🕦"[39m[33m,[39mclock1230[33m:[39m[32m"🕧"[39m[33m,[39mafghanistan[33m:[39m[32m"🇦🇫"[39m[33m,[39maland_islands[33m:[39m[32m"🇦🇽"[39m[33m,[39malbania[33m:[39m[32m"🇦🇱"[39m[33m,[39malgeria[33m:[39m[32m"🇩🇿"[39m[33m,[39mamerican_samoa[33m:[39m[32m"🇦🇸"[39m[33m,[39mandorra[33m:[39m[32m"🇦🇩"[39m[33m,[39mangola[33m:[39m[32m"🇦🇴"[39m[33m,[39manguilla[33m:[39m[32m"🇦🇮"[39m[33m,[39mantarctica[33m:[39m[32m"🇦🇶"[39m[33m,[39mantigua_barbuda[33m:[39m[32m"🇦🇬"[39m[33m,[39margentina[33m:[39m[32m"🇦🇷"[39m[33m,[39marmenia[33m:[39m[32m"🇦🇲"[39m[33m,[39maruba[33m:[39m[32m"🇦🇼"[39m[33m,[39maustralia[33m:[39m[32m"🇦🇺"[39m[33m,[39maustria[33m:[39m[32m"🇦🇹"[39m[33m,[39mazerbaijan[33m:[39m[32m"🇦🇿"[39m[33m,[39mbahamas[33m:[39m[32m"🇧🇸"[39m[33m,[39mbahrain[33m:[39m[32m"🇧🇭"[39m[33m,[39mbangladesh[33m:[39m[32m"🇧🇩"[39m[33m,[39mbarbados[33m:[39m[32m"🇧🇧"[39m[33m,[39mbelarus[33m:[39m[32m"🇧🇾"[39m[33m,[39mbelgium[33m:[39m[32m"🇧🇪"[39m[33m,[39mbelize[33m:[39m[32m"🇧🇿"[39m[33m,[39mbenin[33m:[39m[32m"🇧🇯"[39m[33m,[39mbermuda[33m:[39m[32m"🇧🇲"[39m[33m,[39mbhutan[33m:[39m[32m"🇧🇹"[39m[33m,[39mbolivia[33m:[39m[32m"🇧🇴"[39m[33m,[39mcaribbean_netherlands[33m:[39m[32m"🇧🇶"[39m[33m,[39mbosnia_herzegovina[33m:[39m[32m"🇧🇦"[39m[33m,[39mbotswana[33m:[39m[32m"🇧🇼"[39m[33m,[39mbrazil[33m:[39m[32m"🇧🇷"[39m[33m,[39mbritish_indian_ocean_territory[33m:[39m[32m"🇮🇴"[39m[33m,[39mbritish_virgin_islands[33m:[39m[32m"🇻🇬"[39m[33m,[39mbrunei[33m:[39m[32m"🇧🇳"[39m[33m,[39mbulgaria[33m:[39m[32m"🇧🇬"[39m[33m,[39mburkina_faso[33m:[39m[32m"🇧🇫"[39m[33m,[39mburundi[33m:[39m[32m"🇧🇮"[39m[33m,[39mcape_verde[33m:[39m[32m"🇨🇻"[39m[33m,[39mcambodia[33m:[39m[32m"🇰🇭"[39m[33m,[39mcameroon[33m:[39m[32m"🇨🇲"[39m[33m,[39mcanada[33m:[39m[32m"🇨🇦"[39m[33m,[39mcanary_islands[33m:[39m[32m"🇮🇨"[39m[33m,[39mcayman_islands[33m:[39m[32m"🇰🇾"[39m[33m,[39mcentral_african_republic[33m:[39m[32m"🇨🇫"[39m[33m,[39mchad[33m:[39m[32m"🇹🇩"[39m[33m,[39mchile[33m:[39m[32m"🇨🇱"[39m[33m,[39mcn[33m:[39m[32m"🇨🇳"[39m[33m,[39mchristmas_island[33m:[39m[32m"🇨🇽"[39m[33m,[39mcocos_islands[33m:[39m[32m"🇨🇨"[39m[33m,[39mcolombia[33m:[39m[32m"🇨🇴"[39m[33m,[39mcomoros[33m:[39m[32m"🇰🇲"[39m[33m,[39mcongo_brazzaville[33m:[39m[32m"🇨🇬"[39m[33m,[39mcongo_kinshasa[33m:[39m[32m"🇨🇩"[39m[33m,[39mcook_islands[33m:[39m[32m"🇨🇰"[39m[33m,[39mcosta_rica[33m:[39m[32m"🇨🇷"[39m[33m,[39mcroatia[33m:[39m[32m"🇭🇷"[39m[33m,[39mcuba[33m:[39m[32m"🇨🇺"[39m[33m,[39mcuracao[33m:[39m[32m"🇨🇼"[39m[33m,[39mcyprus[33m:[39m[32m"🇨🇾"[39m[33m,[39mczech_republic[33m:[39m[32m"🇨🇿"[39m[33m,[39mdenmark[33m:[39m[32m"🇩🇰"[39m[33m,[39mdjibouti[33m:[39m[32m"🇩🇯"[39m[33m,[39mdominica[33m:[39m[32m"🇩🇲"[39m[33m,[39mdominican_republic[33m:[39m[32m"🇩🇴"[39m[33m,[39mecuador[33m:[39m[32m"🇪🇨"[39m[33m,[39megypt[33m:[39m[32m"🇪🇬"[39m[33m,[39mel_salvador[33m:[39m[32m"🇸🇻"[39m[33m,[39mequatorial_guinea[33m:[39m[32m"🇬🇶"[39m[33m,[39meritrea[33m:[39m[32m"🇪🇷"[39m[33m,[39mestonia[33m:[39m[32m"🇪🇪"[39m[33m,[39methiopia[33m:[39m[32m"🇪🇹"[39m[33m,[39meu[33m:[39m[32m"🇪🇺"[39m[33m,[39mfalkland_islands[33m:[39m[32m"🇫🇰"[39m[33m,[39mfaroe_islands[33m:[39m[32m"🇫🇴"[39m[33m,[39mfiji[33m:[39m[32m"🇫🇯"[39m[33m,[39mfinland[33m:[39m[32m"🇫🇮"[39m[33m,[39mfr[33m:[39m[32m"🇫🇷"[39m[33m,[39mfrench_guiana[33m:[39m[32m"🇬🇫"[39m[33m,[39mfrench_polynesia[33m:[39m[32m"🇵🇫"[39m[33m,[39mfrench_southern_territories[33m:[39m[32m"🇹🇫"[39m[33m,[39mgabon[33m:[39m[32m"🇬🇦"[39m[33m,[39mgambia[33m:[39m[32m"🇬🇲"[39m[33m,[39mgeorgia[33m:[39m[32m"🇬🇪"[39m[33m,[39mde[33m:[39m[32m"🇩🇪"[39m[33m,[39mghana[33m:[39m[32m"🇬🇭"[39m[33m,[39mgibraltar[33m:[39m[32m"🇬🇮"[39m[33m,[39mgreece[33m:[39m[32m"🇬🇷"[39m[33m,[39mgreenland[33m:[39m[32m"🇬🇱"[39m[33m,[39mgrenada[33m:[39m[32m"🇬🇩"[39m[33m,[39mguadeloupe[33m:[39m[32m"🇬🇵"[39m[33m,[39mguam[33m:[39m[32m"🇬🇺"[39m[33m,[39mguatemala[33m:[39m[32m"🇬🇹"[39m[33m,[39mguernsey[33m:[39m[32m"🇬🇬"[39m[33m,[39mguinea[33m:[39m[32m"🇬🇳"[39m[33m,[39mguinea_bissau[33m:[39m[32m"🇬🇼"[39m[33m,[39mguyana[33m:[39m[32m"🇬🇾"[39m[33m,[39mhaiti[33m:[39m[32m"🇭🇹"[39m[33m,[39mhonduras[33m:[39m[32m"🇭🇳"[39m[33m,[39mhong_kong[33m:[39m[32m"🇭🇰"[39m[33m,[39mhungary[33m:[39m[32m"🇭🇺"[39m[33m,[39miceland[33m:[39m[32m"🇮🇸"[39m[33m,[39mindia[33m:[39m[32m"🇮🇳"[39m[33m,[39mindonesia[33m:[39m[32m"🇮🇩"[39m[33m,[39miran[33m:[39m[32m"🇮🇷"[39m[33m,[39miraq[33m:[39m[32m"🇮🇶"[39m[33m,[39mireland[33m:[39m[32m"🇮🇪"[39m[33m,[39misle_of_man[33m:[39m[32m"🇮🇲"[39m[33m,[39misrael[33m:[39m[32m"🇮🇱"[39m[33m,[39mit[33m:[39m[32m"🇮🇹"[39m[33m,[39mcote_divoire[33m:[39m[32m"🇨🇮"[39m[33m,[39mjamaica[33m:[39m[32m"🇯🇲"[39m[33m,[39mjp[33m:[39m[32m"🇯🇵"[39m[33m,[39mjersey[33m:[39m[32m"🇯🇪"[39m[33m,[39mjordan[33m:[39m[32m"🇯🇴"[39m[33m,[39mkazakhstan[33m:[39m[32m"🇰🇿"[39m[33m,[39mkenya[33m:[39m[32m"🇰🇪"[39m[33m,[39mkiribati[33m:[39m[32m"🇰🇮"[39m[33m,[39mkosovo[33m:[39m[32m"🇽🇰"[39m[33m,[39mkuwait[33m:[39m[32m"🇰🇼"[39m[33m,[39mkyrgyzstan[33m:[39m[32m"🇰🇬"[39m[33m,[39mlaos[33m:[39m[32m"🇱🇦"[39m[33m,[39mlatvia[33m:[39m[32m"🇱🇻"[39m[33m,[39mlebanon[33m:[39m[32m"🇱🇧"[39m[33m,[39mlesotho[33m:[39m[32m"🇱🇸"[39m[33m,[39mliberia[33m:[39m[32m"🇱🇷"[39m[33m,[39mlibya[33m:[39m[32m"🇱🇾"[39m[33m,[39mliechtenstein[33m:[39m[32m"🇱🇮"[39m[33m,[39mlithuania[33m:[39m[32m"🇱🇹"[39m[33m,[39mluxembourg[33m:[39m[32m"🇱🇺"[39m[33m,[39mmacau[33m:[39m[32m"🇲🇴"[39m[33m,[39mmacedonia[33m:[39m[32m"🇲🇰"[39m[33m,[39mmadagascar[33m:[39m[32m"🇲🇬"[39m[33m,[39mmalawi[33m:[39m[32m"🇲🇼"[39m[33m,[39mmalaysia[33m:[39m[32m"🇲🇾"[39m[33m,[39mmaldives[33m:[39m[32m"🇲🇻"[39m[33m,[39mmali[33m:[39m[32m"🇲🇱"[39m[33m,[39mmalta[33m:[39m[32m"🇲🇹"[39m[33m,[39mmarshall_islands[33m:[39m[32m"🇲🇭"[39m[33m,[39mmartinique[33m:[39m[32m"🇲🇶"[39m[33m,[39mmauritania[33m:[39m[32m"🇲🇷"[39m[33m,[39mmauritius[33m:[39m[32m"🇲🇺"[39m[33m,[39mmayotte[33m:[39m[32m"🇾🇹"[39m[33m,[39mmexico[33m:[39m[32m"🇲🇽"[39m[33m,[39mmicronesia[33m:[39m[32m"🇫🇲"[39m[33m,[39mmoldova[33m:[39m[32m"🇲🇩"[39m[33m,[39mmonaco[33m:[39m[32m"🇲🇨"[39m[33m,[39mmongolia[33m:[39m[32m"🇲🇳"[39m[33m,[39mmontenegro[33m:[39m[32m"🇲🇪"[39m[33m,[39mmontserrat[33m:[39m[32m"🇲🇸"[39m[33m,[39mmorocco[33m:[39m[32m"🇲🇦"[39m[33m,[39mmozambique[33m:[39m[32m"🇲🇿"[39m[33m,[39mmyanmar[33m:[39m[32m"🇲🇲"[39m[33m,[39mnamibia[33m:[39m[32m"🇳🇦"[39m[33m,[39mnauru[33m:[39m[32m"🇳🇷"[39m[33m,[39mnepal[33m:[39m[32m"🇳🇵"[39m[33m,[39mnetherlands[33m:[39m[32m"🇳🇱"[39m[33m,[39mnew_caledonia[33m:[39m[32m"🇳🇨"[39m[33m,[39mnew_zealand[33m:[39m[32m"🇳🇿"[39m[33m,[39mnicaragua[33m:[39m[32m"🇳🇮"[39m[33m,[39mniger[33m:[39m[32m"🇳🇪"[39m[33m,[39mnigeria[33m:[39m[32m"🇳🇬"[39m[33m,[39mniue[33m:[39m[32m"🇳🇺"[39m[33m,[39mnorfolk_island[33m:[39m[32m"🇳🇫"[39m[33m,[39mnorthern_mariana_islands[33m:[39m[32m"🇲🇵"[39m[33m,[39mnorth_korea[33m:[39m[32m"🇰🇵"[39m[33m,[39mnorway[33m:[39m[32m"🇳🇴"[39m[33m,[39moman[33m:[39m[32m"🇴🇲"[39m[33m,[39mpakistan[33m:[39m[32m"🇵🇰"[39m[33m,[39mpalau[33m:[39m[32m"🇵🇼"[39m[33m,[39mpalestinian_territories[33m:[39m[32m"🇵🇸"[39m[33m,[39mpanama[33m:[39m[32m"🇵🇦"[39m[33m,[39mpapua_new_guinea[33m:[39m[32m"🇵🇬"[39m[33m,[39mparaguay[33m:[39m[32m"🇵🇾"[39m[33m,[39mperu[33m:[39m[32m"🇵🇪"[39m[33m,[39mphilippines[33m:[39m[32m"🇵🇭"[39m[33m,[39mpitcairn_islands[33m:[39m[32m"🇵🇳"[39m[33m,[39mpoland[33m:[39m[32m"🇵🇱"[39m[33m,[39mportugal[33m:[39m[32m"🇵🇹"[39m[33m,[39mpuerto_rico[33m:[39m[32m"🇵🇷"[39m[33m,[39mqatar[33m:[39m[32m"🇶🇦"[39m[33m,[39mreunion[33m:[39m[32m"🇷🇪"[39m[33m,[39mromania[33m:[39m[32m"🇷🇴"[39m[33m,[39mru[33m:[39m[32m"🇷🇺"[39m[33m,[39mrwanda[33m:[39m[32m"🇷🇼"[39m[33m,[39mst_barthelemy[33m:[39m[32m"🇧🇱"[39m[33m,[39mst_helena[33m:[39m[32m"🇸🇭"[39m[33m,[39mst_kitts_nevis[33m:[39m[32m"🇰🇳"[39m[33m,[39mst_lucia[33m:[39m[32m"🇱🇨"[39m[33m,[39mst_pierre_miquelon[33m:[39m[32m"🇵🇲"[39m[33m,[39mst_vincent_grenadines[33m:[39m[32m"🇻🇨"[39m[33m,[39msamoa[33m:[39m[32m"🇼🇸"[39m[33m,[39msan_marino[33m:[39m[32m"🇸🇲"[39m[33m,[39msao_tome_principe[33m:[39m[32m"🇸🇹"[39m[33m,[39msaudi_arabia[33m:[39m[32m"🇸🇦"[39m[33m,[39msenegal[33m:[39m[32m"🇸🇳"[39m[33m,[39mserbia[33m:[39m[32m"🇷🇸"[39m[33m,[39mseychelles[33m:[39m[32m"🇸🇨"[39m[33m,[39msierra_leone[33m:[39m[32m"🇸🇱"[39m[33m,[39msingapore[33m:[39m[32m"🇸🇬"[39m[33m,[39msint_maarten[33m:[39m[32m"🇸🇽"[39m[33m,[39mslovakia[33m:[39m[32m"🇸🇰"[39m[33m,[39mslovenia[33m:[39m[32m"🇸🇮"[39m[33m,[39msolomon_islands[33m:[39m[32m"🇸🇧"[39m[33m,[39msomalia[33m:[39m[32m"🇸🇴"[39m[33m,[39msouth_africa[33m:[39m[32m"🇿🇦"[39m[33m,[39msouth_georgia_south_sandwich_islands[33m:[39m[32m"🇬🇸"[39m[33m,[39mkr[33m:[39m[32m"🇰🇷"[39m[33m,[39msouth_sudan[33m:[39m[32m"🇸🇸"[39m[33m,[39mes[33m:[39m[32m"🇪🇸"[39m[33m,[39msri_lanka[33m:[39m[32m"🇱🇰"[39m[33m,[39msudan[33m:[39m[32m"🇸🇩"[39m[33m,[39msuriname[33m:[39m[32m"🇸🇷"[39m[33m,[39mswaziland[33m:[39m[32m"🇸🇿"[39m[33m,[39msweden[33m:[39m[32m"🇸🇪"[39m[33m,[39mswitzerland[33m:[39m[32m"🇨🇭"[39m[33m,[39msyria[33m:[39m[32m"🇸🇾"[39m[33m,[39mtaiwan[33m:[39m[32m"🇹🇼"[39m[33m,[39mtajikistan[33m:[39m[32m"🇹🇯"[39m[33m,[39mtanzania[33m:[39m[32m"🇹🇿"[39m[33m,[39mthailand[33m:[39m[32m"🇹🇭"[39m[33m,[39mtimor_leste[33m:[39m[32m"🇹🇱"[39m[33m,[39mtogo[33m:[39m[32m"🇹🇬"[39m[33m,[39mtokelau[33m:[39m[32m"🇹🇰"[39m[33m,[39mtonga[33m:[39m[32m"🇹🇴"[39m[33m,[39mtrinidad_tobago[33m:[39m[32m"🇹🇹"[39m[33m,[39mtunisia[33m:[39m[32m"🇹🇳"[39m[33m,[39mtr[33m:[39m[32m"🇹🇷"[39m[33m,[39mturkmenistan[33m:[39m[32m"🇹🇲"[39m[33m,[39mturks_caicos_islands[33m:[39m[32m"🇹🇨"[39m[33m,[39mtuvalu[33m:[39m[32m"🇹🇻"[39m[33m,[39muganda[33m:[39m[32m"🇺🇬"[39m[33m,[39mukraine[33m:[39m[32m"🇺🇦"[39m[33m,[39munited_arab_emirates[33m:[39m[32m"🇦🇪"[39m[33m,[39muk[33m:[39m[32m"🇬🇧"[39m[33m,[39mengland[33m:[39m[32m"🏴󠁧󠁢󠁥󠁮󠁧󠁿"[39m[33m,[39mscotland[33m:[39m[32m"🏴󠁧󠁢󠁳󠁣󠁴󠁿"[39m[33m,[39mwales[33m:[39m[32m"🏴󠁧󠁢󠁷󠁬󠁳󠁿"[39m[33m,[39mus[33m:[39m[32m"🇺🇸"[39m[33m,[39mus_virgin_islands[33m:[39m[32m"🇻🇮"[39m[33m,[39muruguay[33m:[39m[32m"🇺🇾"[39m[33m,[39muzbekistan[33m:[39m[32m"🇺🇿"[39m[33m,[39mvanuatu[33m:[39m[32m"🇻🇺"[39m[33m,[39mvatican_city[33m:[39m[32m"🇻🇦"[39m[33m,[39mvenezuela[33m:[39m[32m"🇻🇪"[39m[33m,[39mvietnam[33m:[39m[32m"🇻🇳"[39m[33m,[39mwallis_futuna[33m:[39m[32m"🇼🇫"[39m[33m,[39mwestern_sahara[33m:[39m[32m"🇪🇭"[39m[33m,[39myemen[33m:[39m[32m"🇾🇪"[39m[33m,[39mzambia[33m:[39m[32m"🇿🇲"[39m[33m,[39mzimbabwe[33m:[39m[32m"🇿🇼"[39m[33m,[39munited_nations[33m:[39m[32m"🇺🇳"[39m[33m,[39mpirate_flag[33m:[39m[32m"🏴‍☠️"[39m}[33m,[39mah[33m=[39m[35m/:\+1:|:-1:|:[\w-]+:/g[39m[33m,[39mrh[33m=[39m[35m/(?:_|-(?!1))/g[39m[33m,[39mnh[33m=[39m{padSpaceAfter[33m:[39m[33m![39m[35m1[39m[33m,[39maccessible[33m:[39m[33m![39m[35m1[39m}[33m,[39mih[33m=[39me[33m=>[39m{[36mconst[39m a[33m=[39m[33mObject[39m[33m.[39massign({}[33m,[39mnh[33m,[39me)[33m,[39mn[33m=[39m[33m![39m[33m![39ma[33m.[39mpadSpaceAfter[33m,[39mi[33m=[39m[33m![39m[33m![39ma[33m.[39maccessible[33m,[39mo[33m=[39m[[ah[33m,[39m[36mfunction[39m(s){[36mlet[39m l[33m=[39m(c[33m=[39ms)[33m&&[39mth[(d[33m=>[39m[35m/:.+:/[39m[33m.[39mtest(d)[33m?[39md[33m.[39mslice([35m1[39m[33m,[39m[33m-[39m[35m1[39m)[33m:[39md)(c)][33m;[39m[36mvar[39m c[33m;[39m[36mreturn[39m l[33m===[39m[36mvoid[39m [35m0[39m[33m?[39m[33m![39m[35m1[39m[33m:[39m(n[33m&&[39m(l[33m+=[39m[32m" "[39m)[33m,[39mi[33m?[39m[36mfunction[39m(d[33m,[39mm){[36mreturn[39m{type[33m:[39m[32m"text"[39m[33m,[39mvalue[33m:[39md[33m,[39mdata[33m:[39m{hName[33m:[39m[32m"span"[39m[33m,[39mhProperties[33m:[39m{role[33m:[39m[32m"img"[39m[33m,[39mariaLabel[33m:[39mm}[33m,[39mhChildren[33m:[39m[{type[33m:[39m[32m"text"[39m[33m,[39mvalue[33m:[39md}]}}}(l[33m,[39ms[33m.[39mslice([35m1[39m[33m,[39m[33m-[39m[35m1[39m)[33m.[39mreplace(rh[33m,[39m[32m" "[39m)[33m+[39m[32m" emoji"[39m)[33m:[39ml)}]][33m;[39m[36mreturn[39m [36mfunction[39m(s){ji(s[33m,[39mo)}}[33m,[39moh[33m=[39mq(e[33m=>[39m{[36mconst[39m{mode[33m:[39ma}[33m=[39m[33mCe[39m()[33m;[39m[36mreturn[39m p([32m"div"[39m[33m,[39m{className[33m:[39m[32m"c1-text-content"[39m[33m,[39mchildren[33m:[39m[e[33m.[39mheader[33m&&[39mt([33mIt[39m[33m,[39m{heading[33m:[39me[33m.[39mheader[33m.[39mprops[33m.[39mheading[33m,[39mdescription[33m:[39me[33m.[39mheader[33m.[39mprops[33m.[39mdescription})[33m,[39mt([33mWa[39m[33m,[39m{textMarkdown[33m:[39me[33m.[39mtextMarkdown[33m,[39mvariant[33m:[39me[33m.[39mvariant[33m,[39moptions[33m:[39m{remarkPlugins[33m:[39m[[33mQr[39m[33m,[39m[[33mFi[39m[33m,[39m{singleDollarTextMath[33m:[39m[33m![39m[35m1[39m}][33m,[39mih[33m,[39m[[33mZa[39m[33m,[39m{breaks[33m:[39m[33m![39m[35m0[39m}][33m,[39muo[33m,[39m[33mMm[39m][33m,[39mrehypePlugins[33m:[39m[[33mDi[39m][33m,[39mcomponents[33m:[39m{span[33m:[39mho[33m,[39mdiv[33m:[39m[33mOm[39m}}[33m,[39mclassName[33m:[39mfe([32m"c1-markdown-renderer"[39m[33m,[39m{[32m"c1-markdown-renderer-dark-mode"[39m[33m:[39ma[33m===[39m[32m"dark"[39m})})]})})[33m,[39msh[33m=[39m[33mA[39m[33m.[39mextend({children[33m:[39mr[33m.[39marray(r[33m.[39munion([[33mLt[39m[33m,[39m[33mDe[39m[33m,[39mmn[33m,[39mpt[33m,[39m[33mAe[39m]))[33m.[39moptional()})[33m,[39m[33mGo[39m[33m=[39mz[33m.[39mextend({component[33m:[39mr[33m.[39mliteral([32m"CarouselItem"[39m)[33m,[39mprops[33m:[39msh})[33m,[39mlh[33m=[39m[33mA[39m[33m.[39mextend({children[33m:[39mr[33m.[39marray([33mGo[39m)})[33m,[39m[33mJo[39m[33m=[39mz[33m.[39mextend({component[33m:[39mr[33m.[39mliteral([32m"CarouselContent"[39m)[33m,[39mprops[33m:[39mlh})[33m,[39m[33mQo[39m[33m=[39m[33mA[39m[33m.[39mextend({icon[33m:[39mke})[33m,[39mes[33m=[39mz[33m.[39mextend({component[33m:[39mr[33m.[39mliteral([32m"CarouselPrevious"[39m)[33m,[39mprops[33m:[39m[33mQo[39m})[33m,[39mts[33m=[39mz[33m.[39mextend({component[33m:[39mr[33m.[39mliteral([32m"CarouselNext"[39m)[33m,[39mprops[33m:[39m[33mQo[39m})[33m,[39mch[33m=[39m[33mA[39m[33m.[39mextend({itemsToScroll[33m:[39mr[33m.[39mnumber()[33m.[39moptional()[33m,[39mnoSnap[33m:[39mr[33m.[39mboolean()[33m.[39moptional()[33m,[39mshowButtons[33m:[39mr[33m.[39mboolean()[33m.[39moptional()[33m,[39mchildren[33m:[39mr[33m.[39marray(r[33m.[39munion([[33mJo[39m[33m,[39mes[33m,[39mts]))})[33m,[39mpn[33m=[39mz[33m.[39mextend({component[33m:[39mr[33m.[39mliteral([32m"Carousel"[39m)[33m,[39mprops[33m:[39mch})[33m,[39mdh[33m=[39mq(e[33m=>[39m{[36mconst[39m{content[33m:[39ma[33m,[39mheader[33m:[39mn[33m,[39m[33m...[39mi}[33m=[39me[33m,[39mo[33m=[39m[33mD[39m([36mnull[39m)[33m,[39m[s[33m,[39ml][33m=[39m[33mF[39m({left[33m:[39m[33m![39m[35m1[39m[33m,[39mright[33m:[39m[33m![39m[35m1[39m})[33m,[39mc[33m=[39m$(m[33m=>[39m{l(h[33m=>[39m({[33m...[39mh[33m,[39mleft[33m:[39mm}))}[33m,[39m[])[33m,[39md[33m=[39m$(m[33m=>[39m{l(h[33m=>[39m({[33m...[39mh[33m,[39mright[33m:[39mm}))}[33m,[39m[])[33m;[39m[36mreturn[39m a[33m!=[39m[36mnull[39m[33m&&[39ma[33m.[39mlength[33m?[39mp([32m"div"[39m[33m,[39m{className[33m:[39m[32m"c1-carousel-wrapper"[39m[33m,[39mchildren[33m:[39m[n[33m&&[39mp([32m"div"[39m[33m,[39m{className[33m:[39m[32m"c1-carousel-header"[39m[33m,[39mchildren[33m:[39m[t([33mK[39m[33m,[39m{[33m...[39mn})[33m,[39mp([32m"div"[39m[33m,[39m{className[33m:[39m[32m"c1-carousel-buttons"[39m[33m,[39mchildren[33m:[39m[t(ie[33m,[39m{variant[33m:[39m[32m"secondary"[39m[33m,[39msize[33m:[39m[32m"small"[39m[33m,[39monClick[33m:[39m()[33m=>[39m{[36mvar[39m m[33m;[39m[36mreturn[39m(m[33m=[39mo[33m.[39mcurrent)[33m==[39m[36mnull[39m[33m?[39m[36mvoid[39m [35m0[39m[33m:[39mm[33m.[39mscroll([32m"left"[39m)}[33m,[39mdisabled[33m:[39m[33m![39ms[33m.[39mleft[33m,[39micon[33m:[39mt(la[33m,[39m{})})[33m,[39mt(ie[33m,[39m{variant[33m:[39m[32m"secondary"[39m[33m,[39msize[33m:[39m[32m"small"[39m[33m,[39monClick[33m:[39m()[33m=>[39m{[36mvar[39m m[33m;[39m[36mreturn[39m(m[33m=[39mo[33m.[39mcurrent)[33m==[39m[36mnull[39m[33m?[39m[36mvoid[39m [35m0[39m[33m:[39mm[33m.[39mscroll([32m"right"[39m)}[33m,[39mdisabled[33m:[39m[33m![39ms[33m.[39mright[33m,[39micon[33m:[39mt([33mAt[39m[33m,[39m{})})]})]})[33m,[39mp([33mXr[39m[33m,[39m{[33m...[39mi[33m,[39mvariant[33m:[39m[32m"sunk"[39m[33m,[39mref[33m:[39mo[33m,[39mshowButtons[33m:[39m[33m![39mn[33m,[39monScrollLeftEnabled[33m:[39mc[33m,[39monScrollRightEnabled[33m:[39md[33m,[39mchildren[33m:[39m[t([33mZr[39m[33m,[39m{children[33m:[39ma[33m==[39m[36mnull[39m[33m?[39m[36mvoid[39m [35m0[39m[33m:[39ma[33m.[39mmap((m[33m,[39mh)[33m=>[39m{[36mvar[39m u[33m,[39mg[33m;[39m[36mreturn[39m p([33mYr[39m[33m,[39m{children[33m:[39m[(u[33m=[39mm[33m.[39mchildren)[33m==[39m[36mnull[39m[33m?[39m[36mvoid[39m [35m0[39m[33m:[39mu[33m.[39mmap((b[33m,[39mf)[33m=>[39mt([33mK[39m[33m,[39m{component[33m:[39mb[33m.[39mcomponent[33m,[39mprops[33m:[39mb[33m.[39mprops}[33m,[39mf))[33m,[39mm[33m.[39mfooter[33m&&[39mt([32m"div"[39m[33m,[39m{className[33m:[39m[32m"c1-carousel-v2-item-footer"[39m[33m,[39mchildren[33m:[39m(g[33m=[39mm[33m.[39mfooter)[33m==[39m[36mnull[39m[33m?[39m[36mvoid[39m [35m0[39m[33m:[39mg[33m.[39mmap((b[33m,[39mf)[33m=>[39mt([33mK[39m[33m,[39m{component[33m:[39mb[33m.[39mcomponent[33m,[39mprops[33m:[39mb[33m.[39mprops}[33m,[39mf))})]}[33m,[39mh)})})[33m,[39mt(vi[33m,[39m{icon[33m:[39mt([33mAt[39m[33m,[39m{})})[33m,[39mt(wi[33m,[39m{icon[33m:[39mt(la[33m,[39m{})})]})]})[33m:[39m[36mnull[39m})[33m,[39mmh[33m=[39m[33mA[39m[33m.[39mextend({children[33m:[39mr[33m.[39marray(r[33m.[39munion([[33mDe[39m[33m,[39mbe[33m,[39mpt[33m,[39m[33mAe[39m[33m,[39m[33mLt[39m[33m.[39mextend({})[33m.[39mdescribe([32m"$exclude:"[39m)[33m,[39mwt]))[33m.[39moptional()[33m,[39mfooter[33m:[39mr[33m.[39marray([33mLt[39m)[33m.[39moptional()})[33m,[39mph[33m=[39m[33mA[39m[33m.[39mextend({header[33m:[39mbe[33m.[39moptional()[33m,[39mcontent[33m:[39mr[33m.[39marray(mh)})[33m,[39msr[33m=[39mz[33m.[39mextend({component[33m:[39mr[33m.[39mliteral([32m"CarouselV2"[39m)[33m,[39mprops[33m:[39mph})[33m,[39mhh[33m=[39m[33mA[39m[33m.[39mextend({name[33m:[39mr[33m.[39mstring()[33m.[39m[36mdefault[39m([32m""[39m)[33m,[39mcolumns[33m:[39mr[33m.[39marray(r[33m.[39mobject({type[33m:[39mr[33m.[39m[36menum[39m([[32m"text"[39m[33m,[39m[32m"number"[39m[33m,[39m[32m"date-single"[39m[33m,[39m[32m"select"[39m[33m,[39m[32m"url"[39m])[33m,[39mkey[33m:[39mr[33m.[39mstring()[33m.[39m[36mdefault[39m([32m"default"[39m)[33m,[39mheader[33m:[39mr[33m.[39mstring()[33m.[39m[36mdefault[39m([32m""[39m)[33m,[39mwidth[33m:[39mr[33m.[39mnumber()[33m.[39moptional()[33m,[39moptions[33m:[39mr[33m.[39marray(r[33m.[39mobject({value[33m:[39mr[33m.[39mstring()[33m,[39mlabel[33m:[39mr[33m.[39mstring()}))[33m.[39moptional()}))[33m,[39mdata[33m:[39mr[33m.[39marray(r[33m.[39mobject({id[33m:[39mr[33m.[39mstring()[33m,[39mvalues[33m:[39mr[33m.[39marray(r[33m.[39munion([r[33m.[39mstring()[33m,[39mr[33m.[39mnumber()]))}))[33m.[39m[36mdefault[39m([])})[33m,[39m[36mas[39m[33m=[39mz[33m.[39mextend({component[33m:[39mr[33m.[39mliteral([32m"EditableTable"[39m)[33m,[39mprops[33m:[39mhh})[33m,[39muh[33m=[39m[33mA[39m[33m.[39mextend({text[33m:[39mr[33m.[39mstring()[33m.[39m[36mdefault[39m([32m""[39m)})[33m,[39mgh[33m=[39mz[33m.[39mextend({component[33m:[39mr[33m.[39mliteral([32m"FollowUpItem"[39m)[33m,[39mprops[33m:[39muh})[33m,[39m_h[33m=[39m[33mA[39m[33m.[39mextend({followUpText[33m:[39mr[33m.[39marray(r[33m.[39mstring()[33m.[39m[36mdefault[39m([32m""[39m))[33m.[39m[36mdefault[39m([])})[33m,[39mrs[33m=[39mz[33m.[39mextend({component[33m:[39mr[33m.[39mliteral([32m"FollowUpBlock"[39m)[33m,[39mprops[33m:[39m_h})[33m,[39mfh[33m=[39mq(e[33m=>[39m{[36mconst[39m a[33m=[39m$e()[33m,[39m{searchImage[33m:[39mn}[33m=[39mxe()[33m,[39m[i[33m,[39mo][33m=[39m[33mF[39m([36mnull[39m)[33m,[39ms[33m=[39m[33mD[39m([])[33m,[39ml[33m=[39m[33mD[39m([35m0[39m)[33m,[39mc[33m=[39me[33m.[39mimagesAlt[33m,[39md[33m=[39me[33m.[39mimagesSrc[33m,[39mm[33m=[39md[33m&&[39md[33m.[39mlength[33m>[39m[35m0[39m[33m?[39md[33m:[39mc[33m,[39mh[33m=[39md[33m&&[39md[33m.[39mlength[33m>[39m[35m0[39m[33m,[39mu[33m=[39m[36masync[39m()[33m=>[39m{[36mif[39m([33m![39mh){[36mconst[39m y[33m=[39mm[33m.[39mmap([36masync[39m(v[33m,[39m[33mN[39m)[33m=>[39m{[36mconst[39m{thumbnailUrl[33m:[39mx}[33m=[39m[36mawait[39m [33mRr[39m(v[33m,[39mn)[33m;[39m[36mreturn[39m{src[33m:[39mx[33m,[39malt[33m:[39mc[[33mN[39m]}})[33m,[39m_[33m=[39m[36mawait[39m [33mPromise[39m[33m.[39mall(y)[33m;[39mo(_)}m[33m.[39mforEach([36masync[39m(y[33m,[39m_)[33m=>[39m{[36mconst[39m v[33m=[39mh[33m?[39m[36masync[39m [33mC[39m[33m=>[39m({url[33m:[39m[33mC[39m[33m,[39mthumbnailUrl[33m:[39m[36mvoid[39m [35m0[39m})[33m:[39mn[33m,[39m{url[33m:[39m[33mN[39m}[33m=[39m[36mawait[39m [33mRr[39m(y[33m,[39mv)[33m,[39mx[33m=[39m[36mnew[39m [33mImage[39m[33m;[39mx[33m.[39msrc[33m=[39m[33mN[39m[33m,[39m[36mawait[39m [36mnew[39m [33mPromise[39m(([33mC[39m[33m,[39mk)[33m=>[39m{x[33m.[39monload[33m=[39m[33mC[39m[33m,[39mx[33m.[39monerror[33m=[39mk})[33m,[39mo([33mC[39m[33m=>[39m{[36mconst[39m k[33m=[39m[][33m;[39m[36mreturn[39m([33mC[39m[33m||[39m[])[33m.[39mforEach(([33mS[39m[33m,[39mw)[33m=>[39m{k[w][33m=[39m[33mS[39m})[33m,[39mk[_][33m=[39m{src[33m:[39m[33mN[39m[33m,[39malt[33m:[39mc[_]}[33m,[39mk})})}[33m;[39m[36mif[39m([33mV[39m(()[33m=>[39m{(n[33m||[39mh)[33m&&[39mm[33m&&[39mm[33m.[39mlength[33m!==[39m[35m0[39m[33m&&[39m[33m![39mi[33m&&[39m(a[33m&&[39ml[33m.[39mcurrent[33m!==[39m[33m-[39m[35m1[39m[33m?[39maa(s[33m.[39mcurrent[33m,[39mm)[33m?[39m(l[33m.[39mcurrent[33m+=[39m[35m1[39m[33m,[39ml[33m.[39mcurrent[33m>=[39m[35m3[39m[33m&&[39m(u()[33m,[39ml[33m.[39mcurrent[33m=[39m[33m-[39m[35m1[39m))[33m:[39m(s[33m.[39mcurrent[33m=[39mm[33m,[39ml[33m.[39mcurrent[33m=[39m[35m1[39m)[33m:[39ma[33m||[39mu())}[33m,[39m[a[33m,[39mm[33m,[39ml[33m.[39mcurrent[33m,[39mh])[33m,[39m[33m![39mn[33m&&[39m[33m![39mh[33m||[39m[33m![39mm[33m||[39mm[33m.[39mlength[33m===[39m[35m0[39m)[36mreturn[39m [36mnull[39m[33m;[39m[36mif[39m([33m![39mi)[36mreturn[39m t([32m"div"[39m[33m,[39m{className[33m:[39m[32m"c1-image-gallery-loader-wrapper"[39m[33m,[39mchildren[33m:[39mt([32m"div"[39m[33m,[39m{className[33m:[39m[32m"c1-image-gallery-loader"[39m})})[33m;[39m[36mconst[39m{imagesAlt[33m:[39mg[33m,[39mimagesSrc[33m:[39mb[33m,[39m[33m...[39mf}[33m=[39me[33m;[39m[36mreturn[39m t([33mCc[39m[33m,[39m{images[33m:[39mi[33m,[39m[33m...[39mf})})[33m,[39mbh[33m=[39m[33mA[39m[33m.[39mextend({imagesSrc[33m:[39mr[33m.[39marray(r[33m.[39mstring())[33m.[39moptional()[33m,[39mimagesAlt[33m:[39mr[33m.[39marray(r[33m.[39mstring())})[33m,[39mlr[33m=[39mz[33m.[39mextend({component[33m:[39mr[33m.[39mliteral([32m"ImageGallery"[39m)[33m,[39mprops[33m:[39mbh})[33m,[39m[33mCa[39m[33m=[39m{[33mImage[39m[33m:[39m{variant[33m:[39m[32m"ImageBlock"[39m}}[33m,[39myh[33m=[39me[33m=>[39m{[36mconst[39m{largeLeft[33m:[39ma[33m,[39msmallRight[33m:[39mn[33m,[39mheaderLeft[33m:[39mi[33m,[39mheaderRight[33m:[39mo}[33m=[39me[33m;[39m[36mreturn[39m p([32m"div"[39m[33m,[39m{className[33m:[39m[32m"c1-layout-row-ls-container"[39m[33m,[39mchildren[33m:[39m[p([32m"div"[39m[33m,[39m{className[33m:[39m[32m"c1-layout-row-ls-large-container"[39m[33m,[39mchildren[33m:[39m[t([33mK[39m[33m,[39m{[33m...[39mi[33m||[39m{}[33m,[39moverridesProps[33m:[39m[33mCa[39m})[33m,[39ma[33m.[39mmap((s[33m,[39ml)[33m=>[39mt([33mK[39m[33m,[39m{[33m...[39ms[33m,[39moverridesProps[33m:[39m[33mCa[39m}[33m,[39ml))]})[33m,[39mt([33mOe[39m[33m,[39m{orientation[33m:[39m[32m"vertical"[39m[33m,[39mclassName[33m:[39m[32m"c1-layout-row-separator"[39m})[33m,[39mp([32m"div"[39m[33m,[39m{className[33m:[39m[32m"c1-layout-row-ls-small-container"[39m[33m,[39mchildren[33m:[39m[t([33mK[39m[33m,[39m{[33m...[39mo[33m||[39m{}[33m,[39moverridesProps[33m:[39m[33mCa[39m})[33m,[39mn[33m==[39m[36mnull[39m[33m?[39m[36mvoid[39m [35m0[39m[33m:[39mn[33m.[39mmap((s[33m,[39ml)[33m=>[39mt([33mK[39m[33m,[39m{[33m...[39ms[33m,[39moverridesProps[33m:[39m[33mCa[39m}[33m,[39ml))]})]})}[33m,[39m[33mSa[39m[33m=[39m{[33mImage[39m[33m:[39m{variant[33m:[39m[32m"ImageBlock"[39m}[33m,[39m[33mPieChartV2[39m[33m:[39m{legendVariant[33m:[39m[32m"default"[39m[33m,[39mmaxChartSize[33m:[39m[35m326[39m[33m,[39mminChartSize[33m:[39m[35m296[39m}[33m,[39m[33mRadialChartV2[39m[33m:[39m{legendVariant[33m:[39m[32m"default"[39m[33m,[39mmaxChartSize[33m:[39m[35m326[39m[33m,[39mminChartSize[33m:[39m[35m296[39m}}[33m,[39mvh[33m=[39me[33m=>[39m{[36mconst[39m{mediumLeft[33m:[39ma[33m,[39mmediumRight[33m:[39mn[33m,[39mheaderLeft[33m:[39mi[33m,[39mheaderRight[33m:[39mo}[33m=[39me[33m;[39m[36mreturn[39m p([32m"div"[39m[33m,[39m{className[33m:[39m[32m"c1-layout-row-mm-container"[39m[33m,[39mchildren[33m:[39m[p([32m"div"[39m[33m,[39m{className[33m:[39m[32m"c1-layout-row-mm-medium-left-container"[39m[33m,[39mchildren[33m:[39m[t([33mK[39m[33m,[39m{[33m...[39mi[33m||[39m{}[33m,[39moverridesProps[33m:[39m[33mSa[39m})[33m,[39ma[33m.[39mmap((s[33m,[39ml)[33m=>[39mt([33mK[39m[33m,[39m{[33m...[39ms[33m,[39moverridesProps[33m:[39m[33mSa[39m}[33m,[39ml))]})[33m,[39mt([33mOe[39m[33m,[39m{orientation[33m:[39m[32m"vertical"[39m[33m,[39mclassName[33m:[39m[32m"c1-layout-row-separator"[39m})[33m,[39mp([32m"div"[39m[33m,[39m{className[33m:[39m[32m"c1-layout-row-mm-medium-right-container"[39m[33m,[39mchildren[33m:[39m[t([33mK[39m[33m,[39m{[33m...[39mo[33m||[39m{}[33m,[39moverridesProps[33m:[39m[33mSa[39m})[33m,[39mn[33m==[39m[36mnull[39m[33m?[39m[36mvoid[39m [35m0[39m[33m:[39mn[33m.[39mmap((s[33m,[39ml)[33m=>[39mt([33mK[39m[33m,[39m{[33m...[39ms[33m,[39moverridesProps[33m:[39m[33mSa[39m}[33m,[39ml))]})]})}[33m,[39mwh[33m=[39me[33m=>[39m{[36mconst[39m{smallLeft[33m:[39ma[33m,[39mlargeRight[33m:[39mn[33m,[39mheaderLeft[33m:[39mi[33m,[39mheaderRight[33m:[39mo[33m,[39mcomponentPropOverrides[33m:[39ms}[33m=[39me[33m;[39m[36mreturn[39m p([32m"div"[39m[33m,[39m{className[33m:[39m[32m"c1-layout-row-sl-container"[39m[33m,[39mchildren[33m:[39m[p([32m"div"[39m[33m,[39m{className[33m:[39m[32m"c1-layout-row-sl-small-container"[39m[33m,[39mchildren[33m:[39m[t([33mK[39m[33m,[39m{[33m...[39mi[33m||[39m{}[33m,[39moverridesProps[33m:[39ms})[33m,[39ma[33m.[39mmap((l[33m,[39mc)[33m=>[39mt([33mK[39m[33m,[39m{[33m...[39ml[33m,[39moverridesProps[33m:[39ms}[33m,[39mc))]})[33m,[39mt([33mOe[39m[33m,[39m{orientation[33m:[39m[32m"vertical"[39m[33m,[39mclassName[33m:[39m[32m"c1-layout-row-separator"[39m})[33m,[39mp([32m"div"[39m[33m,[39m{className[33m:[39m[32m"c1-layout-row-sl-large-container"[39m[33m,[39mchildren[33m:[39m[t([33mK[39m[33m,[39m{[33m...[39mo[33m||[39m{}[33m,[39moverridesProps[33m:[39ms})[33m,[39mn[33m==[39m[36mnull[39m[33m?[39m[36mvoid[39m [35m0[39m[33m:[39mn[33m.[39mmap((l[33m,[39mc)[33m=>[39mt([33mK[39m[33m,[39m{[33m...[39ml[33m,[39moverridesProps[33m:[39ms}[33m,[39mc))]})]})}[33m,[39mxh[33m=[39mq(({props[33m:[39me})[33m=>[39m{[36mconst[39m a[33m=[39m[33mDt[39m()[33m,[39mn[33m=[39m[33mFt[39m()[33m;[39m[36mif[39m([33m![39me[33m.[39mbuttons[33m||[39m[33m![39mn)[36mreturn[39m [36mnull[39m[33m;[39m[36mconst[39m{component[33m:[39mi[33m,[39mprops[33m:[39mo}[33m=[39me[33m.[39mbuttons[33m,[39m{children[33m:[39ms[33m,[39m[33m...[39ml}[33m=[39mo[33m,[39mc[33m=[39ms[33m.[39mmap((d[33m,[39mm)[33m=>[39m{[36mconst[39m h[33m=[39md[33m.[39mprops[33m;[39m[36mreturn[39m(h[33m.[39mname[33m||[39mh[33m.[39mchildren)[33m.[39mtoLowerCase()[33m.[39mincludes([32m"submit"[39m)[33m?[39mt([33mK[39m[33m,[39m{component[33m:[39m[32m"Button"[39m[33m,[39mprops[33m:[39m{[33m...[39mh[33m,[39monClick[33m:[39m()[33m=>[39m{[36mvar[39m g[33m,[39mb[33m;[39mn[33m.[39mvalidateForm()[33m&&[39ma(h[33m.[39mchildren[33m,[39m[32m"User clicked on Button: "[39m[33m+[39m(h[33m.[39mname[33m||[39mh[33m.[39mchildren)[33m,[39me[33m.[39mname[33m,[39m{type[33m:[39m(g[33m=[39mh[33m.[39maction)[33m==[39m[36mnull[39m[33m?[39m[36mvoid[39m [35m0[39m[33m:[39mg[33m.[39mtype[33m,[39mparams[33m:[39m((b[33m=[39mh[33m.[39maction)[33m==[39m[36mnull[39m[33m?[39m[36mvoid[39m [35m0[39m[33m:[39mb[33m.[39mprops)[33m?[39m[33m?[39m{}})}}}[33m,[39m[32m`form-button-${m}`[39m)[33m:[39mt([33mK[39m[33m,[39m{component[33m:[39m[32m"Button"[39m[33m,[39mprops[33m:[39mh}[33m,[39m[32m`form-button-${m}`[39m)})[33m;[39m[36mreturn[39m t([33mK[39m[33m,[39m{component[33m:[39mi[33m,[39mprops[33m:[39m{variant[33m:[39m[32m"horizontal"[39m[33m,[39m[33m...[39ml[33m,[39mchildren[33m:[39mc}})})[33m,[39mkh[33m=[39mq(e[33m=>[39m{[36mconst[39m{children[33m:[39ma[33m,[39mname[33m:[39mn}[33m=[39me[33m,[39mi[33m=[39m(o[33m=>[39m{[36mconst[39m[s[33m,[39ml][33m=[39m[33mF[39m({})[33m,[39mc[33m=[39m[33mD[39m({})[33m,[39md[33m=[39m$((u[33m,[39mg[33m,[39mb)[33m=>[39m{c[33m.[39mcurrent[u][33m=[39m{rules[33m:[39mg[33m,[39mgetValue[33m:[39mb}}[33m,[39m[])[33m,[39mm[33m=[39m$((u[33m,[39mg[33m,[39mb)[33m=>[39m{[36mfor[39m([36mconst[39m f [36mof[39m tm){[36mconst[39m y[33m=[39mb[f][33m;[39m[36mif[39m(y[33m!==[39m[36mvoid[39m [35m0[39m){[36mconst[39m _[33m=[39m([35m0[39m[33m,[39mam[f])(g[33m,[39my)[33m;[39m[36mif[39m(_)[36mreturn[39m l(v[33m=>[39m({[33m...[39mv[33m,[39m[u][33m:[39m_}))[33m,[39m[33m![39m[35m1[39m}}[36mreturn[39m l(f[33m=>[39m({[33m...[39mf[33m,[39m[u][33m:[39m[36mvoid[39m [35m0[39m}))[33m,[39m[33m![39m[35m0[39m}[33m,[39m[])[33m,[39mh[33m=[39m$(()[33m=>[39m{[36mlet[39m u[33m=[39m[33m![39m[35m0[39m[33m;[39m[36mfor[39m([36mconst[39m g [36min[39m c[33m.[39mcurrent){[36mconst[39m b[33m=[39mc[33m.[39mcurrent[g][33m;[39m[36mif[39m([33m![39mb)[36mcontinue[39m[33m;[39m[36mconst[39m f[33m=[39mb[33m.[39mgetValue(o[33m,[39mg)[33m;[39mm(g[33m,[39mf[33m,[39mb[33m.[39mrules)[33m||[39m(u[33m=[39m[33m![39m[35m1[39m)}[36mreturn[39m u}[33m,[39m[o[33m,[39mm])[33m;[39m[36mreturn[39m ne(()[33m=>[39m({formName[33m:[39mo[33m,[39merrors[33m:[39ms[33m,[39mvalidateField[33m:[39mm[33m,[39mregisterField[33m:[39md[33m,[39mvalidateForm[33m:[39mh})[33m,[39m[o[33m,[39ms[33m,[39mm[33m,[39md[33m,[39mh])})(n)[33m;[39m[36mreturn[39m t(oo[33m.[39m[33mProvider[39m[33m,[39m{value[33m:[39mi[33m,[39mchildren[33m:[39mp([32m"div"[39m[33m,[39m{className[33m:[39m[32m"c1-form"[39m[33m,[39mchildren[33m:[39m[a[33m.[39mmap((o[33m,[39ms)[33m=>[39mt([33mK[39m[33m,[39m{component[33m:[39m[32m"FormControl"[39m[33m,[39mprops[33m:[39m{[33m...[39mo}}[33m,[39m[32m`form-control-${s}`[39m))[33m,[39mt(xh[33m,[39m{props[33m:[39me})]})})})[33m,[39mgt[33m=[39m({tooltipHeading[33m:[39me[33m,[39mtooltipContent[33m:[39ma[33m,[39mchildren[33m:[39mn[33m,[39mclassName[33m:[39mi[33m,[39mside[33m:[39mo[33m=[39m[32m"bottom"[39m[33m,[39malign[33m:[39ms[33m=[39m[32m"start"[39m[33m,[39msideOffset[33m:[39ml[33m=[39m[35m5[39m[33m,[39malignOffset[33m:[39mc[33m=[39m[35m0[39m[33m,[39mdelayDuration[33m:[39md[33m=[39m[35m100[39m[33m,[39mshowOnlyWhenTruncated[33m:[39mm[33m=[39m[33m![39m[35m1[39m})[33m=>[39m{[36mconst[39m{portalThemeClassName[33m:[39mh}[33m=[39m[33mCe[39m()[33m,[39mu[33m=[39m[33mD[39m([36mnull[39m)[33m,[39m[g[33m,[39mb][33m=[39m[33mF[39m([33m![39m[35m1[39m)[33m,[39m[f[33m,[39my][33m=[39m[33mF[39m([33m![39m[35m1[39m)[33m,[39m_[33m=[39m[33mPe[39m[33m.[39m[33mChildren[39m[33m.[39monly(n)[33m,[39mv[33m=[39mgi(_)[33m&&[39mm[33m?[39mtc(_[33m,[39m{ref[33m:[39mu})[33m:[39mn[33m;[39mqe(()[33m=>[39m{[36mconst[39m [33mC[39m[33m=[39m()[33m=>[39m{[36mif[39m(u[33m.[39mcurrent){[36mconst[39m{children[33m:[39mk}[33m=[39mu[33m.[39mcurrent[33m,[39m[33mS[39m[33m=[39m[33mArray[39m[33m.[39m[36mfrom[39m(k)[33m;[39m[36mlet[39m w[33m,[39m[33mP[39m[33m;[39m[36mif[39m(e[33m&&[39m(w[33m=[39m[33mS[39m[[35m0[39m])[33m,[39ma[33m&&[39m([33mP[39m[33m=[39me[33m?[39m[33mS[39m[[35m1[39m][33m:[39m[33mS[39m[[33mS[39m[33m.[39mlength[33m-[39m[35m1[39m])[33m,[39mw){[36mconst[39m [33mI[39m[33m=[39mw[33m.[39mscrollWidth[33m>[39mw[33m.[39mclientWidth[33m||[39mw[33m.[39mscrollHeight[33m>[39mw[33m.[39mclientHeight[33m;[39m[33mI[39m[33m!==[39mg[33m&&[39mb([33mI[39m)}[36mif[39m([33mP[39m){[36mconst[39m [33mI[39m[33m=[39m[33mP[39m[33m.[39mscrollWidth[33m>[39m[33mP[39m[33m.[39mclientWidth[33m||[39m[33mP[39m[33m.[39mscrollHeight[33m>[39m[33mP[39m[33m.[39mclientHeight[33m;[39m[33mI[39m[33m!==[39mf[33m&&[39my([33mI[39m)}}}[33m;[39m[36mif[39m(m){[33mC[39m()[33m;[39m[36mconst[39m k[33m=[39m[36mnew[39m [33mResizeObserver[39m([33mC[39m)[33m,[39m[33mS[39m[33m=[39mu[33m.[39mcurrent[33m;[39m[36mreturn[39m [33mS[39m[33m&&[39mk[33m.[39mobserve([33mS[39m)[33m,[39m()[33m=>[39m{[33mS[39m[33m&&[39mk[33m.[39munobserve([33mS[39m)}}}[33m,[39m[n[33m,[39mm[33m,[39mg[33m,[39mf[33m,[39me[33m,[39ma])[33m;[39m[36mconst[39m [33mN[39m[33m=[39mm[33m?[39mg[33m?[39me[33m:[39m[36mvoid[39m [35m0[39m[33m:[39me[33m,[39mx[33m=[39mm[33m?[39mf[33m?[39ma[33m:[39m[36mvoid[39m [35m0[39m[33m:[39ma[33m;[39m[36mreturn[39m [33mN[39m[33m||[39mx[33m?[39mt(he[33m.[39m[33mProvider[39m[33m,[39m{children[33m:[39mp(he[33m.[39m[33mRoot[39m[33m,[39m{delayDuration[33m:[39md[33m,[39mchildren[33m:[39m[t(he[33m.[39m[33mTrigger[39m[33m,[39m{asChild[33m:[39m[33m![39m[35m0[39m[33m,[39mchildren[33m:[39mv})[33m,[39mt(he[33m.[39m[33mPortal[39m[33m,[39m{children[33m:[39mt(he[33m.[39m[33mContent[39m[33m,[39m{className[33m:[39m[33mT[39m([32m"c1-tooltip-content"[39m[33m,[39mh[33m,[39mi)[33m,[39mside[33m:[39mo[33m,[39malign[33m:[39ms[33m,[39msideOffset[33m:[39ml[33m,[39malignOffset[33m:[39mc[33m,[39mchildren[33m:[39mp([32m"div"[39m[33m,[39m{className[33m:[39m[32m"c1-tooltip-body"[39m[33m,[39mchildren[33m:[39m[[33mN[39m[33m&&[39mt([32m"span"[39m[33m,[39m{className[33m:[39m[32m"c1-tooltip-heading"[39m[33m,[39mchildren[33m:[39m[33mN[39m})[33m,[39mx[33m&&[39mt([32m"span"[39m[33m,[39m{className[33m:[39m[32m"c1-tooltip-text-content"[39m[33m,[39mchildren[33m:[39mx})]})})})]})})[33m:[39mt([33mQ[39m[33m,[39m{children[33m:[39mv})}[33m,[39m[33mNh[39m[33m=[39mq(e[33m=>[39m{[36mconst[39m{data[33m:[39ma[33m,[39m[33m...[39mn}[33m=[39me[33m;[39m[36mswitch[39m(e[33m.[39mtype){[36mcase[39m[32m"line"[39m[33m:[39m[36mreturn[39m t([33mUi[39m[33m,[39m{[33m...[39mn[33m,[39mdata[33m:[39ma})[33m;[39m[36mcase[39m[32m"bar"[39m[33m:[39m[36mreturn[39m t([33mHi[39m[33m,[39m{[33m...[39mn[33m,[39mdata[33m:[39ma})[33m;[39m[36mcase[39m[32m"area"[39m[33m:[39m[36mreturn[39m t([33mVi[39m[33m,[39m{[33m...[39mn[33m,[39mdata[33m:[39ma})}})[33m,[39m[33mCh[39m[33m=[39m[33mA[39m[33m.[39mextend({type[33m:[39mr[33m.[39m[36menum[39m([[32m"line"[39m[33m,[39m[32m"bar"[39m[33m,[39m[32m"area"[39m])[33m,[39mdata[33m:[39mr[33m.[39marray(r[33m.[39mnumber())})[33m,[39mns[33m=[39mz[33m.[39mextend({component[33m:[39mr[33m.[39mliteral([32m"MiniChart"[39m)[33m,[39mprops[33m:[39m[33mCh[39m})[33m,[39m[33mSh[39m[33m=[39m[33mA[39m[33m.[39mextend({amount[33m:[39mr[33m.[39mstring()[33m.[39m[36mdefault[39m([32m""[39m)[33m,[39mdescription[33m:[39mr[33m.[39mstring()[33m.[39m[36mdefault[39m([32m""[39m)[33m,[39mchild[33m:[39mr[33m.[39munion([ke[33m,[39m[33mAe[39m[33m,[39m[33mWo[39m])})[33m,[39mis[33m=[39mz[33m.[39mextend({component[33m:[39mr[33m.[39mliteral([32m"DataTile"[39m)[33m,[39mprops[33m:[39m[33mSh[39m})[33m,[39m[33mTh[39m[33m=[39m[33mA[39m[33m.[39mextend({title[33m:[39mr[33m.[39mstring()[33m.[39m[36mdefault[39m([32m""[39m)[33m,[39mlabel[33m:[39mr[33m.[39mstring()[33m.[39m[36mdefault[39m([32m""[39m)[33m,[39mchild[33m:[39mr[33m.[39munion([ke[33m,[39m[33mAe[39m])})[33m,[39mos[33m=[39mz[33m.[39mextend({component[33m:[39mr[33m.[39mliteral([32m"ProfileTile"[39m)[33m,[39mprops[33m:[39m[33mTh[39m})[33m,[39m[33mEh[39m[33m=[39m[33mA[39m[33m.[39mextend({number[33m:[39mr[33m.[39mstring()[33m.[39m[36mdefault[39m([32m""[39m)[33m,[39mlabel[33m:[39mr[33m.[39mstring()[33m.[39m[36mdefault[39m([32m""[39m)})[33m,[39mss[33m=[39mz[33m.[39mextend({component[33m:[39mr[33m.[39mliteral([32m"Stats"[39m)[33m,[39mprops[33m:[39m[33mEh[39m})[33m,[39m[33mPh[39m[33m=[39m[33mA[39m[33m.[39mextend({lhs[33m:[39mr[33m.[39munion([os[33m,[39mis])[33m,[39mrhs[33m:[39mr[33m.[39munion([ss[33m,[39mns])[33m.[39moptional()})[33m,[39mls[33m=[39mz[33m.[39mextend({component[33m:[39mr[33m.[39mliteral([32m"MiniCard"[39m)[33m,[39mprops[33m:[39m[33mPh[39m})[33m,[39m[33mIh[39m[33m=[39m[33mA[39m[33m.[39mextend({children[33m:[39mr[33m.[39marray(ls)[33m.[39m[36mdefault[39m([])})[33m,[39mcr[33m=[39mz[33m.[39mextend({component[33m:[39mr[33m.[39mliteral([32m"MiniCardBlock"[39m)[33m,[39mprops[33m:[39m[33mIh[39m})[33m,[39m[33mAh[39m[33m=[39mr[33m.[39mobject({title[33m:[39mr[33m.[39mstring()[33m.[39m[36mdefault[39m([32m""[39m)[33m,[39mdetails[33m:[39m[33mDe[39m})[33m,[39mcs[33m=[39mz[33m.[39mextend({component[33m:[39mr[33m.[39mliteral([32m"StepsItem"[39m)[33m,[39mprops[33m:[39m[33mAh[39m})[33m,[39m[33mLh[39m[33m=[39m[33mA[39m[33m.[39mextend({header[33m:[39mbe[33m.[39moptional()[33m,[39mchildren[33m:[39mr[33m.[39marray(cs)})[33m,[39mxt[33m=[39mz[33m.[39mextend({component[33m:[39mr[33m.[39mliteral([32m"Steps"[39m)[33m,[39mprops[33m:[39m[33mLh[39m})[33m,[39mds[33m=[39mr[33m.[39marray(r[33m.[39munion([[33mDe[39m[33m,[39m[33mGe[39m[33m,[39mxt[33m,[39mbe[33m,[39mwt]))[33m.[39mdescribe([32m"$ref:smallSlotComponent"[39m)[33m,[39m[33mKn[39m[33m=[39mr[33m.[39marray(r[33m.[39munion([be[33m,[39m[33mDe[39m[33m,[39m[33mGe[39m[33m,[39mxt[33m,[39mvt[33m,[39m[33mAe[39m[33m,[39mcr[33m,[39mjt[33m,[39mwt]))[33m.[39mdescribe([32m"$ref:mediumSlotComponent"[39m)[33m,[39mms[33m=[39mr[33m.[39marray(r[33m.[39munion([[33mDe[39m[33m,[39m[33mGe[39m[33m,[39mxt[33m,[39mvt[33m,[39m[33mAe[39m[33m,[39mlr[33m,[39m[33mVt[39m[33m,[39mjt[33m,[39mbe[33m,[39m[33mHt[39m[33m,[39mwt]))[33m.[39mdescribe([32m"$ref:largeSlotComponent"[39m)[33m,[39m[33mMh[39m[33m=[39mr[33m.[39mobject({variant[33m:[39mr[33m.[39mliteral([32m"M-M"[39m)[33m,[39mrows[33m:[39mr[33m.[39marray(r[33m.[39mobject({headerLeft[33m:[39mbe[33m.[39moptional()[33m,[39mmediumLeft[33m:[39m[33mKn[39m[33m,[39mheaderRight[33m:[39mbe[33m.[39moptional()[33m,[39mmediumRight[33m:[39m[33mKn[39m[33m.[39moptional()}))})[33m,[39m$h[33m=[39mr[33m.[39mobject({variant[33m:[39mr[33m.[39mliteral([32m"L-S"[39m)[33m,[39mrows[33m:[39mr[33m.[39marray(r[33m.[39mobject({headerLeft[33m:[39mbe[33m.[39moptional()[33m,[39mlargeLeft[33m:[39mms[33m,[39mheaderRight[33m:[39mbe[33m.[39moptional()[33m,[39msmallRight[33m:[39mds[33m.[39moptional()}))})[33m,[39m[33mOh[39m[33m=[39mr[33m.[39mobject({variant[33m:[39mr[33m.[39mliteral([32m"S-L"[39m)[33m,[39mrows[33m:[39mr[33m.[39marray(r[33m.[39mobject({headerLeft[33m:[39mbe[33m.[39moptional()[33m,[39msmallLeft[33m:[39mds[33m,[39mheaderRight[33m:[39mbe[33m.[39moptional()[33m,[39mlargeRight[33m:[39mms[33m.[39moptional()}))})[33m,[39mzh[33m=[39m[33mA[39m[33m.[39mextend({children[33m:[39mr[33m.[39munion([[33mMh[39m[33m,[39m$h[33m,[39m[33mOh[39m])})[33m,[39mhn[33m=[39mz[33m.[39mextend({component[33m:[39mr[33m.[39mliteral([32m"Layout"[39m)[33m,[39mprops[33m:[39mzh})[33m,[39m[33mBh[39m[33m=[39m[33mA[39m[33m.[39mextend({title[33m:[39mr[33m.[39mstring()[33m.[39m[36mdefault[39m([32m""[39m)[33m,[39micon[33m:[39mr[33m.[39mstring()[33m.[39m[36mdefault[39m([32m""[39m)})[33m,[39mps[33m=[39mz[33m.[39mextend({component[33m:[39mr[33m.[39mliteral([32m"Section"[39m)[33m,[39mprops[33m:[39m[33mBh[39m})[33m,[39m[33mRh[39m[33m=[39m{info[33m:[39m[32m"c1-callout-v2-info"[39m[33m,[39mdanger[33m:[39m[32m"c1-callout-v2-danger"[39m[33m,[39mwarning[33m:[39m[32m"c1-callout-v2-warning"[39m[33m,[39msuccess[33m:[39m[32m"c1-callout-v2-success"[39m[33m,[39mneutral[33m:[39m[32m"c1-callout-v2-neutral"[39m}[33m,[39m[33mDh[39m[33m=[39mq(e[33m=>[39m{[36mconst[39m{actions[33m:[39ma[33m,[39mrowIndex[33m:[39mn[33m,[39mrowData[33m:[39mi}[33m=[39me[33m,[39m{portalThemeClassName[33m:[39mo}[33m=[39m[33mCe[39m()[33m,[39ms[33m=[39m[33mDt[39m()[33m,[39m{isOpen[33m:[39ml[33m,[39mhandleMouseEnter[33m:[39mc[33m,[39mhandleMouseLeave[33m:[39md[33m,[39mhandleTriggerClick[33m:[39mm[33m,[39mhandleContentClick[33m:[39mh[33m,[39mcloseTooltip[33m:[39mu[33m,[39mgetPointerDownOutsideHandler[33m:[39mg}[33m=[39mon()[33m;[39m[36mif[39m([33m![39ma[33m||[39ma[33m.[39mlength[33m===[39m[35m0[39m)[36mreturn[39m [36mnull[39m[33m;[39m[36mconst[39m b[33m=[39mf[33m=>[39m{[36mvar[39m y[33m,[39m_[33m;[39ms(f[33m.[39mlabel[33m,[39m[32m`User clicked on table action: ${f.label} for row ${n+1} with data: ${i.filter(v=>typeof v!="object")}`[39m[33m,[39m[36mvoid[39m [35m0[39m[33m,[39m{type[33m:[39m(y[33m=[39mf[33m.[39maction)[33m==[39m[36mnull[39m[33m?[39m[36mvoid[39m [35m0[39m[33m:[39my[33m.[39mtype[33m,[39mparams[33m:[39m{[33m...[39m(_[33m=[39mf[33m.[39maction)[33m==[39m[36mnull[39m[33m?[39m[36mvoid[39m [35m0[39m[33m:[39m_[33m.[39mprops}})}[33m;[39m[36mif[39m(a[33m.[39mlength[33m===[39m[35m1[39m[33m&&[39ma[[35m0[39m]){[36mconst[39m f[33m=[39ma[[35m0[39m][33m;[39m[36mreturn[39m t([32m"div"[39m[33m,[39m{className[33m:[39m[32m"c1-table-action-cell"[39m[33m,[39mchildren[33m:[39mp([32m"button"[39m[33m,[39m{className[33m:[39m[32m"c1-table-action-single-button"[39m[33m,[39monClick[33m:[39m()[33m=>[39mb(f)[33m,[39m[32m"aria-label"[39m[33m:[39mf[33m.[39mlabel[33m,[39mchildren[33m:[39m[f[33m.[39mleftIcon[33m&&[39mt(de[33m,[39m{name[33m:[39mf[33m.[39mleftIcon[33m.[39mprops[33m.[39mname[33m,[39mcategory[33m:[39mf[33m.[39mleftIcon[33m.[39mprops[33m.[39mcategory[33m,[39msize[33m:[39m[35m14[39m})[33m,[39mt([32m"span"[39m[33m,[39m{children[33m:[39mf[33m.[39mlabel})[33m,[39mf[33m.[39mrightIcon[33m&&[39mt(de[33m,[39m{name[33m:[39mf[33m.[39mrightIcon[33m.[39mprops[33m.[39mname[33m,[39mcategory[33m:[39mf[33m.[39mrightIcon[33m.[39mprops[33m.[39mcategory[33m,[39msize[33m:[39m[35m14[39m})]})})}[36mreturn[39m t([32m"div"[39m[33m,[39m{className[33m:[39m[32m"c1-table-action-cell"[39m[33m,[39mchildren[33m:[39mt(he[33m.[39m[33mProvider[39m[33m,[39m{delayDuration[33m:[39m[35m0[39m[33m,[39mchildren[33m:[39mp(he[33m.[39m[33mRoot[39m[33m,[39m{open[33m:[39ml[33m,[39mchildren[33m:[39m[t(he[33m.[39m[33mTrigger[39m[33m,[39m{asChild[33m:[39m[33m![39m[35m0[39m[33m,[39mchildren[33m:[39mt(ie[33m,[39m{variant[33m:[39m[32m"tertiary"[39m[33m,[39msize[33m:[39m[32m"extra-small"[39m[33m,[39mclassName[33m:[39m[32m"c1-table-action-trigger"[39m[33m,[39micon[33m:[39mt([33mZc[39m[33m,[39m{size[33m:[39m[35m12[39m})[33m,[39m[32m"aria-label"[39m[33m:[39m[32m"More actions"[39m[33m,[39m[32m"aria-expanded"[39m[33m:[39ml[33m,[39m[32m"aria-haspopup"[39m[33m:[39m[32m"menu"[39m[33m,[39monClick[33m:[39mm[33m,[39monMouseEnter[33m:[39mc[33m,[39monMouseLeave[33m:[39md})})[33m,[39mt(he[33m.[39m[33mPortal[39m[33m,[39m{children[33m:[39mt(he[33m.[39m[33mContent[39m[33m,[39m{side[33m:[39m[32m"bottom"[39m[33m,[39malign[33m:[39m[32m"end"[39m[33m,[39msideOffset[33m:[39m[35m4[39m[33m,[39malignOffset[33m:[39m[35m0[39m[33m,[39mcollisionPadding[33m:[39m[35m8[39m[33m,[39monMouseEnter[33m:[39mc[33m,[39monMouseLeave[33m:[39md[33m,[39monClick[33m:[39mh[33m,[39monPointerDownOutside[33m:[39mg([32m".c1-table-action-trigger"[39m)[33m,[39mclassName[33m:[39m[33mT[39m([32m"c1-table-action-tooltip"[39m[33m,[39mo)[33m,[39mchildren[33m:[39mt([32m"div"[39m[33m,[39m{className[33m:[39m[32m"c1-table-action-menu"[39m[33m,[39mrole[33m:[39m[32m"menu"[39m[33m,[39mchildren[33m:[39ma[33m.[39mmap((f[33m,[39my)[33m=>[39mp([32m"button"[39m[33m,[39m{role[33m:[39m[32m"menuitem"[39m[33m,[39mclassName[33m:[39m[32m"c1-table-action-menu-item"[39m[33m,[39monClick[33m:[39m()[33m=>[39m{b(f)[33m,[39mu()}[33m,[39m[32m"aria-label"[39m[33m:[39mf[33m.[39mlabel[33m,[39mchildren[33m:[39m[f[33m.[39mleftIcon[33m&&[39mt(de[33m,[39m{name[33m:[39mf[33m.[39mleftIcon[33m.[39mprops[33m.[39mname[33m,[39mcategory[33m:[39mf[33m.[39mleftIcon[33m.[39mprops[33m.[39mcategory[33m,[39msize[33m:[39m[35m14[39m})[33m,[39mt([32m"span"[39m[33m,[39m{children[33m:[39mf[33m.[39mlabel})[33m,[39mf[33m.[39mrightIcon[33m&&[39mt(de[33m,[39m{name[33m:[39mf[33m.[39mrightIcon[33m.[39mprops[33m.[39mname[33m,[39mcategory[33m:[39mf[33m.[39mrightIcon[33m.[39mprops[33m.[39mcategory[33m,[39msize[33m:[39m[35m14[39m})]}[33m,[39m[32m`c1-table-action-menu-item-${y}`[39m))})})})]})})})})[33m,[39m[33mFh[39m[33m=[39mq(e[33m=>[39m{[36mconst[39m{tableHeader[33m:[39ma[33m,[39mtableBody[33m:[39mn[33m,[39m[33m...[39mi}[33m=[39me[33m,[39mo[33m=[39m[33mD[39m([36mnull[39m)[33m,[39ms[33m=[39m[33mD[39m([36mnull[39m)[33m,[39m[l[33m,[39mc][33m=[39m[33mF[39m([33m![39m[35m1[39m)[33m,[39m[d[33m,[39mm][33m=[39m[33mF[39m([33m![39m[35m1[39m)[33m,[39m[h[33m,[39mu][33m=[39m[33mF[39m([33m![39m[35m1[39m)[33m,[39mg[33m=[39m[33mD[39m([])[33m;[39m[33mV[39m(()[33m=>[39m{[36mconst[39m y[33m=[39ms[33m.[39mcurrent[33m,[39m_[33m=[39mo[33m.[39mcurrent[33m;[39m[36mif[39m([33m![39my[33m||[39m[33m![39m_)[36mreturn[39m[33m;[39m[36mconst[39m v[33m=[39m()[33m=>[39m{[36mconst[39m [33mC[39m[33m=[39my[33m.[39mscrollWidth[33m>[39my[33m.[39mclientWidth[33m;[39mc([33mC[39m)[33m,[39mm(y[33m.[39mscrollLeft[33m>[39m[35m0[39m)[33m,[39mu(y[33m.[39mscrollLeft[33m<[39m[33my[39m[33m.[39mscrollWidth[33m-[39my[33m.[39mclientWidth[33m-[39m[35m1[39m)[33m;[39m[36mconst[39m k[33m=[39m_[33m.[39mquerySelectorAll([32m"thead th"[39m)[33m;[39m[36mif[39m([33m![39mk[33m||[39mk[33m.[39mlength[33m===[39m[35m0[39m)[36mreturn[39m [36mvoid[39m(g[33m.[39mcurrent[33m=[39m[])[33m;[39m[36mconst[39m [33mS[39m[33m=[39my[33m.[39mgetBoundingClientRect()[33m,[39mw[33m=[39m[][33m;[39mk[33m.[39mforEach([33mI[39m[33m=>[39m{[36mconst[39m [33mL[39m[33m=[39m[33mI[39m[33m.[39mgetBoundingClientRect()[33m.[39mleft[33m-[39m[33mS[39m[33m.[39mleft[33m+[39my[33m.[39mscrollLeft[33m;[39mw[33m.[39mpush([33mMath[39m[33m.[39mmax([35m0[39m[33m,[39m[33mMath[39m[33m.[39mround([33mL[39m)))})[33m;[39m[36mconst[39m [33mP[39m[33m=[39m[33mArray[39m[33m.[39m[36mfrom[39m([36mnew[39m [33mSet[39m(w))[33m.[39msort(([33mI[39m[33m,[39m[33mL[39m)[33m=>[39m[33mI[39m[33m-[39m[33mL[39m)[33m;[39mg[33m.[39mcurrent[33m=[39m[33mP[39m}[33m;[39mv()[33m;[39m[36mconst[39m [33mN[39m[33m=[39m[36mnew[39m [33mResizeObserver[39m(()[33m=>[39mv())[33m;[39m[33mN[39m[33m.[39mobserve(y)[33m;[39m[36mconst[39m x[33m=[39m()[33m=>[39m{m(y[33m.[39mscrollLeft[33m>[39m[35m0[39m)[33m,[39mu(y[33m.[39mscrollLeft[33m<[39m[33my[39m[33m.[39mscrollWidth[33m-[39my[33m.[39mclientWidth[33m-[39m[35m1[39m)}[33m;[39m[36mreturn[39m y[33m.[39maddEventListener([32m"scroll"[39m[33m,[39mx)[33m,[39m()[33m=>[39m{[33mN[39m[33m.[39mdisconnect()[33m,[39my[33m.[39mremoveEventListener([32m"scroll"[39m[33m,[39mx)}}[33m,[39m[n[33m,[39ma])[33m;[39m[36mconst[39m b[33m=[39m$(()[33m=>[39m{[36mconst[39m y[33m=[39ms[33m.[39mcurrent[33m;[39m[36mif[39m([33m![39my[33m||[39mg[33m.[39mcurrent[33m.[39mlength[33m===[39m[35m0[39m)[36mreturn[39m[33m;[39m[36mconst[39m _[33m=[39my[33m.[39mscrollLeft[33m,[39mv[33m=[39mg[33m.[39mcurrent[33m.[39mfind([33mC[39m[33m=>[39m[33mC[39m[33m>[39m_[33m+[39m[35m1[39m)[33m,[39m[33mN[39m[33m=[39my[33m.[39mscrollWidth[33m-[39my[33m.[39mclientWidth[33m,[39mx[33m=[39m[36mtypeof[39m v[33m==[39m[32m"number"[39m[33m?[39mv[33m:[39m[33mN[39m[33m;[39my[33m.[39mscrollTo({left[33m:[39m[33mMath[39m[33m.[39mmin(x[33m,[39m[33mN[39m)[33m,[39mbehavior[33m:[39m[32m"smooth"[39m})}[33m,[39m[])[33m,[39mf[33m=[39m$(()[33m=>[39m{[36mconst[39m y[33m=[39ms[33m.[39mcurrent[33m;[39m[36mif[39m([33m![39my[33m||[39mg[33m.[39mcurrent[33m.[39mlength[33m===[39m[35m0[39m)[36mreturn[39m[33m;[39m[36mconst[39m _[33m=[39my[33m.[39mscrollLeft[33m,[39mv[33m=[39mg[33m.[39mcurrent[33m.[39mfilter([33mN[39m[33m=>[39m[33mN[39m[33m<[39m_[33m-[39m[35m1[39m)[33m.[39mat([33m-[39m[35m1[39m)[33m?[39m[33m?[39m[35m0[39m[33m;[39my[33m.[39mscrollTo({left[33m:[39m[33mMath[39m[33m.[39mmax([35m0[39m[33m,[39mv)[33m,[39mbehavior[33m:[39m[32m"smooth"[39m})}[33m,[39m[])[33m;[39m[36mreturn[39m p([32m"div"[39m[33m,[39m{className[33m:[39m[32m"c1-table-wrapper"[39m[33m,[39mref[33m:[39mo[33m,[39mtabIndex[33m:[39m[35m0[39m[33m,[39mchildren[33m:[39m[l[33m&&[39mp([33mQ[39m[33m,[39m{children[33m:[39m[t([32m"div"[39m[33m,[39m{className[33m:[39m[32m"c1-table-scroll-control c1-left "[39m[33m+[39m(d[33m?[39m[32m"enabled"[39m[33m:[39m[32m"disabled"[39m)[33m,[39mchildren[33m:[39mt(ie[33m,[39m{[32m"aria-label"[39m[33m:[39m[32m"Scroll left"[39m[33m,[39msize[33m:[39m[32m"small"[39m[33m,[39mvariant[33m:[39m[32m"secondary"[39m[33m,[39monClick[33m:[39mf[33m,[39mdisabled[33m:[39m[33m![39md[33m,[39micon[33m:[39mt(la[33m,[39m{size[33m:[39m[35m16[39m})})})[33m,[39mt([32m"div"[39m[33m,[39m{className[33m:[39m[32m"c1-table-scroll-control c1-right "[39m[33m+[39m(h[33m?[39m[32m"enabled"[39m[33m:[39m[32m"disabled"[39m)[33m,[39mchildren[33m:[39mt(ie[33m,[39m{[32m"aria-label"[39m[33m:[39m[32m"Scroll right"[39m[33m,[39msize[33m:[39m[32m"small"[39m[33m,[39mvariant[33m:[39m[32m"secondary"[39m[33m,[39monClick[33m:[39mb[33m,[39mdisabled[33m:[39m[33m![39mh[33m,[39micon[33m:[39mt([33mAt[39m[33m,[39m{size[33m:[39m[35m16[39m})})})]})[33m,[39mp(xi[33m,[39m{containerRef[33m:[39ms[33m,[39mcontainerClassName[33m:[39m[32m"c1-table-scroll-container"[39m[33m,[39mstyle[33m:[39m{width[33m:[39ml[33m?[39m[32m"max-content"[39m[33m:[39m[32m"100%"[39m}[33m,[39m[33m...[39mi[33m,[39mchildren[33m:[39m[t(ki[33m,[39m{children[33m:[39mt(za[33m,[39m{children[33m:[39ma[33m.[39mrows[33m.[39mmap((y[33m,[39m_)[33m=>[39m{[36mvar[39m [33mN[39m[33m;[39m[36mconst[39m v[33m=[39m(([33mN[39m[33m=[39ma[33m.[39mrows[_])[33m==[39m[36mnull[39m[33m?[39m[36mvoid[39m [35m0[39m[33m:[39m[33mN[39m[33m.[39mtype)[33m||[39m[32m"string"[39m[33m;[39m[36mreturn[39m t([33mNi[39m[33m,[39m{className[33m:[39m[32m"c1-table-head"[39m[33m,[39mchildren[33m:[39mp([32m"div"[39m[33m,[39m{className[33m:[39m[32m`c1-table-head-content ${v==="number"?"c1-table-align-right":"c1-table-align-left"}`[39m[33m,[39mchildren[33m:[39m[y[33m.[39micon[33m&&[39mt([33mK[39m[33m,[39m{[33m...[39my[33m.[39micon})[33m,[39my[33m.[39mchildren]})}[33m,[39m[32m`table-head-${_}`[39m)})})})[33m,[39mt([33mCi[39m[33m,[39m{children[33m:[39mn[33m.[39mrows[33m.[39mmap((y[33m,[39m_)[33m=>[39mt(za[33m,[39m{children[33m:[39my[33m.[39mchildren[33m.[39mmap((v[33m,[39m[33mN[39m)[33m=>[39m{[36mvar[39m k[33m;[39m[36mconst[39m x[33m=[39m((k[33m=[39ma[33m.[39mrows[[33mN[39m])[33m==[39m[36mnull[39m[33m?[39m[36mvoid[39m [35m0[39m[33m:[39mk[33m.[39mtype)[33m||[39m[32m"string"[39m[33m,[39m[33mC[39m[33m=[39mx[33m===[39m[32m"number"[39m[33m?[39m[32m"c1-align-right"[39m[33m:[39m[32m"c1-align-left"[39m[33m;[39m[36mreturn[39m x[33m===[39m[32m"action"[39m[33m?[39mt($r[33m,[39m{className[33m:[39m[32m`c1-table-cell ${C}`[39m[33m,[39mchildren[33m:[39mt([33mDh[39m[33m,[39m{actions[33m:[39mv[33m,[39mrowIndex[33m:[39m_[33m,[39mrowData[33m:[39my[33m.[39mchildren})}[33m,[39m[32m`table-body-cell-${N}`[39m)[33m:[39mt($r[33m,[39m{className[33m:[39m[32m`c1-table-cell ${C}`[39m[33m,[39mchildren[33m:[39m(()[33m=>[39m{[36mswitch[39m([36mtypeof[39m v){[36mcase[39m[32m"string"[39m[33m:[39m[36mcase[39m[32m"number"[39m[33m:[39m[36mreturn[39m t([33mEe[39m[33m,[39m{content[33m:[39mv})[33m;[39m[36mcase[39m[32m"object"[39m[33m:[39m[36mreturn[39m v[33m.[39mcomponent[33m===[39m[32m"TagBlock"[39m[33m?[39mt([33mKo[39m[33m,[39m{children[33m:[39mv[33m.[39mprops[33m.[39mchildren[33m,[39msize[33m:[39m[32m"sm"[39m})[33m:[39mt([33mK[39m[33m,[39m{[33m...[39mv})}})()}[33m,[39m[32m`table-body-cell-${N}`[39m)})}[33m,[39m[32m`table-body-row-${_}`[39m))})]})]})})[33m,[39mjh[33m=[39m[33mA[39m[33m.[39mextend({value[33m:[39mr[33m.[39mstring()[33m,[39mtrigger[33m:[39mr[33m.[39mobject({text[33m:[39mr[33m.[39mstring()[33m,[39micon[33m:[39mke[33m.[39moptional()})[33m,[39mcontent[33m:[39mr[33m.[39marray(r[33m.[39munion([[33mGe[39m[33m,[39m[33mDe[39m[33m,[39mjt[33m,[39mvt[33m,[39m[33mVt[39m[33m,[39mua[33m,[39mir[33m,[39m[33mAe[39m[33m,[39mpt[33m,[39mxt[33m,[39msr[33m,[39mor[33m,[39mbe[33m,[39mdn[33m,[39mpn[33m,[39m[33mYa[39m[33m,[39m[33mGa[39m[33m,[39m[33mJa[39m[33m,[39mtr[33m,[39mer[33m,[39m[33mQa[39m[33m,[39m[33mHt[39m[33m,[39mwt]))[33m.[39moptional()})[33m,[39m[33mVh[39m[33m=[39m[33mA[39m[33m.[39mextend({header[33m:[39mbe[33m.[39moptional()[33m,[39mchildren[33m:[39mr[33m.[39marray(jh)})[33m,[39mun[33m=[39mz[33m.[39mextend({component[33m:[39mr[33m.[39mliteral([32m"Tabs"[39m)[33m,[39mprops[33m:[39m[33mVh[39m})[33m,[39m[33mHh[39m[33m=[39mq(e[33m=>[39m{[36mconst[39m{children[33m:[39ma[33m,[39mheader[33m:[39mn[33m,[39m[33m...[39mi}[33m=[39me[33m,[39mo[33m=[39m$e()[33m,[39m[s[33m,[39ml][33m=[39m[33mF[39m([32m""[39m)[33m,[39mc[33m=[39m[33mD[39m([33m![39m[35m1[39m)[33m,[39md[33m=[39m[33mD[39m([35m0[39m)[33m;[39m[36mreturn[39m [33mV[39m(()[33m=>[39m{[36mvar[39m m[33m,[39mh[33m;[39ma[33m!=[39m[36mnull[39m[33m&&[39ma[33m.[39mlength[33m&&[39m(o[33m&&[39ma[33m.[39mlength[33m>[39md[33m.[39mcurrent[33m&&[39m[33m![39mc[33m.[39mcurrent[33m?[39ml(((m[33m=[39ma[a[33m.[39mlength[33m-[39m[35m1[39m])[33m==[39m[36mnull[39m[33m?[39m[36mvoid[39m [35m0[39m[33m:[39mm[33m.[39mvalue)[33m||[39m[32m""[39m)[33m:[39m[33m![39ms[33m&&[39ma[33m.[39mlength[33m>[39m[35m0[39m[33m&&[39ml(((h[33m=[39ma[[35m0[39m])[33m==[39m[36mnull[39m[33m?[39m[36mvoid[39m [35m0[39m[33m:[39mh[33m.[39mvalue)[33m||[39m[32m""[39m)[33m,[39md[33m.[39mcurrent[33m=[39ma[33m.[39mlength)}[33m,[39m[a[33m,[39ms[33m,[39mo])[33m,[39ma[33m!=[39m[36mnull[39m[33m&&[39ma[33m.[39mlength[33m?[39mp([32m"div"[39m[33m,[39m{className[33m:[39m[32m"c1-tabs-wrapper"[39m[33m,[39mchildren[33m:[39m[n[33m&&[39mt([33mK[39m[33m,[39m{[33m...[39mn})[33m,[39mp([33mSc[39m[33m,[39m{value[33m:[39ms[33m,[39monValueChange[33m:[39mm[33m=>[39m{c[33m.[39mcurrent[33m=[39m[33m![39m[35m0[39m[33m,[39ml(m)}[33m,[39m[33m...[39mi[33m,[39mchildren[33m:[39m[t([33mTc[39m[33m,[39m{children[33m:[39ma[33m==[39m[36mnull[39m[33m?[39m[36mvoid[39m [35m0[39m[33m:[39ma[33m.[39mmap((m[33m,[39mh)[33m=>[39mt([33mEc[39m[33m,[39m{value[33m:[39mm[33m.[39mvalue[33m,[39mtext[33m:[39mm[33m.[39mtrigger[33m.[39mtext[33m,[39micon[33m:[39mm[33m.[39mtrigger[33m.[39micon[33m?[39mt(de[33m,[39m{name[33m:[39mm[33m.[39mtrigger[33m.[39micon[33m.[39mprops[33m.[39mname[33m,[39mcategory[33m:[39mm[33m.[39mtrigger[33m.[39micon[33m.[39mprops[33m.[39mcategory})[33m:[39m[36mvoid[39m [35m0[39m}[33m,[39m[32m`tab-trigger-${h}`[39m))})[33m,[39ma[33m==[39m[36mnull[39m[33m?[39m[36mvoid[39m [35m0[39m[33m:[39ma[33m.[39mmap((m[33m,[39mh)[33m=>[39m{[36mvar[39m u[33m;[39m[36mreturn[39m t([33mPc[39m[33m,[39m{value[33m:[39mm[33m.[39mvalue[33m,[39mchildren[33m:[39m(u[33m=[39mm[33m.[39mcontent)[33m==[39m[36mnull[39m[33m?[39m[36mvoid[39m [35m0[39m[33m:[39mu[33m.[39mmap((g[33m,[39mb)[33m=>[39mt([33mK[39m[33m,[39m{[33m...[39mg}[33m,[39m[32m`tab-content-child-${h}-${b}`[39m))}[33m,[39m[32m`tab-content-${h}`[39m)})]})]})[33m:[39m[36mnull[39m})[33m,[39m[33mUh[39m[33m=[39m[33mA[39m[33m.[39mextend({value[33m:[39mr[33m.[39mstring()[33m,[39mtrigger[33m:[39mr[33m.[39mstring()[33m,[39mcontent[33m:[39mr[33m.[39marray(r[33m.[39munion([ua[33m,[39m[33mHt[39m[33m,[39mpt[33m,[39m[33mGe[39m[33m,[39mbe[33m,[39m[33mAe[39m[33m,[39m[33mDe[39m[33m,[39mjt[33m,[39mvt[33m,[39msr[33m,[39mor[33m,[39mxt[33m,[39mlr[33m,[39mcr[33m,[39mhn[33m,[39m[33mVt[39m[33m,[39mun[33m,[39mir]))})[33m,[39mqh[33m=[39m[33mA[39m[33m.[39mextend({isFoldable[33m:[39mr[33m.[39mboolean()[33m.[39m[36mdefault[39m([33m![39m[35m0[39m)[33m,[39msections[33m:[39mr[33m.[39marray([33mUh[39m)})[33m,[39mhs[33m=[39mz[33m.[39mextend({component[33m:[39mr[33m.[39mliteral([32m"SectionBlock"[39m)[33m,[39mprops[33m:[39mqh})[33m,[39m[33mWh[39m[33m=[39mqa(({className[33m:[39me[33m,[39mstyle[33m:[39ma[33m,[39m[33m...[39mn}[33m,[39mi)[33m=>[39mt(ca[33m.[39m[33mRoot[39m[33m,[39m{ref[33m:[39mi[33m,[39mclassName[33m:[39m[33mT[39m([32m"c1-foldable-section-root"[39m[33m,[39me)[33m,[39mstyle[33m:[39ma[33m,[39m[33m...[39mn}))[33m,[39m[33mKh[39m[33m=[39mqa(({className[33m:[39me[33m,[39mstyle[33m:[39ma[33m,[39mvalue[33m:[39mn[33m,[39m[33m...[39mi}[33m,[39mo)[33m=>[39mt(ca[33m.[39m[33mItem[39m[33m,[39m{ref[33m:[39mo[33m,[39mclassName[33m:[39m[33mT[39m([32m"c1-foldable-section-item"[39m[33m,[39me)[33m,[39mstyle[33m:[39ma[33m,[39mvalue[33m:[39mn[33m,[39m[33m...[39mi}))[33m,[39m[33mXh[39m[33m=[39mqa(({className[33m:[39me[33m,[39mstyle[33m:[39ma[33m,[39mtext[33m:[39mn[33m,[39m[33m...[39mi}[33m,[39mo)[33m=>[39mt(ca[33m.[39m[33mHeader[39m[33m,[39m{className[33m:[39m[33mT[39m([32m"c1-foldable-section-header"[39m)[33m,[39mchildren[33m:[39mt(ca[33m.[39m[33mTrigger[39m[33m,[39m{ref[33m:[39mo[33m,[39mclassName[33m:[39m[33mT[39m([32m"c1-foldable-section-trigger"[39m[33m,[39me)[33m,[39mstyle[33m:[39ma[33m,[39m[33m...[39mi[33m,[39mchildren[33m:[39mp([32m"div"[39m[33m,[39m{className[33m:[39m[32m"c1-foldable-section-trigger-content-wrapper"[39m[33m,[39mchildren[33m:[39m[t([33mOe[39m[33m,[39m{className[33m:[39m[32m"c1-foldable-section-trigger-content-separator"[39m})[33m,[39mp([32m"div"[39m[33m,[39m{className[33m:[39m[32m"c1-foldable-section-trigger-content-icon-button-wrapper"[39m[33m,[39mchildren[33m:[39m[t(ie[33m,[39m{icon[33m:[39mt([33mAt[39m[33m,[39m{className[33m:[39m[32m"c1-foldable-section-trigger-content-icon-button-icon"[39m})[33m,[39msize[33m:[39m[32m"extra-small"[39m[33m,[39mvariant[33m:[39m[32m"secondary"[39m[33m,[39mclassName[33m:[39m[32m"c1-foldable-section-trigger-content-icon-button"[39m})[33m,[39mt([32m"div"[39m[33m,[39m{className[33m:[39m[32m"c1-foldable-section-trigger-content-text"[39m[33m,[39mchildren[33m:[39mn})]})]})})}))[33m,[39m[33mZh[39m[33m=[39mqa(({className[33m:[39me[33m,[39mstyle[33m:[39ma[33m,[39mchildren[33m:[39mn[33m,[39m[33m...[39mi}[33m,[39mo)[33m=>[39mt(ca[33m.[39m[33mContent[39m[33m,[39m{ref[33m:[39mo[33m,[39mclassName[33m:[39m[33mT[39m([32m"c1-foldable-section-content"[39m[33m,[39me)[33m,[39mstyle[33m:[39ma[33m,[39m[33m...[39mi[33m,[39mchildren[33m:[39mn}))[33m,[39m[33mYh[39m[33m=[39me[33m=>[39m{[36mconst[39m{trigger[33m:[39ma[33m,[39mchildren[33m:[39mn}[33m=[39me[33m;[39m[36mreturn[39m t([32m"div"[39m[33m,[39m{className[33m:[39m[32m"c1-section-v2"[39m[33m,[39mchildren[33m:[39mp([32m"div"[39m[33m,[39m{className[33m:[39m[32m"c1-section-v2-wrapper"[39m[33m,[39mchildren[33m:[39m[t([33mOe[39m[33m,[39m{orientation[33m:[39m[32m"horizontal"[39m})[33m,[39mt([32m"div"[39m[33m,[39m{className[33m:[39m[32m"c1-section-v2-header"[39m[33m,[39mchildren[33m:[39mt([32m"div"[39m[33m,[39m{className[33m:[39m[32m"c1-section-v2-header-trigger"[39m[33m,[39mchildren[33m:[39ma})})[33m,[39mt([32m"div"[39m[33m,[39m{className[33m:[39m[32m"c1-section-v2-content"[39m[33m,[39mchildren[33m:[39mn})]})})}[33m,[39m[33mXn[39m[33m=[39m{[33mImage[39m[33m:[39m{variant[33m:[39m[32m"ImageBlock"[39m}}[33m,[39m[33mGh[39m[33m=[39mr[33m.[39munion([un[33m,[39mua[33m,[39mir[33m,[39mpt[33m,[39m[33mGe[39m[33m,[39mrs[33m,[39mmn[33m,[39m[33mAe[39m[33m,[39m[33mDe[39m[33m,[39mjt[33m,[39mvt[33m,[39msr[33m,[39mor[33m,[39mxt[33m,[39mlr[33m,[39mcr[33m,[39mhn[33m,[39m[36mas[39m[33m,[39m[33mVt[39m[33m,[39mhs[33m,[39mbe[33m,[39mps[33m,[39m[33mYa[39m[33m,[39m[33mGa[39m[33m,[39mdn[33m,[39m[33mJa[39m[33m,[39mtr[33m,[39mer[33m,[39m[33mQa[39m[33m,[39mpn[33m,[39m[33mHt[39m[33m,[39mwt])[33m,[39m[33mJh[39m[33m=[39mr[33m.[39mobject({url[33m:[39mr[33m.[39mstring()[33m.[39moptional()[33m,[39mtitle[33m:[39mr[33m.[39mstring()[33m,[39msourceName[33m:[39mr[33m.[39mstring()})[33m,[39m[33mQh[39m[33m=[39m[33mA[39m[33m.[39mextend({variant[33m:[39mr[33m.[39m[36menum[39m([[32m"clear"[39m[33m,[39m[32m"card"[39m[33m,[39m[32m"sunk"[39m])[33m.[39moptional()[33m,[39mwidth[33m:[39mr[33m.[39m[36menum[39m([[32m"standard"[39m[33m,[39m[32m"full"[39m])[33m.[39moptional()[33m,[39mchildren[33m:[39mr[33m.[39marray([33mGh[39m)[33m.[39m[36mdefault[39m([])[33m,[39msources[33m:[39mr[33m.[39marray([33mJh[39m)[33m.[39moptional()})[33m,[39meu[33m=[39mz[33m.[39mextend({component[33m:[39mr[33m.[39mliteral([32m"Card"[39m)[33m,[39mprops[33m:[39m[33mQh[39m})[33m,[39mtu[33m=[39mq(e[33m=>[39m{[36mconst[39m{followUpText[33m:[39ma[33m,[39m[33m...[39mn}[33m=[39me[33m,[39mi[33m=[39ma[33m==[39m[36mnull[39m[33m?[39m[36mvoid[39m [35m0[39m[33m:[39ma[33m.[39mmap(o[33m=>[39m({component[33m:[39m[32m"FollowUpItem"[39m[33m,[39mprops[33m:[39m{text[33m:[39mo[33m,[39micon[33m:[39m{component[33m:[39m[32m"Icon"[39m[33m,[39mprops[33m:[39m{name[33m:[39m[32m"plus"[39m}}}}))[33m;[39m[36mreturn[39m p([32m"div"[39m[33m,[39m{className[33m:[39m[32m"c1-follow-up-block-wrapper"[39m[33m,[39mchildren[33m:[39m[t([32m"div"[39m[33m,[39m{className[33m:[39m[32m"c1-follow-up"[39m[33m,[39mchildren[33m:[39m[32m"Related Queries"[39m})[33m,[39mt([33mIc[39m[33m,[39m{[33m...[39mn[33m,[39mchildren[33m:[39mi[33m==[39m[36mnull[39m[33m?[39m[36mvoid[39m [35m0[39m[33m:[39mi[33m.[39mmap((o[33m,[39ms)[33m=>[39mt([33mK[39m[33m,[39m{[33m...[39mo}[33m,[39m[32m`${o.component}-${s}`[39m))})]})})[33m,[39m[33mDr[39m[33m=[39me[33m=>[39m[33mArray[39m[33m.[39misArray(e)[33m?[39me[33m.[39mmap((a[33m,[39mn)[33m=>[39ma[33m.[39mcomponent[33m?[39mt([33mK[39m[33m,[39m{[33m...[39ma}[33m,[39m[32m`${a.component}-${n}`[39m)[33m:[39m[33mDr[39m(a))[33m:[39m[36mtypeof[39m e[33m==[39m[32m"string"[39m[33m||[39me [36minstanceof[39m [33mDate[39m[33m||[39mgi(e)[33m?[39me[33m:[39m[36mtypeof[39m e[33m==[39m[32m"object"[39m[33m&&[39me[33m!==[39m[36mnull[39m[33m?[39me[33m.[39mcomponent[33m?[39mt([33mK[39m[33m,[39m{[33m...[39me})[33m:[39m[33mObject[39m[33m.[39mentries(e)[33m.[39mreduce((a[33m,[39m[n[33m,[39mi])[33m=>[39m(a[n][33m=[39m[33mDr[39m(i)[33m,[39ma)[33m,[39m{})[33m:[39me[33m,[39m[33mY[39m[33m=[39me[33m=>[39mq(a[33m=>[39m{[36mconst[39m n[33m=[39m[33mObject[39m[33m.[39mentries(a)[33m.[39mreduce((i[33m,[39m[o[33m,[39ms])[33m=>[39m(i[o][33m=[39m[33mDr[39m(s)[33m,[39mi)[33m,[39m{})[33m;[39m[36mreturn[39m t(e[33m,[39m{[33m...[39mn})})[33m,[39m[33mFr[39m[33m=[39m({isEditing[33m:[39me[33m,[39misSelected[33m:[39ma[33m,[39mrowIndex[33m:[39mn[33m,[39mcolumnId[33m:[39mi[33m,[39monNavigate[33m:[39mo[33m,[39monStartEdit[33m:[39ms[33m,[39monSave[33m:[39ml[33m,[39monCancel[33m:[39mc[33m,[39monStartEditWithChar[33m:[39md})[33m=>[39m({handleKeyDown[33m:[39m$(m[33m=>[39m{[36mif[39m(e)[36mswitch[39m(m[33m.[39mkey){[36mcase[39m[32m"Enter"[39m[33m:[39mm[33m.[39mpreventDefault()[33m,[39ml()[33m,[39mo([32m"down"[39m)[33m;[39m[36mbreak[39m[33m;[39m[36mcase[39m[32m"Tab"[39m[33m:[39mm[33m.[39mpreventDefault()[33m,[39ml()[33m,[39mm[33m.[39mshiftKey[33m?[39mo([32m"left"[39m)[33m:[39mo([32m"right"[39m)[33m;[39m[36mbreak[39m[33m;[39m[36mcase[39m[32m"Escape"[39m[33m:[39mm[33m.[39mpreventDefault()[33m,[39mc()}[36melse[39m [36mif[39m(a)[36mswitch[39m(m[33m.[39mkey){[36mcase[39m[32m"Enter"[39m[33m:[39m[36mcase[39m[32m"F2"[39m[33m:[39mm[33m.[39mpreventDefault()[33m,[39ms(n[33m,[39mi)[33m;[39m[36mbreak[39m[33m;[39m[36mcase[39m[32m"Tab"[39m[33m:[39mm[33m.[39mpreventDefault()[33m,[39mm[33m.[39mshiftKey[33m?[39mo([32m"left"[39m)[33m:[39mo([32m"right"[39m)[33m;[39m[36mbreak[39m[33m;[39m[36mcase[39m[32m"ArrowUp"[39m[33m:[39mm[33m.[39mpreventDefault()[33m,[39mo([32m"up"[39m)[33m;[39m[36mbreak[39m[33m;[39m[36mcase[39m[32m"ArrowDown"[39m[33m:[39mm[33m.[39mpreventDefault()[33m,[39mo([32m"down"[39m)[33m;[39m[36mbreak[39m[33m;[39m[36mcase[39m[32m"ArrowLeft"[39m[33m:[39mm[33m.[39mpreventDefault()[33m,[39mo([32m"left"[39m)[33m;[39m[36mbreak[39m[33m;[39m[36mcase[39m[32m"ArrowRight"[39m[33m:[39mm[33m.[39mpreventDefault()[33m,[39mo([32m"right"[39m)[33m;[39m[36mbreak[39m[33m;[39m[36mdefault[39m[33m:[39mm[33m.[39mkey[33m.[39mlength[33m!==[39m[35m1[39m[33m||[39mm[33m.[39mctrlKey[33m||[39mm[33m.[39mmetaKey[33m||[39mm[33m.[39maltKey[33m||[39m(m[33m.[39mpreventDefault()[33m,[39ms(n[33m,[39mi)[33m,[39md[33m==[39m[36mnull[39m[33m||[39md(m[33m.[39mkey))}}[33m,[39m[e[33m,[39ma[33m,[39mn[33m,[39mi[33m,[39mo[33m,[39ms[33m,[39ml[33m,[39mc[33m,[39md])})[33m,[39mjr[33m=[39m({isSelected[33m:[39me[33m,[39misEditing[33m:[39ma})[33m=>[39mp([33mQ[39m[33m,[39m{children[33m:[39m[t([32m"div"[39m[33m,[39m{className[33m:[39m[33mT[39m([32m"c1-editable-table-cell-outline-top"[39m[33m,[39me[33m&&[39m[32m"c1-editable-table-cell-outline-top-selected"[39m[33m,[39ma[33m&&[39m[32m"c1-editable-table-cell-outline-top-editing"[39m)})[33m,[39mt([32m"div"[39m[33m,[39m{className[33m:[39m[33mT[39m([32m"c1-editable-table-cell-outline-bottom"[39m[33m,[39me[33m&&[39m[32m"c1-editable-table-cell-outline-bottom-selected"[39m[33m,[39ma[33m&&[39m[32m"c1-editable-table-cell-outline-bottom-editing"[39m)})[33m,[39mt([32m"div"[39m[33m,[39m{className[33m:[39m[33mT[39m([32m"c1-editable-table-cell-outline-left"[39m[33m,[39me[33m&&[39m[32m"c1-editable-table-cell-outline-left-selected"[39m[33m,[39ma[33m&&[39m[32m"c1-editable-table-cell-outline-left-editing"[39m)})[33m,[39mt([32m"div"[39m[33m,[39m{className[33m:[39m[33mT[39m([32m"c1-editable-table-cell-outline-right"[39m[33m,[39me[33m&&[39m[32m"c1-editable-table-cell-outline-right-selected"[39m[33m,[39ma[33m&&[39m[32m"c1-editable-table-cell-outline-right-editing"[39m)})]})[33m,[39m[33mCr[39m[33m=[39m({value[33m:[39me[33m,[39mrowIndex[33m:[39ma[33m,[39mcolumnId[33m:[39mn[33m,[39misSelected[33m:[39mi[33m,[39misEditing[33m:[39mo[33m,[39monSelect[33m:[39ms[33m,[39monStartEdit[33m:[39ml[33m,[39monFinishEdit[33m:[39mc[33m,[39monNavigate[33m:[39md[33m,[39mtable[33m:[39mm[33m,[39minputType[33m:[39mh[33m,[39mparseOnSave[33m:[39mu[33m,[39mrenderDisplay[33m:[39mg})[33m=>[39m{[36mconst[39m[b[33m,[39mf][33m=[39m[33mF[39m(e[33m==[39m[36mnull[39m[33m?[39m[32m""[39m[33m:[39m[33mString[39m(e))[33m,[39my[33m=[39m[33mD[39m([36mnull[39m)[33m,[39m_[33m=[39m[33mD[39m([36mnull[39m)[33m;[39m[33mV[39m(()[33m=>[39m{f(e[33m==[39m[36mnull[39m[33m?[39m[32m""[39m[33m:[39m[33mString[39m(e))}[33m,[39m[e])[33m,[39m[33mV[39m(()[33m=>[39m{o[33m&&[39my[33m.[39mcurrent[33m&&[39m(y[33m.[39mcurrent[33m.[39mfocus()[33m,[39my[33m.[39mcurrent[33m.[39mselect())}[33m,[39m[o])[33m,[39m[33mV[39m(()[33m=>[39m{i[33m&&[39m[33m![39mo[33m&&[39m_[33m.[39mcurrent[33m&&[39m_[33m.[39mcurrent[33m.[39mfocus()}[33m,[39m[i[33m,[39mo])[33m;[39m[36mconst[39m v[33m=[39m$(()[33m=>[39m{[36mvar[39m k[33m;[39m[36mconst[39m [33mC[39m[33m=[39mu(b)[33m;[39m(k[33m=[39mm[33m.[39moptions[33m.[39mmeta)[33m==[39m[36mnull[39m[33m||[39mk[33m.[39mupdateData(a[33m,[39mn[33m,[39m[33mC[39m)[33m,[39mc([33m![39m[35m0[39m)}[33m,[39m[b[33m,[39mu[33m,[39ma[33m,[39mn[33m,[39mm[33m.[39moptions[33m.[39mmeta[33m,[39mc])[33m,[39m[33mN[39m[33m=[39m$(()[33m=>[39m{f(e[33m==[39m[36mnull[39m[33m?[39m[32m""[39m[33m:[39m[33mString[39m(e))[33m,[39mc([33m![39m[35m1[39m)}[33m,[39m[e[33m,[39mc])[33m,[39m{handleKeyDown[33m:[39mx}[33m=[39m[33mFr[39m({isEditing[33m:[39mo[33m,[39misSelected[33m:[39mi[33m,[39mrowIndex[33m:[39ma[33m,[39mcolumnId[33m:[39mn[33m,[39monNavigate[33m:[39md[33m,[39monStartEdit[33m:[39ml[33m,[39monSave[33m:[39mv[33m,[39monCancel[33m:[39m[33mN[39m[33m,[39monStartEditWithChar[33m:[39m[33mC[39m[33m=>[39mf([33mC[39m)})[33m;[39m[36mreturn[39m p([32m"div"[39m[33m,[39m{ref[33m:[39m_[33m,[39mclassName[33m:[39m[32m"c1-editable-table-cell-base "[39m[33m,[39monClickCapture[33m:[39m[33mC[39m[33m=>[39m{[33mC[39m[33m.[39mstopPropagation()[33m,[39mi[33m||[39mo[33m?[39ml(a[33m,[39mn)[33m:[39ms(a[33m,[39mn)}[33m,[39monKeyDown[33m:[39mx[33m,[39monBlur[33m:[39m[33mC[39m[33m=>[39m{[36mif[39m([33m![39mo)[36mreturn[39m[33m;[39m[36mconst[39m k[33m=[39m[33mC[39m[33m.[39mcurrentTarget[33m,[39m[33mS[39m[33m=[39m[33mC[39m[33m.[39mrelatedTarget[33m;[39m[33mS[39m[33m&&[39mk[33m.[39mcontains([33mS[39m)[33m||[39mv()}[33m,[39mtabIndex[33m:[39m[35m0[39m[33m,[39mstyle[33m:[39m{outline[33m:[39m[32m"none"[39m}[33m,[39mchildren[33m:[39m[t(jr[33m,[39m{isSelected[33m:[39mi[33m,[39misEditing[33m:[39mo})[33m,[39m(()[33m=>[39m{[36mif[39m(o)[36mreturn[39m t([32m"input"[39m[33m,[39m{ref[33m:[39my[33m,[39mtype[33m:[39mh[33m,[39mvalue[33m:[39mb[33m,[39monChange[33m:[39m[33mC[39m[33m=>[39mf([33mC[39m[33m.[39mtarget[33m.[39mvalue)[33m,[39monKeyDown[33m:[39mx[33m,[39mclassName[33m:[39m[32m"c1-editable-table-cell-input"[39m})[33m;[39m[36mif[39m(h[33m===[39m[32m"url"[39m){[36mconst[39m [33mC[39m[33m=[39me[33m==[39m[36mnull[39m[33m?[39m[32m""[39m[33m:[39m[33mString[39m(e)[33m,[39mk[33m=[39m([33mS[39m[33m=>[39m{[36mif[39m([36mtypeof[39m [33mS[39m[33m!=[39m[32m"string"[39m)[36mreturn[39m[33m![39m[35m1[39m[33m;[39m[36mconst[39m w[33m=[39m[33mS[39m[33m.[39mtrim()[33m;[39m[36mreturn[39m[33m![39m[33m![39mw[33m&&[39m[36mnew[39m [33mRegExp[39m([32m"^(https?:\\/\\/)?((([a-z\\d]([a-z\\d-]*[a-z\\d])*)\\.?)+[a-z]{2,}|((\\d{1,3}\\.){3}\\d{1,3}))(\\:\\d+)?(\\/[-a-z\\d%_.~+]*)*(\\?[;&a-z\\d%_.~+=-]*)?(\\#[-a-z\\d_]*)?$"[39m[33m,[39m[32m"i"[39m)[33m.[39mtest(w)})([33mC[39m)[33m;[39m[36mreturn[39m p([32m"div"[39m[33m,[39m{className[33m:[39m[32m"c1-editable-table-display-url-container"[39m[33m,[39mchildren[33m:[39m[t([33mJr[39m[33m,[39m{size[33m:[39m[35m16[39m[33m,[39mclassName[33m:[39m[32m"c1-editable-table-display-url-icon"[39m})[33m,[39mt([32m"a"[39m[33m,[39m{href[33m:[39m[33mC[39m[33m,[39mtarget[33m:[39m[32m"_blank"[39m[33m,[39mrel[33m:[39m[32m"noopener noreferrer"[39m[33m,[39mclassName[33m:[39m[33mT[39m([32m"c1-editable-table-display-url"[39m)[33m,[39monClick[33m:[39m[33mS[39m[33m=>[39m{[33mS[39m[33m.[39mstopPropagation()}[33m,[39mchildren[33m:[39mg[33m?[39mg(e)[33m:[39me[33m?[39m[33m?[39m[32m""[39m})[33m,[39m[33m![39mk[33m&&[39mt(gt[33m,[39m{tooltipContent[33m:[39m[32m"This might not be a valid URL"[39m[33m,[39mside[33m:[39m[32m"right"[39m[33m,[39mchildren[33m:[39mt([32m"div"[39m[33m,[39m{children[33m:[39mt([33mMi[39m[33m,[39m{size[33m:[39m[35m16[39m[33m,[39mclassName[33m:[39m[32m"c1-editable-table-display-url-warning-icon"[39m})})})]})}[36mreturn[39m t([32m"span"[39m[33m,[39m{className[33m:[39m[33mT[39m({[32m"c1-editable-table-display-text"[39m[33m:[39mh[33m===[39m[32m"text"[39m[33m,[39m[32m"c1-editable-table-display-number"[39m[33m:[39mh[33m===[39m[32m"number"[39m})[33m,[39mchildren[33m:[39mg[33m?[39mg(e)[33m:[39me[33m?[39m[33m?[39m[32m""[39m})})()]})}[33m,[39mau[33m=[39m{text[33m:[39me[33m=>[39mt([33mCr[39m[33m,[39m{[33m...[39me[33m,[39minputType[33m:[39m[32m"text"[39m[33m,[39mparseOnSave[33m:[39ma[33m=>[39ma})[33m,[39mnumber[33m:[39me[33m=>[39mt([33mCr[39m[33m,[39m{[33m...[39me[33m,[39minputType[33m:[39m[32m"number"[39m[33m,[39mparseOnSave[33m:[39ma[33m=>[39m{[36mconst[39m n[33m=[39mparseFloat(a)[33m;[39m[36mreturn[39m [33mNumber[39m[33m.[39misFinite(n)[33m?[39mn[33m:[39m[35m0[39m}[33m,[39mrenderDisplay[33m:[39ma[33m=>[39ma[33m==[39m[36mnull[39m[33m?[39m[32m""[39m[33m:[39m[33mString[39m(a)})[33m,[39m[32m"date-single"[39m[33m:[39me[33m=>[39m{[36mconst[39m{value[33m:[39ma[33m,[39mrowIndex[33m:[39mn[33m,[39mcolumnId[33m:[39mi[33m,[39misSelected[33m:[39mo[33m,[39misEditing[33m:[39ms[33m,[39monSelect[33m:[39ml[33m,[39monStartEdit[33m:[39mc[33m,[39monFinishEdit[33m:[39md[33m,[39monNavigate[33m:[39mm[33m,[39mtable[33m:[39mh}[33m=[39me[33m,[39m[u[33m,[39mg][33m=[39m[33mF[39m(a)[33m,[39mb[33m=[39m[33mD[39m([36mnull[39m)[33m;[39m[33mV[39m(()[33m=>[39m{g(a)}[33m,[39m[a])[33m,[39m[33mV[39m(()[33m=>[39m{o[33m&&[39m[33m![39ms[33m&&[39mb[33m.[39mcurrent[33m&&[39mb[33m.[39mcurrent[33m.[39mfocus()}[33m,[39m[o[33m,[39ms])[33m;[39m[36mconst[39m f[33m=[39m$(()[33m=>[39m{g(a)[33m,[39md([33m![39m[35m1[39m)}[33m,[39m[a[33m,[39md])[33m,[39my[33m=[39mc[33m,[39m{handleKeyDown[33m:[39m_}[33m=[39m[33mFr[39m({isEditing[33m:[39ms[33m,[39misSelected[33m:[39mo[33m,[39mrowIndex[33m:[39mn[33m,[39mcolumnId[33m:[39mi[33m,[39monNavigate[33m:[39mm[33m,[39monStartEdit[33m:[39my[33m,[39monSave[33m:[39m()[33m=>[39m{}[33m,[39monCancel[33m:[39mf})[33m,[39mv[33m=[39m$(x[33m=>[39m{[36mif[39m(s)[36mswitch[39m(x[33m.[39mkey){[36mcase[39m[32m"Tab"[39m[33m:[39m[36mreturn[39m x[33m.[39mpreventDefault()[33m,[39mx[33m.[39mstopPropagation()[33m,[39m[36mvoid[39m(x[33m.[39mshiftKey[33m?[39mm([32m"left"[39m)[33m:[39mm([32m"right"[39m))[33m;[39m[36mcase[39m[32m"Enter"[39m[33m:[39m[36mreturn[39m x[33m.[39mpreventDefault()[33m,[39mx[33m.[39mstopPropagation()[33m,[39m[36mvoid[39m m([32m"down"[39m)[33m;[39m[36mcase[39m[32m"Escape"[39m[33m:[39m[36mreturn[39m x[33m.[39mpreventDefault()[33m,[39mx[33m.[39mstopPropagation()[33m,[39m[36mvoid[39m f()}_(x)}[33m,[39m[s[33m,[39mf[33m,[39mm[33m,[39m_])[33m,[39m[33mN[39m[33m=[39mx[33m=>[39m{[36mvar[39m [33mC[39m[33m;[39mg(x)[33m,[39m([33mC[39m[33m=[39mh[33m.[39moptions[33m.[39mmeta)[33m==[39m[36mnull[39m[33m||[39m[33mC[39m[33m.[39mupdateData(n[33m,[39mi[33m,[39mx[33m==[39m[36mnull[39m[33m?[39m[36mvoid[39m [35m0[39m[33m:[39mx[33m.[39mtoString())[33m,[39md([33m![39m[35m0[39m)}[33m;[39m[36mreturn[39m p([32m"div"[39m[33m,[39m{ref[33m:[39mb[33m,[39mclassName[33m:[39m[32m"c1-editable-table-cell-base "[39m[33m,[39monClickCapture[33m:[39mx[33m=>[39m{s[33m||[39m(x[33m.[39mstopPropagation()[33m,[39mo[33m?[39mo[33m?[39my(n[33m,[39mi)[33m:[39md([33m![39m[35m0[39m)[33m:[39ml(n[33m,[39mi))}[33m,[39monKeyDown[33m:[39mv[33m,[39mtabIndex[33m:[39m[35m0[39m[33m,[39mstyle[33m:[39m{outline[33m:[39m[32m"none"[39m}[33m,[39mchildren[33m:[39m[t(jr[33m,[39m{isSelected[33m:[39mo[33m,[39misEditing[33m:[39ms})[33m,[39mt([33mEi[39m[33m,[39m{selectedSingleDate[33m:[39mu[33m,[39msetSelectedSingleDate[33m:[39m[33mN[39m[33m,[39mmode[33m:[39m[32m"single"[39m[33m,[39misOpen[33m:[39ms[33m,[39msetIsOpen[33m:[39mx[33m=>[39m{x[33m||[39md([33m![39m[35m0[39m)}})]})}[33m,[39mselect[33m:[39me[33m=>[39m{[36mvar[39m w[33m,[39m[33mP[39m[33m;[39m[36mconst[39m{value[33m:[39ma[33m,[39mrowIndex[33m:[39mn[33m,[39mcolumnId[33m:[39mi[33m,[39misSelected[33m:[39mo[33m,[39misEditing[33m:[39ms[33m,[39monSelect[33m:[39ml[33m,[39monStartEdit[33m:[39mc[33m,[39monFinishEdit[33m:[39md[33m,[39monNavigate[33m:[39mm[33m,[39mtable[33m:[39mh}[33m=[39me[33m,[39m[u[33m,[39mg][33m=[39m[33mF[39m(a[33m||[39m[32m""[39m)[33m,[39mb[33m=[39m[33mD[39m([36mnull[39m)[33m,[39mf[33m=[39mh[33m.[39mgetColumn(i)[33m,[39my[33m=[39m(([33mP[39m[33m=[39m(w[33m=[39mf[33m==[39m[36mnull[39m[33m?[39m[36mvoid[39m [35m0[39m[33m:[39mf[33m.[39mcolumnDef)[33m==[39m[36mnull[39m[33m?[39m[36mvoid[39m [35m0[39m[33m:[39mw[33m.[39mmeta)[33m==[39m[36mnull[39m[33m?[39m[36mvoid[39m [35m0[39m[33m:[39m[33mP[39m[33m.[39moptions)[33m||[39m[][33m;[39m[33mV[39m(()[33m=>[39m{g(a[33m||[39m[32m""[39m)}[33m,[39m[a])[33m,[39m[33mV[39m(()[33m=>[39m{o[33m&&[39m[33m![39ms[33m&&[39mb[33m.[39mcurrent[33m&&[39mb[33m.[39mcurrent[33m.[39mfocus()}[33m,[39m[o[33m,[39ms])[33m;[39m[36mconst[39m _[33m=[39m$(()[33m=>[39m{[36mvar[39m [33mI[39m[33m;[39m([33mI[39m[33m=[39mh[33m.[39moptions[33m.[39mmeta)[33m==[39m[36mnull[39m[33m||[39m[33mI[39m[33m.[39mupdateData(n[33m,[39mi[33m,[39mu)[33m,[39md([33m![39m[35m0[39m)}[33m,[39m[u[33m,[39mn[33m,[39mi[33m,[39mh[33m.[39moptions[33m.[39mmeta[33m,[39md])[33m,[39mv[33m=[39m$(()[33m=>[39m{g(a[33m||[39m[32m""[39m)[33m,[39md([33m![39m[35m1[39m)}[33m,[39m[a[33m,[39md])[33m,[39m[33mN[39m[33m=[39m$(([33mI[39m[33m,[39m[33mL[39m)[33m=>[39m{c([33mI[39m[33m,[39m[33mL[39m)}[33m,[39m[c])[33m,[39m{handleKeyDown[33m:[39mx}[33m=[39m[33mFr[39m({isEditing[33m:[39ms[33m,[39misSelected[33m:[39mo[33m,[39mrowIndex[33m:[39mn[33m,[39mcolumnId[33m:[39mi[33m,[39monNavigate[33m:[39mm[33m,[39monStartEdit[33m:[39m[33mN[39m[33m,[39monSave[33m:[39m_[33m,[39monCancel[33m:[39mv})[33m,[39m[33mC[39m[33m=[39m$([33mI[39m[33m=>[39m{[36mif[39m(s)[36mswitch[39m([33mI[39m[33m.[39mkey){[36mcase[39m[32m"Tab"[39m[33m:[39m[36mreturn[39m [33mI[39m[33m.[39mpreventDefault()[33m,[39m[33mI[39m[33m.[39mstopPropagation()[33m,[39m_()[33m,[39m[36mvoid[39m([33mI[39m[33m.[39mshiftKey[33m?[39mm([32m"left"[39m)[33m:[39mm([32m"right"[39m))[33m;[39m[36mcase[39m[32m"Escape"[39m[33m:[39m[36mreturn[39m [33mI[39m[33m.[39mpreventDefault()[33m,[39m[33mI[39m[33m.[39mstopPropagation()[33m,[39m[36mvoid[39m v()}x([33mI[39m)}[33m,[39m[s[33m,[39m_[33m,[39mv[33m,[39mm[33m,[39mx])[33m,[39mk[33m=[39m[33mI[39m[33m=>[39m{[36mvar[39m [33mL[39m[33m;[39mg([33mI[39m)[33m,[39m([33mL[39m[33m=[39mh[33m.[39moptions[33m.[39mmeta)[33m==[39m[36mnull[39m[33m||[39m[33mL[39m[33m.[39mupdateData(n[33m,[39mi[33m,[39m[33mI[39m)[33m,[39md([33m![39m[35m0[39m)}[33m,[39m[33mS[39m[33m=[39m[33mI[39m[33m=>[39m{[33m![39m[33mI[39m[33m&&[39ms[33m&&[39md([33m![39m[35m1[39m)}[33m;[39m[36mreturn[39m p([32m"div"[39m[33m,[39m{ref[33m:[39mb[33m,[39mclassName[33m:[39m[32m"c1-editable-table-cell-base "[39m[33m,[39monClick[33m:[39m()[33m=>[39m{o[33m||[39ms[33m?[39mo[33m&&[39m[33m![39ms[33m&&[39m[33mN[39m(n[33m,[39mi)[33m:[39ml(n[33m,[39mi)}[33m,[39monKeyDown[33m:[39m[33mC[39m[33m,[39mtabIndex[33m:[39m[35m0[39m[33m,[39mstyle[33m:[39m{outline[33m:[39m[32m"none"[39m}[33m,[39mchildren[33m:[39m[t(jr[33m,[39m{isSelected[33m:[39mo[33m,[39misEditing[33m:[39ms})[33m,[39mp(_d[33m,[39m{value[33m:[39mu[33m,[39monValueChange[33m:[39mk[33m,[39mopen[33m:[39ms[33m,[39monOpenChange[33m:[39m[33mS[39m[33m,[39mchildren[33m:[39m[t(fd[33m,[39m{className[33m:[39m[32m"w-full"[39m[33m,[39mchildren[33m:[39mt(bd[33m,[39m{placeholder[33m:[39m[32m"Select an option"[39m})})[33m,[39mt(yd[33m,[39m{children[33m:[39my[33m.[39mmap([33mI[39m[33m=>[39mt(vd[33m,[39m{value[33m:[39m[33mI[39m[33m.[39mvalue[33m,[39mclassName[33m:[39m[32m"c1-editable-table-select-item"[39m[33m,[39mchildren[33m:[39m[33mI[39m[33m.[39mlabel}[33m,[39m[33mI[39m[33m.[39mvalue))})]})]})}[33m,[39murl[33m:[39me[33m=>[39mt([33mCr[39m[33m,[39m{[33m...[39me[33m,[39minputType[33m:[39m[32m"url"[39m[33m,[39mparseOnSave[33m:[39ma[33m=>[39ma[33m,[39mrenderDisplay[33m:[39ma[33m=>[39ma[33m==[39m[36mnull[39m[33m?[39m[32m""[39m[33m:[39m[33mString[39m(a)})}[33m,[39mru[33m=[39me[33m=>[39m{[36mvar[39m d[33m,[39mm[33m,[39mh[33m,[39mu[33m;[39m[36mconst[39m a[33m=[39me[33m.[39mcolumn[33m.[39mid[33m,[39mn[33m=[39me[33m.[39mcolumns[33m.[39mfind(g[33m=>[39mg[33m.[39mkey[33m===[39ma)[33m,[39mi[33m=[39m[36mfunction[39m(g){[36mreturn[39m au[g[33m?[39m[33m?[39m[32m"text"[39m]}((n[33m==[39m[36mnull[39m[33m?[39m[36mvoid[39m [35m0[39m[33m:[39mn[33m.[39mtype)[33m||[39m[32m"text"[39m)[33m,[39mo[33m=[39me[33m.[39mrow[33m.[39mindex[33m,[39ms[33m=[39ma[33m,[39ml[33m=[39m((d[33m=[39me[33m.[39mselectedPosition)[33m==[39m[36mnull[39m[33m?[39m[36mvoid[39m [35m0[39m[33m:[39md[33m.[39mrow)[33m===[39mo[33m&&[39m((m[33m=[39me[33m.[39mselectedPosition)[33m==[39m[36mnull[39m[33m?[39m[36mvoid[39m [35m0[39m[33m:[39mm[33m.[39mcolumn)[33m===[39ms[33m,[39mc[33m=[39m((h[33m=[39me[33m.[39meditingPosition)[33m==[39m[36mnull[39m[33m?[39m[36mvoid[39m [35m0[39m[33m:[39mh[33m.[39mrow)[33m===[39mo[33m&&[39m((u[33m=[39me[33m.[39meditingPosition)[33m==[39m[36mnull[39m[33m?[39m[36mvoid[39m [35m0[39m[33m:[39mu[33m.[39mcolumn)[33m===[39ms[33m;[39m[36mreturn[39m t(i[33m,[39m{value[33m:[39me[33m.[39mgetValue()[33m,[39mrowIndex[33m:[39mo[33m,[39mcolumnId[33m:[39ms[33m,[39misSelected[33m:[39ml[33m,[39misEditing[33m:[39mc[33m,[39monSelect[33m:[39me[33m.[39mhandleCellSelect[33m,[39monStartEdit[33m:[39me[33m.[39mhandleStartEdit[33m,[39monFinishEdit[33m:[39me[33m.[39mhandleFinishEdit[33m,[39monNavigate[33m:[39me[33m.[39mhandleNavigate[33m,[39mtable[33m:[39me[33m.[39mtable})}[33m,[39mnu[33m=[39m({data[33m:[39me[33m,[39mcolumns[33m:[39ma[33m,[39monDataChange[33m:[39mn[33m,[39mclassName[33m:[39mi[33m=[39m[32m""[39m})[33m=>[39m{[36mconst[39m[o[33m,[39ms][33m=[39m[33mF[39m([36mnull[39m)[33m,[39m[l[33m,[39mc][33m=[39m[33mF[39m([36mnull[39m)[33m,[39md[33m=[39m[33mD[39m([36mnull[39m)[33m,[39mm[33m=[39m[33mD[39m([36mnull[39m)[33m,[39m[h[33m,[39mu][33m=[39m[33mF[39m([33m![39m[35m1[39m)[33m,[39m[g[33m,[39mb][33m=[39m[33mF[39m([33m![39m[35m1[39m)[33m,[39m[f[33m,[39my][33m=[39m[33mF[39m([33m![39m[35m1[39m)[33m,[39m[_[33m,[39mv][33m=[39m[33mF[39m([])[33m,[39m[33mN[39m[33m=[39m$(([33mM[39m[33m,[39m[33mE[39m[33m,[39mj)[33m=>[39m{[36mconst[39m [33mO[39m[33m=[39me[[33mM[39m][33m;[39m[36mif[39m([33m![39m[33mO[39m)[36mreturn[39m[33m;[39m[36mconst[39m [33mB[39m[33m=[39m[[33m...[39me][33m;[39m[33mB[39m[[33mM[39m][33m=[39m{[33m...[39m[33mO[39m[33m,[39m[[33mE[39m][33m:[39mj}[33m,[39mn[33m==[39m[36mnull[39m[33m||[39mn([33mB[39m)}[33m,[39m[e[33m,[39mn])[33m,[39mx[33m=[39m$(([33mM[39m[33m,[39m[33mE[39m)[33m=>[39m{s({row[33m:[39m[33mM[39m[33m,[39mcolumn[33m:[39m[33mE[39m})[33m,[39mc([36mnull[39m)}[33m,[39m[])[33m,[39m[33mC[39m[33m=[39m$(([33mM[39m[33m,[39m[33mE[39m)[33m=>[39m{[36mvar[39m [33mO[39m[33m;[39m[36mconst[39m j[33m=[39m([33mO[39m[33m=[39ma[33m.[39mfind([33mB[39m[33m=>[39m[33mB[39m[33m.[39mkey[33m===[39m[33mE[39m))[33m==[39m[36mnull[39m[33m?[39m[36mvoid[39m [35m0[39m[33m:[39m[33mO[39m[33m.[39mtype[33m;[39mct(j[33m,[39m[32m"Cell type not found"[39m)[33m,[39ms({row[33m:[39m[33mM[39m[33m,[39mcolumn[33m:[39m[33mE[39m})[33m,[39mc({row[33m:[39m[33mM[39m[33m,[39mcolumn[33m:[39m[33mE[39m[33m,[39mcellType[33m:[39mj})}[33m,[39m[a])[33m,[39mk[33m=[39m$([33mM[39m[33m=>[39m{c([36mnull[39m)}[33m,[39m[])[33m,[39m[33mS[39m[33m=[39m$([33mM[39m[33m=>[39m{[36mvar[39m oe[33m;[39m[36mif[39m([33m![39mo)[36mreturn[39m[33m;[39m[36mconst[39m{row[33m:[39m[33mE[39m[33m,[39mcolumn[33m:[39mj}[33m=[39mo[33m,[39m[33mO[39m[33m=[39ma[33m.[39mfindIndex(se[33m=>[39mse[33m.[39mkey[33m===[39mj)[33m;[39m[36mlet[39m [33mB[39m[33m=[39m[33mE[39m[33m,[39m[33mW[39m[33m=[39m[33mO[39m[33m;[39m[36mswitch[39m([33mM[39m){[36mcase[39m[32m"up"[39m[33m:[39m[33mB[39m[33m=[39m[33mMath[39m[33m.[39mmax([35m0[39m[33m,[39m[33mE[39m[33m-[39m[35m1[39m)[33m;[39m[36mbreak[39m[33m;[39m[36mcase[39m[32m"down"[39m[33m:[39m[33mB[39m[33m=[39m[33mMath[39m[33m.[39mmin(e[33m.[39mlength[33m-[39m[35m1[39m[33m,[39m[33mE[39m[33m+[39m[35m1[39m)[33m;[39m[36mbreak[39m[33m;[39m[36mcase[39m[32m"left"[39m[33m:[39m[33mW[39m[33m=[39m[33mMath[39m[33m.[39mmax([35m0[39m[33m,[39m[33mO[39m[33m-[39m[35m1[39m)[33m;[39m[36mbreak[39m[33m;[39m[36mcase[39m[32m"right"[39m[33m:[39m[33mW[39m[33m=[39m[33mMath[39m[33m.[39mmin(a[33m.[39mlength[33m-[39m[35m1[39m[33m,[39m[33mO[39m[33m+[39m[35m1[39m)}[36mconst[39m [33mG[39m[33m=[39m((oe[33m=[39ma[[33mW[39m])[33m==[39m[36mnull[39m[33m?[39m[36mvoid[39m [35m0[39m[33m:[39moe[33m.[39mkey)[33m||[39mj[33m;[39ms({row[33m:[39m[33mB[39m[33m,[39mcolumn[33m:[39m[33mG[39m})[33m,[39mc([36mnull[39m)}[33m,[39m[o[33m,[39ma[33m,[39me[33m.[39mlength])[33m;[39m[33mV[39m(()[33m=>[39m{[36mconst[39m [33mM[39m[33m=[39mj[33m=>[39m{[36mif[39m([33m![39ml[33m&&[39mdocument[33m.[39mactiveElement[33m===[39md[33m.[39mcurrent[33m&&[39mj[33m.[39mkey[33m===[39m[32m"Tab"[39m[33m&&[39m(j[33m.[39mpreventDefault()[33m,[39m[33m![39mo[33m&&[39me[33m.[39mlength[33m>[39m[35m0[39m[33m&&[39ma[33m.[39mlength[33m>[39m[35m0[39m)){[36mconst[39m [33mO[39m[33m=[39ma[[35m0[39m][33m;[39m[33mO[39m[33m&&[39ms({row[33m:[39m[35m0[39m[33m,[39mcolumn[33m:[39m[33mO[39m[33m.[39mkey})}}[33m,[39m[33mE[39m[33m=[39md[33m.[39mcurrent[33m;[39m[36mif[39m([33mE[39m)[36mreturn[39m [33mE[39m[33m.[39maddEventListener([32m"keydown"[39m[33m,[39m[33mM[39m)[33m,[39m()[33m=>[39m{[33mE[39m[33m.[39mremoveEventListener([32m"keydown"[39m[33m,[39m[33mM[39m)}}[33m,[39m[l[33m,[39mo[33m,[39me[33m.[39mlength[33m,[39ma])[33m,[39m[33mV[39m(()[33m=>[39m{[36mconst[39m [33mM[39m[33m=[39m[33mE[39m[33m=>[39m{[36mconst[39m j[33m=[39m(l[33m==[39m[36mnull[39m[33m?[39m[36mvoid[39m [35m0[39m[33m:[39ml[33m.[39mcellType)[33m&&[39m[[32m"date-single"[39m[33m,[39m[32m"select"[39m][33m.[39mincludes(l[33m==[39m[36mnull[39m[33m?[39m[36mvoid[39m [35m0[39m[33m:[39ml[33m.[39mcellType)[33m;[39m[33m![39md[33m.[39mcurrent[33m||[39md[33m.[39mcurrent[33m.[39mcontains([33mE[39m[33m.[39mtarget)[33m||[39mj[33m||[39m(s([36mnull[39m)[33m,[39mc([36mnull[39m))}[33m;[39m[36mreturn[39m document[33m.[39maddEventListener([32m"click"[39m[33m,[39m[33mM[39m)[33m,[39m()[33m=>[39m{document[33m.[39mremoveEventListener([32m"click"[39m[33m,[39m[33mM[39m)}}[33m,[39m[l[33m==[39m[36mnull[39m[33m?[39m[36mvoid[39m [35m0[39m[33m:[39ml[33m.[39mcellType])[33m;[39m[36mconst[39m w[33m=[39mhd()[33m,[39m[33mP[39m[33m=[39ma[33m.[39mmap([33mM[39m[33m=>[39mw[33m.[39maccessor([33mM[39m[33m.[39mkey[33m,[39m{header[33m:[39m[33mM[39m[33m.[39mheader[33m,[39mminSize[33m:[39m[35m0[39m[33m,[39msize[33m:[39m[33mM[39m[33m.[39mwidth[33m||[39m[35m120[39m[33m,[39mmeta[33m:[39m[33mM[39m[33m.[39moptions[33m?[39m{options[33m:[39m[33mM[39m[33m.[39moptions[33m,[39mtype[33m:[39m[33mM[39m[33m.[39mtype}[33m:[39m{type[33m:[39m[33mM[39m[33m.[39mtype}}))[33m,[39m[33mI[39m[33m=[39mud({data[33m:[39me[33m,[39mcolumns[33m:[39m[33mP[39m[33m,[39mgetCoreRowModel[33m:[39mgd()[33m,[39mmeta[33m:[39m{updateData[33m:[39m[33mN[39m}})[33m,[39m[33mL[39m[33m=[39m$([33mM[39m[33m=>[39m{[36mswitch[39m([33mM[39m){[36mcase[39m[32m"url"[39m[33m:[39m[36mreturn[39m t([33mJr[39m[33m,[39m{size[33m:[39m[35m16[39m})[33m;[39m[36mcase[39m[32m"date-single"[39m[33m:[39m[36mreturn[39m t([33mJc[39m[33m,[39m{size[33m:[39m[35m16[39m})[33m;[39m[36mcase[39m[32m"select"[39m[33m:[39m[36mreturn[39m t([33mGc[39m[33m,[39m{size[33m:[39m[35m16[39m})[33m;[39m[36mdefault[39m[33m:[39m[36mreturn[39m t([33mYc[39m[33m,[39m{size[33m:[39m[35m16[39m})}}[33m,[39m[])[33m;[39m[33mV[39m(()[33m=>[39m{[36mconst[39m [33mM[39m[33m=[39mm[33m.[39mcurrent[33m,[39m[33mE[39m[33m=[39md[33m.[39mcurrent[33m;[39m[36mif[39m([33m![39m[33mM[39m[33m||[39m[33m![39m[33mE[39m)[36mreturn[39m[33m;[39m[36mconst[39m j[33m=[39m()[33m=>[39m{[36mconst[39m [33mW[39m[33m=[39m[33mM[39m[33m.[39mscrollWidth[33m>[39m[33mM[39m[33m.[39mclientWidth[33m;[39mu([33mW[39m)[33m,[39mb([33mM[39m[33m.[39mscrollLeft[33m>[39m[35m0[39m)[33m,[39my([33mM[39m[33m.[39mscrollLeft[33m<[39m[33mM[39m[33m.[39mscrollWidth[33m-[39m[33mM[39m[33m.[39mclientWidth[33m-[39m[35m1[39m)[33m;[39m[36mconst[39m [33mG[39m[33m=[39m[33mE[39m[33m.[39mquerySelectorAll([32m"thead th"[39m)[33m;[39m[36mif[39m([33m![39m[33mG[39m[33m||[39m[33mG[39m[33m.[39mlength[33m===[39m[35m0[39m)[36mreturn[39m [36mvoid[39m v([])[33m;[39m[36mconst[39m oe[33m=[39m[33mM[39m[33m.[39mgetBoundingClientRect()[33m,[39mse[33m=[39m[][33m;[39m[33mG[39m[33m.[39mforEach(le[33m=>[39m{[36mconst[39m ge[33m=[39mle[33m.[39mgetBoundingClientRect()[33m.[39mleft[33m-[39moe[33m.[39mleft[33m+[39m[33mM[39m[33m.[39mscrollLeft[33m;[39mse[33m.[39mpush([33mMath[39m[33m.[39mmax([35m0[39m[33m,[39m[33mMath[39m[33m.[39mround(ge)))})[33m;[39m[36mconst[39m ve[33m=[39m[33mArray[39m[33m.[39m[36mfrom[39m([36mnew[39m [33mSet[39m(se))[33m.[39msort((le[33m,[39mge)[33m=>[39mle[33m-[39mge)[33m;[39mv(ve)}[33m;[39mj()[33m;[39m[36mconst[39m [33mO[39m[33m=[39m[36mnew[39m [33mResizeObserver[39m(()[33m=>[39mj())[33m;[39m[33mO[39m[33m.[39mobserve([33mM[39m)[33m;[39m[36mconst[39m [33mB[39m[33m=[39m()[33m=>[39m{b([33mM[39m[33m.[39mscrollLeft[33m>[39m[35m0[39m)[33m,[39my([33mM[39m[33m.[39mscrollLeft[33m<[39m[33mM[39m[33m.[39mscrollWidth[33m-[39m[33mM[39m[33m.[39mclientWidth[33m-[39m[35m1[39m)}[33m;[39m[36mreturn[39m [33mM[39m[33m.[39maddEventListener([32m"scroll"[39m[33m,[39m[33mB[39m)[33m,[39m()[33m=>[39m{[33mO[39m[33m.[39mdisconnect()[33m,[39m[33mM[39m[33m.[39mremoveEventListener([32m"scroll"[39m[33m,[39m[33mB[39m)}}[33m,[39m[a[33m,[39me])[33m;[39m[36mconst[39m [33mR[39m[33m=[39m$(()[33m=>[39m{[36mconst[39m [33mM[39m[33m=[39mm[33m.[39mcurrent[33m;[39m[36mif[39m([33m![39m[33mM[39m[33m||[39m_[33m.[39mlength[33m===[39m[35m0[39m)[36mreturn[39m[33m;[39m[36mconst[39m [33mE[39m[33m=[39m[33mM[39m[33m.[39mscrollLeft[33m,[39mj[33m=[39m_[33m.[39mfind([33mW[39m[33m=>[39m[33mW[39m[33m>[39m[33mE[39m[33m+[39m[35m1[39m)[33m,[39m[33mO[39m[33m=[39m[33mM[39m[33m.[39mscrollWidth[33m-[39m[33mM[39m[33m.[39mclientWidth[33m,[39m[33mB[39m[33m=[39m[36mtypeof[39m j[33m==[39m[32m"number"[39m[33m?[39mj[33m:[39m[33mO[39m[33m;[39m[33mM[39m[33m.[39mscrollTo({left[33m:[39m[33mMath[39m[33m.[39mmin([33mB[39m[33m,[39m[33mO[39m)[33m,[39mbehavior[33m:[39m[32m"smooth"[39m})}[33m,[39m[_])[33m,[39m[33mH[39m[33m=[39m$(()[33m=>[39m{[36mconst[39m [33mM[39m[33m=[39mm[33m.[39mcurrent[33m;[39m[36mif[39m([33m![39m[33mM[39m[33m||[39m_[33m.[39mlength[33m===[39m[35m0[39m)[36mreturn[39m[33m;[39m[36mconst[39m [33mE[39m[33m=[39m[33mM[39m[33m.[39mscrollLeft[33m,[39mj[33m=[39m_[33m.[39mfilter([33mO[39m[33m=>[39m[33mO[39m[33m<[39m[33mE[39m[33m-[39m[35m1[39m)[33m.[39mat([33m-[39m[35m1[39m)[33m?[39m[33m?[39m[35m0[39m[33m;[39m[33mM[39m[33m.[39mscrollTo({left[33m:[39m[33mMath[39m[33m.[39mmax([35m0[39m[33m,[39mj)[33m,[39mbehavior[33m:[39m[32m"smooth"[39m})}[33m,[39m[_])[33m;[39m[36mreturn[39m p([32m"div"[39m[33m,[39m{className[33m:[39m[32m`c1-editable-table-wrapper ${i}`[39m[33m,[39mref[33m:[39md[33m,[39mtabIndex[33m:[39m[35m0[39m[33m,[39mchildren[33m:[39m[h[33m&&[39mp([33mQ[39m[33m,[39m{children[33m:[39m[t([32m"div"[39m[33m,[39m{className[33m:[39m[32m"c1-editable-table-scroll-control c1-left "[39m[33m+[39m(g[33m?[39m[32m"enabled"[39m[33m:[39m[32m"disabled"[39m)[33m,[39mchildren[33m:[39mt(ie[33m,[39m{[32m"aria-label"[39m[33m:[39m[32m"Scroll left"[39m[33m,[39msize[33m:[39m[32m"small"[39m[33m,[39mvariant[33m:[39m[32m"secondary"[39m[33m,[39monClick[33m:[39m[33mH[39m[33m,[39mdisabled[33m:[39m[33m![39mg[33m,[39micon[33m:[39mt(la[33m,[39m{size[33m:[39m[35m16[39m})})})[33m,[39mt([32m"div"[39m[33m,[39m{className[33m:[39m[32m"c1-editable-table-scroll-control c1-right "[39m[33m+[39m(f[33m?[39m[32m"enabled"[39m[33m:[39m[32m"disabled"[39m)[33m,[39mchildren[33m:[39mt(ie[33m,[39m{[32m"aria-label"[39m[33m:[39m[32m"Scroll right"[39m[33m,[39msize[33m:[39m[32m"small"[39m[33m,[39mvariant[33m:[39m[32m"secondary"[39m[33m,[39monClick[33m:[39m[33mR[39m[33m,[39mdisabled[33m:[39m[33m![39mf[33m,[39micon[33m:[39mt([33mAt[39m[33m,[39m{size[33m:[39m[35m16[39m})})})]})[33m,[39mt([32m"div"[39m[33m,[39m{className[33m:[39m[32m"c1-editable-table-scroll-container"[39m[33m,[39mref[33m:[39mm[33m,[39mchildren[33m:[39mp([32m"table"[39m[33m,[39m{className[33m:[39m[32m"c1-editable-table-table"[39m[33m,[39mstyle[33m:[39m{width[33m:[39mh[33m?[39m[32m"max-content"[39m[33m:[39m[32m"100%"[39m}[33m,[39mchildren[33m:[39m[t([32m"thead"[39m[33m,[39m{children[33m:[39m[33mI[39m[33m.[39mgetHeaderGroups()[33m.[39mmap([33mM[39m[33m=>[39mt([32m"tr"[39m[33m,[39m{children[33m:[39m[33mM[39m[33m.[39mheaders[33m.[39mmap([33mE[39m[33m=>[39m{[36mvar[39m j[33m;[39m[36mreturn[39m t([32m"th"[39m[33m,[39m{style[33m:[39m{width[33m:[39m[33mE[39m[33m.[39mgetSize()}[33m,[39mchildren[33m:[39mp([32m"div"[39m[33m,[39m{className[33m:[39m[32m"c1-editable-table-header-container"[39m[33m,[39mchildren[33m:[39m[[33mE[39m[33m.[39misPlaceholder[33m?[39m[36mnull[39m[33m:[39m[33mRn[39m([33mE[39m[33m.[39mcolumn[33m.[39mcolumnDef[33m.[39mheader[33m,[39m[33mE[39m[33m.[39mgetContext())[33m,[39mt([32m"div"[39m[33m,[39m{className[33m:[39m[32m"c1-editable-table-header-icon"[39m[33m,[39mchildren[33m:[39m((j[33m=[39m[33mE[39m[33m.[39mcolumn[33m.[39mcolumnDef[33m.[39mmeta)[33m==[39m[36mnull[39m[33m?[39m[36mvoid[39m [35m0[39m[33m:[39mj[33m.[39mtype)[33m&&[39m[33mL[39m([33mE[39m[33m.[39mcolumn[33m.[39mcolumnDef[33m.[39mmeta[33m.[39mtype)})]})}[33m,[39m[33mE[39m[33m.[39mid)})}[33m,[39m[33mM[39m[33m.[39mid))})[33m,[39mt([32m"tbody"[39m[33m,[39m{children[33m:[39m[33mI[39m[33m.[39mgetRowModel()[33m.[39mrows[33m.[39mmap([33mM[39m[33m=>[39mt([32m"tr"[39m[33m,[39m{children[33m:[39m[33mM[39m[33m.[39mgetVisibleCells()[33m.[39mmap([33mE[39m[33m=>[39mt([32m"td"[39m[33m,[39m{style[33m:[39m{width[33m:[39m[33mE[39m[33m.[39mcolumn[33m.[39mgetSize()}[33m,[39mchildren[33m:[39m[33mRn[39m(ru[33m,[39m{[33m...[39m[33mE[39m[33m.[39mgetContext()[33m,[39mcolumns[33m:[39ma[33m,[39mselectedPosition[33m:[39mo[33m,[39meditingPosition[33m:[39ml[33m,[39mhandleCellSelect[33m:[39mx[33m,[39mhandleStartEdit[33m:[39m[33mC[39m[33m,[39mhandleFinishEdit[33m:[39mk[33m,[39mhandleNavigate[33m:[39m[33mS[39m})}[33m,[39m[33mE[39m[33m.[39mid))}[33m,[39m[33mM[39m[33m.[39mid))})]})})]})}[33m,[39miu[33m=[39mq(e[33m=>[39m{[36mconst[39m{icon[33m:[39ma[33m,[39mactionLabel[33m:[39mn[33m,[39monClick[33m:[39mi}[33m=[39me[33m,[39m{portalThemeClassName[33m:[39mo}[33m=[39m[33mCe[39m()[33m;[39m[36mreturn[39m t(he[33m.[39m[33mProvider[39m[33m,[39m{delayDuration[33m:[39m[35m0[39m[33m,[39mchildren[33m:[39mp(he[33m.[39m[33mRoot[39m[33m,[39m{children[33m:[39m[t([32m"div"[39m[33m,[39m{className[33m:[39m[32m"c1-explore-button-container"[39m[33m,[39mchildren[33m:[39mt(he[33m.[39m[33mTrigger[39m[33m,[39m{asChild[33m:[39m[33m![39m[35m0[39m[33m,[39mchildren[33m:[39mt([32m"button"[39m[33m,[39m{type[33m:[39m[32m"button"[39m[33m,[39mclassName[33m:[39m[32m"c1-explore-button"[39m[33m,[39monClick[33m:[39mi[33m,[39m[32m"aria-label"[39m[33m:[39mn[33m,[39mstyle[33m:[39m{width[33m:[39m[32m"max-content"[39m}[33m,[39mchildren[33m:[39ma[33m&&[39mt(de[33m,[39m{[33m...[39ma[33m.[39mprops[33m,[39msize[33m:[39m[35m12[39m})})})})[33m,[39mt(he[33m.[39m[33mPortal[39m[33m,[39m{children[33m:[39mt(he[33m.[39m[33mContent[39m[33m,[39m{side[33m:[39m[32m"bottom"[39m[33m,[39malign[33m:[39m[32m"start"[39m[33m,[39msideOffset[33m:[39m[35m4[39m[33m,[39mclassName[33m:[39m[33mT[39m([32m"c1-explore-button-tooltip"[39m[33m,[39mo)[33m,[39mchildren[33m:[39mn})})]})})})[33m,[39m[33mXe[39m[33m=[39m(e[33m,[39ma[33m,[39mn[33m,[39mi[33m,[39mo[33m,[39ms[33m,[39ml)[33m=>[39m{[36mvar[39m d[33m,[39mm[33m,[39mh[33m,[39mu[33m,[39mg[33m,[39mb[33m,[39mf[33m,[39my[33m;[39m[36mlet[39m c[33m;[39m[36mif[39m([33m![39ml[33m&&[39m[32m"description"[39m[36min[39m e){[36mif[39m((d[33m=[39me[33m.[39mdescription)[33m!=[39m[36mnull[39m[33m&&[39md[33m.[39mstartsWith([32m"$exclude:"[39m)[33m&&[39mo)[36mreturn[39m [36mnull[39m[33m;[39m[36mif[39m((m[33m=[39me[33m.[39mdescription)[33m!=[39m[36mnull[39m[33m&&[39mm[33m.[39mstartsWith([32m"$ref:"[39m)){[36mconst[39m _[33m=[39me[33m.[39mdescription[33m.[39msubstring([35m5[39m)[33m;[39m[36mreturn[39m s[_][33m||[39m(s[_][33m=[39m[33mXe[39m(e[33m,[39ma[33m,[39mn[33m,[39mi[33m,[39mo[33m,[39ms[33m,[39m[33m![39m[35m0[39m))[33m,[39m{$ref[33m:[39m[32m`#/$defs/${_}`[39m}}c[33m=[39me[33m.[39mdescription[33m||[39m[36mvoid[39m [35m0[39m}[36mswitch[39m([33m![39m[35m0[39m){[36mcase[39m e [36minstanceof[39m r[33m.[39m[33mZodString[39m[33m:[39m{[36mconst[39m _[33m=[39m{}[33m;[39m[36mreturn[39m[32m"_def"[39m[36min[39m e[33m&&[39me[33m.[39m_def[33m.[39mchecks[33m.[39msome(v[33m=>[39mv[33m.[39mkind[33m===[39m[32m"max"[39m)[33m&&[39m(_[33m.[39mmaxLength[33m=[39m(h[33m=[39me[33m.[39m_def[33m.[39mchecks[33m.[39mfind(v[33m=>[39mv[33m.[39mkind[33m===[39m[32m"max"[39m))[33m==[39m[36mnull[39m[33m?[39m[36mvoid[39m [35m0[39m[33m:[39mh[33m.[39mvalue)[33m,[39m[32m"_def"[39m[36min[39m e[33m&&[39me[33m.[39m_def[33m.[39mchecks[33m.[39msome(v[33m=>[39mv[33m.[39mkind[33m===[39m[32m"min"[39m)[33m&&[39m(_[33m.[39mminLength[33m=[39m(u[33m=[39me[33m.[39m_def[33m.[39mchecks[33m.[39mfind(v[33m=>[39mv[33m.[39mkind[33m===[39m[32m"min"[39m))[33m==[39m[36mnull[39m[33m?[39m[36mvoid[39m [35m0[39m[33m:[39mu[33m.[39mvalue)[33m,[39m{type[33m:[39m[32m"string"[39m[33m,[39m[33m...[39m_}}[36mcase[39m e [36minstanceof[39m r[33m.[39m[33mZodNumber[39m[33m:[39m[36mreturn[39m{type[33m:[39m[32m"number"[39m}[33m;[39m[36mcase[39m e [36minstanceof[39m r[33m.[39m[33mZodBoolean[39m[33m:[39m[36mreturn[39m{type[33m:[39m[32m"boolean"[39m}[33m;[39m[36mcase[39m e [36minstanceof[39m r[33m.[39m[33mZodEnum[39m[33m:[39m[36mreturn[39m{type[33m:[39m[32m"string"[39m[33m,[39m[36menum[39m[33m:[39me[33m.[39m_def[33m.[39mvalues}[33m;[39m[36mcase[39m e [36minstanceof[39m r[33m.[39m[33mZodDate[39m[33m:[39m[36mreturn[39m{type[33m:[39m[32m"string"[39m[33m,[39mformat[33m:[39m[32m"date"[39m}[33m;[39m[36mcase[39m e [36minstanceof[39m r[33m.[39m[33mZodObject[39m[33m:[39m{[36mconst[39m _[33m=[39me[33m.[39mshape[33m;[39m[36mif[39m(_[33m.[39mcomponent[33m&&[39m[36mtypeof[39m((g[33m=[39m_[33m.[39mcomponent[33m.[39m_def)[33m==[39m[36mnull[39m[33m?[39m[36mvoid[39m [35m0[39m[33m:[39mg[33m.[39mvalue)[33m==[39m[32m"string"[39m[33m&&[39mn[_[33m.[39mcomponent[33m.[39m_def[33m.[39mvalue][33m&&[39m(n[_[33m.[39mcomponent[33m.[39m_def[33m.[39mvalue][33m,[39m(b[33m=[39mn[_[33m.[39mcomponent[33m.[39m_def[33m.[39mvalue])[33m==[39m[36mnull[39m[33m?[39m[36mvoid[39m [35m0[39m[33m:[39mb[33m.[39misBaseComponent))[36mreturn[39m{$ref[33m:[39m[32m`#/$defs/${_.component._def.value}`[39m}[33m;[39m[36mconst[39m v[33m=[39m{}[33m,[39m[33mN[39m[33m=[39m[][33m;[39m[36mfor[39m([36mconst[39m[x[33m,[39m[33mC[39m][36mof[39m [33mObject[39m[33m.[39mentries(_)){[36mconst[39m k[33m=[39m[33mXe[39m([33mC[39m[33m,[39mx[33m,[39mn[33m,[39mi[33m,[39mo[33m,[39ms)[33m;[39mk[33m&&[39m(v[x][33m=[39mk[33m,[39m[33mC[39m [36minstanceof[39m r[33m.[39m[33mZodOptional[39m[33m||[39m[33mN[39m[33m.[39mpush(x))}[36mreturn[39m{type[33m:[39m[32m"object"[39m[33m,[39m[33m...[39mc[33m?[39m{description[33m:[39mc}[33m:[39m{}[33m,[39mproperties[33m:[39mv[33m,[39mrequired[33m:[39m[33mN[39m[33m.[39mlength[33m>[39m[35m0[39m[33m?[39m[33mN[39m[33m:[39m[36mvoid[39m [35m0[39m[33m,[39madditionalProperties[33m:[39m[33m![39m[35m1[39m}}[36mcase[39m e [36minstanceof[39m r[33m.[39m[33mZodArray[39m[33m:[39m{[36mconst[39m _[33m=[39me[33m.[39melement[33m,[39mv[33m=[39m[33mXe[39m(_[33m,[39ma[33m,[39mn[33m,[39mi[33m,[39mo[33m,[39ms)[33m,[39m[33mN[39m[33m=[39m(f[33m=[39me[33m.[39m_def[33m.[39mmaxLength)[33m==[39m[36mnull[39m[33m?[39m[36mvoid[39m [35m0[39m[33m:[39mf[33m.[39mvalue[33m,[39mx[33m=[39m(y[33m=[39me[33m.[39m_def[33m.[39mminLength)[33m==[39m[36mnull[39m[33m?[39m[36mvoid[39m [35m0[39m[33m:[39my[33m.[39mvalue[33m;[39m[36mreturn[39m v[33m?[39m{type[33m:[39m[32m"array"[39m[33m,[39m[33m...[39mc[33m?[39m{description[33m:[39mc}[33m:[39m{}[33m,[39mitems[33m:[39mv[33m,[39m[33m...[39m[33mN[39m[33m?[39m{maxItems[33m:[39m[33mN[39m}[33m:[39m{}[33m,[39m[33m...[39mx[33m?[39m{minItems[33m:[39mx}[33m:[39m{}}[33m:[39m[36mnull[39m}[36mcase[39m e [36minstanceof[39m r[33m.[39m[33mZodDefault[39m[33m:[39m{[36mconst[39m _[33m=[39m[33mXe[39m(e[33m.[39m_def[33m.[39minnerType[33m,[39ma[33m,[39mn[33m,[39mi[33m,[39mo[33m,[39ms[33m,[39ml)[33m;[39m[36mreturn[39m _[33m?[39m{[33m...[39m_[33m,[39m[36mdefault[39m[33m:[39me[33m.[39m_def[33m.[39mdefaultValue()}[33m:[39m[36mnull[39m}[36mcase[39m e [36minstanceof[39m r[33m.[39m[33mZodUnion[39m[33m:[39m{[36mconst[39m _[33m=[39me[33m.[39m_def[33m.[39moptions[33m.[39mmap(v[33m=>[39m[33mXe[39m(v[33m,[39ma[33m,[39mn[33m,[39mi[33m,[39mo[33m,[39ms))[33m.[39mfilter([33mBoolean[39m)[33m;[39m[36mreturn[39m _[33m.[39mlength[33m===[39m[35m1[39m[33m&&[39m_[[35m0[39m][33m?[39m_[[35m0[39m][33m:[39m{oneOf[33m:[39m_}}[36mcase[39m e [36minstanceof[39m r[33m.[39m[33mZodOptional[39m[33m:[39m[36mreturn[39m [33mXe[39m(e[33m.[39m_def[33m.[39minnerType[33m,[39ma[33m,[39mn[33m,[39mi[33m,[39mo[33m,[39ms[33m,[39ml)[33m;[39m[36mcase[39m e [36minstanceof[39m r[33m.[39m[33mZodNullable[39m[33m:[39m{[36mconst[39m _[33m=[39m[33mXe[39m(e[33m.[39m_def[33m.[39minnerType[33m,[39ma[33m,[39mn[33m,[39mi[33m,[39mo[33m,[39ms[33m,[39ml)[33m,[39mv[33m=[39m[][33m;[39m[36mreturn[39m _[33m&&[39mv[33m.[39mpush(_)[33m,[39mv[33m.[39mpush({type[33m:[39m[32m"null"[39m})[33m,[39m{oneOf[33m:[39mv}}[36mcase[39m e [36minstanceof[39m r[33m.[39m[33mZodLiteral[39m[33m:[39m[36mreturn[39m{[36mconst[39m[33m:[39me[33m.[39mvalue}[33m;[39m[36mcase[39m e [36minstanceof[39m r[33m.[39m[33mZodRecord[39m[33m:[39m{[36mconst[39m _[33m=[39me[33m.[39m_def[33m.[39mvalueType[33m,[39mv[33m=[39m[33mXe[39m(_[33m,[39ma[33m,[39mn[33m,[39mi[33m,[39mo[33m,[39ms)[33m;[39m[36mreturn[39m v[33m?[39m{type[33m:[39m[32m"object"[39m[33m,[39madditionalProperties[33m:[39mv}[33m:[39m[36mnull[39m}[36mcase[39m e [36minstanceof[39m r[33m.[39m[33mZodAny[39m[33m:[39m[36mdefault[39m[33m:[39m[36mreturn[39m{type[33m:[39m[32m"any"[39m}}}[33m,[39mou[33m=[39m(e[33m,[39ma[33m,[39mn[33m,[39mi[33m,[39mo[33m,[39ms)[33m=>[39m{[36mconst[39m l[33m=[39me[33m.[39mschema[33m;[39m[36mif[39m([33m![39m(l [36minstanceof[39m r[33m.[39m[33mZodObject[39m))[36mthrow[39m [36mnew[39m [33mError[39m([32m"Schema is not a zod object"[39m)[33m;[39m[36mconst[39m c[33m=[39m{type[33m:[39m[32m"object"[39m[33m,[39mproperties[33m:[39m{component[33m:[39m{[36mconst[39m[33m:[39ma}}[33m,[39mrequired[33m:[39m[[32m"component"[39m[33m,[39m[32m"props"[39m]}[33m,[39md[33m=[39mc[33m.[39mproperties[33m;[39m[36mfor[39m([36mconst[39m[m[33m,[39mh][36mof[39m [33mObject[39m[33m.[39mentries(l[33m.[39mshape)){[36mconst[39m u[33m=[39m[33mXe[39m(h[33m,[39mm[33m,[39mn[33m,[39mi[33m,[39mo[33m,[39ms)[33m;[39mu[33m&&[39m(d[m][33m=[39mu)}[36mreturn[39m c}[33m,[39mgn[33m=[39m(e[33m,[39ma[33m=[39m[32m"Card"[39m[33m,[39mn[33m,[39mi)[33m=>[39m{[36mconst[39m o[33m=[39m{name[33m:[39m[32m"thesys_kit_schema"[39m[33m,[39mschema[33m:[39m{$schema[33m:[39m[32m"http://json-schema.org/draft-07/schema#"[39m[33m,[39mtype[33m:[39m[32m"object"[39m[33m,[39mproperties[33m:[39m{component[33m:[39m{type[33m:[39m[32m"object"[39m[33m,[39mdescription[33m:[39m[32m"The root component to render"[39m[33m,[39mproperties[33m:[39m{}[33m,[39mrequired[33m:[39m[]}[33m,[39merror[33m:[39m{oneOf[33m:[39m[{type[33m:[39m[32m"null"[39m}[33m,[39m{type[33m:[39m[32m"string"[39m[33m,[39mdescription[33m:[39m[32m"Explanation of why the request violates schema constraints"[39m}]}}[33m,[39m$defs[33m:[39m{}[33m,[39mstrict[33m:[39m[33m![39m[35m0[39m[33m,[39madditionalProperties[33m:[39m[33m![39m[35m1[39m[33m,[39mrequired[33m:[39m[[32m"component"[39m[33m,[39m[32m"error"[39m]}}[33m;[39m[36mfor[39m([36mconst[39m[s[33m,[39ml][36mof[39m [33mObject[39m[33m.[39mentries(e)){[36mif[39m([33m![39ml[33m.[39misBaseComponent[33m||[39ml[33m.[39mdeprecated[33m&&[39mn)[36mcontinue[39m[33m;[39m[36mconst[39m c[33m=[39mou(l[33m,[39ms[33m,[39me[33m,[39mn[33m,[39mi[33m,[39mo[33m.[39mschema[33m.[39m$defs)[33m;[39m[36mif[39m([33m![39mc[33m||[39m[33m![39m([32m"type"[39m[36min[39m c)[33m||[39mc[33m.[39mtype[33m!==[39m[32m"object"[39m)[36mthrow[39m [36mnew[39m [33mError[39m([32m"Component schema is not an object"[39m)[33m;[39ms[33m===[39ma[33m?[39m(o[33m.[39mschema[33m.[39mproperties[33m.[39mcomponent[33m.[39mproperties[33m=[39mc[33m.[39mproperties[33m,[39mo[33m.[39mschema[33m.[39mproperties[33m.[39mcomponent[33m.[39mrequired[33m=[39mc[33m.[39mrequired[33m||[39m[])[33m:[39mo[33m.[39mschema[33m.[39m$defs[s][33m=[39mc}[36mreturn[39m o}[33m,[39m[33mMt[39m[33m=[39m{[33mAccordion[39m[33m:[39m{component[33m:[39me[33m=>[39m{[36mconst[39m{children[33m:[39ma[33m,[39mheader[33m:[39mn[33m,[39m[33m...[39mi}[33m=[39me[33m,[39mo[33m=[39m$e()[33m,[39m[s[33m,[39ml][33m=[39m[33mF[39m([36mvoid[39m [35m0[39m)[33m,[39mc[33m=[39m[33mD[39m([33m![39m[35m1[39m)[33m,[39md[33m=[39m[33mD[39m([35m0[39m)[33m;[39m[36mreturn[39m [33mV[39m(()[33m=>[39m{[36mvar[39m m[33m;[39m[36mif[39m(a[33m!=[39m[36mnull[39m[33m&&[39ma[33m.[39mlength){[36mif[39m(o[33m&&[39ma[33m.[39mlength[33m>[39md[33m.[39mcurrent[33m&&[39m[33m![39mc[33m.[39mcurrent){[36mconst[39m h[33m=[39ma[a[33m.[39mlength[33m-[39m[35m1[39m][33m;[39mh[33m!=[39m[36mnull[39m[33m&&[39mh[33m.[39mvalue[33m&&[39ml(h[33m.[39mvalue)}[36melse[39m[33m![39ms[33m&&[39ma[33m.[39mlength[33m>[39m[35m0[39m[33m&&[39ml((m[33m=[39ma[[35m0[39m])[33m==[39m[36mnull[39m[33m?[39m[36mvoid[39m [35m0[39m[33m:[39mm[33m.[39mvalue)[33m;[39md[33m.[39mcurrent[33m=[39ma[33m.[39mlength}}[33m,[39m[a[33m,[39mo])[33m,[39mp([32m"div"[39m[33m,[39m{className[33m:[39m[32m"c1-accordion-wrapper"[39m[33m,[39mchildren[33m:[39m[n[33m&&[39mt([33mK[39m[33m,[39m{[33m...[39mn})[33m,[39mt(cc[33m,[39m{type[33m:[39m[32m"single"[39m[33m,[39mcollapsible[33m:[39m[33m![39m[35m0[39m[33m,[39mvalue[33m:[39ms[33m,[39mvariant[33m:[39m[32m"sunk"[39m[33m,[39monValueChange[33m:[39mm[33m=>[39m{c[33m.[39mcurrent[33m=[39m[33m![39m[35m0[39m[33m,[39ml(m)}[33m,[39m[33m...[39mi[33m,[39mchildren[33m:[39ma[33m==[39m[36mnull[39m[33m?[39m[36mvoid[39m [35m0[39m[33m:[39ma[33m.[39mmap((m[33m,[39mh)[33m=>[39m{[36mvar[39m u[33m;[39m[36mreturn[39m p(dc[33m,[39m{value[33m:[39mm[33m.[39mvalue[33m,[39mchildren[33m:[39m[t(mc[33m,[39m{text[33m:[39mm[33m.[39mtrigger[33m.[39mtext[33m,[39mchildren[33m:[39mt([33mK[39m[33m,[39m{[33m...[39mm[33m.[39mtrigger[33m.[39micon}[33m,[39m[32m`trigger-${h}`[39m)})[33m,[39mt(pc[33m,[39m{children[33m:[39m(u[33m=[39mm[33m.[39mcontent)[33m==[39m[36mnull[39m[33m?[39m[36mvoid[39m [35m0[39m[33m:[39mu[33m.[39mmap((g[33m,[39mb)[33m=>[39mt([33mK[39m[33m,[39m{[33m...[39mg}[33m,[39m[32m`content-${b}`[39m))})]}[33m,[39mh)})})]})}[33m,[39mschema[33m:[39mir[33m,[39misBaseComponent[33m:[39m[33m![39m[35m0[39m}[33m,[39m[33mButton[39m[33m:[39m{component[33m:[39m[33mY[39m(we)[33m,[39mschema[33m:[39m[33mLt[39m[33m,[39misBaseComponent[33m:[39m[33m![39m[35m0[39m[33m,[39m[33mExtraProps[39m[33m:[39me[33m=>[39m{[36mvar[39m o[33m;[39m[36mconst[39m{onAction[33m:[39ma[33m,[39mformContext[33m:[39mn}[33m=[39me[33m.[39mhooks[33m||[39m{}[33m,[39mi[33m=[39mn[33m==[39m[36mnull[39m[33m?[39m[36mvoid[39m [35m0[39m[33m:[39mn[33m.[39mformName[33m;[39m[36mreturn[39m{name[33m:[39me[33m.[39mprops[33m.[39mchildren[33m,[39monClick[33m:[39m((o[33m=[39me[33m.[39mprops)[33m==[39m[36mnull[39m[33m?[39m[36mvoid[39m [35m0[39m[33m:[39mo[33m.[39monClick)[33m||[39m(()[33m=>[39m{[36mvar[39m s[33m,[39ml[33m,[39mc[33m,[39md[33m;[39m[36mreturn[39m a(e[33m.[39mprops[33m.[39mchildren[33m,[39m[32m"User clicked on Button: "[39m[33m+[39me[33m.[39mprops[33m.[39mname[33m,[39mi[33m,[39m{type[33m:[39m(l[33m=[39m(s[33m=[39me[33m.[39mprops)[33m==[39m[36mnull[39m[33m?[39m[36mvoid[39m [35m0[39m[33m:[39ms[33m.[39maction)[33m==[39m[36mnull[39m[33m?[39m[36mvoid[39m [35m0[39m[33m:[39ml[33m.[39mtype[33m,[39mparams[33m:[39m((d[33m=[39m(c[33m=[39me[33m.[39mprops)[33m==[39m[36mnull[39m[33m?[39m[36mvoid[39m [35m0[39m[33m:[39mc[33m.[39maction)[33m==[39m[36mnull[39m[33m?[39m[36mvoid[39m [35m0[39m[33m:[39md[33m.[39mprops)[33m?[39m[33m?[39m{}})})[33m,[39maction[33m:[39m[36mvoid[39m [35m0[39m}}}[33m,[39m[33mCard[39m[33m:[39m{component[33m:[39me[33m=>[39m{[36mconst[39m{children[33m:[39ma[33m,[39msources[33m:[39mn[33m,[39m[33m...[39mi}[33m=[39me[33m,[39mo[33m=[39m$e()[33m,[39ms[33m=[39m[33mD[39m([36mnull[39m)[33m;[39m[36mreturn[39m(({ref[33m:[39ml[33m,[39misStreaming[33m:[39mc})[33m=>[39m{[33mV[39m(()[33m=>[39m{[36mif[39m([33m![39ml[33m.[39mcurrent[33m||[39m[33m![39mc)[36mreturn[39m[33m;[39m[36mconst[39m d[33m=[39ml[33m.[39mcurrent[33m,[39mm[33m=[39mh[33m=>[39m{requestAnimationFrame(()[33m=>[39m{[36mvar[39m u[33m,[39mg[33m;[39m(g[33m=[39m(u[33m=[39mh[33m.[39mtarget)[33m.[39mblur)[33m==[39m[36mnull[39m[33m||[39mg[33m.[39mcall(u)})}[33m;[39m[36mreturn[39m d[33m.[39maddEventListener([32m"focusin"[39m[33m,[39mm)[33m,[39m()[33m=>[39m{d[33m.[39mremoveEventListener([32m"focusin"[39m[33m,[39mm)}}[33m,[39m[c[33m,[39ml])})({ref[33m:[39ms[33m,[39misStreaming[33m:[39mo})[33m,[39mt([33mPm[39m[33m,[39m{sources[33m:[39mn[33m,[39mchildren[33m:[39mp(yi[33m,[39m{[33m...[39mi[33m,[39mwidth[33m:[39m[32m"full"[39m[33m,[39mvariant[33m:[39m[32m"card"[39m[33m,[39mclassName[33m:[39m[33mT[39m({[32m"c1-card--streaming"[39m[33m:[39mo})[33m,[39mref[33m:[39ms[33m,[39mchildren[33m:[39m[a[33m.[39mmap((l[33m,[39mc)[33m=>[39mt([33mK[39m[33m,[39m{[33m...[39ml[33m,[39moverridesProps[33m:[39m[33mQp[39m}[33m,[39mc))[33m,[39mt([33mJp[39m[33m,[39m{})]})})}[33m,[39mschema[33m:[39meu[33m,[39misBaseComponent[33m:[39m[33m![39m[35m0[39m}[33m,[39m[33mCheckBoxGroup[39m[33m:[39m{component[33m:[39mip[33m,[39mschema[33m:[39m[33mTo[39m[33m,[39misBaseComponent[33m:[39m[33m![39m[35m0[39m[33m,[39m[33mExtraProps[39m[33m:[39me[33m=>[39m({variant[33m:[39m[32m"clear"[39m})}[33m,[39m[33mCheckBoxItem[39m[33m:[39m{component[33m:[39m[33mMc[39m[33m,[39mschema[33m:[39m[33mSo[39m[33m,[39misBaseComponent[33m:[39m[33m![39m[35m1[39m[33m,[39m[33mExtraProps[39m[33m:[39me[33m=>[39m{[36mconst[39m{getFormFieldValue[33m:[39ma[33m,[39mformContext[33m:[39mn}[33m=[39me[33m.[39mhooks[33m,[39mi[33m=[39mn[33m==[39m[36mnull[39m[33m?[39m[36mvoid[39m [35m0[39m[33m:[39mn[33m.[39mformName[33m,[39mo[33m=[39me[33m.[39mprops[33m.[39mname[33m||[39me[33m.[39mprops[33m.[39mvalue[33m,[39ms[33m=[39me[33m.[39mprops[33m.[39mdefaultChecked[33m,[39ml[33m=[39ma(i[33m,[39mo)[33m;[39m[36mreturn[39m [33mKe[39m({formName[33m:[39mi[33m,[39mcomponentType[33m:[39m[32m"CheckBoxItem"[39m[33m,[39mname[33m:[39mo[33m,[39mexistingValue[33m:[39ml[33m,[39mdefaultValue[33m:[39ms})[33m,[39m{checked[33m:[39ml[33m?[39m[33m?[39ms}}}[33m,[39m[33mFollowUpBlock[39m[33m:[39m{component[33m:[39mtu[33m,[39mschema[33m:[39mrs[33m,[39misBaseComponent[33m:[39m[33m![39m[35m0[39m}[33m,[39m[33mFollowUpItem[39m[33m:[39m{component[33m:[39m[33mY[39m([33mRc[39m)[33m,[39mschema[33m:[39mgh[33m,[39misBaseComponent[33m:[39m[33m![39m[35m1[39m[33m,[39m[33mExtraProps[39m[33m:[39me[33m=>[39m{[36mconst[39m{onAction[33m:[39ma[33m,[39mformContext[33m:[39mn}[33m=[39me[33m.[39mhooks[33m||[39m{}[33m,[39mi[33m=[39mn[33m==[39m[36mnull[39m[33m?[39m[36mvoid[39m [35m0[39m[33m:[39mn[33m.[39mformName[33m;[39m[36mreturn[39m{onClick[33m:[39m()[33m=>[39m{a(e[33m.[39mprops[33m.[39mtext[33m,[39m[32m"User clicked on FollowUpItem: "[39m[33m+[39me[33m.[39mprops[33m.[39mtext[33m,[39mi)}}}}[33m,[39m[33mButtonGroup[39m[33m:[39m{component[33m:[39m[33mY[39m([33mBc[39m)[33m,[39mschema[33m:[39m[33mGe[39m[33m,[39misBaseComponent[33m:[39m[33m![39m[35m0[39m}[33m,[39m[33mCardHeader[39m[33m:[39m{component[33m:[39m[33mY[39m([33mOn[39m)[33m,[39mschema[33m:[39mwt[33m,[39misBaseComponent[33m:[39m[33m![39m[35m0[39m[33m,[39mdeprecated[33m:[39m[33m![39m[35m0[39m}[33m,[39m[33mHeader[39m[33m:[39m{component[33m:[39m[33mY[39m([33mOn[39m)[33m,[39mschema[33m:[39mmn[33m,[39misBaseComponent[33m:[39m[33m![39m[35m0[39m}[33m,[39m[33mIcon[39m[33m:[39m{component[33m:[39mde[33m,[39mschema[33m:[39mke[33m,[39misBaseComponent[33m:[39m[33m![39m[35m0[39m[33m,[39m[33mExtraProps[39m[33m:[39me[33m=>[39m({size[33m:[39m[35m14[39m})}[33m,[39m[33mIconButton[39m[33m:[39m{component[33m:[39m[33mY[39m(ie)[33m,[39mschema[33m:[39man[33m,[39misBaseComponent[33m:[39m[33m![39m[35m0[39m[33m,[39m[33mExtraProps[39m[33m:[39me[33m=>[39m{[36mvar[39m o[33m;[39m[36mconst[39m{onAction[33m:[39ma[33m,[39mformContext[33m:[39mn}[33m=[39me[33m.[39mhooks[33m||[39m{}[33m,[39mi[33m=[39mn[33m==[39m[36mnull[39m[33m?[39m[36mvoid[39m [35m0[39m[33m:[39mn[33m.[39mformName[33m;[39m[36mreturn[39m{onClick[33m:[39m((o[33m=[39me[33m.[39mprops)[33m==[39m[36mnull[39m[33m?[39m[36mvoid[39m [35m0[39m[33m:[39mo[33m.[39monClick)[33m||[39m(()[33m=>[39m{[36mvar[39m s[33m,[39ml[33m;[39m[36mreturn[39m a(e[33m.[39mprops[33m.[39mname[33m,[39m[32m"User clicked on IconButton: "[39m[33m+[39me[33m.[39mprops[33m.[39mname[33m,[39mi[33m,[39m{type[33m:[39m(s[33m=[39me[33m.[39mprops[33m.[39maction)[33m==[39m[36mnull[39m[33m?[39m[36mvoid[39m [35m0[39m[33m:[39ms[33m.[39mtype[33m,[39mparams[33m:[39m((l[33m=[39me[33m.[39mprops[33m.[39maction)[33m==[39m[36mnull[39m[33m?[39m[36mvoid[39m [35m0[39m[33m:[39ml[33m.[39mprops)[33m?[39m[33m?[39m{}})})}}}[33m,[39m[33mImage[39m[33m:[39m{component[33m:[39mut[33m,[39mschema[33m:[39m[33mAe[39m[33m,[39misBaseComponent[33m:[39m[33m![39m[35m0[39m}[33m,[39m[33mImageGallery[39m[33m:[39m{component[33m:[39mfh[33m,[39mschema[33m:[39mlr[33m,[39misBaseComponent[33m:[39m[33m![39m[35m0[39m}[33m,[39m[33mInput[39m[33m:[39m{component[33m:[39m[33mY[39m([33mOt[39m)[33m,[39mschema[33m:[39m[33mPo[39m[33m,[39misBaseComponent[33m:[39m[33m![39m[35m0[39m[33m,[39m[33mExtraProps[39m[33m:[39me[33m=>[39m{[36mconst[39m{updateContext[33m:[39ma[33m,[39mgetFormFieldValue[33m:[39mn[33m,[39mformContext[33m:[39mi}[33m=[39me[33m.[39mhooks[33m,[39mo[33m=[39mi[33m==[39m[36mnull[39m[33m?[39m[36mvoid[39m [35m0[39m[33m:[39mi[33m.[39mformName[33m,[39ms[33m=[39me[33m.[39mprops[33m.[39mname[33m,[39ml[33m=[39me[33m.[39mprops[33m.[39mdefaultValue[33m,[39mc[33m=[39mn(o[33m,[39ms)[33m,[39md[33m=[39mc[33m?[39m[33m?[39ml[33m;[39m[36mreturn[39m [33mKe[39m({formName[33m:[39mo[33m,[39mcomponentType[33m:[39m[32m"Input"[39m[33m,[39mname[33m:[39ms[33m,[39mexistingValue[33m:[39mc[33m,[39mdefaultValue[33m:[39ml})[33m,[39m{size[33m:[39m[32m"large"[39m[33m,[39mdefaultValue[33m:[39md[33m,[39monChange[33m:[39mm[33m=>[39m{i[33m!=[39m[36mnull[39m[33m&&[39mi[33m.[39mvalidateField[33m&&[39me[33m.[39mprops[33m.[39mrules[33m&&[39mi[33m.[39mvalidateField(s[33m,[39mm[33m.[39mtarget[33m.[39mvalue[33m,[39me[33m.[39mprops[33m.[39mrules)}[33m,[39monBlur[33m:[39mm[33m=>[39m{m[33m.[39mtarget[33m.[39mvalue[33m!==[39md[33m&&[39m(a(o[33m,[39m[32m"Input"[39m[33m,[39ms[33m,[39mm[33m.[39mtarget[33m.[39mvalue)[33m,[39mi[33m!=[39m[36mnull[39m[33m&&[39mi[33m.[39mvalidateField[33m&&[39me[33m.[39mprops[33m.[39mrules[33m&&[39mi[33m.[39mvalidateField(s[33m,[39mm[33m.[39mtarget[33m.[39mvalue[33m,[39me[33m.[39mprops[33m.[39mrules))}}}}[33m,[39m[33mListBlock[39m[33m:[39m{component[33m:[39m[33mMp[39m[33m,[39mschema[33m:[39m[33mHt[39m[33m,[39misBaseComponent[33m:[39m[33m![39m[35m0[39m[33m,[39mdeprecated[33m:[39m[33m![39m[35m0[39m}[33m,[39m[33mListItem[39m[33m:[39m{component[33m:[39m[33mY[39m(zc)[33m,[39mschema[33m:[39m[33mOp[39m[33m,[39misBaseComponent[33m:[39m[33m![39m[35m1[39m[33m,[39mdeprecated[33m:[39m[33m![39m[35m0[39m}[33m,[39m[33mList[39m[33m:[39m{component[33m:[39me[33m=>[39m{[36mconst[39m{heading[33m:[39ma[33m,[39mdescription[33m:[39mn[33m,[39mitems[33m:[39mi[33m,[39mvariant[33m:[39mo}[33m=[39me[33m,[39ms[33m=[39mi[33m==[39m[36mnull[39m[33m?[39m[36mvoid[39m [35m0[39m[33m:[39mi[33m.[39msome(c[33m=>[39mc[33m.[39msubtitle)[33m,[39ml[33m=[39mar()[33m;[39m[36mreturn[39m p([32m"div"[39m[33m,[39m{className[33m:[39m[32m"c1-list"[39m[33m,[39mchildren[33m:[39m[(a[33m||[39mn)[33m&&[39mt([33mIt[39m[33m,[39m{heading[33m:[39ma[33m,[39mdescription[33m:[39mn})[33m,[39mt([32m"div"[39m[33m,[39m{className[33m:[39m[32m"c1-list-items"[39m[33m,[39mchildren[33m:[39mi[33m==[39m[36mnull[39m[33m?[39m[36mvoid[39m [35m0[39m[33m:[39mi[33m.[39mmap((c[33m,[39md)[33m=>[39mt([33mIp[39m[33m,[39m{title[33m:[39mc[33m.[39mtitle[33m,[39msubtitle[33m:[39mc[33m.[39msubtitle[33m,[39mvariant[33m:[39mo[33m,[39miconName[33m:[39mc[33m.[39miconName[33m,[39miconCategory[33m:[39mc[33m.[39miconCategory[33m,[39mimage[33m:[39mc[33m.[39mimage[33m,[39mindex[33m:[39md[33m,[39mlistHasSubtitle[33m:[39ms[33m,[39mitemAction[33m:[39mc[33m.[39mitemAction}[33m,[39m[32m`list-item-${l}-${d}`[39m))})]})}[33m,[39mschema[33m:[39m[33mVt[39m[33m,[39misBaseComponent[33m:[39m[33m![39m[35m0[39m}[33m,[39m[33mRadioGroup[39m[33m:[39m{component[33m:[39mup[33m,[39mschema[33m:[39m[33mAo[39m[33m,[39misBaseComponent[33m:[39m[33m![39m[35m0[39m[33m,[39m[33mExtraProps[39m[33m:[39me[33m=>[39m{[36mconst[39m{updateContext[33m:[39ma[33m,[39mgetFormFieldValue[33m:[39mn[33m,[39mformContext[33m:[39mi}[33m=[39me[33m.[39mhooks[33m,[39mo[33m=[39mi[33m==[39m[36mnull[39m[33m?[39m[36mvoid[39m [35m0[39m[33m:[39mi[33m.[39mformName[33m,[39ms[33m=[39me[33m.[39mprops[33m.[39mname[33m,[39ml[33m=[39me[33m.[39mprops[33m.[39mdefaultValue[33m,[39mc[33m=[39mn(o[33m,[39ms)[33m;[39m[33mKe[39m({formName[33m:[39mo[33m,[39mcomponentType[33m:[39m[32m"RadioGroup"[39m[33m,[39mname[33m:[39ms[33m,[39mexistingValue[33m:[39mc[33m,[39mdefaultValue[33m:[39ml})[33m;[39m[36mconst[39m d[33m=[39mc[33m?[39m[33m?[39ml[33m;[39m[36mreturn[39m{value[33m:[39md[33m,[39morientation[33m:[39m[32m"vertical"[39m[33m,[39mvariant[33m:[39m[32m"clear"[39m[33m,[39monValueChange[33m:[39mm[33m=>[39m{m[33m!==[39md[33m&&[39m(a(o[33m,[39m[32m"RadioGroup"[39m[33m,[39ms[33m,[39mm)[33m,[39mi[33m!=[39m[36mnull[39m[33m&&[39mi[33m.[39mvalidateField[33m&&[39me[33m.[39mprops[33m.[39mrules[33m&&[39mi[33m.[39mvalidateField(s[33m,[39mm[33m,[39me[33m.[39mprops[33m.[39mrules))}}}}[33m,[39m[33mRadioItem[39m[33m:[39m{component[33m:[39m[33mY[39m([33mOc[39m)[33m,[39mschema[33m:[39m[33mIo[39m[33m,[39misBaseComponent[33m:[39m[33m![39m[35m1[39m}[33m,[39m[33mSelect[39m[33m:[39m{component[33m:[39myp[33m,[39mschema[33m:[39m[33mOo[39m[33m,[39misBaseComponent[33m:[39m[33m![39m[35m0[39m[33m,[39m[33mExtraProps[39m[33m:[39me[33m=>[39m{[36mconst[39m{updateContext[33m:[39ma[33m,[39mgetFormFieldValue[33m:[39mn[33m,[39mformContext[33m:[39mi}[33m=[39me[33m.[39mhooks[33m,[39mo[33m=[39mi[33m==[39m[36mnull[39m[33m?[39m[36mvoid[39m [35m0[39m[33m:[39mi[33m.[39mformName[33m,[39ms[33m=[39me[33m.[39mprops[33m.[39mname[33m,[39ml[33m=[39me[33m.[39mprops[33m.[39mdefaultValue[33m,[39mc[33m=[39mn(o[33m,[39ms)[33m;[39m[33mKe[39m({formName[33m:[39mo[33m,[39mcomponentType[33m:[39m[32m"Select"[39m[33m,[39mname[33m:[39ms[33m,[39mexistingValue[33m:[39mc[33m,[39mdefaultValue[33m:[39ml})[33m;[39m[36mconst[39m d[33m=[39mc[33m?[39m[33m?[39ml[33m;[39m[36mreturn[39m{size[33m:[39m[32m"lg"[39m[33m,[39mvalue[33m:[39md[33m,[39monValueChange[33m:[39mm[33m=>[39m{m[33m!==[39md[33m&&[39m(a(o[33m,[39m[32m"Select"[39m[33m,[39ms[33m,[39mm)[33m,[39mi[33m!=[39m[36mnull[39m[33m&&[39mi[33m.[39mvalidateField[33m&&[39me[33m.[39mprops[33m.[39mrules[33m&&[39mi[33m.[39mvalidateField(s[33m,[39mm[33m,[39me[33m.[39mprops[33m.[39mrules))}}}}[33m,[39m[33mSelectItem[39m[33m:[39m{component[33m:[39m[33mQt[39m[33m,[39mschema[33m:[39m$o[33m,[39misBaseComponent[33m:[39m[33m![39m[35m1[39m}[33m,[39m[33mSelectLabel[39m[33m:[39m{component[33m:[39m[33mLc[39m[33m,[39mschema[33m:[39m[33mLo[39m[33m,[39misBaseComponent[33m:[39m[33m![39m[35m1[39m}[33m,[39m[33mSelectSeparator[39m[33m:[39m{component[33m:[39m[33mAc[39m[33m,[39mschema[33m:[39m[33mMo[39m[33m,[39misBaseComponent[33m:[39m[33m![39m[35m1[39m}[33m,[39m[33mSwitchGroup[39m[33m:[39m{component[33m:[39mop[33m,[39mschema[33m:[39m[33mRo[39m[33m,[39misBaseComponent[33m:[39m[33m![39m[35m0[39m[33m,[39m[33mExtraProps[39m[33m:[39me[33m=>[39m({variant[33m:[39m[32m"clear"[39m})}[33m,[39m[33mSwitchItem[39m[33m:[39m{component[33m:[39m[33mY[39m([33mGr[39m)[33m,[39mschema[33m:[39m[33mBo[39m[33m,[39misBaseComponent[33m:[39m[33m![39m[35m1[39m[33m,[39m[33mExtraProps[39m[33m:[39me[33m=>[39m{[36mconst[39m{getFormFieldValue[33m:[39ma[33m,[39mformContext[33m:[39mn}[33m=[39me[33m.[39mhooks[33m,[39mi[33m=[39mn[33m==[39m[36mnull[39m[33m?[39m[36mvoid[39m [35m0[39m[33m:[39mn[33m.[39mformName[33m,[39mo[33m=[39me[33m.[39mprops[33m.[39mname[33m,[39ms[33m=[39me[33m.[39mprops[33m.[39mdefaultChecked[33m?[39m[33m?[39m[33m![39m[35m1[39m[33m,[39ml[33m=[39ma(i[33m,[39mo)[33m;[39m[36mreturn[39m [33mKe[39m({formName[33m:[39mi[33m,[39mcomponentType[33m:[39m[32m"SwitchItem"[39m[33m,[39mname[33m:[39mo[33m,[39mexistingValue[33m:[39ml[33m,[39mdefaultValue[33m:[39ms})[33m,[39m{checked[33m:[39ml[33m?[39m[33m?[39ms}}}[33m,[39m[33mTileOptionBlock[39m[33m:[39m{component[33m:[39m[33mVo[39m[33m,[39mschema[33m:[39m[33mFo[39m[33m,[39misBaseComponent[33m:[39m[33m![39m[35m0[39m}[33m,[39m[33mTabs[39m[33m:[39m{component[33m:[39m[33mHh[39m[33m,[39mschema[33m:[39mun[33m,[39misBaseComponent[33m:[39m[33m![39m[35m0[39m}[33m,[39m[33mTag[39m[33m:[39m{component[33m:[39m[33mY[39m(bt)[33m,[39mschema[33m:[39m[33mWo[39m[33m,[39misBaseComponent[33m:[39m[33m![39m[35m1[39m}[33m,[39m[33mTagBlock[39m[33m:[39m{component[33m:[39m[33mKo[39m[33m,[39mschema[33m:[39mpt[33m,[39misBaseComponent[33m:[39m[33m![39m[35m0[39m}[33m,[39m[33mTextArea[39m[33m:[39m{component[33m:[39m[33mY[39m($c)[33m,[39mschema[33m:[39m[33mDo[39m[33m,[39misBaseComponent[33m:[39m[33m![39m[35m0[39m[33m,[39m[33mExtraProps[39m[33m:[39me[33m=>[39m{[36mconst[39m{updateContext[33m:[39ma[33m,[39mgetFormFieldValue[33m:[39mn[33m,[39mformContext[33m:[39mi}[33m=[39me[33m.[39mhooks[33m,[39mo[33m=[39mi[33m==[39m[36mnull[39m[33m?[39m[36mvoid[39m [35m0[39m[33m:[39mi[33m.[39mformName[33m,[39ms[33m=[39me[33m.[39mprops[33m.[39mname[33m,[39ml[33m=[39me[33m.[39mprops[33m.[39mdefaultValue[33m,[39mc[33m=[39mn(o[33m,[39ms)[33m;[39m[33mKe[39m({formName[33m:[39mo[33m,[39mcomponentType[33m:[39m[32m"TextArea"[39m[33m,[39mname[33m:[39ms[33m,[39mexistingValue[33m:[39mc[33m,[39mdefaultValue[33m:[39ml})[33m;[39m[36mconst[39m d[33m=[39mc[33m?[39m[33m?[39ml[33m;[39m[36mreturn[39m{defaultValue[33m:[39md[33m,[39monChange[33m:[39mm[33m=>[39m{i[33m!=[39m[36mnull[39m[33m&&[39mi[33m.[39mvalidateField[33m&&[39me[33m.[39mprops[33m.[39mrules[33m&&[39mi[33m.[39mvalidateField(s[33m,[39mm[33m.[39mtarget[33m.[39mvalue[33m,[39me[33m.[39mprops[33m.[39mrules)}[33m,[39monBlur[33m:[39mm[33m=>[39m{m[33m.[39mtarget[33m.[39mvalue[33m!==[39md[33m&&[39m(a(o[33m,[39m[32m"TextArea"[39m[33m,[39ms[33m,[39mm[33m.[39mtarget[33m.[39mvalue)[33m,[39mi[33m!=[39m[36mnull[39m[33m&&[39mi[33m.[39mvalidateField[33m&&[39me[33m.[39mprops[33m.[39mrules[33m&&[39mi[33m.[39mvalidateField(s[33m,[39mm[33m.[39mtarget[33m.[39mvalue[33m,[39me[33m.[39mprops[33m.[39mrules))}}}}[33m,[39m[33mTextContent[39m[33m:[39m{component[33m:[39moh[33m,[39mschema[33m:[39m[33mDe[39m[33m,[39misBaseComponent[33m:[39m[33m![39m[35m0[39m}[33m,[39m[33mTable[39m[33m:[39m{component[33m:[39m[33mFh[39m[33m,[39mschema[33m:[39mua[33m,[39misBaseComponent[33m:[39m[33m![39m[35m0[39m}[33m,[39m[33mEditableTable[39m[33m:[39m{component[33m:[39me[33m=>[39m{[36mconst[39m{data[33m:[39ma[33m,[39mcolumns[33m:[39mn[33m,[39m[33m...[39mi}[33m=[39me[33m,[39mo[33m=[39m[33mRt[39m()[33m,[39ms[33m=[39m[33mBt[39m()[33m,[39ml[33m=[39m[33mDt[39m()[33m,[39mc[33m=[39m$e()[33m,[39md[33m=[39ms(e[33m.[39mname[33m,[39me[33m.[39mname)[33m,[39mm[33m=[39mne(()[33m=>[39mn[33m.[39mmap(k[33m=>[39mk[33m.[39mkey)[33m,[39m[n])[33m,[39mh[33m=[39m$(k[33m=>[39mk[33m.[39mmap([33mS[39m[33m=>[39m({[33m...[39mm[33m.[39mreduce(([33mP[39m[33m,[39m[33mI[39m[33m,[39m[33mL[39m)[33m=>[39m([33mP[39m[[33mI[39m][33m=[39m[33mS[39m[33m.[39mvalues[[33mL[39m][33m,[39m[33mP[39m)[33m,[39m{})[33m,[39mid[33m:[39m[33mS[39m[33m.[39mid}))[33m,[39m[m])[33m,[39mu[33m=[39m$(k[33m=>[39mk[33m.[39mmap([33mS[39m[33m=>[39m({id[33m:[39m[33mS[39m[33m.[39mid[33m,[39mvalues[33m:[39mm[33m.[39mmap(w[33m=>[39m[33mS[39m[w])}))[33m,[39m[m])[33m,[39mg[33m=[39m[33mD[39m([36mvoid[39m [35m0[39m)[33m,[39m[b[33m,[39mf][33m=[39m[33mF[39m(()[33m=>[39mh(d[33m||[39ma))[33m,[39m[y[33m,[39m_][33m=[39m[33mF[39m([35m0[39m)[33m;[39m[33mV[39m(()[33m=>[39m{f(h(d[33m||[39ma))}[33m,[39m[d[33m,[39ma[33m,[39mh])[33m,[39m[33mV[39m(()[33m=>[39m{c[33m||[39mg[33m.[39mcurrent[33m!==[39m[36mvoid[39m [35m0[39m[33m||[39m(g[33m.[39mcurrent[33m=[39m[36mnew[39m [33mMap[39m(h(d[33m||[39ma)[33m.[39mmap(k[33m=>[39m[k[33m.[39mid[33m,[39mk])))}[33m,[39m[c[33m,[39md[33m,[39ma[33m,[39mh])[33m;[39m[36mconst[39m v[33m=[39m$((k[33m,[39m[33mS[39m)[33m=>[39m{[36mif[39m([33m![39m[33mS[39m)[36mreturn[39m [36mvoid[39m _([35m0[39m)[33m;[39m[36mlet[39m w[33m=[39m[35m0[39m[33m;[39m[36mconst[39m [33mP[39m[33m=[39m[36mnew[39m [33mMap[39m(k[33m.[39mmap([33mI[39m[33m=>[39m{[36mconst[39m{id[33m:[39m[33mL[39m[33m,[39m[33m...[39m[33mR[39m}[33m=[39m[33mI[39m[33m;[39m[36mreturn[39m[[33mL[39m[33m,[39m[33mR[39m]}))[33m;[39m[33mS[39m[33m.[39mforEach(([33mI[39m[33m,[39m[33mL[39m)[33m=>[39m{[36mconst[39m [33mR[39m[33m=[39m[33mP[39m[33m.[39m[36mget[39m([33mL[39m)[33m;[39m[36mif[39m([33mR[39m)[36mfor[39m([36mconst[39m [33mH[39m [36mof[39m m)[33mR[39m[[33mH[39m][33m!==[39m[33mI[39m[[33mH[39m][33m&&[39mw[33m++[39m})[33m,[39m_(w)}[33m,[39m[m])[33m,[39m[33mN[39m[33m=[39m$(k[33m=>[39m{v(k[33m,[39mg[33m.[39mcurrent)[33m,[39mf(k)}[33m,[39m[v])[33m,[39mx[33m=[39m$(()[33m=>[39m{_([35m0[39m)[33m,[39mg[33m.[39mcurrent[33m&&[39mf([33mArray[39m[33m.[39m[36mfrom[39m(g[33m.[39mcurrent[33m.[39mvalues()))}[33m,[39m[])[33m,[39m[33mC[39m[33m=[39m$(()[33m=>[39m{o(e[33m.[39mname[33m,[39m[32m"EditableTable"[39m[33m,[39me[33m.[39mname[33m,[39mu(b))[33m,[39ml([32m"Save Changes"[39m[33m,[39m[32m"User wants to save the table changes"[39m[33m,[39me[33m.[39mname)[33m,[39m_([35m0[39m)[33m,[39mg[33m.[39mcurrent[33m=[39m[36mnew[39m [33mMap[39m(b[33m.[39mmap(k[33m=>[39m[k[33m.[39mid[33m,[39mk]))}[33m,[39m[e[33m.[39mname[33m,[39mb[33m,[39mu[33m,[39mo[33m,[39ml])[33m;[39m[36mreturn[39m p([33mQ[39m[33m,[39m{children[33m:[39m[t(nu[33m,[39m{data[33m:[39mb[33m,[39mcolumns[33m:[39mn[33m,[39monDataChange[33m:[39m[33mN[39m[33m,[39m[33m...[39mi})[33m,[39my[33m>[39m[35m0[39m[33m&&[39mp([32m"div"[39m[33m,[39m{className[33m:[39m[32m"c1-editable-table-changes-container"[39m[33m,[39mchildren[33m:[39m[p([32m"div"[39m[33m,[39m{className[33m:[39m[32m"c1-editable-table-changes-count"[39m[33m,[39mchildren[33m:[39m[y[33m,[39m[32m" changes made"[39m]})[33m,[39mp([32m"div"[39m[33m,[39m{className[33m:[39m[32m"c1-editable-table-changes-buttons"[39m[33m,[39mchildren[33m:[39m[t(we[33m,[39m{onClick[33m:[39mx[33m,[39mvariant[33m:[39m[32m"secondary"[39m[33m,[39msize[33m:[39m[32m"small"[39m[33m,[39miconLeft[33m:[39mt([33mQc[39m[33m,[39m{size[33m:[39m[35m16[39m})[33m,[39mchildren[33m:[39m[32m"Reset"[39m})[33m,[39mt(we[33m,[39m{onClick[33m:[39m[33mC[39m[33m,[39mvariant[33m:[39m[32m"primary"[39m[33m,[39msize[33m:[39m[32m"small"[39m[33m,[39miconLeft[33m:[39mt([33mYe[39m[33m,[39m{size[33m:[39m[35m16[39m})[33m,[39mchildren[33m:[39m[32m"Save Changes"[39m})]})]})]})}[33m,[39mschema[33m:[39m[36mas[39m[33m,[39misBaseComponent[33m:[39m[33m![39m[35m0[39m}[33m,[39m[33mSlider[39m[33m:[39m{component[33m:[39me[33m=>[39m{[36mconst[39m{label[33m:[39ma[33m,[39mname[33m:[39mn[33m,[39mvariant[33m:[39mi[33m,[39mmin[33m:[39mo[33m=[39m[35m0[39m[33m,[39mmax[33m:[39ms[33m=[39m[35m100[39m[33m,[39mstep[33m:[39ml[33m,[39mdefaultValue[33m:[39mc[33m,[39m[33m...[39md}[33m=[39me[33m,[39m[m[33m,[39mh][33m=[39m[33mF[39m(c[33m?[39m[33m?[39m[o])[33m,[39m{min[33m:[39mu[33m,[39mmax[33m:[39mg}[33m=[39mne(()[33m=>[39m{[36mconst[39m[k[33m,[39m[33mS[39m][33m=[39mm[33m,[39mw[33m=[39m[33mI[39m[33m=>[39misNaN([33mI[39m)[33m?[39m[32m"Invalid number"[39m[33m:[39m[33mI[39m[33m<[39m[33mo[39m[33m||[39m[33mI[39m[33m>[39ms[33m?[39m[32m`Value must be between ${o} and ${s}`[39m[33m:[39m[32m""[39m[33m,[39m[33mP[39m[33m=[39m{min[33m:[39mw(k)[33m,[39mmax[33m:[39mw([33mS[39m)}[33m;[39m[36mreturn[39m m[33m.[39mlength[33m>[39m[35m1[39m[33m&&[39mk[33m>[39m[33mS[39m[33m&&[39m([33mP[39m[33m.[39mmin[33m=[39m[32m"Min must be less than max"[39m)[33m,[39m[33mP[39m}[33m,[39m[m[33m,[39mo[33m,[39ms])[33m,[39mb[33m=[39m[33mD[39m(d[33m==[39m[36mnull[39m[33m?[39m[36mvoid[39m [35m0[39m[33m:[39md[33m.[39monValueCommit)[33m;[39mb[33m.[39mcurrent[33m=[39md[33m.[39monValueCommit[33m;[39m[36mconst[39m f[33m=[39mne(()[33m=>[39mpd(k[33m=>[39m{[36mvar[39m [33mS[39m[33m;[39m([33mS[39m[33m=[39mb[33m.[39mcurrent)[33m==[39m[36mnull[39m[33m||[39m[33mS[39m[33m.[39mcall(b[33m,[39mk)}[33m,[39m[35m200[39m)[33m,[39m[])[33m;[39m[33mV[39m(()[33m=>[39m()[33m=>[39m{f[33m.[39mflush()}[33m,[39m[f])[33m;[39m[36mconst[39m y[33m=[39m$(k[33m=>[39m{h(k)[33m,[39mf(k)}[33m,[39m[f])[33m;[39m[33mV[39m(()[33m=>[39m{h(c[33m?[39m[33m?[39m[o])}[33m,[39m[c[33m,[39mo])[33m;[39m[36mconst[39m _[33m=[39mm[33m.[39mlength[33m>[39m[35m1[39m[33m,[39mv[33m=[39mi[33m===[39m[32m"discrete"[39m[33m,[39m[33mN[39m[33m=[39mv[33m?[39ml[33m?[39m[33m?[39m[35m1[39m[33m:[39m[33mMath[39m[33m.[39mmax([35m1[39m[33m,[39ml[33m?[39m[33m?[39m[35m1[39m)[33m,[39mx[33m=[39mne(()[33m=>[39m{[36mif[39m(v){[36mconst[39m k[33m=[39m[33mArray[39m[33m.[39m[36mfrom[39m({length[33m:[39m[33mMath[39m[33m.[39mfloor((s[33m-[39mo)[33m/[39m[33mN[39m)[33m+[39m[35m1[39m}[33m,[39m([33mS[39m[33m,[39mw)[33m=>[39mo[33m+[39mw[33m*[39m[33mN[39m)[33m;[39m[36mreturn[39m t([32m"div"[39m[33m,[39m_[33m?[39m{className[33m:[39m[32m"c1-slider-block__controls is-range"[39m[33m,[39mchildren[33m:[39mp([32m"div"[39m[33m,[39m{className[33m:[39m[32m"c1-slider-block__validated-select-container"[39m[33m,[39mchildren[33m:[39m[p(ea[33m,[39m{value[33m:[39m[33mString[39m(m[[35m0[39m])[33m,[39monValueChange[33m:[39m[33mS[39m[33m=>[39my([[33mNumber[39m([33mS[39m)[33m,[39mm[[35m1[39m][33m?[39m[33m?[39ms][33m.[39msort((w[33m,[39m[33mP[39m)[33m=>[39mw[33m-[39m[33mP[39m))[33m,[39mchildren[33m:[39m[t([33mPa[39m[33m,[39m{children[33m:[39mt([33mIa[39m[33m,[39m{})})[33m,[39mt(ta[33m,[39m{children[33m:[39mk[33m.[39mfilter([33mS[39m[33m=>[39m[33mS[39m[33m<[39m(m[[35m1[39m][33m?[39m[33m?[39ms))[33m.[39mmap([33mS[39m[33m=>[39mt([33mQt[39m[33m,[39m{value[33m:[39m[33mString[39m([33mS[39m)[33m,[39mchildren[33m:[39m[33mS[39m}[33m,[39m[33mS[39m))})]})[33m,[39mt([32m"div"[39m[33m,[39m{className[33m:[39m[32m"c1-slider-block__separator"[39m})[33m,[39mp(ea[33m,[39m{value[33m:[39m[33mString[39m(m[[35m1[39m])[33m,[39monValueChange[33m:[39m[33mS[39m[33m=>[39my([m[[35m0[39m][33m?[39m[33m?[39mo[33m,[39m[33mNumber[39m([33mS[39m)][33m.[39msort((w[33m,[39m[33mP[39m)[33m=>[39mw[33m-[39m[33mP[39m))[33m,[39mchildren[33m:[39m[t([33mPa[39m[33m,[39m{children[33m:[39mt([33mIa[39m[33m,[39m{})})[33m,[39mt(ta[33m,[39m{children[33m:[39mk[33m.[39mfilter([33mS[39m[33m=>[39m[33mS[39m[33m>[39m(m[[35m0[39m][33m?[39m[33m?[39mo))[33m.[39mmap([33mS[39m[33m=>[39mt([33mQt[39m[33m,[39m{value[33m:[39m[33mString[39m([33mS[39m)[33m,[39mchildren[33m:[39m[33mS[39m}[33m,[39m[33mS[39m))})]})]})}[33m:[39m{className[33m:[39m[32m"c1-slider-block__controls is-single"[39m[33m,[39mchildren[33m:[39mp(ea[33m,[39m{value[33m:[39m[33mString[39m(m[[35m0[39m])[33m,[39monValueChange[33m:[39m[33mS[39m[33m=>[39my([[33mNumber[39m([33mS[39m)])[33m,[39mchildren[33m:[39m[t([33mPa[39m[33m,[39m{children[33m:[39mt([33mIa[39m[33m,[39m{})})[33m,[39mt(ta[33m,[39m{children[33m:[39mk[33m.[39mmap([33mS[39m[33m=>[39mt([33mQt[39m[33m,[39m{value[33m:[39m[33mString[39m([33mS[39m)[33m,[39mchildren[33m:[39m[33mS[39m}[33m,[39m[33mS[39m))})]})})}[36mreturn[39m p([32m"div"[39m[33m,[39m_[33m?[39m{className[33m:[39m[32m"c1-slider-block__controls c1-slider-block__controls--inputs is-range"[39m[33m,[39mchildren[33m:[39m[p([32m"div"[39m[33m,[39m{className[33m:[39m[32m"c1-slider-block__validated-input-container"[39m[33m,[39mchildren[33m:[39m[t(kr[33m,[39m{value[33m:[39mm[[35m0[39m][33m?[39m[33m?[39mo[33m,[39monChange[33m:[39mk[33m=>[39my([k[33m,[39mm[[35m1[39m][33m?[39m[33m?[39ms])[33m,[39merror[33m:[39mu})[33m,[39mt([32m"div"[39m[33m,[39m{className[33m:[39m[32m"c1-slider-block__separator"[39m})[33m,[39mt(kr[33m,[39m{value[33m:[39mm[[35m1[39m][33m?[39m[33m?[39ms[33m,[39monChange[33m:[39mk[33m=>[39my([m[[35m0[39m][33m?[39m[33m?[39mo[33m,[39mk])[33m,[39merror[33m:[39mg})]})[33m,[39m(u[33m||[39mg)[33m&&[39mp([32m"div"[39m[33m,[39m{className[33m:[39m[32m"c1-slider-block__error-message"[39m[33m,[39mchildren[33m:[39m[t(sa[33m,[39m{size[33m:[39m[35m14[39m})[33m,[39m[32m" "[39m[33m,[39mu[33m||[39mg]})]}[33m:[39m{className[33m:[39m[32m"c1-slider-block__controls c1-slider-block__controls--inputs is-single"[39m[33m,[39mchildren[33m:[39m[t(kr[33m,[39m{value[33m:[39mm[[35m0[39m][33m?[39m[33m?[39mo[33m,[39monChange[33m:[39mk[33m=>[39my([k])[33m,[39merror[33m:[39mu})[33m,[39mu[33m&&[39mp([32m"div"[39m[33m,[39m{className[33m:[39m[32m"c1-slider-block__error-message"[39m[33m,[39mchildren[33m:[39m[t(sa[33m,[39m{size[33m:[39m[35m14[39m})[33m,[39mu]})]})}[33m,[39m[v[33m,[39m_[33m,[39mm[33m,[39mo[33m,[39ms[33m,[39m[33mN[39m[33m,[39mu[33m,[39mg[33m,[39my])[33m;[39m[36mreturn[39m p([32m"div"[39m[33m,[39m{className[33m:[39m[32m"c1-slider-block"[39m[33m,[39mchildren[33m:[39m[p([32m"div"[39m[33m,[39m{className[33m:[39m[33mT[39m([32m"c1-slider-block__header"[39m[33m,[39m{[32m"c1-slider-block__header--with-error"[39m[33m:[39m[33m![39mv[33m&&[39m(_[33m?[39m[33m![39m[33m![39m(u[33m||[39mg)[33m:[39m[33m![39m[33m![39mu)})[33m,[39mchildren[33m:[39m[t([32m"span"[39m[33m,[39m{className[33m:[39m[32m"c1-slider-block__label"[39m[33m,[39mchildren[33m:[39ma})[33m,[39mx]})[33m,[39mt([32m"div"[39m[33m,[39m{className[33m:[39m[32m"c1-slider-block__content"[39m[33m,[39mchildren[33m:[39mt(xc[33m,[39m{[33m...[39md[33m,[39mvalue[33m:[39mm[33m,[39monValueChange[33m:[39mk[33m=>[39m{y([[33m...[39mk][33m.[39msort(([33mS[39m[33m,[39mw)[33m=>[39m[33mS[39m[33m-[39mw))}[33m,[39mmin[33m:[39mo[33m,[39mmax[33m:[39ms[33m,[39mstep[33m:[39m[33mN[39m[33m,[39mvariant[33m:[39mi[33m,[39mname[33m:[39mn})})]})}[33m,[39mschema[33m:[39mzo[33m,[39misBaseComponent[33m:[39m[33m![39m[35m0[39m[33m,[39m[33mExtraProps[39m[33m:[39me[33m=>[39m{[36mconst[39m{updateContext[33m:[39ma[33m,[39mgetFormFieldValue[33m:[39mn[33m,[39mformContext[33m:[39mi}[33m=[39me[33m.[39mhooks[33m,[39mo[33m=[39mi[33m==[39m[36mnull[39m[33m?[39m[36mvoid[39m [35m0[39m[33m:[39mi[33m.[39mformName[33m,[39ms[33m=[39me[33m.[39mprops[33m.[39mname[33m,[39ml[33m=[39me[33m.[39mprops[33m.[39mdefaultValue[33m,[39mc[33m=[39mn(o[33m,[39ms)[33m;[39m[33mKe[39m({formName[33m:[39mo[33m,[39mcomponentType[33m:[39m[32m"Slider"[39m[33m,[39mname[33m:[39ms[33m,[39mexistingValue[33m:[39mc[33m,[39mdefaultValue[33m:[39ml})[33m;[39m[36mconst[39m d[33m=[39mc[33m!==[39m[36mvoid[39m [35m0[39m[33m?[39mc[33m:[39ml[33m.[39mlength[33m===[39m[35m0[39m[33m?[39m[36mvoid[39m [35m0[39m[33m:[39ml[33m;[39m[36mreturn[39m{[33m...[39md[33m&&[39m{defaultValue[33m:[39md}[33m,[39monValueCommit[33m:[39mm[33m=>[39m{aa(m[33m,[39md)[33m||[39m(a(o[33m,[39m[32m"Slider"[39m[33m,[39ms[33m,[39mm)[33m,[39mi[33m!=[39m[36mnull[39m[33m&&[39mi[33m.[39mvalidateField[33m&&[39me[33m.[39mprops[33m.[39mrules[33m&&[39mi[33m.[39mvalidateField(s[33m,[39mm[33m,[39me[33m.[39mprops[33m.[39mrules))}}}}[33m,[39m[33mLineChart[39m[33m:[39m{deprecated[33m:[39m[33m![39m[35m0[39m[33m,[39mcomponent[33m:[39m[33mY[39m([33mHc[39m)[33m,[39mschema[33m:[39m[33mJa[39m[33m,[39misBaseComponent[33m:[39m[33m![39m[35m0[39m[33m,[39m[33mExtraProps[39m[33m:[39me[33m=>[39m{[36mconst[39m{isStreaming[33m:[39ma}[33m=[39me[33m.[39mhooks[33m||[39m{}[33m;[39m[36mreturn[39m{isAnimationActive[33m:[39ma[33m,[39mtheme[33m:[39m[32m"vivid"[39m}}}[33m,[39m[33mPieChart[39m[33m:[39m{deprecated[33m:[39m[33m![39m[35m0[39m[33m,[39mcomponent[33m:[39m[33mY[39m(zn)[33m,[39mschema[33m:[39m[33mQa[39m[33m,[39misBaseComponent[33m:[39m[33m![39m[35m0[39m[33m,[39m[33mExtraProps[39m[33m:[39me[33m=>[39m{[36mconst[39m{isStreaming[33m:[39ma}[33m=[39me[33m.[39mhooks[33m||[39m{}[33m;[39m[36mreturn[39m{isAnimationActive[33m:[39ma[33m,[39mtheme[33m:[39m[32m"vivid"[39m}}}[33m,[39m[33mRadarChart[39m[33m:[39m{deprecated[33m:[39m[33m![39m[35m0[39m[33m,[39mcomponent[33m:[39m[33mY[39m(xm)[33m,[39mschema[33m:[39mer[33m,[39misBaseComponent[33m:[39m[33m![39m[35m0[39m[33m,[39m[33mExtraProps[39m[33m:[39me[33m=>[39m{[36mconst[39m{isStreaming[33m:[39ma}[33m=[39me[33m.[39mhooks[33m||[39m{}[33m;[39m[36mreturn[39m{isAnimationActive[33m:[39ma[33m,[39mtheme[33m:[39m[32m"vivid"[39m}}}[33m,[39m[33mRadialChart[39m[33m:[39m{deprecated[33m:[39m[33m![39m[35m0[39m[33m,[39mcomponent[33m:[39m[33mY[39m([33mCm[39m)[33m,[39mschema[33m:[39mtr[33m,[39misBaseComponent[33m:[39m[33m![39m[35m0[39m[33m,[39m[33mExtraProps[39m[33m:[39me[33m=>[39m{[36mconst[39m{isStreaming[33m:[39ma}[33m=[39me[33m.[39mhooks[33m||[39m{}[33m;[39m[36mreturn[39m{isAnimationActive[33m:[39ma[33m,[39mtheme[33m:[39m[32m"vivid"[39m}}}[33m,[39m[33mBarChart[39m[33m:[39m{deprecated[33m:[39m[33m![39m[35m0[39m[33m,[39mcomponent[33m:[39m[33mY[39m([33mVc[39m)[33m,[39mschema[33m:[39m[33mGa[39m[33m,[39misBaseComponent[33m:[39m[33m![39m[35m0[39m[33m,[39m[33mExtraProps[39m[33m:[39me[33m=>[39m{[36mconst[39m{isStreaming[33m:[39ma}[33m=[39me[33m.[39mhooks[33m||[39m{}[33m;[39m[36mreturn[39m{isAnimationActive[33m:[39ma[33m,[39mtheme[33m:[39m[32m"sunset"[39m}}}[33m,[39m[33mAreaChart[39m[33m:[39m{deprecated[33m:[39m[33m![39m[35m0[39m[33m,[39mcomponent[33m:[39m[33mY[39m(jc)[33m,[39mschema[33m:[39m[33mYa[39m[33m,[39misBaseComponent[33m:[39m[33m![39m[35m0[39m[33m,[39m[33mExtraProps[39m[33m:[39me[33m=>[39m{[36mconst[39m{isStreaming[33m:[39ma}[33m=[39me[33m.[39mhooks[33m||[39m{}[33m;[39m[36mreturn[39m{isAnimationActive[33m:[39ma[33m,[39mtheme[33m:[39m[32m"vivid"[39m}}}[33m,[39m[33mLineChartV2[39m[33m:[39m{component[33m:[39mot([33mGm[39m[33m,[39m[32m"2d"[39m[33m,[39m[32m"LineChartV2"[39m)[33m,[39mschema[33m:[39mfo[33m,[39misBaseComponent[33m:[39m[33m![39m[35m0[39m[33m,[39m[33mExtraProps[39m[33m:[39me[33m=>[39m{[36mconst[39m{isStreaming[33m:[39ma}[33m=[39me[33m.[39mhooks[33m||[39m{}[33m;[39m[36mreturn[39m{isAnimationActive[33m:[39ma[33m,[39mtheme[33m:[39m[32m"vivid"[39m[33m,[39mcategoryKey[33m:[39m[32m"category"[39m}}}[33m,[39m[33mPieChartV2[39m[33m:[39m{component[33m:[39mot(zn[33m,[39m[32m"1d"[39m[33m,[39m[32m"PieChartV2"[39m)[33m,[39mschema[33m:[39mbo[33m,[39misBaseComponent[33m:[39m[33m![39m[35m0[39m[33m,[39m[33mExtraProps[39m[33m:[39me[33m=>[39m{[36mconst[39m{isStreaming[33m:[39ma}[33m=[39me[33m.[39mhooks[33m||[39m{}[33m;[39m[36mreturn[39m{isAnimationActive[33m:[39ma[33m,[39mtheme[33m:[39m[32m"vivid"[39m[33m,[39mdataKey[33m:[39m[32m"value"[39m[33m,[39mcategoryKey[33m:[39m[32m"category"[39m}}}[33m,[39m[33mRadarChartV2[39m[33m:[39m{component[33m:[39mot([33mQm[39m[33m,[39m[32m"2d"[39m[33m,[39m[32m"RadarChartV2"[39m)[33m,[39mschema[33m:[39myo[33m,[39misBaseComponent[33m:[39m[33m![39m[35m0[39m[33m,[39m[33mExtraProps[39m[33m:[39me[33m=>[39m{[36mconst[39m{isStreaming[33m:[39ma}[33m=[39me[33m.[39mhooks[33m||[39m{}[33m;[39m[36mreturn[39m{isAnimationActive[33m:[39ma[33m,[39mtheme[33m:[39m[32m"vivid"[39m[33m,[39mcategoryKey[33m:[39m[32m"category"[39m}}}[33m,[39m[33mRadialChartV2[39m[33m:[39m{component[33m:[39mot(tp[33m,[39m[32m"1d"[39m[33m,[39m[32m"RadialChartV2"[39m)[33m,[39mschema[33m:[39mvo[33m,[39misBaseComponent[33m:[39m[33m![39m[35m0[39m[33m,[39m[33mExtraProps[39m[33m:[39me[33m=>[39m{[36mconst[39m{isStreaming[33m:[39ma}[33m=[39me[33m.[39mhooks[33m||[39m{}[33m;[39m[36mreturn[39m{isAnimationActive[33m:[39ma[33m,[39mtheme[33m:[39m[32m"vivid"[39m[33m,[39mdataKey[33m:[39m[32m"value"[39m[33m,[39mcategoryKey[33m:[39m[32m"category"[39m}}}[33m,[39m[33mBarChartV2[39m[33m:[39m{component[33m:[39mot([33mZm[39m[33m,[39m[32m"2d"[39m[33m,[39m[32m"BarChartV2"[39m)[33m,[39mschema[33m:[39m_o[33m,[39misBaseComponent[33m:[39m[33m![39m[35m0[39m[33m,[39m[33mExtraProps[39m[33m:[39me[33m=>[39m{[36mconst[39m{isStreaming[33m:[39ma}[33m=[39me[33m.[39mhooks[33m||[39m{}[33m;[39m[36mreturn[39m{isAnimationActive[33m:[39ma[33m,[39mtheme[33m:[39m[32m"sunset"[39m[33m,[39mcategoryKey[33m:[39m[32m"category"[39m}}}[33m,[39m[33mAreaChartV2[39m[33m:[39m{component[33m:[39mot([33mKm[39m[33m,[39m[32m"2d"[39m[33m,[39m[32m"AreaChartV2"[39m)[33m,[39mschema[33m:[39mgo[33m,[39misBaseComponent[33m:[39m[33m![39m[35m0[39m[33m,[39m[33mExtraProps[39m[33m:[39me[33m=>[39m{[36mconst[39m{isStreaming[33m:[39ma}[33m=[39me[33m.[39mhooks[33m||[39m{}[33m;[39m[36mreturn[39m{isAnimationActive[33m:[39ma[33m,[39mtheme[33m:[39m[32m"vivid"[39m[33m,[39mcategoryKey[33m:[39m[32m"category"[39m}}}[33m,[39m[33mSingleStackedBarChart[39m[33m:[39m{component[33m:[39mot(ko[33m,[39m[32m"1d"[39m[33m,[39m[32m"SingleStackedBarChart"[39m)[33m,[39mschema[33m:[39mxo[33m,[39misBaseComponent[33m:[39m[33m![39m[35m0[39m[33m,[39m[33mExtraProps[39m[33m:[39me[33m=>[39m{[36mconst[39m{isStreaming[33m:[39ma}[33m=[39me[33m.[39mhooks[33m||[39m{}[33m;[39m[36mreturn[39m{isAnimationActive[33m:[39ma[33m,[39mtheme[33m:[39m[32m"vivid"[39m[33m,[39mcategoryKey[33m:[39m[32m"category"[39m[33m,[39mdataKey[33m:[39m[32m"value"[39m}}}[33m,[39m[33mScatterChart[39m[33m:[39m{component[33m:[39mot([33mUc[39m[33m,[39m[32m"scatter"[39m[33m,[39m[32m"ScatterChart"[39m)[33m,[39mschema[33m:[39mwo[33m,[39misBaseComponent[33m:[39m[33m![39m[35m0[39m[33m,[39m[33mExtraProps[39m[33m:[39me[33m=>[39m{[36mconst[39m{isStreaming[33m:[39ma}[33m=[39me[33m.[39mhooks[33m||[39m{}[33m;[39m[36mreturn[39m{isAnimationActive[33m:[39ma[33m,[39mshape[33m:[39m[32m"square"[39m[33m,[39mtheme[33m:[39m[32m"vivid"[39m[33m,[39mcategoryKey[33m:[39m[32m"category"[39m}}}[33m,[39m[33mDatePicker[39m[33m:[39m{component[33m:[39m[33mY[39m([33mEi[39m)[33m,[39mschema[33m:[39m[33mEo[39m[33m,[39misBaseComponent[33m:[39m[33m![39m[35m0[39m[33m,[39m[33mExtraProps[39m[33m:[39me[33m=>[39m{[36mconst[39m{updateContext[33m:[39ma[33m,[39mformContext[33m:[39mn}[33m=[39me[33m.[39mhooks[33m||[39m{}[33m,[39mi[33m=[39mn[33m==[39m[36mnull[39m[33m?[39m[36mvoid[39m [35m0[39m[33m:[39mn[33m.[39mformName[33m,[39mo[33m=[39me[33m.[39mprops[33m.[39mname[33m;[39m[36mlet[39m s[33m;[39me[33m.[39mprops[33m.[39mmode[33m===[39m[32m"single"[39m[33m&&[39me[33m.[39mprops[33m.[39msingleDefaultDate[33m&&[39m(s[33m=[39m{date[33m:[39me[33m.[39mprops[33m.[39msingleDefaultDate[33m,[39mmode[33m:[39m[32m"single"[39m})[33m,[39me[33m.[39mprops[33m.[39mmode[33m===[39m[32m"range"[39m[33m&&[39me[33m.[39mprops[33m.[39mrangeDefaultDates[33m&&[39me[33m.[39mprops[33m.[39mrangeDefaultDates[33m.[39mlength[33m===[39m[35m2[39m[33m&&[39m(s[33m=[39m{dateRange[33m:[39me[33m.[39mprops[33m.[39mrangeDefaultDates[33m,[39mmode[33m:[39m[32m"range"[39m})[33m;[39m[36mconst[39m l[33m=[39me[33m.[39mhooks[33m.[39mgetFormFieldValue(i[33m,[39mo)[33m,[39mc[33m=[39m{}[33m;[39m[36mif[39m(l[33m||[39ms){[36mconst[39m d[33m=[39ml[33m||[39ms[33m;[39md[33m.[39mmode[33m===[39m[32m"single"[39m[33m&&[39md[33m.[39mdate[33m&&[39m(c[33m.[39mselectedSingleDate[33m=[39md[33m.[39mdate)[33m,[39md[33m.[39mmode[33m===[39m[32m"range"[39m[33m&&[39md[33m.[39mdateRange[33m&&[39md[33m.[39mdateRange[33m.[39mlength[33m===[39m[35m2[39m[33m&&[39m(c[33m.[39mselectedRangeDates[33m=[39m{[36mfrom[39m[33m:[39m[36mnew[39m [33mDate[39m(d[33m.[39mdateRange[[35m0[39m])[33m,[39mto[33m:[39m[36mnew[39m [33mDate[39m(d[33m.[39mdateRange[[35m1[39m])})}[36mreturn[39m [33mKe[39m({formName[33m:[39mi[33m,[39mcomponentType[33m:[39m[32m"DatePicker"[39m[33m,[39mname[33m:[39mo[33m,[39mexistingValue[33m:[39ml[33m,[39mdefaultValue[33m:[39ms})[33m,[39m{[33m...[39mc[33m,[39msetSelectedSingleDate[33m:[39md[33m=>[39m{[36mconst[39m m[33m=[39m{mode[33m:[39m[32m"single"[39m[33m,[39mdate[33m:[39md[33m.[39mtoString()}[33m;[39ma(i[33m,[39m[32m"DatePicker"[39m[33m,[39me[33m.[39mprops[33m.[39mname[33m,[39mm)[33m,[39mn[33m!=[39m[36mnull[39m[33m&&[39mn[33m.[39mvalidateField[33m&&[39me[33m.[39mprops[33m.[39mrules[33m&&[39mn[33m.[39mvalidateField(o[33m,[39mm[33m,[39me[33m.[39mprops[33m.[39mrules)}[33m,[39msetSelectedRangeDates[33m:[39md[33m=>[39m{[36mvar[39m h[33m,[39mu[33m;[39m[36mconst[39m m[33m=[39m{mode[33m:[39m[32m"range"[39m[33m,[39mdateRange[33m:[39m[(h[33m=[39md[33m==[39m[36mnull[39m[33m?[39m[36mvoid[39m [35m0[39m[33m:[39md[33m.[39m[36mfrom[39m)[33m==[39m[36mnull[39m[33m?[39m[36mvoid[39m [35m0[39m[33m:[39mh[33m.[39mtoString()[33m,[39m(u[33m=[39md[33m==[39m[36mnull[39m[33m?[39m[36mvoid[39m [35m0[39m[33m:[39md[33m.[39mto)[33m==[39m[36mnull[39m[33m?[39m[36mvoid[39m [35m0[39m[33m:[39mu[33m.[39mtoString()]}[33m;[39ma(i[33m,[39m[32m"DatePickerRange"[39m[33m,[39me[33m.[39mprops[33m.[39mname[33m,[39mm)[33m,[39mn[33m!=[39m[36mnull[39m[33m&&[39mn[33m.[39mvalidateField[33m&&[39me[33m.[39mprops[33m.[39mrules[33m&&[39mn[33m.[39mvalidateField(o[33m,[39mm[33m,[39me[33m.[39mprops[33m.[39mrules)}}}}[33m,[39m[33mFormControl[39m[33m:[39m{component[33m:[39msp[33m,[39mschema[33m:[39m[33mSp[39m[33m,[39misBaseComponent[33m:[39m[33m![39m[35m1[39m}[33m,[39m[33mForm[39m[33m:[39m{component[33m:[39mkh[33m,[39mschema[33m:[39mvt[33m,[39misBaseComponent[33m:[39m[33m![39m[35m0[39m}[33m,[39m[33mCarousel[39m[33m:[39m{component[33m:[39m[33mY[39m([33mXr[39m)[33m,[39mschema[33m:[39mpn[33m,[39misBaseComponent[33m:[39m[33m![39m[35m0[39m[33m,[39mdeprecated[33m:[39m[33m![39m[35m0[39m}[33m,[39m[33mCarouselItem[39m[33m:[39m{component[33m:[39m[33mY[39m([33mYr[39m)[33m,[39mschema[33m:[39m[33mGo[39m[33m,[39misBaseComponent[33m:[39m[33m![39m[35m1[39m[33m,[39mdeprecated[33m:[39m[33m![39m[35m0[39m}[33m,[39m[33mCarouselContent[39m[33m:[39m{component[33m:[39m[33mY[39m([33mZr[39m)[33m,[39mschema[33m:[39m[33mJo[39m[33m,[39misBaseComponent[33m:[39m[33m![39m[35m1[39m[33m,[39mdeprecated[33m:[39m[33m![39m[35m0[39m}[33m,[39m[33mCarouselPrevious[39m[33m:[39m{component[33m:[39m[33mY[39m(wi)[33m,[39mschema[33m:[39mes[33m,[39misBaseComponent[33m:[39m[33m![39m[35m1[39m[33m,[39mdeprecated[33m:[39m[33m![39m[35m0[39m}[33m,[39m[33mCarouselNext[39m[33m:[39m{component[33m:[39m[33mY[39m(vi)[33m,[39mschema[33m:[39mts[33m,[39misBaseComponent[33m:[39m[33m![39m[35m1[39m[33m,[39mdeprecated[33m:[39m[33m![39m[35m0[39m}[33m,[39m[33mCarouselV2[39m[33m:[39m{component[33m:[39mdh[33m,[39mschema[33m:[39msr[33m,[39misBaseComponent[33m:[39m[33m![39m[35m0[39m}[33m,[39m[33mSteps[39m[33m:[39m{component[33m:[39me[33m=>[39m{[36mconst[39m{children[33m:[39ma[33m,[39mheader[33m:[39mn[33m,[39m[33m...[39mi}[33m=[39me[33m;[39m[36mreturn[39m p([32m"div"[39m[33m,[39m{className[33m:[39m[32m"c1-steps-wrapper"[39m[33m,[39mchildren[33m:[39m[n[33m&&[39mt([33mK[39m[33m,[39m{[33m...[39mn[33m,[39mcomponent[33m:[39m[32m"InlineHeader"[39m})[33m,[39mt([33mLr[39m[33m,[39m{[33m...[39mi[33m,[39mchildren[33m:[39ma[33m==[39m[36mnull[39m[33m?[39m[36mvoid[39m [35m0[39m[33m:[39ma[33m.[39mmap((o[33m,[39ms)[33m=>[39mt([33mMr[39m[33m,[39m{title[33m:[39mt([33mEe[39m[33m,[39m{content[33m:[39mo[33m.[39mprops[33m.[39mtitle})[33m,[39mdetails[33m:[39mt([33mK[39m[33m,[39m{[33m...[39mo[33m.[39mprops[33m.[39mdetails})}[33m,[39ms))})]})}[33m,[39mschema[33m:[39mxt[33m,[39misBaseComponent[33m:[39m[33m![39m[35m0[39m}[33m,[39m[33mStepsItem[39m[33m:[39m{component[33m:[39m[33mY[39m(qc)[33m,[39mschema[33m:[39mcs[33m,[39misBaseComponent[33m:[39m[33m![39m[35m1[39m}[33m,[39m[33mCallout[39m[33m:[39m{component[33m:[39me[33m=>[39m{[36mconst[39m{variant[33m:[39ma[33m=[39m[32m"neutral"[39m[33m,[39mtitle[33m:[39mn[33m,[39mdescription[33m:[39mi[33m,[39m[33m...[39mo}[33m=[39me[33m;[39m[36mreturn[39m t(bi[33m,[39m{variant[33m:[39ma[33m,[39mtitle[33m:[39mn[33m,[39mdescription[33m:[39mi[33m,[39micon[33m:[39mt([33mK[39m[33m,[39m{component[33m:[39m[32m"Icon"[39m[33m,[39mprops[33m:[39m{name[33m:[39m{neutral[33m:[39m[32m"info"[39m[33m,[39minfo[33m:[39m[32m"info"[39m[33m,[39mwarning[33m:[39m[32m"circle-alert"[39m[33m,[39msuccess[33m:[39m[32m"circle-check"[39m}[a]}})[33m,[39m[33m...[39mo})}[33m,[39mschema[33m:[39mdn[33m,[39misBaseComponent[33m:[39m[33m![39m[35m0[39m[33m,[39mdeprecated[33m:[39m[33m![39m[35m0[39m}[33m,[39m[33mCalloutV2[39m[33m:[39m{component[33m:[39m[33mY[39m(e[33m=>[39m{[36mconst[39m{title[33m:[39ma[33m,[39mdescription[33m:[39mn[33m,[39mvariant[33m:[39mi[33m,[39m[33m...[39mo}[33m=[39me[33m;[39m[36mreturn[39m p([32m"div"[39m[33m,[39m{className[33m:[39m[33mT[39m([32m"c1-callout-v2"[39m[33m,[39m[33mRh[39m[i])[33m,[39m[33m...[39mo[33m,[39mchildren[33m:[39m[t([32m"span"[39m[33m,[39m{className[33m:[39m[32m"c1-callout-v2-title"[39m[33m,[39mchildren[33m:[39mt([33mEe[39m[33m,[39m{content[33m:[39ma})})[33m,[39mt([32m"span"[39m[33m,[39m{className[33m:[39m[32m"c1-callout-v2-description"[39m[33m,[39mchildren[33m:[39mt([33mEe[39m[33m,[39m{content[33m:[39mn})})]})})[33m,[39mschema[33m:[39mor[33m,[39misBaseComponent[33m:[39m[33m![39m[35m0[39m}[33m,[39m[33mMiniChart[39m[33m:[39m{component[33m:[39m[33mY[39m([33mNh[39m)[33m,[39mschema[33m:[39mns[33m,[39misBaseComponent[33m:[39m[33m![39m[35m0[39m[33m,[39m[33mExtraProps[39m[33m:[39me[33m=>[39m{[36mconst[39m{isStreaming[33m:[39ma}[33m=[39me[33m.[39mhooks[33m||[39m{}[33m;[39m[36mreturn[39m{isAnimationActive[33m:[39ma[33m,[39mtheme[33m:[39m[32m"sunset"[39m}}}[33m,[39m[33mMiniCard[39m[33m:[39m{component[33m:[39m[33mY[39m(e[33m=>[39m{[36mconst[39m{lhs[33m:[39ma[33m,[39mrhs[33m:[39mn[33m,[39m[33m...[39mi}[33m=[39me[33m;[39m[36mreturn[39m p([32m"div"[39m[33m,[39m{className[33m:[39m[32m"c1-mini-card"[39m[33m,[39m[33m...[39mi[33m,[39mchildren[33m:[39m[a[33m&&[39mt([32m"div"[39m[33m,[39m{className[33m:[39m[32m"c1-mini-card-lhs"[39m[33m,[39mchildren[33m:[39ma})[33m,[39mn[33m&&[39mt([32m"div"[39m[33m,[39m{className[33m:[39m[32m"c1-mini-card-rhs"[39m[33m,[39mchildren[33m:[39mn})]})})[33m,[39mschema[33m:[39mls[33m,[39misBaseComponent[33m:[39m[33m![39m[35m0[39m}[33m,[39m[33mProfileTile[39m[33m:[39m{component[33m:[39m[33mY[39m(e[33m=>[39m{[36mconst[39m{title[33m:[39ma[33m,[39mlabel[33m:[39mn[33m,[39mchild[33m:[39mi[33m,[39m[33m...[39mo}[33m=[39me[33m,[39ms[33m=[39mi[33m==[39m[36mnull[39m[33m?[39m[36mvoid[39m [35m0[39m[33m:[39mi[33m.[39mprops[33m,[39ml[33m=[39m[33mT[39m([32m"c1-profile-tile"[39m[33m,[39m{[32m"c1-profile-tile-with-image"[39m[33m:[39m(s[33m==[39m[36mnull[39m[33m?[39m[36mvoid[39m [35m0[39m[33m:[39ms[33m.[39mcomponent)[33m===[39m[32m"Image"[39m[33m,[39m[32m"c1-profile-tile-with-icon"[39m[33m:[39m(s[33m==[39m[36mnull[39m[33m?[39m[36mvoid[39m [35m0[39m[33m:[39ms[33m.[39mcomponent)[33m===[39m[32m"Icon"[39m})[33m;[39m[36mreturn[39m p([32m"div"[39m[33m,[39m{className[33m:[39ml[33m,[39m[33m...[39mo[33m,[39mchildren[33m:[39m[t([32m"div"[39m[33m,[39m{className[33m:[39m[32m"c1-profile-tile-tag-image-container"[39m[33m,[39mchildren[33m:[39m(()[33m=>[39m{[36mif[39m([33m![39mi)[36mreturn[39m [36mnull[39m[33m;[39m[36mif[39m(s[33m.[39mcomponent[33m===[39m[32m"Image"[39m){[36mconst[39m c[33m=[39ms[33m.[39mprops[33m;[39m[36mreturn[39m t([32m"div"[39m[33m,[39m{className[33m:[39m[32m"c1-profile-tile-profile-image"[39m[33m,[39mchildren[33m:[39mt(ut[33m,[39m{src[33m:[39mc[33m.[39msrc[33m,[39malt[33m:[39mc[33m.[39malt[33m,[39maspectRatio[33m:[39m[32m"1:1"[39m})})}[36mif[39m(s[33m.[39mcomponent[33m===[39m[32m"Icon"[39m){[36mconst[39m c[33m=[39ms[33m.[39mprops[33m;[39m[36mreturn[39m t([32m"div"[39m[33m,[39m{className[33m:[39m[32m"c1-profile-tile-icon"[39m[33m,[39mchildren[33m:[39mt(de[33m,[39m{name[33m:[39mc[33m.[39mname[33m,[39mcategory[33m:[39mc[33m.[39mcategory})})}[36mreturn[39m [36mnull[39m})()})[33m,[39mt(gt[33m,[39m{tooltipHeading[33m:[39ma[33m,[39mtooltipContent[33m:[39mn[33m,[39mshowOnlyWhenTruncated[33m:[39m[33m![39m[35m0[39m[33m,[39mchildren[33m:[39mp([32m"div"[39m[33m,[39m{className[33m:[39m[32m"c1-profile-tile-content-container"[39m[33m,[39mchildren[33m:[39m[t([32m"div"[39m[33m,[39m{className[33m:[39m[32m"c1-profile-tile-title"[39m[33m,[39mchildren[33m:[39mt([33mEe[39m[33m,[39m{content[33m:[39ma})})[33m,[39mt([32m"div"[39m[33m,[39m{className[33m:[39m[32m"c1-profile-tile-label"[39m[33m,[39mchildren[33m:[39mt([33mEe[39m[33m,[39m{content[33m:[39mn})})]})})]})})[33m,[39mschema[33m:[39mos[33m,[39misBaseComponent[33m:[39m[33m![39m[35m0[39m}[33m,[39m[33mStats[39m[33m:[39m{component[33m:[39m[33mY[39m(e[33m=>[39m{[36mconst[39m{number[33m:[39ma[33m,[39mlabel[33m:[39mn[33m,[39m[33m...[39mi}[33m=[39me[33m;[39m[36mreturn[39m t(gt[33m,[39m{tooltipHeading[33m:[39ma[33m,[39mtooltipContent[33m:[39mn[33m,[39mshowOnlyWhenTruncated[33m:[39m[33m![39m[35m0[39m[33m,[39mchildren[33m:[39mp([32m"div"[39m[33m,[39m{className[33m:[39m[32m"c1-stats-card"[39m[33m,[39m[33m...[39mi[33m,[39mchildren[33m:[39m[t([32m"div"[39m[33m,[39m{className[33m:[39m[32m"c1-stats-card-revenue"[39m[33m,[39mchildren[33m:[39mt([33mEe[39m[33m,[39m{content[33m:[39ma})})[33m,[39mt([32m"div"[39m[33m,[39m{className[33m:[39m[32m"c1-stats-card-percentage"[39m[33m,[39mchildren[33m:[39mt([33mEe[39m[33m,[39m{content[33m:[39mn})})]})})})[33m,[39mschema[33m:[39mss[33m,[39misBaseComponent[33m:[39m[33m![39m[35m0[39m}[33m,[39m[33mDataTile[39m[33m:[39m{component[33m:[39m[33mY[39m(e[33m=>[39m{[36mconst[39m{amount[33m:[39ma[33m,[39mdescription[33m:[39mn[33m,[39mchild[33m:[39mi[33m,[39m[33m...[39mo}[33m=[39me[33m;[39m[36mreturn[39m p([32m"div"[39m[33m,[39m{className[33m:[39m[32m"c1-data-tile-card"[39m[33m,[39m[33m...[39mo[33m,[39mchildren[33m:[39m[t([32m"div"[39m[33m,[39m{className[33m:[39m[32m"c1-data-tile-card-content"[39m[33m,[39mchildren[33m:[39m(()[33m=>[39m{[36mif[39m([33m![39mi)[36mreturn[39m [36mnull[39m[33m;[39m[36mconst[39m s[33m=[39mi[33m.[39mprops[33m;[39m[36mif[39m(s[33m.[39mcomponent[33m===[39m[32m"Image"[39m){[36mconst[39m l[33m=[39ms[33m.[39mprops[33m;[39m[36mreturn[39m t([32m"div"[39m[33m,[39m{className[33m:[39m[32m"c1-data-tile-card-profile-image"[39m[33m,[39mchildren[33m:[39mt(ut[33m,[39m{src[33m:[39ml[33m.[39msrc[33m,[39malt[33m:[39ml[33m.[39malt[33m,[39maspectRatio[33m:[39m[32m"1:1"[39m})})}[36mif[39m(s[33m.[39mcomponent[33m===[39m[32m"Tag"[39m){[36mconst[39m l[33m=[39ms[33m.[39mprops[33m;[39m[36mreturn[39m t([32m"div"[39m[33m,[39m{className[33m:[39m[32m"c1-data-tile-card-tag"[39m[33m,[39mchildren[33m:[39mt(bt[33m,[39m{text[33m:[39ml[33m.[39mtext[33m,[39micon[33m:[39ml[33m.[39miconName[33m?[39mt(de[33m,[39m{name[33m:[39ml[33m.[39miconName[33m,[39mcategory[33m:[39ml[33m.[39miconCategory})[33m:[39m[36mvoid[39m [35m0[39m[33m,[39msize[33m:[39m[32m"sm"[39m[33m,[39mvariant[33m:[39ml[33m.[39mvariant})})}[36mif[39m(s[33m.[39mcomponent[33m===[39m[32m"Icon"[39m){[36mconst[39m l[33m=[39ms[33m.[39mprops[33m;[39m[36mreturn[39m t([32m"div"[39m[33m,[39m{className[33m:[39m[32m"c1-data-tile-card-icon"[39m[33m,[39mchildren[33m:[39mt(de[33m,[39m{name[33m:[39ml[33m.[39mname[33m,[39mcategory[33m:[39ml[33m.[39mcategory})})}[36mreturn[39m [36mnull[39m})()})[33m,[39mt(gt[33m,[39m{tooltipHeading[33m:[39ma[33m,[39mtooltipContent[33m:[39mn[33m,[39mshowOnlyWhenTruncated[33m:[39m[33m![39m[35m0[39m[33m,[39mchildren[33m:[39mp([32m"div"[39m[33m,[39m{className[33m:[39m[32m"c1-data-tile-card-amount-container"[39m[33m,[39mchildren[33m:[39m[t([32m"div"[39m[33m,[39m{className[33m:[39m[32m"c1-data-tile-card-amount"[39m[33m,[39mchildren[33m:[39mt([33mEe[39m[33m,[39m{content[33m:[39ma})})[33m,[39mt([32m"div"[39m[33m,[39m{className[33m:[39m[32m"c1-data-tile-card-description"[39m[33m,[39mchildren[33m:[39mt([33mEe[39m[33m,[39m{content[33m:[39mn})})]})})]})})[33m,[39mschema[33m:[39mis[33m,[39misBaseComponent[33m:[39m[33m![39m[35m0[39m}[33m,[39m[33mSection[39m[33m:[39m{component[33m:[39me[33m=>[39m{[36mconst[39m{icon[33m:[39ma[33m,[39mtitle[33m:[39mn}[33m=[39me[33m;[39m[36mreturn[39m t([32m"div"[39m[33m,[39m{className[33m:[39m[32m"c1-section"[39m[33m,[39mchildren[33m:[39mp([32m"div"[39m[33m,[39m{className[33m:[39m[32m"c1-section-wrapper"[39m[33m,[39mchildren[33m:[39m[t([33mOe[39m[33m,[39m{orientation[33m:[39m[32m"horizontal"[39m})[33m,[39mp([32m"div"[39m[33m,[39m{className[33m:[39m[32m"c1-section-header"[39m[33m,[39mchildren[33m:[39m[a[33m&&[39mt([32m"div"[39m[33m,[39m{className[33m:[39m[32m"c1-section-header-icon"[39m[33m,[39mchildren[33m:[39mt(de[33m,[39m{name[33m:[39ma[33m,[39msize[33m:[39m[35m18[39m})})[33m,[39mt([32m"div"[39m[33m,[39m{className[33m:[39m[32m"c1-section-header-title"[39m[33m,[39mchildren[33m:[39mn})]})]})})}[33m,[39mschema[33m:[39mps[33m,[39misBaseComponent[33m:[39m[33m![39m[35m0[39m[33m,[39mdeprecated[33m:[39m[33m![39m[35m0[39m}[33m,[39m[33mSectionBlock[39m[33m:[39m{component[33m:[39me[33m=>[39m{[36mconst[39m{sections[33m:[39ma[33m=[39m[][33m,[39misFoldable[33m:[39mn[33m=[39m[33m![39m[35m0[39m[33m,[39m[33m...[39mi}[33m=[39me[33m,[39mo[33m=[39mne(()[33m=>[39ma[33m||[39m[][33m,[39m[a])[33m,[39ms[33m=[39mne(()[33m=>[39m{[36mvar[39m b[33m;[39m[36mreturn[39m(b[33m=[39mo[[35m0[39m])[33m==[39m[36mnull[39m[33m?[39m[36mvoid[39m [35m0[39m[33m:[39mb[33m.[39mvalue}[33m,[39m[o[33m.[39mlength[33m>[39m[35m0[39m])[33m,[39ml[33m=[39m$e()[33m,[39m[c[33m,[39md][33m=[39m[33mF[39m([])[33m,[39mm[33m=[39m[33mD[39m([33m![39m[35m1[39m)[33m,[39mh[33m=[39m[33mD[39m([35m0[39m)[33m,[39mu[33m=[39m[33mD[39m(l)[33m;[39m[33mV[39m(()[33m=>[39m{[36mif[39m(o[33m.[39mlength[33m!==[39m[35m0[39m){[36mif[39m(l[33m&&[39mo[33m.[39mlength[33m>[39mh[33m.[39mcurrent[33m&&[39m[33m![39mm[33m.[39mcurrent){[36mconst[39m b[33m=[39mo[o[33m.[39mlength[33m-[39m[35m1[39m][33m;[39mb[33m!=[39m[36mnull[39m[33m&&[39mb[33m.[39mvalue[33m&&[39m[33m![39mc[33m.[39mincludes(b[33m.[39mvalue)[33m&&[39md(f[33m=>[39m[[33m...[39mf[33m,[39mb[33m.[39mvalue])}[36melse[39m c[33m.[39mlength[33m===[39m[35m0[39m[33m&&[39md(s[33m?[39m[s][33m:[39m[])[33m;[39mh[33m.[39mcurrent[33m=[39mo[33m.[39mlength}}[33m,[39m[o[33m,[39ml])[33m,[39m[33mV[39m(()[33m=>[39m{u[33m.[39mcurrent[33m&&[39m[33m![39ml[33m&&[39m[33m![39mm[33m.[39mcurrent[33m&&[39mo[33m.[39mlength[33m>[39m[35m0[39m[33m&&[39md(s[33m?[39m[s][33m:[39m[])[33m,[39mu[33m.[39mcurrent[33m=[39ml}[33m,[39m[l])[33m;[39m[36mconst[39m g[33m=[39m$(b[33m=>[39m{m[33m.[39mcurrent[33m=[39m[33m![39m[35m0[39m[33m,[39md(b[33m||[39m[])}[33m,[39m[])[33m;[39m[36mreturn[39m n[33m?[39mt([33mWh[39m[33m,[39m{type[33m:[39m[32m"multiple"[39m[33m,[39mvalue[33m:[39mc[33m,[39monValueChange[33m:[39mg[33m,[39m[33m...[39mi[33m,[39mchildren[33m:[39mo[33m.[39mmap((b[33m,[39mf)[33m=>[39m{[36mvar[39m y[33m;[39m[36mreturn[39m p([33mKh[39m[33m,[39m{value[33m:[39mb[33m.[39mvalue[33m,[39mchildren[33m:[39m[t([33mXh[39m[33m,[39m{text[33m:[39mb[33m.[39mtrigger})[33m,[39mt([33mZh[39m[33m,[39m{children[33m:[39m(y[33m=[39mb[33m.[39mcontent)[33m==[39m[36mnull[39m[33m?[39m[36mvoid[39m [35m0[39m[33m:[39my[33m.[39mmap((_[33m,[39mv)[33m=>[39mt([33mK[39m[33m,[39m{[33m...[39m_[33m,[39moverridesProps[33m:[39m[33mXn[39m}[33m,[39m[32m`content-${f}-${v}`[39m))})]}[33m,[39mf)})})[33m:[39mt([33mQ[39m[33m,[39m{children[33m:[39mo[33m.[39mmap((b[33m,[39mf)[33m=>[39m{[36mvar[39m _[33m;[39m[36mif[39m([33m![39mb)[36mreturn[39m [36mnull[39m[33m;[39m[36mconst[39m y[33m=[39m((_[33m=[39mb[33m.[39mcontent)[33m==[39m[36mnull[39m[33m?[39m[36mvoid[39m [35m0[39m[33m:[39m_[33m.[39mmap((v[33m,[39m[33mN[39m)[33m=>[39mt([33mK[39m[33m,[39m{[33m...[39mv[33m,[39moverridesProps[33m:[39m[33mXn[39m}[33m,[39m[32m`content-${f}-${N}`[39m)))[33m?[39m[33m?[39m[36mnull[39m[33m;[39m[36mreturn[39m t([33mYh[39m[33m,[39m{trigger[33m:[39mb[33m.[39mtrigger[33m?[39m[33m?[39m[32m""[39m[33m,[39mchildren[33m:[39my}[33m,[39mf)})})}[33m,[39mschema[33m:[39mhs[33m,[39misBaseComponent[33m:[39m[33m![39m[35m0[39m}[33m,[39m[33mMiniCardBlock[39m[33m:[39m{component[33m:[39m[33mY[39m(e[33m=>[39m{[36mconst[39m{children[33m:[39ma[33m,[39m[33m...[39mn}[33m=[39me[33m;[39m[36mreturn[39m t([32m"div"[39m[33m,[39m{className[33m:[39m[32m"c1-mini-card-block"[39m[33m,[39m[33m...[39mn[33m,[39mchildren[33m:[39ma})})[33m,[39mschema[33m:[39mcr[33m,[39misBaseComponent[33m:[39m[33m![39m[35m0[39m}[33m,[39m[33mLayout[39m[33m:[39m{component[33m:[39m({children[33m:[39me})[33m=>[39m{[36mif[39m([33m![39me)[36mreturn[39m [36mnull[39m[33m;[39m[36mconst[39m{variant[33m:[39ma[33m,[39mrows[33m:[39mn}[33m=[39me[33m;[39m[36mreturn[39m t([32m"div"[39m[33m,[39m{className[33m:[39m[32m"c1-layout-container"[39m[33m,[39mchildren[33m:[39mn[33m.[39mmap((i[33m,[39mo)[33m=>[39m((s[33m,[39ml)[33m=>[39m{[36mswitch[39m(a){[36mcase[39m[32m"L-S"[39m[33m:[39m[36mreturn[39m t(yh[33m,[39m{[33m...[39ms}[33m,[39ml)[33m;[39m[36mcase[39m[32m"S-L"[39m[33m:[39m[36mreturn[39m t(wh[33m,[39m{[33m...[39ms}[33m,[39ml)[33m;[39m[36mcase[39m[32m"M-M"[39m[33m:[39m[36mreturn[39m t(vh[33m,[39m{[33m...[39ms}[33m,[39ml)[33m;[39m[36mdefault[39m[33m:[39m[36mreturn[39m [36mnull[39m}})(i[33m,[39mo))})}[33m,[39mschema[33m:[39mhn[33m,[39misBaseComponent[33m:[39m[33m![39m[35m0[39m}[33m,[39m[33mInlineHeader[39m[33m:[39m{component[33m:[39m[33mIt[39m[33m,[39mschema[33m:[39mbe[33m,[39misBaseComponent[33m:[39m[33m![39m[35m0[39m}[33m,[39m[33mExploreButton[39m[33m:[39m{component[33m:[39miu[33m,[39mschema[33m:[39mnr[33m,[39misBaseComponent[33m:[39m[33m![39m[35m0[39m[33m,[39m[33mExtraProps[39m[33m:[39me[33m=>[39m{[36mconst[39m{onAction[33m:[39ma[33m,[39mformContext[33m:[39mn}[33m=[39me[33m.[39mhooks[33m||[39m{}[33m,[39mi[33m=[39mn[33m==[39m[36mnull[39m[33m?[39m[36mvoid[39m [35m0[39m[33m:[39mn[33m.[39mformName[33m;[39m[36mreturn[39m{onClick[33m:[39m()[33m=>[39m{[36mvar[39m o[33m,[39ms[33m,[39ml[33m,[39mc[33m;[39ma(e[33m.[39mprops[33m.[39mactionLabel[33m,[39m[32m`User clicked on ExploreButton: ${e.props.actionLabel} for option: ${e.props.parentValue}`[39m[33m,[39mi[33m,[39m{type[33m:[39m(s[33m=[39m(o[33m=[39me[33m.[39mprops)[33m==[39m[36mnull[39m[33m?[39m[36mvoid[39m [35m0[39m[33m:[39mo[33m.[39maction)[33m==[39m[36mnull[39m[33m?[39m[36mvoid[39m [35m0[39m[33m:[39ms[33m.[39mtype[33m,[39mparams[33m:[39m((c[33m=[39m(l[33m=[39me[33m.[39mprops)[33m==[39m[36mnull[39m[33m?[39m[36mvoid[39m [35m0[39m[33m:[39ml[33m.[39maction)[33m==[39m[36mnull[39m[33m?[39m[36mvoid[39m [35m0[39m[33m:[39mc[33m.[39mprops)[33m?[39m[33m?[39m{}})}}}}}[33m,[39mus[33m=[39m[36mnew[39m [33mMap[39m([33mObject[39m[33m.[39mkeys([33mMt[39m)[33m.[39mmap(e[33m=>[39m[e[33m.[39mtoLowerCase()[33m,[39me]))[33m,[39msu[33m=[39mgn([33mMt[39m[33m,[39m[32m"Card"[39m[33m,[39m[33m![39m[35m1[39m[33m,[39m[33m![39m[35m1[39m)[33m;[39m[36mvar[39m ra[33m=[39m(e[33m=>[39m(e[33m.[39m[33mPRESENTATION[39m[33m=[39m[32m"presentation"[39m[33m,[39me[33m.[39m[33mREPORT[39m[33m=[39m[32m"report"[39m[33m,[39me[33m.[39m[33mDEFAULT[39m[33m=[39m[32m"default"[39m[33m,[39me))(ra[33m||[39m{})[33m;[39m[36mconst[39m gs[33m=[39m[33mPe[39m[33m.[39mcreateContext({type[33m:[39m[32m"default"[39m[33m,[39mcomponentLibrary[33m:[39m[33mMt[39m})[33m;[39m[36mvar[39m [33mSe[39m[33m=[39m(e[33m=>[39m(e[33m.[39m[33mCARD[39m[33m=[39m[32m"Card"[39m[33m,[39me[33m.[39m[33mPRESENTATION[39m[33m=[39m[32m"Presentation"[39m[33m,[39me[33m.[39m[33mREPORT[39m[33m=[39m[32m"Report"[39m[33m,[39me))([33mSe[39m[33m||[39m{})[33m;[39m[36mconst[39m lu[33m=[39m[33mSd[39m()([33mEd[39m(e[33m=>[39m({activeArtifact[33m:[39m[36mnull[39m[33m,[39museArtifactCounter[33m:[39m[35m0[39m[33m,[39martifacts[33m:[39m{}[33m,[39msetActiveArtifact[33m:[39m(a[33m,[39mn)[33m=>[39m{e(i[33m=>[39m{[36mvar[39m s[33m;[39m[36mconst[39m o[33m=[39m(s[33m=[39mi[33m.[39martifacts[a])[33m==[39m[36mnull[39m[33m?[39m[36mvoid[39m [35m0[39m[33m:[39ms[33m.[39mfind(l[33m=>[39ml[33m.[39mversion[33m===[39mn)[33m;[39mo[33m?[39mi[33m.[39mactiveArtifact[33m=[39m{[33m...[39mo[33m,[39martifactId[33m:[39ma}[33m:[39mconsole[33m.[39merror([32m`Artifact ${a} version ${n} not found`[39m)})}[33m,[39mclearActiveArtifact[33m:[39m()[33m=>[39m{e({activeArtifact[33m:[39m[36mnull[39m})}[33m,[39mregisterArtifact[33m:[39m(a[33m,[39mn[33m,[39mi)[33m=>[39m{e(o[33m=>[39m{[36mconst[39m s[33m=[39m{version[33m:[39mn[33m,[39martifactType[33m:[39mi}[33m;[39mo[33m.[39martifacts[a][33m?[39mo[33m.[39martifacts[a][33m.[39mfind(l[33m=>[39ml[33m.[39mversion[33m===[39mn)[33m||[39mo[33m.[39martifacts[a][33m.[39mpush(s)[33m:[39mo[33m.[39martifacts[a][33m=[39m[s]})}[33m,[39munregisterArtifact[33m:[39m(a[33m,[39mn)[33m=>[39m{e(i[33m=>[39m{i[33m.[39martifacts[a][33m&&[39m(i[33m.[39martifacts[a][33m=[39mi[33m.[39martifacts[a][33m.[39mfilter(o[33m=>[39mo[33m.[39mversion[33m!==[39mn)[33m,[39mi[33m.[39martifacts[a][33m.[39mlength[33m===[39m[35m0[39m[33m&&[39m[36mdelete[39m i[33m.[39martifacts[a])})}[33m,[39mupdateUseArtifactCounter[33m:[39ma[33m=>[39m{e(n[33m=>[39m{n[33m.[39museArtifactCounter[33m+=[39ma})}[33m,[39msetArtifactHTMLNode[33m:[39ma[33m=>[39m{e({artifactHTMLNode[33m:[39ma})}[33m,[39martifactHTMLNode[33m:[39m[36mnull[39m})))[33m,[39mdr[33m=[39me[33m=>[39m[33mTd[39m(lu[33m,[39mda(e))[33m,[39mmr[33m=[39m()[33m=>[39m{[36mconst[39m{isArtifactActive[33m:[39me[33m,[39mupdateUseArtifactCounter[33m:[39ma[33m,[39mactiveArtifact[33m:[39mn}[33m=[39mdr(i[33m=>[39m({isArtifactActive[33m:[39m[33m![39m[33m![39mi[33m.[39mactiveArtifact[33m,[39mupdateUseArtifactCounter[33m:[39mi[33m.[39mupdateUseArtifactCounter[33m,[39mactiveArtifact[33m:[39mi[33m.[39mactiveArtifact}))[33m;[39m[36mreturn[39m [33mV[39m(()[33m=>[39m(a([35m1[39m)[33m,[39m()[33m=>[39m{a([33m-[39m[35m1[39m)})[33m,[39m[a])[33m,[39m{isArtifactActive[33m:[39me[33m,[39mrenderArtifact[33m:[39m$(()[33m=>[39mt(cu[33m,[39m{})[33m,[39m[])[33m,[39mactiveArtifact[33m:[39mn}}[33m,[39m_s[33m=[39m({artifactId[33m:[39me[33m,[39mversion[33m:[39ma})[33m=>[39m{[36mconst[39m{setArtifactActiveInternal[33m:[39mn[33m,[39misArtifactActive[33m:[39mi[33m,[39msetArtifactInactive[33m:[39mo}[33m=[39mdr(c[33m=>[39m{[36mvar[39m d[33m,[39mm[33m;[39m[36mreturn[39m{setArtifactActiveInternal[33m:[39mc[33m.[39msetActiveArtifact[33m,[39msetArtifactInactive[33m:[39mc[33m.[39mclearActiveArtifact[33m,[39misArtifactActive[33m:[39m((d[33m=[39mc[33m.[39mactiveArtifact)[33m==[39m[36mnull[39m[33m?[39m[36mvoid[39m [35m0[39m[33m:[39md[33m.[39martifactId)[33m===[39me[33m&&[39m((m[33m=[39mc[33m.[39mactiveArtifact)[33m==[39m[36mnull[39m[33m?[39m[36mvoid[39m [35m0[39m[33m:[39mm[33m.[39mversion)[33m===[39ma}})[33m,[39ms[33m=[39m$(()[33m=>[39m{n(e[33m,[39ma)}[33m,[39m[e[33m,[39ma[33m,[39mn])[33m,[39ml[33m=[39m[33mD[39m(i)[33m;[39m[36mreturn[39m l[33m.[39mcurrent[33m=[39mi[33m,[39m[33mV[39m(()[33m=>[39m()[33m=>[39m{l[33m.[39mcurrent[33m&&[39mo()}[33m,[39m[o])[33m,[39m{closeArtifact[33m:[39mo[33m,[39mopenArtifact[33m:[39ms[33m,[39misArtifactActive[33m:[39mi}}[33m,[39mcu[33m=[39mq(()[33m=>[39m{[36mconst[39m{activeArtifact[33m:[39me[33m,[39msetArtifactHTMLNodeInternal[33m:[39ma}[33m=[39mdr(i[33m=>[39m({activeArtifact[33m:[39mi[33m.[39mactiveArtifact[33m,[39msetArtifactHTMLNodeInternal[33m:[39mi[33m.[39msetArtifactHTMLNode}))[33m,[39mn[33m=[39m$(i[33m=>[39m{a(i[33m===[39m[36mnull[39m[33m?[39m[36mnull[39m[33m:[39mi[33m.[39mparentElement)}[33m,[39m[a])[33m;[39m[36mreturn[39m e[33m?[39mt([32m"div"[39m[33m,[39m{ref[33m:[39mn[33m,[39mstyle[33m:[39m{display[33m:[39m[32m"none"[39m}})[33m:[39m[36mnull[39m})[33m,[39mfs[33m=[39m({artifactId[33m:[39me[33m,[39mversion[33m:[39ma[33m,[39martifactType[33m:[39mn[33m,[39m[33mComponent[39m[33m:[39mi[33m,[39m[33m...[39mo})[33m=>[39m{[36mconst[39m{registerArtifact[33m:[39ms[33m,[39munregisterArtifact[33m:[39ml[33m,[39misArtifactActive[33m:[39mc[33m,[39mshouldRenderBySelf[33m:[39md[33m,[39martifactHTMLNode[33m:[39mm}[33m=[39mdr(u[33m=>[39m{[36mvar[39m g[33m,[39mb[33m;[39m[36mreturn[39m{shouldRenderBySelf[33m:[39mu[33m.[39museArtifactCounter[33m===[39m[35m0[39m[33m,[39mregisterArtifact[33m:[39mu[33m.[39mregisterArtifact[33m,[39munregisterArtifact[33m:[39mu[33m.[39munregisterArtifact[33m,[39misArtifactActive[33m:[39m((g[33m=[39mu[33m.[39mactiveArtifact)[33m==[39m[36mnull[39m[33m?[39m[36mvoid[39m [35m0[39m[33m:[39mg[33m.[39martifactId)[33m===[39me[33m&&[39m((b[33m=[39mu[33m.[39mactiveArtifact)[33m==[39m[36mnull[39m[33m?[39m[36mvoid[39m [35m0[39m[33m:[39mb[33m.[39mversion)[33m===[39ma[33m,[39martifactHTMLNode[33m:[39mu[33m.[39martifactHTMLNode}})[33m,[39mh[33m=[39mda(u[33m=>[39mu)(o)[33m;[39m[36mreturn[39m [33mV[39m(()[33m=>[39m(s(e[33m,[39ma[33m,[39mn)[33m,[39m()[33m=>[39m{l(e[33m,[39ma)})[33m,[39m[e[33m,[39ma[33m,[39mn[33m,[39ms[33m,[39ml])[33m,[39m(d[33m||[39mm)[33m&&[39mc[33m?[39mt(i[33m,[39m{renderInsideHTMLNode[33m:[39mm[33m,[39m[33m...[39mh})[33m:[39m[36mnull[39m}[33m;[39m[36mvar[39m $t[33m=[39m(e[33m=>[39m(e[33m.[39m[33mAUTO_OPEN[39m[33m=[39m[32m"AUTO_OPEN"[39m[33m,[39me[33m.[39m[33mOPEN_ON_MOUNT[39m[33m=[39m[32m"OPEN_ON_MOUNT"[39m[33m,[39me[33m.[39m[33mOVERVIEW[39m[33m=[39m[32m"OVERVIEW"[39m[33m,[39me))($t[33m||[39m{})[33m;[39m[36mconst[39m bs[33m=[39m[33mIe[39m([36mnull[39m)[33m,[39mdu[33m=[39m({children[33m:[39me[33m,[39mprint[33m:[39ma})[33m=>[39m{[33mV[39m(()[33m=>[39m{window[pu][33m=[39m[32m"true"[39m}[33m,[39m[])[33m;[39m[36mconst[39m n[33m=[39mda(()[33m=>[39ma)([36mvoid[39m [35m0[39m)[33m;[39m[36mreturn[39m p(bs[33m.[39m[33mProvider[39m[33m,[39m{value[33m:[39mn[33m,[39mchildren[33m:[39m[t([32m"style"[39m[33m,[39m{children[33m:[39m[32m`[39m
 [90m   |[39m                                                                                                                                                                                                                                                                                                                                                                                                                                                                                                                                                                                                                                                                                                                                                                                                                                                                                                                                                                                                                                                                                                                                                                                                                                                                                                                                                                                                                                                                                                                                                                                                                                                                                                                                                                                                                                                                                                                                                                                                                                                                                                                                                                                                                                                                                                                                                                                                                                                                                                                                                                                                                                                                                                                                                                                                                                                                                                                                                                                                                                                                                                                                                                                                                                                                                                                                                                                                                                                                                                                                                                                                                                                                                                                                                                                                                                                                                                                                                                                                                                                                                                                                                                                                                                                                                                                                                                                                                                                                                                                                                                                                                                                                                                                                                                                                                                                              [31m[1m^[22m[39m[31m[1m^[22m[39m[31m[1m^[22m[39m[31m[1m^[22m[39m[31m[1m^[22m[39m[31m[1m^[22m[39m[31m[1m^[22m[39m[31m[1m^[22m[39m[31m[1m^[22m[39m[31m[1m^[22m[39m[31m[1m^[22m[39m[31m[1m^[22m[39m[31m[1m^[22m[39m[31m[1m^[22m[39m[31m[1m^[22m[39m[31m[1m^[22m[39m[31m[1m^[22m[39m[31m[1m^[22m[39m[31m[1m^[22m[39m[31m[1m^[22m[39m[31m[1m^[22m[39m[31m[1m^[22m[39m[31m[1m^[22m[39m[31m[1m^[22m[39m[31m[1m^[22m[39m[31m[1m^[22m[39m[31m[1m^[22m[39m[31m[1m^[22m[39m[31m[1m^[22m[39m[31m[1m^[22m[39m[31m[1m^[22m[39m[31m[1m^[22m[39m[31m[1m^[22m[39m[31m[1m^[22m[39m[31m[1m^[22m[39m[31m[1m^[22m[39m[31m[1m^[22m[39m[31m[1m^[22m[39m[31m[1m^[22m[39m[31m[1m^[22m[39m[31m[1m^[22m[39m[31m[1m^[22m[39m[31m[1m^[22m[39m[31m[1m^[22m[39m[31m[1m^[22m[39m[31m[1m^[22m[39m[31m[1m^[22m[39m[31m[1m^[22m[39m[31m[1m^[22m[39m[31m[1m^[22m[39m[31m[1m^[22m[39m[31m[1m^[22m[39m[31m[1m^[22m[39m[31m[1m^[22m[39m
 [90m 2 |[39m [32m        body>:not(.${_n}) {[39m
 [90m 3 |[39m [32m          display: none;[39m
 [90m 4 |[39m [32m        }[39m[0m



Import trace:
  Server Component:
    ./node_modules/@thesysai/genui-sdk/dist/index.js
    ./src/app/c1thesys/page.tsx

https://nextjs.org/docs/messages/module-not-found


./node_modules/@thesysai/genui-sdk/dist/index.js:1:4724
Module not found: Can't resolve 'zustand/middleware/immer'
[0m[31m[1m>[22m[39m[90m 1 |[39m [36mvar[39m [33mJl[39m[33m=[39m[33mObject[39m[33m.[39mdefineProperty[33m;[39m[36mvar[39m [33mQl[39m[33m=[39m(e[33m,[39ma[33m,[39mn)[33m=>[39ma [36min[39m e[33m?[39m[33mJl[39m(e[33m,[39ma[33m,[39m{enumerable[33m:[39m[33m![39m[35m0[39m[33m,[39mconfigurable[33m:[39m[33m![39m[35m0[39m[33m,[39mwritable[33m:[39m[33m![39m[35m0[39m[33m,[39mvalue[33m:[39mn})[33m:[39me[a][33m=[39mn[33m;[39m[36mvar[39m yr[33m=[39m(e[33m,[39ma[33m,[39mn)[33m=>[39m[33mQl[39m(e[33m,[39m[36mtypeof[39m a[33m!=[39m[32m"symbol"[39m[33m?[39ma[33m+[39m[32m""[39m[33m:[39ma[33m,[39mn)[33m;[39m[36mimport[39m[32m"./genui-sdk.css"[39m[33m;[39m[36mimport[39m{jsx [36mas[39m t[33m,[39mjsxs [36mas[39m p[33m,[39m[33mFragment[39m [36mas[39m [33mQ[39m}[36mfrom[39m[32m"react/jsx-runtime"[39m[33m;[39m[36mimport[39m{useThreadListState [36mas[39m pi[33m,[39museMessage [36mas[39m ia[33m,[39museThreadActions [36mas[39m hi[33m,[39museThreadState [36mas[39m mt[33m,[39museThreadListManager [36mas[39m [33mUr[39m[33m,[39museThreadManager [36mas[39m qr[33m,[39mprocessStreamedMessage [36mas[39m ec[33m,[39m[33mChatProvider[39m [36mas[39m ui}[36mfrom[39m[32m"@crayonai/react-core"[39m[33m;[39m[36mimport[39m{useThreadListManager [36mas[39m $y}[36mfrom[39m[32m"@crayonai/react-core"[39m[33m;[39m[36mimport[39m [33mPe[39m[33m,[39m{createContext [36mas[39m [33mIe[39m[33m,[39museContext [36mas[39m [33mNe[39m[33m,[39museRef [36mas[39m [33mD[39m[33m,[39museState [36mas[39m [33mF[39m[33m,[39museMemo [36mas[39m ne[33m,[39museEffect [36mas[39m [33mV[39m[33m,[39museCallback [36mas[39m $[33m,[39mmemo [36mas[39m q[33m,[39museLayoutEffect [36mas[39m qe[33m,[39misValidElement [36mas[39m gi[33m,[39mcloneElement [36mas[39m tc[33m,[39mforwardRef [36mas[39m qa[33m,[39m[33mFragment[39m [36mas[39m ac[33m,[39museReducer [36mas[39m rc[33m,[39m[33mComponent[39m [36mas[39m nc[33m,[39m[33mChildren[39m [36mas[39m ic}[36mfrom[39m[32m"react"[39m[33m;[39m[36mimport[39m ct [36mfrom[39m[32m"tiny-invariant"[39m[33m;[39m[36mimport[39m{w [36mas[39m $a[33m,[39m[33mA[39m [36mas[39m ft[33m,[39m[33mM[39m [36mas[39m lt[33m,[39mp [36mas[39m _i[33m,[39mr [36mas[39m oc[33m,[39ma [36mas[39m [33mAr[39m[33m,[39ms [36mas[39m sc[33m,[39mc [36mas[39m lc}[36mfrom[39m[32m"./xmlParser-B5C8tiiX.js"[39m[33m;[39m[36mimport[39m{produce [36mas[39m oa}[36mfrom[39m[32m"immer"[39m[33m;[39m[36mimport[39m{[33mAccordion[39m [36mas[39m cc[33m,[39m[33mAccordionItem[39m [36mas[39m dc[33m,[39m[33mAccordionTrigger[39m [36mas[39m mc[33m,[39m[33mAccordionContent[39m [36mas[39m pc[33m,[39m[33mIconButton[39m [36mas[39m ie[33m,[39m[33mMarkDownRenderer[39m [36mas[39m [33mWa[39m[33m,[39m[33mAreaChart[39m [36mas[39m hc[33m,[39m[33mAreaChartCondensed[39m [36mas[39m [33mWr[39m[33m,[39m[33mHorizontalBarChart[39m [36mas[39m [33mOa[39m[33m,[39m[33mBarChart[39m [36mas[39m fi[33m,[39m[33mBarChartCondensed[39m [36mas[39m [33mKa[39m[33m,[39m[33mLineChart[39m [36mas[39m uc[33m,[39m[33mLineChartCondensed[39m [36mas[39m [33mKr[39m[33m,[39m[33mCheckBoxGroup[39m [36mas[39m gc[33m,[39m[33mSwitchGroup[39m [36mas[39m _c[33m,[39m[33mFormControl[39m [36mas[39m fc[33m,[39m[33mLabel[39m [36mas[39m bc[33m,[39m[33mHint[39m [36mas[39m yc[33m,[39m[33mRadioGroup[39m [36mas[39m vc[33m,[39m[33mSelect[39m [36mas[39m ea[33m,[39m[33mSelectTrigger[39m [36mas[39m [33mPa[39m[33m,[39m[33mSelectValue[39m [36mas[39m [33mIa[39m[33m,[39m[33mSelectContent[39m [36mas[39m ta[33m,[39m[33mSelectGroup[39m [36mas[39m wc[33m,[39m[33mSelectItem[39m [36mas[39m [33mQt[39m[33m,[39m[33mSlider[39m [36mas[39m xc[33m,[39m[33mInput[39m [36mas[39m [33mOt[39m[33m,[39m[33mImage[39m [36mas[39m kc[33m,[39m[33mListBlock[39m [36mas[39m [33mNc[39m[33m,[39m[33mTagBlock[39m [36mas[39m [33mXa[39m[33m,[39m[33mTag[39m [36mas[39m bt[33m,[39m[33mCallout[39m [36mas[39m bi[33m,[39m[33mCarousel[39m [36mas[39m [33mXr[39m[33m,[39m[33mCarouselContent[39m [36mas[39m [33mZr[39m[33m,[39m[33mCarouselItem[39m [36mas[39m [33mYr[39m[33m,[39m[33mCard[39m [36mas[39m yi[33m,[39m[33mCarouselNext[39m [36mas[39m vi[33m,[39m[33mCarouselPrevious[39m [36mas[39m wi[33m,[39m[33mImageGallery[39m [36mas[39m [33mCc[39m[33m,[39m[33mSeparator[39m [36mas[39m [33mOe[39m[33m,[39m[33mSteps[39m [36mas[39m [33mLr[39m[33m,[39m[33mStepsItem[39m [36mas[39m [33mMr[39m[33m,[39m[33mTable[39m [36mas[39m xi[33m,[39m[33mTableHeader[39m [36mas[39m ki[33m,[39m[33mTableRow[39m [36mas[39m za[33m,[39m[33mTableHead[39m [36mas[39m [33mNi[39m[33m,[39m[33mTableBody[39m [36mas[39m [33mCi[39m[33m,[39m[33mTableCell[39m [36mas[39m $r[33m,[39m[33mTabs[39m [36mas[39m [33mSc[39m[33m,[39m[33mTabsList[39m [36mas[39m [33mTc[39m[33m,[39m[33mTabsTrigger[39m [36mas[39m [33mEc[39m[33m,[39m[33mTabsContent[39m [36mas[39m [33mPc[39m[33m,[39m[33mFollowUpBlock[39m [36mas[39m [33mIc[39m[33m,[39m[33mButton[39m [36mas[39m we[33m,[39m[33mSelectSeparator[39m [36mas[39m [33mAc[39m[33m,[39m[33mSelectLabel[39m [36mas[39m [33mLc[39m[33m,[39m[33mCheckBoxItem[39m [36mas[39m [33mMc[39m[33m,[39m[33mTextArea[39m [36mas[39m $c[33m,[39m[33mSwitchItem[39m [36mas[39m [33mGr[39m[33m,[39m[33mRadioItem[39m [36mas[39m [33mOc[39m[33m,[39m[33mListItem[39m [36mas[39m zc[33m,[39m[33mCardHeader[39m [36mas[39m [33mOn[39m[33m,[39m[33mButtons[39m [36mas[39m [33mBc[39m[33m,[39m[33mFollowUpItem[39m [36mas[39m [33mRc[39m[33m,[39m[33mPrintContextProvider[39m [36mas[39m [33mDc[39m[33m,[39m[33mRadialChart[39m [36mas[39m [33mFc[39m[33m,[39m[33mPieChart[39m [36mas[39m [33mSi[39m[33m,[39m[33mThemeProvider[39m [36mas[39m [33mBa[39m[33m,[39museLayoutContext [36mas[39m [33mTi[39m}[36mfrom[39m[32m"@crayonai/react-ui"[39m[33m;[39m[36mimport[39m{[33mAreaChart[39m [36mas[39m jc}[36mfrom[39m[32m"@crayonai/react-ui/Charts/AreaChart"[39m[33m;[39m[36mimport[39m{[33mBarChart[39m [36mas[39m [33mVc[39m}[36mfrom[39m[32m"@crayonai/react-ui/Charts/BarChart"[39m[33m;[39m[36mimport[39m{[33mLineChart[39m [36mas[39m [33mHc[39m}[36mfrom[39m[32m"@crayonai/react-ui/Charts/LineChart"[39m[33m;[39m[36mimport[39m{[33mPieChart[39m [36mas[39m zn}[36mfrom[39m[32m"@crayonai/react-ui/Charts/PieChart"[39m[33m;[39m[36mimport[39m{[33mScatterChart[39m [36mas[39m [33mUc[39m}[36mfrom[39m[32m"@crayonai/react-ui/Charts/ScatterChart"[39m[33m;[39m[36mimport[39m{[33mDatePicker[39m [36mas[39m [33mEi[39m}[36mfrom[39m[32m"@crayonai/react-ui/DatePicker"[39m[33m;[39m[36mimport[39m{[33mStepsItem[39m [36mas[39m qc}[36mfrom[39m[32m"@crayonai/react-ui/Steps"[39m[33m;[39m[36mimport[39m aa [36mfrom[39m[32m"lodash/isEqual"[39m[33m;[39m[36mimport[39m{z [36mas[39m r}[36mfrom[39m[32m"zod"[39m[33m;[39m[36mimport[39m{[33mRadarChart[39m [36mas[39m [33mPi[39m}[36mfrom[39m[32m"@crayonai/react-ui/Charts/RadarChart"[39m[33m;[39m[36mimport[39m{[33mRadialChart[39m [36mas[39m [33mRa[39m}[36mfrom[39m[32m"@crayonai/react-ui/Charts/RadialChart"[39m[33m;[39m[36mimport[39m{useTheme [36mas[39m [33mCe[39m[33m,[39m[33mThemeProvider[39m [36mas[39m [33mIi[39m}[36mfrom[39m[32m"@crayonai/react-ui/ThemeProvider"[39m[33m;[39m[36mimport[39m [33mT[39m[33m,[39m{clsx [36mas[39m fe}[36mfrom[39m[32m"clsx"[39m[33m;[39m[36mimport[39m [33mZa[39m [36mfrom[39m[32m"remark-breaks"[39m[33m;[39m[36mimport[39m[33m*[39m[36mas[39m he [36mfrom[39m[32m"@radix-ui/react-tooltip"[39m[33m;[39m[36mimport[39m [33mWc[39m [36mfrom[39m[32m"lucide-react/dynamicIconImports.mjs"[39m[33m;[39m[36mimport[39m{visit [36mas[39m [33mAi[39m}[36mfrom[39m[32m"unist-util-visit"[39m[33m;[39m[36mimport[39m{[33mX[39m [36mas[39m yt[33m,[39m[33mMaximize2[39m [36mas[39m [33mKc[39m[33m,[39m[33mCheck[39m [36mas[39m [33mYe[39m[33m,[39m[33mCopy[39m [36mas[39m [33mLi[39m[33m,[39m[33mMaximize[39m [36mas[39m [33mXc[39m[33m,[39m[33mAlertCircle[39m [36mas[39m sa[33m,[39m[33mChevronLeft[39m [36mas[39m la[33m,[39m[33mChevronRight[39m [36mas[39m [33mAt[39m[33m,[39m[33mMoreHorizontal[39m [36mas[39m [33mZc[39m[33m,[39m[33mLink[39m [36mas[39m [33mJr[39m[33m,[39m[33mInfo[39m [36mas[39m [33mMi[39m[33m,[39m[33mType[39m [36mas[39m [33mYc[39m[33m,[39m[33mList[39m [36mas[39m [33mGc[39m[33m,[39m[33mCalendarDays[39m [36mas[39m [33mJc[39m[33m,[39m[33mRotateCcw[39m [36mas[39m [33mQc[39m[33m,[39m[33mDownload[39m [36mas[39m ed[33m,[39m[33mPlayIcon[39m [36mas[39m td[33m,[39m[33mArrowLeft[39m [36mas[39m $i[33m,[39m[33mArrowRight[39m [36mas[39m [33mOi[39m[33m,[39m[33mEdit2[39m [36mas[39m zi[33m,[39m[33mPresentationIcon[39m [36mas[39m ad[33m,[39m[33mPlay[39m [36mas[39m [33mBi[39m[33m,[39m[33mSearch[39m [36mas[39m rd[33m,[39m[33mChevronUp[39m [36mas[39m nd[33m,[39m[33mChevronDown[39m [36mas[39m [33mRi[39m[33m,[39m[33mFileText[39m [36mas[39m id[33m,[39m[33mLoader2[39m [36mas[39m od[33m,[39m[33mShare[39m [36mas[39m sd[33m,[39m[33mShare2[39m [36mas[39m [33mBn[39m[33m,[39m[33mThumbsUpIcon[39m [36mas[39m ld[33m,[39m[33mThumbsDownIcon[39m [36mas[39m cd[33m,[39m[33mShareIcon[39m [36mas[39m dd}[36mfrom[39m[32m"lucide-react"[39m[33m;[39m[36mimport[39m[33m*[39m[36mas[39m [33mMe[39m [36mfrom[39m[32m"@radix-ui/react-dialog"[39m[33m;[39m[36mimport[39m{[33mSingleStackedBar[39m [36mas[39m md}[36mfrom[39m[32m"@crayonai/react-ui/Charts/SingleStackedBarChart"[39m[33m;[39m[36mimport[39m pd [36mfrom[39m[32m"lodash/debounce"[39m[33m;[39m[36mimport[39m[32m"katex/dist/katex.min.css"[39m[33m;[39m[36mimport[39m [33mDi[39m [36mfrom[39m[32m"rehype-katex"[39m[33m;[39m[36mimport[39m [33mQr[39m [36mfrom[39m[32m"remark-gfm"[39m[33m;[39m[36mimport[39m [33mFi[39m [36mfrom[39m[32m"remark-math"[39m[33m;[39m[36mimport[39m{findAndReplace [36mas[39m ji}[36mfrom[39m[32m"mdast-util-find-and-replace"[39m[33m;[39m[36mimport[39m{[33mMiniAreaChart[39m [36mas[39m [33mVi[39m}[36mfrom[39m[32m"@crayonai/react-ui/Charts/MiniAreaChart"[39m[33m;[39m[36mimport[39m{[33mMiniBarChart[39m [36mas[39m [33mHi[39m}[36mfrom[39m[32m"@crayonai/react-ui/Charts/MiniBarChart"[39m[33m;[39m[36mimport[39m{[33mMiniLineChart[39m [36mas[39m [33mUi[39m}[36mfrom[39m[32m"@crayonai/react-ui/Charts/MiniLineChart"[39m[33m;[39m[36mimport[39m[33m*[39m[36mas[39m ca [36mfrom[39m[32m"@radix-ui/react-accordion"[39m[33m;[39m[36mimport[39m{createColumnHelper [36mas[39m hd[33m,[39museReactTable [36mas[39m ud[33m,[39mgetCoreRowModel [36mas[39m gd[33m,[39mflexRender [36mas[39m [33mRn[39m}[36mfrom[39m[32m"@tanstack/react-table"[39m[33m;[39m[36mimport[39m{[33mSelect[39m [36mas[39m _d[33m,[39m[33mSelectTrigger[39m [36mas[39m fd[33m,[39m[33mSelectValue[39m [36mas[39m bd[33m,[39m[33mSelectContent[39m [36mas[39m yd[33m,[39m[33mSelectItem[39m [36mas[39m vd}[36mfrom[39m[32m"@crayonai/react-ui/Select"[39m[33m;[39m[36mimport[39m wd [36mfrom[39m[32m"lodash/cloneDeep"[39m[33m;[39m[36mimport[39m{[33mRadialChart[39m [36mas[39m xd[33m,[39m[33mPieChart[39m [36mas[39m kd[33m,[39m[33mLineChart[39m [36mas[39m [33mNd[39m[33m,[39m[33mAreaChart[39m [36mas[39m [33mCd[39m}[36mfrom[39m[32m"@crayonai/react-ui/Charts"[39m[33m;[39m[36mimport[39m{useShallow [36mas[39m da}[36mfrom[39m[32m"zustand/react/shallow"[39m[33m;[39m[36mimport[39m{createStore [36mas[39m [33mSd[39m[33m,[39museStore [36mas[39m [33mTd[39m}[36mfrom[39m[32m"zustand"[39m[33m;[39m[36mimport[39m{immer [36mas[39m [33mEd[39m}[36mfrom[39m[32m"zustand/middleware/immer"[39m[33m;[39m[36mimport[39m{createPortal [36mas[39m dt}[36mfrom[39m[32m"react-dom"[39m[33m;[39m[36mimport[39m{[33mResponsiveContainer[39m [36mas[39m qi}[36mfrom[39m[32m"recharts"[39m[33m;[39m[36mimport[39m [33mWi[39m [36mfrom[39m[32m"@tiptap/extension-placeholder"[39m[33m;[39m[36mimport[39m{useEditor [36mas[39m [33mKi[39m[33m,[39m[33mEditorContent[39m [36mas[39m [33mXi[39m}[36mfrom[39m[32m"@tiptap/react"[39m[33m;[39m[36mimport[39m [33mZi[39m [36mfrom[39m[32m"@tiptap/starter-kit"[39m[33m;[39m[36mimport[39m{useFloating [36mas[39m [33mYi[39m[33m,[39mflip [36mas[39m [33mGi[39m[33m,[39mautoUpdate [36mas[39m [33mJi[39m}[36mfrom[39m[32m"@floating-ui/react-dom"[39m[33m;[39m[36mimport[39m [33mOr[39m [36mfrom[39m[32m"lodash/get"[39m[33m;[39m[36mimport[39m en [36mfrom[39m[32m"lodash/set"[39m[33m;[39m[36mimport[39m{[33mSelectTrigger[39m [36mas[39m [33mPd[39m}[36mfrom[39m[32m"@radix-ui/react-select"[39m[33m;[39m[36mimport[39m{[33mTrigger[39m [36mas[39m [33mId[39m[33m,[39m[33mContainer[39m [36mas[39m [33mAd[39m[33m,[39m[33mThreadContainer[39m [36mas[39m [33mLd[39m[33m,[39m[33mHeader[39m [36mas[39m [33mMd[39m[33m,[39m[33mScrollArea[39m [36mas[39m $d[33m,[39m[33mMessages[39m [36mas[39m [33mOd[39m[33m,[39m[33mMessageLoading[39m [36mas[39m zd[33m,[39m[33mComposer[39m [36mas[39m [33mBd[39m[33m,[39m[33mWelcomeScreen[39m [36mas[39m [33mDn[39m[33m,[39m[33mConversationStarter[39m [36mas[39m [33mRd[39m}[36mfrom[39m[32m"@crayonai/react-ui/BottomTray"[39m[33m;[39m[36mimport[39m{isChatEmpty [36mas[39m zt[33m,[39misWelcomeComponent [36mas[39m tn}[36mfrom[39m[32m"@crayonai/react-ui/CrayonChat"[39m[33m;[39m[36mimport[39m{[33mContainer[39m [36mas[39m [33mQi[39m[33m,[39m[33mThreadContainer[39m [36mas[39m [33mDd[39m[33m,[39m[33mHeader[39m [36mas[39m [33mFd[39m[33m,[39m[33mScrollArea[39m [36mas[39m eo[33m,[39m[33mMessages[39m [36mas[39m to[33m,[39m[33mMessageLoading[39m [36mas[39m jd[33m,[39m[33mComposer[39m [36mas[39m [33mVd[39m[33m,[39m[33mWelcomeScreen[39m [36mas[39m [33mFn[39m[33m,[39m[33mConversationStarter[39m [36mas[39m [33mHd[39m}[36mfrom[39m[32m"@crayonai/react-ui/CopilotShell"[39m[33m;[39m[36mimport[39m{[33mContainer[39m [36mas[39m ao[33m,[39m[33mSidebarContainer[39m [36mas[39m [33mUd[39m[33m,[39m[33mSidebarHeader[39m [36mas[39m qd[33m,[39m[33mSidebarContent[39m [36mas[39m [33mWd[39m[33m,[39m[33mNewChatButton[39m [36mas[39m [33mKd[39m[33m,[39m[33mSidebarSeparator[39m [36mas[39m [33mXd[39m[33m,[39m[33mThreadList[39m [36mas[39m [33mZd[39m[33m,[39m[33mThreadContainer[39m [36mas[39m [33mYd[39m[33m,[39m[33mMobileHeader[39m [36mas[39m [33mGd[39m[33m,[39m[33mScrollArea[39m [36mas[39m ro[33m,[39m[33mMessages[39m [36mas[39m no[33m,[39m[33mMessageLoading[39m [36mas[39m [33mJd[39m[33m,[39m[33mComposer[39m [36mas[39m [33mQd[39m[33m,[39m[33mWelcomeScreen[39m [36mas[39m jn[33m,[39m[33mConversationStarter[39m [36mas[39m em}[36mfrom[39m[32m"@crayonai/react-ui/Shell"[39m[33m;[39m[36mconst[39m io[33m=[39m[33mIe[39m([36mvoid[39m [35m0[39m)[33m,[39mxe[33m=[39m()[33m=>[39m{[36mconst[39m e[33m=[39m[33mNe[39m(io)[33m;[39m[36mif[39m(e[33m===[39m[36mvoid[39m [35m0[39m)[36mthrow[39m [36mnew[39m [33mError[39m([32m"useC1Context must be used within a C1Provider"[39m)[33m;[39m[36mreturn[39m e}[33m;[39m[36mvar[39m [33mRe[39m[33m=[39m(e[33m=>[39m(e[e[33m.[39m[33mINCOMPLETE_RESPONSE[39m[33m=[39m[35m1[39m][33m=[39m[32m"INCOMPLETE_RESPONSE"[39m[33m,[39me[e[33m.[39m[33mINCOMPLETE_JSON[39m[33m=[39m[35m2[39m][33m=[39m[32m"INCOMPLETE_JSON"[39m[33m,[39me[e[33m.[39m[33mINVALID_JSON[39m[33m=[39m[35m3[39m][33m=[39m[32m"INVALID_JSON"[39m[33m,[39me[e[33m.[39m[33mINVALID_JSON_STRUCTURE[39m[33m=[39m[35m4[39m][33m=[39m[32m"INVALID_JSON_STRUCTURE"[39m[33m,[39me[e[33m.[39m[33mRENDER_ERROR[39m[33m=[39m[35m5[39m][33m=[39m[32m"RENDER_ERROR"[39m[33m,[39me[e[33m.[39m[33mUNKNOWN_ERROR_1[39m[33m=[39m[35m6[39m][33m=[39m[32m"UNKNOWN_ERROR_1"[39m[33m,[39me[e[33m.[39m[33mINVALID_CONTEXT[39m[33m=[39m[35m7[39m][33m=[39m[32m"INVALID_CONTEXT"[39m[33m,[39me[e[33m.[39m[33mINVALID_ARTIFACT_DIFF[39m[33m=[39m[35m8[39m][33m=[39m[32m"INVALID_ARTIFACT_DIFF"[39m[33m,[39me[e[33m.[39m[33mINVALID_ARTIFACT_ID[39m[33m=[39m[35m9[39m][33m=[39m[32m"INVALID_ARTIFACT_ID"[39m[33m,[39me))([33mRe[39m[33m||[39m{})[33m;[39m[36mconst[39m [33mBt[39m[33m=[39m()[33m=>[39m{[36mvar[39m a[33m;[39m[36mreturn[39m((a[33m=[39mxe()[33m.[39mformContext)[33m==[39m[36mnull[39m[33m?[39m[36mvoid[39m [35m0[39m[33m:[39ma[33m.[39museGetFieldValue())[33m||[39m(()[33m=>[39m[36mnull[39m)}[33m,[39m[33mRt[39m[33m=[39m()[33m=>[39m{[36mvar[39m a[33m;[39m[36mreturn[39m((a[33m=[39mxe()[33m.[39mformContext)[33m==[39m[36mnull[39m[33m?[39m[36mvoid[39m [35m0[39m[33m:[39ma[33m.[39museSetFieldValue())[33m||[39m(()[33m=>[39m[36mnull[39m)}[33m,[39m[33mDt[39m[33m=[39m()[33m=>[39mxe()[33m.[39museOnAction()[33m||[39m(()[33m=>[39m[36mnull[39m)[33m,[39m$e[33m=[39m()[33m=>[39mxe()[33m.[39museIsStreaming()[33m,[39m[33mKe[39m[33m=[39m({formName[33m:[39me[33m,[39mcomponentType[33m:[39ma[33m,[39mname[33m:[39mn[33m,[39mexistingValue[33m:[39mi[33m,[39mdefaultValue[33m:[39mo})[33m=>[39m{[36mconst[39m s[33m=[39m[33mRt[39m()[33m,[39ml[33m=[39m$e()[33m;[39m[33mV[39m(()[33m=>[39m{l[33m||[39mi[33m!==[39m[36mvoid[39m [35m0[39m[33m||[39mo[33m===[39m[36mvoid[39m [35m0[39m[33m||[39ms(e[33m,[39ma[33m,[39mn[33m,[39mo[33m,[39m[33m![39m[35m1[39m)}[33m,[39m[i[33m,[39mo[33m,[39ml[33m,[39ms])}[33m,[39moo[33m=[39m[33mIe[39m([36mnull[39m)[33m,[39m[33mFt[39m[33m=[39m()[33m=>[39m[33mNe[39m(oo)[33m,[39mtm[33m=[39m[[32m"required"[39m[33m,[39m[32m"minLength"[39m[33m,[39m[32m"maxLength"[39m[33m,[39m[32m"min"[39m[33m,[39m[32m"max"[39m][33m,[39mam[33m=[39m{required[33m:[39m(e[33m,[39ma)[33m=>[39m{[36mif[39m(a){[36mif[39m(e[33m===[39m[32m""[39m[33m||[39me[33m==[39m[36mnull[39m[33m||[39me[33m===[39m[33m![39m[35m1[39m)[36mreturn[39m[32m"This field is required"[39m[33m;[39m[36mif[39m([36mtypeof[39m e[33m==[39m[32m"object"[39m){[36mconst[39m n[33m=[39me[33m==[39m[36mnull[39m[33m?[39m[36mvoid[39m [35m0[39m[33m:[39me[33m.[39mmode[33m;[39m[36mif[39m(n[33m===[39m[32m"single"[39m)[36mreturn[39m(e[33m==[39m[36mnull[39m[33m?[39m[36mvoid[39m [35m0[39m[33m:[39me[33m.[39mdate)[33m?[39m[36mvoid[39m [35m0[39m[33m:[39m[32m"This field is required"[39m[33m;[39m[36mif[39m(n[33m===[39m[32m"range"[39m){[36mconst[39m o[33m=[39me[33m==[39m[36mnull[39m[33m?[39m[36mvoid[39m [35m0[39m[33m:[39me[33m.[39mdateRange[33m;[39m[36mreturn[39m [33mArray[39m[33m.[39misArray(o)[33m&&[39m(o[[35m0[39m][33m||[39mo[[35m1[39m])[33m?[39m[36mvoid[39m [35m0[39m[33m:[39m[32m"This field is required"[39m}[36mconst[39m i[33m=[39m[33mObject[39m[33m.[39mvalues(e)[33m;[39m[36mreturn[39m i[33m.[39mevery(o[33m=>[39m[36mtypeof[39m o[33m==[39m[32m"boolean"[39m[33m||[39mo[33m===[39m[36mvoid[39m [35m0[39m)[33m?[39mi[33m.[39msome([33mBoolean[39m)[33m?[39m[36mvoid[39m [35m0[39m[33m:[39m[32m"This field is required"[39m[33m:[39m[36mvoid[39m [35m0[39m}}}[33m,[39mminLength[33m:[39m(e[33m,[39ma)[33m=>[39m{[36mif[39m([36mtypeof[39m e[33m==[39m[32m"string"[39m[33m&&[39me[33m.[39mlength[33m<[39m[33ma[39m)[36mreturn[39m[32m`Must be at least ${a} characters`[39m}[33m,[39mmaxLength[33m:[39m(e[33m,[39ma)[33m=>[39m{[36mif[39m([36mtypeof[39m e[33m==[39m[32m"string"[39m[33m&&[39me[33m.[39mlength[33m>[39ma)[36mreturn[39m[32m`Must be less than ${a} characters`[39m}[33m,[39mmin[33m:[39m(e[33m,[39ma)[33m=>[39m{[36mif[39m(e[33m!=[39m[36mnull[39m[33m&&[39me[33m!==[39m[32m""[39m){e[33m=[39m[33mArray[39m[33m.[39misArray(e)[33m?[39me[33m:[39m[e][33m;[39m[36mfor[39m([36mconst[39m n [36mof[39m e){[36mconst[39m i[33m=[39m[33mNumber[39m(n)[33m;[39m[36mif[39m(isNaN(i)[33m||[39mi[33m<[39m[33ma[39m)[36mreturn[39m[32m`Must be at least ${a}`[39m}}}[33m,[39mmax[33m:[39m(e[33m,[39ma)[33m=>[39m{[36mif[39m(e[33m!=[39m[36mnull[39m[33m&&[39me[33m!==[39m[32m""[39m){e[33m=[39m[33mArray[39m[33m.[39misArray(e)[33m?[39me[33m:[39m[e][33m;[39m[36mfor[39m([36mconst[39m n [36mof[39m e){[36mconst[39m i[33m=[39m[33mNumber[39m(n)[33m;[39m[36mif[39m(isNaN(i)[33m||[39mi[33m>[39ma)[36mreturn[39m[32m`Must be no more than ${a}`[39m}}}}[33m,[39m[33mK[39m[33m=[39mq(({overridesProps[33m:[39me[33m=[39m{}[33m,[39m[33m...[39ma})[33m=>[39m{[36mvar[39m y[33m;[39m[36mconst[39m n[33m=[39m[33mRt[39m()[33m,[39mi[33m=[39m[33mDt[39m()[33m,[39mo[33m=[39m$e()[33m,[39ms[33m=[39m[33mBt[39m()[33m,[39ml[33m=[39m[33mFt[39m()[33m,[39mc[33m=[39mxe()[33m.[39mcustomComponents[33m,[39md[33m=[39mxe()[33m.[39m[33mWisdomVisualisationComponent[39m[33m,[39m{type[33m:[39mm[33m,[39mcomponentLibrary[33m:[39mh}[33m=[39m[33mNe[39m(gs)[33m;[39m[36mif[39m([33m![39ma[33m||[39m[36mtypeof[39m a[33m!=[39m[32m"object"[39m)[36mreturn[39m [36mnull[39m[33m;[39m[36mif[39m(a[33m.[39mcomponent[33m===[39m[32m"Visualization"[39m[33m&&[39mm[33m!==[39mra[33m.[39m[33mDEFAULT[39m[33m&&[39md)[36mreturn[39m t(d[33m,[39m{[33m...[39ma[33m.[39mprops})[33m;[39m[36mif[39m(c[33m&&[39mc[a[33m.[39mcomponent]){[36mconst[39m _[33m=[39mc[a[33m.[39mcomponent][33m;[39m[36mreturn[39m t(_[33m,[39m{[33m...[39ma[33m.[39mprops})}[36mconst[39m{component[33m:[39mu[33m,[39m[33mExtraProps[39m[33m:[39mg}[33m=[39mh[a[33m.[39mcomponent][33m||[39mh[us[33m.[39m[36mget[39m((y[33m=[39ma[33m.[39mcomponent)[33m==[39m[36mnull[39m[33m?[39m[36mvoid[39m [35m0[39m[33m:[39my[33m.[39mtoLowerCase())[33m||[39m[32m""[39m][33m||[39m{}[33m;[39m[36mif[39m([33m![39mu)[36mreturn[39m [36mnull[39m[33m;[39m[36mconst[39m b[33m=[39mg[33m?[39mg({props[33m:[39ma[33m.[39mprops[33m,[39mhooks[33m:[39m{updateContext[33m:[39mn[33m,[39monAction[33m:[39mi[33m,[39misStreaming[33m:[39mo[33m,[39mgetFormFieldValue[33m:[39ms[33m,[39mformContext[33m:[39ml}})[33m:[39m{}[33m,[39mf[33m=[39m[33mObject[39m[33m.[39massign({}[33m,[39ma[33m.[39mprops[33m,[39mb[33m,[39me[a[33m.[39mcomponent])[33m;[39m[36mreturn[39m t(u[33m,[39m{[33m...[39mf})})[33m,[39mz[33m=[39mr[33m.[39mobject({component[33m:[39mr[33m.[39mstring()})[33m,[39m[33mA[39m[33m=[39mr[33m.[39mobject({})[33m;[39m[36mvar[39m ma[33m=[39m(e[33m=>[39m(e[33m.[39m[33mContinueConversation[39m[33m=[39m[32m"continue_conversation"[39m[33m,[39me[33m.[39m[33mOpenUrl[39m[33m=[39m[32m"open_url"[39m[33m,[39me))(ma[33m||[39m{})[33m;[39m[36mconst[39m rm[33m=[39mr[33m.[39mobject({type[33m:[39mr[33m.[39mliteral([32m"continue_conversation"[39m)[33m,[39mprops[33m:[39mr[33m.[39mobject({})[33m.[39moptional()})[33m.[39mdescribe([32m"$ref:continueConversationAction"[39m)[33m,[39mnm[33m=[39mr[33m.[39mobject({type[33m:[39mr[33m.[39mliteral([32m"open_url"[39m)[33m,[39mprops[33m:[39mr[33m.[39mobject({url[33m:[39mr[33m.[39mstring()})})[33m.[39mdescribe([32m"$ref:openUrlAction"[39m)[33m,[39mim[33m=[39mr[33m.[39mobject({type[33m:[39mr[33m.[39mstring()[33m,[39mprops[33m:[39mr[33m.[39mrecord(r[33m.[39many())[33m.[39moptional()})[33m.[39mdescribe([32m"$exclude:customAction"[39m)[33m,[39mha[33m=[39mr[33m.[39munion([im[33m,[39mrm[33m,[39mnm])[33m.[39mdescribe([32m"$ref:actionSchema"[39m)[33m.[39moptional()[33m,[39mso[33m=[39m[33mA[39m[33m.[39mextend({name[33m:[39mr[33m.[39mstring()[33m,[39mcategory[33m:[39mr[33m.[39mstring()[33m.[39moptional()})[33m,[39mke[33m=[39mz[33m.[39mextend({component[33m:[39mr[33m.[39mliteral([32m"Icon"[39m)[33m,[39mprops[33m:[39mso})[33m,[39mom[33m=[39mr[33m.[39m[36menum[39m([[32m"primary"[39m[33m,[39m[32m"secondary"[39m[33m,[39m[32m"tertiary"[39m])[33m,[39msm[33m=[39mr[33m.[39m[36menum[39m([[32m"small"[39m[33m,[39m[32m"medium"[39m[33m,[39m[32m"large"[39m])[33m,[39mlm[33m=[39m[33mA[39m[33m.[39mextend({children[33m:[39mr[33m.[39mstring()[33m.[39m[36mdefault[39m([32m""[39m)[33m,[39mname[33m:[39mr[33m.[39mstring()[33m.[39m[36mdefault[39m([32m""[39m)[33m,[39mvariant[33m:[39mom[33m.[39moptional()[33m,[39msize[33m:[39msm[33m.[39moptional()[33m,[39miconLeft[33m:[39mke[33m.[39moptional()[33m,[39miconRight[33m:[39mke[33m.[39moptional()[33m,[39maction[33m:[39mha})[33m,[39m[33mLt[39m[33m=[39mz[33m.[39mextend({component[33m:[39mr[33m.[39mliteral([32m"Button"[39m)[33m,[39mprops[33m:[39mlm})[33m,[39mcm[33m=[39mr[33m.[39m[36menum[39m([[32m"primary"[39m[33m,[39m[32m"secondary"[39m[33m,[39m[32m"tertiary"[39m])[33m,[39mdm[33m=[39mr[33m.[39m[36menum[39m([[32m"extra-small"[39m[33m,[39m[32m"small"[39m[33m,[39m[32m"medium"[39m[33m,[39m[32m"large"[39m])[33m,[39mmm[33m=[39mr[33m.[39m[36menum[39m([[32m"square"[39m[33m,[39m[32m"circle"[39m])[33m,[39mpm[33m=[39m[33mA[39m[33m.[39mextend({icon[33m:[39mke[33m,[39mvariant[33m:[39mcm[33m.[39moptional()[33m,[39msize[33m:[39mdm[33m.[39moptional()[33m,[39mshape[33m:[39mmm[33m.[39moptional()[33m,[39mname[33m:[39mr[33m.[39mstring()[33m,[39maction[33m:[39mha})[33m,[39man[33m=[39mz[33m.[39mextend({component[33m:[39mr[33m.[39mliteral([32m"IconButton"[39m)[33m,[39mprops[33m:[39mpm})[33m,[39mhm[33m=[39m[33mA[39m[33m.[39mextend({variant[33m:[39mr[33m.[39m[36menum[39m([[32m"vertical"[39m[33m,[39m[32m"horizontal"[39m])[33m.[39moptional()[33m,[39mchildren[33m:[39mr[33m.[39marray(r[33m.[39munion([[33mLt[39m[33m,[39man]))[33m.[39m[36mdefault[39m([])})[33m,[39m[33mGe[39m[33m=[39mz[33m.[39mextend({component[33m:[39mr[33m.[39mliteral([32m"ButtonGroup"[39m)[33m,[39mprops[33m:[39mhm})[33m,[39mum[33m=[39mr[33m.[39marray(r[33m.[39mrecord(r[33m.[39munion([r[33m.[39mstring()[33m,[39mr[33m.[39mnumber()])))[33m,[39mgm[33m=[39m[33mA[39m[33m.[39mextend({categoryKey[33m:[39mr[33m.[39mstring()[33m,[39mdata[33m:[39mum})[33m,[39m[33mYa[39m[33m=[39mz[33m.[39mextend({component[33m:[39mr[33m.[39mliteral([32m"AreaChart"[39m)[33m,[39mprops[33m:[39mgm})[33m,[39m_m[33m=[39mr[33m.[39marray(r[33m.[39mrecord(r[33m.[39munion([r[33m.[39mstring()[33m,[39mr[33m.[39mnumber()])))[33m,[39mfm[33m=[39m[33mA[39m[33m.[39mextend({categoryKey[33m:[39mr[33m.[39mstring()[33m,[39mdata[33m:[39m_m})[33m,[39m[33mGa[39m[33m=[39mz[33m.[39mextend({component[33m:[39mr[33m.[39mliteral([32m"BarChart"[39m)[33m,[39mprops[33m:[39mfm})[33m,[39mbm[33m=[39mr[33m.[39marray(r[33m.[39mrecord(r[33m.[39munion([r[33m.[39mstring()[33m,[39mr[33m.[39mnumber()])))[33m,[39mym[33m=[39m[33mA[39m[33m.[39mextend({categoryKey[33m:[39mr[33m.[39mstring()[33m,[39mdata[33m:[39mbm})[33m,[39m[33mJa[39m[33m=[39mz[33m.[39mextend({component[33m:[39mr[33m.[39mliteral([32m"LineChart"[39m)[33m,[39mprops[33m:[39mym})[33m,[39mvm[33m=[39mr[33m.[39marray(r[33m.[39mrecord(r[33m.[39munion([r[33m.[39mstring()[33m,[39mr[33m.[39mnumber()])))[33m,[39mwm[33m=[39m[33mA[39m[33m.[39mextend({categoryKey[33m:[39mr[33m.[39mstring()[33m,[39mdata[33m:[39mvm[33m,[39mdataKey[33m:[39mr[33m.[39mstring()})[33m,[39m[33mQa[39m[33m=[39mz[33m.[39mextend({component[33m:[39mr[33m.[39mliteral([32m"PieChart"[39m)[33m,[39mprops[33m:[39mwm})[33m,[39mxm[33m=[39mq(e[33m=>[39m{[36mconst[39m{categoryKey[33m:[39ma[33m,[39mdata[33m:[39mn[33m,[39m[33m...[39mi}[33m=[39me[33m;[39m[36mreturn[39m[33m![39ma[33m||[39m[33m![39mn[33m||[39mn[33m.[39mlength[33m===[39m[35m0[39m[33m||[39m[33mObject[39m[33m.[39mkeys(n[[35m0[39m])[33m.[39mlength[33m<[39m[35m2[39m[33m?[39m[36mnull[39m[33m:[39mt([33mPi[39m[33m,[39m{categoryKey[33m:[39ma[33m,[39mdata[33m:[39mn[33m,[39m[33m...[39mi})})[33m,[39mkm[33m=[39mr[33m.[39marray(r[33m.[39mrecord(r[33m.[39munion([r[33m.[39mstring()[33m,[39mr[33m.[39mnumber()])))[33m,[39m[33mNm[39m[33m=[39m[33mA[39m[33m.[39mextend({categoryKey[33m:[39mr[33m.[39mstring()[33m,[39mdata[33m:[39mkm})[33m,[39mer[33m=[39mz[33m.[39mextend({component[33m:[39mr[33m.[39mliteral([32m"RadarChart"[39m)[33m,[39mprops[33m:[39m[33mNm[39m})[33m,[39m[33mCm[39m[33m=[39mq(e[33m=>[39m{[36mconst[39m{categoryKey[33m:[39ma[33m,[39mdata[33m:[39mn[33m,[39mdataKey[33m:[39mi[33m,[39m[33m...[39mo}[33m=[39me[33m,[39ms[33m=[39m[33mD[39m([36mnull[39m)[33m;[39m[36mif[39m([33m![39ma[33m||[39m[33m![39mn[33m||[39mn[33m.[39mlength[33m===[39m[35m0[39m[33m||[39mn[n[33m.[39mlength[33m-[39m[35m1[39m][a][33m===[39m[36mvoid[39m [35m0[39m[33m||[39mn[n[33m.[39mlength[33m-[39m[35m1[39m][i][33m===[39m[36mvoid[39m [35m0[39m){[36mif[39m(s[33m.[39mcurrent){[36mconst[39m{categoryKey[33m:[39ml[33m,[39mdata[33m:[39mc[33m,[39mdataKey[33m:[39md[33m,[39m[33m...[39mm}[33m=[39ms[33m.[39mcurrent[33m;[39m[36mreturn[39m t([33mRa[39m[33m,[39m{categoryKey[33m:[39ml[33m,[39mdata[33m:[39mc[33m,[39mdataKey[33m:[39md[33m,[39m[33m...[39mm})}[36mreturn[39m [36mnull[39m}[36mreturn[39m s[33m.[39mcurrent[33m=[39me[33m,[39mt([33mRa[39m[33m,[39m{categoryKey[33m:[39ma[33m,[39mdata[33m:[39mn[33m,[39mdataKey[33m:[39mi[33m,[39m[33m...[39mo})})[33m,[39m[33mSm[39m[33m=[39mr[33m.[39marray(r[33m.[39mrecord(r[33m.[39munion([r[33m.[39mstring()[33m,[39mr[33m.[39mnumber()])))[33m,[39m[33mTm[39m[33m=[39m[33mA[39m[33m.[39mextend({categoryKey[33m:[39mr[33m.[39mstring()[33m,[39mdataKey[33m:[39mr[33m.[39mstring()[33m,[39mdata[33m:[39m[33mSm[39m})[33m,[39mtr[33m=[39mz[33m.[39mextend({component[33m:[39mr[33m.[39mliteral([32m"RadialChart"[39m)[33m,[39mprops[33m:[39m[33mTm[39m})[33m,[39mrn[33m=[39me[33m=>[39m{e[33m&&[39mwindow[33m.[39mopen(e[33m,[39m[32m"_blank"[39m[33m,[39m[32m"noopener,noreferrer"[39m)}[33m,[39mlo[33m=[39m[33mIe[39m([36mvoid[39m [35m0[39m)[33m,[39m[33mEm[39m[33m=[39me[33m=>[39m{[36mtry[39m{[36mreturn[39m e[33m?[39m[32m`https://www.google.com/s2/favicons?sz=128&domain=${new URL(e).hostname}`[39m[33m:[39m[32m""[39m}[36mcatch[39m{[36mreturn[39m[32m""[39m}}[33m,[39m[33mPm[39m[33m=[39m({sources[33m:[39me[33m,[39mchildren[33m:[39ma})[33m=>[39m{[36mconst[39m n[33m=[39mne(()[33m=>[39m(e[33m==[39m[36mnull[39m[33m?[39m[36mvoid[39m [35m0[39m[33m:[39me[33m.[39mmap(i[33m=>[39m({[33m...[39mi[33m,[39mfaviconUrl[33m:[39m[33mEm[39m(i[33m.[39murl)})))[33m?[39m[33m?[39m[][33m,[39m[e])[33m;[39m[36mreturn[39m t(lo[33m.[39m[33mProvider[39m[33m,[39m{value[33m:[39mn[33m,[39mchildren[33m:[39ma})}[33m,[39mco[33m=[39m()[33m=>[39m[33mNe[39m(lo)[33m?[39m[33m?[39m[][33m;[39m[36mfunction[39m [33mIm[39m(e){[36mreturn[39m e[33m<[39m[35m480[39m[33m?[39m[32m"mobile"[39m[33m:[39me[33m<[39m[35m800[39m[33m?[39m[32m"tablet"[39m[33m:[39m[32m"desktop"[39m}[36mfunction[39m nn(e){[36mconst[39m[a[33m,[39mn][33m=[39m[33mF[39m({width[33m:[39m[35m0[39m[33m,[39mheight[33m:[39m[35m0[39m[33m,[39mbreakpoint[33m:[39m[32m"mobile"[39m})[33m,[39m[i[33m,[39mo][33m=[39m[33mF[39m([36mnull[39m)[33m;[39m[36mreturn[39m qe(()[33m=>[39m{[36mconst[39m s[33m=[39me[33m.[39mcurrent[33m;[39ms[33m!==[39mi[33m&&[39mo(s)})[33m,[39mqe(()[33m=>[39m{[36mif[39m([33m![39mi)[36mreturn[39m[33m;[39m[36mconst[39m s[33m=[39m()[33m=>[39m{[36mconst[39m c[33m=[39mi[33m.[39mclientWidth[33m,[39md[33m=[39mi[33m.[39mclientHeight[33m;[39mn({width[33m:[39mc[33m,[39mheight[33m:[39md[33m,[39mbreakpoint[33m:[39m[33mIm[39m(c)})}[33m,[39ml[33m=[39m[36mnew[39m [33mResizeObserver[39m(()[33m=>[39mrequestAnimationFrame(s))[33m;[39m[36mreturn[39m l[33m.[39mobserve(i)[33m,[39ms()[33m,[39m()[33m=>[39m{l[33m.[39mdisconnect()}}[33m,[39m[i])[33m,[39ma}[36mconst[39m ar[33m=[39m()[33m=>[39mne(()[33m=>[39mcrypto[33m.[39mrandomUUID()[33m,[39m[])[33m,[39mvr[33m=[39m[32m"c1-pinnable-tooltip-open"[39m[33m,[39m[33mAm[39m[33m=[39m[32m"c1-pinnable-tooltip-global"[39m[33m;[39m[36mfunction[39m on(e[33m=[39m{}){[36mconst[39m{groupId[33m:[39ma[33m=[39m[33mAm[39m[33m,[39mcloseDelay[33m:[39mn[33m=[39m[35m200[39m[33m,[39monOpenChange[33m:[39mi}[33m=[39me[33m,[39m[o[33m,[39ms][33m=[39m[33mF[39m([33m![39m[35m1[39m)[33m,[39m[l[33m,[39mc][33m=[39m[33mF[39m([33m![39m[35m1[39m)[33m,[39m[d[33m,[39mm][33m=[39m[33mF[39m([33m![39m[35m1[39m)[33m,[39mh[33m=[39m[33mD[39m([36mnull[39m)[33m,[39mu[33m=[39mar()[33m,[39mg[33m=[39m$(()[33m=>[39m{h[33m.[39mcurrent[33m!==[39m[36mnull[39m[33m&&[39m(window[33m.[39mclearTimeout(h[33m.[39mcurrent)[33m,[39mh[33m.[39mcurrent[33m=[39m[36mnull[39m)}[33m,[39m[])[33m,[39mb[33m=[39m$(()[33m=>[39m{g()[33m,[39ml[33m||[39m(d[33m&&[39mm([33m![39m[35m1[39m)[33m,[39ms([33m![39m[35m0[39m))}[33m,[39m[g[33m,[39ml[33m,[39md])[33m,[39mf[33m=[39m$(()[33m=>[39m{d[33m&&[39mm([33m![39m[35m1[39m)[33m,[39ml[33m||[39m(h[33m.[39mcurrent[33m=[39mwindow[33m.[39msetTimeout(()[33m=>[39m{s([33m![39m[35m1[39m)[33m,[39mh[33m.[39mcurrent[33m=[39m[36mnull[39m}[33m,[39mn))}[33m,[39m[l[33m,[39md[33m,[39mn])[33m,[39my[33m=[39m$(()[33m=>[39m{g()[33m,[39mc(x[33m=>[39m{[36mconst[39m [33mC[39m[33m=[39m[33m![39mx[33m;[39m[36mreturn[39m s([33mC[39m)[33m,[39m[33mC[39m[33m||[39mm([33m![39m[35m0[39m)[33m,[39m[33mC[39m})}[33m,[39m[g])[33m,[39m_[33m=[39m$(()[33m=>[39m{g()[33m,[39mc([33m![39m[35m1[39m)[33m,[39mm([33m![39m[35m0[39m)[33m,[39ms([33m![39m[35m1[39m)}[33m,[39m[g])[33m,[39mv[33m=[39m$(()[33m=>[39m{_()}[33m,[39m[_])[33m,[39m[33mN[39m[33m=[39m$(x[33m=>[39m[33mC[39m[33m=>[39m{[36mvar[39m k[33m;[39m(k[33m=[39m[33mC[39m[33m.[39mtarget)[33m!=[39m[36mnull[39m[33m&&[39mk[33m.[39mclosest(x)[33m||[39m_()}[33m,[39m[_])[33m;[39m[36mreturn[39m [33mV[39m(()[33m=>[39m()[33m=>[39m{g()}[33m,[39m[g])[33m,[39m[33mV[39m(()[33m=>[39m{i[33m==[39m[36mnull[39m[33m||[39mi(o)}[33m,[39m[o[33m,[39mi])[33m,[39m[33mV[39m(()[33m=>[39m{o[33m&&[39mwindow[33m.[39mdispatchEvent([36mnew[39m [33mCustomEvent[39m(vr[33m,[39m{detail[33m:[39m{id[33m:[39mu[33m,[39mgroupId[33m:[39ma}}))}[33m,[39m[u[33m,[39mo[33m,[39ma])[33m,[39m[33mV[39m(()[33m=>[39m{[36mconst[39m x[33m=[39m[33mC[39m[33m=>[39m{[36mconst[39m k[33m=[39m[33mC[39m[33m.[39mdetail[33m;[39m(k[33m==[39m[36mnull[39m[33m?[39m[36mvoid[39m [35m0[39m[33m:[39mk[33m.[39mgroupId)[33m===[39ma[33m&&[39m(k[33m==[39m[36mnull[39m[33m?[39m[36mvoid[39m [35m0[39m[33m:[39mk[33m.[39mid)[33m!==[39mu[33m&&[39m_()}[33m;[39m[36mreturn[39m window[33m.[39maddEventListener(vr[33m,[39mx)[33m,[39m()[33m=>[39m{window[33m.[39mremoveEventListener(vr[33m,[39mx)}}[33m,[39m[u[33m,[39ma[33m,[39m_])[33m,[39m{isOpen[33m:[39mo[33m,[39misPinned[33m:[39ml[33m,[39mhandleMouseEnter[33m:[39mb[33m,[39mhandleMouseLeave[33m:[39mf[33m,[39mhandleTriggerClick[33m:[39my[33m,[39mhandleContentClick[33m:[39mv[33m,[39mcloseTooltip[33m:[39m_[33m,[39mgetPointerDownOutsideHandler[33m:[39m[33mN[39m}}[36mconst[39m mo[33m=[39me[33m=>[39m{[36mif[39m(e[33m.[39mlength[33m===[39m[35m0[39m)[36mreturn[39m[[]][33m;[39m[36mconst[39m a[33m=[39me[[35m0[39m][33m,[39mn[33m=[39me[33m.[39mslice([35m1[39m)[33m,[39mi[33m=[39mmo(n)[33m,[39mo[33m=[39m[][33m;[39m[36mreturn[39m i[33m.[39mforEach(s[33m=>[39m{[36mfor[39m([36mlet[39m l[33m=[39m[35m0[39m[33m;[39ml[33m<=[39ms[33m.[39mlength[33m;[39ml[33m++[39m){[36mconst[39m c[33m=[39m[[33m...[39ms[33m.[39mslice([35m0[39m[33m,[39ml)[33m,[39ma[33m,[39m[33m...[39ms[33m.[39mslice(l)][33m.[39mfilter(d[33m=>[39md[33m!==[39m[36mvoid[39m [35m0[39m)[33m;[39mo[33m.[39mpush(c)}})[33m,[39mo}[33m,[39m[33mVn[39m[33m=[39m[33mObject[39m[33m.[39mentries([33mWc[39m)[33m.[39mreduce((e[33m,[39m[a[33m,[39mn])[33m=>[39m((i[33m=>[39m{[36mconst[39m o[33m=[39mi[33m.[39mtrim()[33m.[39msplit([35m/-/[39m)[33m.[39mfilter(s[33m=>[39ms[33m.[39mlength[33m>[39m[35m0[39m)[33m;[39m[36mreturn[39m o[33m.[39mlength[33m===[39m[35m0[39m[33m?[39m[[32m""[39m][33m:[39mmo(o)[33m.[39mmap(s[33m=>[39ms[33m.[39mjoin([32m"-"[39m))})(a)[33m.[39mforEach(i[33m=>[39m{e[i][33m=[39mn})[33m,[39me)[33m,[39m{})[33m,[39m[33mEt[39m[33m=[39m[36mnew[39m [33mMap[39m[33m,[39m[33mLm[39m[33m=[39m{accessibility[33m:[39m[32m"accessibility"[39m[33m,[39maccount[33m:[39m[32m"user"[39m[33m,[39manimals[33m:[39m[32m"cat"[39m[33m,[39marrows[33m:[39m[32m"arrow-right"[39m[33m,[39mbrands[33m:[39m[32m"box"[39m[33m,[39mbuildings[33m:[39m[32m"building"[39m[33m,[39mcharts[33m:[39m[32m"chart-line"[39m[33m,[39mcommunication[33m:[39m[32m"message-square"[39m[33m,[39mconnectivity[33m:[39m[32m"wifi"[39m[33m,[39mcursors[33m:[39m[32m"mouse-pointer"[39m[33m,[39mdesign[33m:[39m[32m"palette"[39m[33m,[39mdevelopment[33m:[39m[32m"code"[39m[33m,[39mdevices[33m:[39m[32m"smartphone"[39m[33m,[39memoji[33m:[39m[32m"smile"[39m[33m,[39mfiles[33m:[39m[32m"file"[39m[33m,[39mfinance[33m:[39m[32m"dollar-sign"[39m[33m,[39m[32m"food-beverage"[39m[33m:[39m[32m"cooking-pot"[39m[33m,[39mgaming[33m:[39m[32m"gamepad"[39m[33m,[39mhome[33m:[39m[32m"house"[39m[33m,[39mlayout[33m:[39m[32m"layout"[39m[33m,[39mmail[33m:[39m[32m"mail"[39m[33m,[39mmath[33m:[39m[32m"calculator"[39m[33m,[39mmedical[33m:[39m[32m"heart-pulse"[39m[33m,[39mmultimedia[33m:[39m[32m"music"[39m[33m,[39mnature[33m:[39m[32m"tree-pine"[39m[33m,[39mnavigation[33m:[39m[32m"map-pin"[39m[33m,[39mnotifications[33m:[39m[32m"bell"[39m[33m,[39mpeople[33m:[39m[32m"users"[39m[33m,[39mphotography[33m:[39m[32m"camera"[39m[33m,[39mscience[33m:[39m[32m"microscope"[39m[33m,[39mseasons[33m:[39m[32m"sun"[39m[33m,[39msecurity[33m:[39m[32m"shield"[39m[33m,[39mshapes[33m:[39m[32m"circle"[39m[33m,[39mshopping[33m:[39m[32m"shopping-cart"[39m[33m,[39msocial[33m:[39m[32m"share-2"[39m[33m,[39msports[33m:[39m[32m"trophy"[39m[33m,[39msustainability[33m:[39m[32m"leaf"[39m[33m,[39mtext[33m:[39m[32m"type"[39m[33m,[39mtime[33m:[39m[32m"clock"[39m[33m,[39mtools[33m:[39m[32m"wrench"[39m[33m,[39mtransportation[33m:[39m[32m"car"[39m[33m,[39mtravel[33m:[39m[32m"plane"[39m[33m,[39mweather[33m:[39m[32m"cloud"[39m}[33m,[39mde[33m=[39m({name[33m:[39me[33m,[39mcategory[33m:[39ma[33m,[39m[33m...[39mn})[33m=>[39m{[36mconst[39m[i[33m,[39mo][33m=[39m[33mF[39m(()[33m=>[39m[33mEt[39m[33m.[39m[36mget[39m(e)[33m||[39m[36mnull[39m)[33m;[39m[36mreturn[39m [33mV[39m(()[33m=>[39m{[36mconst[39m s[33m=[39m[36masync[39m l[33m=>[39m{[36mconst[39m c[33m=[39m(d[33m=>[39m{[36mconst[39m m[33m=[39m[33mVn[39m[d][33m;[39m[36mif[39m(m)[36mreturn[39m m[33m;[39m[36mconst[39m h[33m=[39m(u[33m=>[39m{[36mconst[39m g[33m=[39mu[33m.[39msplit([32m"-"[39m)[33m,[39mb[33m=[39m[g[[35m0[39m]][33m;[39m[36mlet[39m f[33m=[39mb[[35m0[39m][33m;[39m[36mfor[39m([36mconst[39m y [36mof[39m g[33m.[39mslice([35m1[39m)){[36mconst[39m _[33m=[39m[32m`${f}-${y}`[39m[33m;[39mf[33m=[39m_[33m,[39mb[33m.[39mpush(_)}[36mreturn[39m b[33m.[39mreverse()})(d)[33m;[39m[36mfor[39m([36mconst[39m u [36mof[39m h){[36mconst[39m g[33m=[39m[33mVn[39m[u][33m;[39m[36mif[39m(g)[36mreturn[39m g}[36mreturn[39m [36mnull[39m})(l)[33m;[39m[36mif[39m([33m![39mc)[36mreturn[39m[33m![39m[35m1[39m[33m;[39m[36mtry[39m{[36mconst[39m d[33m=[39m[36mawait[39m c()[33m;[39m[36mif[39m(d[33m!=[39m[36mnull[39m[33m&&[39md[33m.[39m[36mdefault[39m)[36mreturn[39m [33mEt[39m[33m.[39m[36mset[39m(l[33m,[39md[33m.[39m[36mdefault[39m)[33m,[39mo(()[33m=>[39md[33m.[39m[36mdefault[39m)[33m,[39m[33m![39m[35m0[39m}[36mcatch[39m{[36mreturn[39m[33m![39m[35m1[39m}[36mreturn[39m[33m![39m[35m1[39m}[33m;[39m([36masync[39m()[33m=>[39m{[36mif[39m([33mEt[39m[33m.[39mhas(e))[36mreturn[39m [36mvoid[39m o([33mEt[39m[33m.[39m[36mget[39m(e))[33m;[39m[36mif[39m([33m![39m[36mawait[39m s(e)){[36mconst[39m l[33m=[39m[33mLm[39m[a[33m||[39m[32m""[39m][33m||[39m[32m"circle-dot"[39m[33m;[39m[33mEt[39m[33m.[39mhas(l)[33m?[39mo([33mEt[39m[33m.[39m[36mget[39m(l))[33m:[39m[36mawait[39m s(l)}})()}[33m,[39m[e[33m,[39ma])[33m,[39mi[33m?[39mt(i[33m,[39m{size[33m:[39m[35m14[39m[33m,[39m[33m...[39mn})[33m:[39m[36mnull[39m}[33m,[39m[33mMm[39m[33m=[39m()[33m=>[39me[33m=>[39m{[33mAi[39m(e[33m,[39m[32m"code"[39m[33m,[39m(a[33m,[39mn[33m,[39mi)[33m=>[39m{[36mif[39m(a[33m.[39mlang[33m===[39m[32m"mermaid"[39m[33m&&[39m[36mtypeof[39m a[33m.[39mvalue[33m==[39m[32m"string"[39m){[36mconst[39m o[33m=[39m{type[33m:[39m[32m"customComponent"[39m[33m,[39mdata[33m:[39m{hName[33m:[39m[32m"div"[39m[33m,[39mhProperties[33m:[39m{[32m"data-component-type"[39m[33m:[39m[32m"mermaid"[39m[33m,[39m[32m"data-mermaid-code"[39m[33m:[39mbtoa(encodeURIComponent(a[33m.[39mvalue))}}[33m,[39mchildren[33m:[39m[]}[33m;[39mi[33m&&[39m[36mtypeof[39m n[33m==[39m[32m"number"[39m[33m&&[39m(i[33m.[39mchildren[n][33m=[39mo)}})}[33m,[39m[33mX[39m[33m=[39m(e[33m,[39ma[33m=[39m[32m"#000000"[39m)[33m=>[39m{[36mif[39m([33m![39me)[36mreturn[39m a[33m;[39m[36mif[39m(e[33m.[39mstartsWith([32m"#"[39m))[36mreturn[39m e[33m;[39m[36mif[39m(e[33m.[39mstartsWith([32m"var(--"[39m)){[36mconst[39m n[33m=[39me[33m.[39mmatch([35m/var\(--([^)]+)\)/[39m)[33m;[39m[36mif[39m([33m![39mn)[36mreturn[39m a[33m;[39m[36mconst[39m i[33m=[39m[32m`--${n[1]}`[39m[33m;[39m[36mif[39m([36mtypeof[39m window[33m>[39m[32m"u"[39m)[36mreturn[39m a[33m;[39m[36mconst[39m o[33m=[39mgetComputedStyle(document[33m.[39mdocumentElement)[33m.[39mgetPropertyValue(i)[33m.[39mtrim()[33m;[39m[36mreturn[39m o[33m&&[39m[33mHn[39m(o)[33m||[39ma}[36mreturn[39m [33mHn[39m(e)[33m||[39ma}[33m,[39m[33mHn[39m[33m=[39me[33m=>[39m{[36mif[39m([33m![39me)[36mreturn[39m [36mnull[39m[33m;[39m[36mconst[39m a[33m=[39me[33m.[39mtrim()[33m;[39m[36mif[39m(a[33m.[39mstartsWith([32m"#"[39m))[36mreturn[39m a[33m.[39mlength[33m===[39m[35m4[39m[33m?[39m[32m`#${a[1]}${a[1]}${a[2]}${a[2]}${a[3]}${a[3]}`[39m[33m:[39ma[33m;[39m[36mconst[39m n[33m=[39ms[33m=>[39m[33mMath[39m[33m.[39mmax([35m0[39m[33m,[39m[33mMath[39m[33m.[39mmin([35m255[39m[33m,[39m[33mMath[39m[33m.[39mround(s)))[33m.[39mtoString([35m16[39m)[33m.[39mpadStart([35m2[39m[33m,[39m[32m"0"[39m)[33m,[39mi[33m=[39ma[33m.[39mmatch([35m/rgba?\((\d+),\s*(\d+),\s*(\d+)(?:,\s*([\d.]+))?\)/[39m)[33m;[39m[36mif[39m(i){[36mconst[39m s[33m=[39mparseInt(i[[35m1[39m][33m,[39m[35m10[39m)[33m,[39ml[33m=[39mparseInt(i[[35m2[39m][33m,[39m[35m10[39m)[33m,[39mc[33m=[39mparseInt(i[[35m3[39m][33m,[39m[35m10[39m)[33m,[39md[33m=[39mi[[35m4[39m][33m,[39mm[33m=[39m[32m`#${n(s)}${n(l)}${n(c)}`[39m[33m;[39m[36mif[39m(d){[36mconst[39m h[33m=[39mparseFloat(d)[33m;[39m[36mif[39m(h[33m<[39m[35m1[39m)[36mreturn[39m[32m`${m}${n(255*h)}`[39m}[36mreturn[39m m}[36mconst[39m o[33m=[39ma[33m.[39mmatch([35m/hsla?\((\d+),\s*(\d+)%,\s*(\d+)%(?:,\s*([\d.]+))?\)/[39m)[33m;[39m[36mif[39m(o){[36mconst[39m s[33m=[39mparseInt(o[[35m1[39m][33m,[39m[35m10[39m)[33m/[39m[35m360[39m[33m,[39ml[33m=[39mparseInt(o[[35m2[39m][33m,[39m[35m10[39m)[33m/[39m[35m100[39m[33m,[39mc[33m=[39mparseInt(o[[35m3[39m][33m,[39m[35m10[39m)[33m/[39m[35m100[39m[33m,[39md[33m=[39mo[[35m4[39m][33m,[39mm[33m=[39m([35m1[39m[33m-[39m[33mMath[39m[33m.[39mabs([35m2[39m[33m*[39mc[33m-[39m[35m1[39m))[33m*[39ml[33m,[39mh[33m=[39mm[33m*[39m([35m1[39m[33m-[39m[33mMath[39m[33m.[39mabs([35m6[39m[33m*[39ms[33m%[39m[35m2[39m[33m-[39m[35m1[39m))[33m,[39mu[33m=[39mc[33m-[39mm[33m/[39m[35m2[39m[33m;[39m[36mlet[39m g[33m=[39m[35m0[39m[33m,[39mb[33m=[39m[35m0[39m[33m,[39mf[33m=[39m[35m0[39m[33m;[39ms[33m<[39m[35m1[39m[33m/[39m[35m6[39m[33m?[39m(g[33m=[39mm[33m,[39mb[33m=[39mh[33m,[39mf[33m=[39m[35m0[39m)[33m:[39ms[33m<[39m[35m2[39m[33m/[39m[35m6[39m[33m?[39m(g[33m=[39mh[33m,[39mb[33m=[39mm[33m,[39mf[33m=[39m[35m0[39m)[33m:[39ms[33m<[39m[35m.5[39m[33m?[39m(g[33m=[39m[35m0[39m[33m,[39mb[33m=[39mm[33m,[39mf[33m=[39mh)[33m:[39ms[33m<[39m[35m4[39m[33m/[39m[35m6[39m[33m?[39m(g[33m=[39m[35m0[39m[33m,[39mb[33m=[39mh[33m,[39mf[33m=[39mm)[33m:[39ms[33m<[39m[35m5[39m[33m/[39m[35m6[39m[33m?[39m(g[33m=[39mh[33m,[39mb[33m=[39m[35m0[39m[33m,[39mf[33m=[39mm)[33m:[39m(g[33m=[39mm[33m,[39mb[33m=[39m[35m0[39m[33m,[39mf[33m=[39mh)[33m;[39m[36mconst[39m y[33m=[39m[32m`#${n(255*(g+u))}${n(255*(b+u))}${n(255*(f+u))}`[39m[33m;[39m[36mif[39m(d){[36mconst[39m _[33m=[39mparseFloat(d)[33m;[39m[36mif[39m(_[33m<[39m[35m1[39m)[36mreturn[39m[32m`${y}${n(255*_)}`[39m}[36mreturn[39m y}[36mreturn[39m [36mnull[39m}[33m,[39mpo[33m=[39m({svg[33m:[39me[33m,[39mmermaidCode[33m:[39ma[33m,[39misModal[33m:[39mn[33m=[39m[33m![39m[35m1[39m[33m,[39monClose[33m:[39mi[33m,[39monExpand[33m:[39mo[33m,[39misMobile[33m:[39ms[33m=[39m[33m![39m[35m1[39m})[33m=>[39m{[36mconst[39m[l[33m,[39mc][33m=[39m[33mF[39m([35m1[39m)[33m,[39m[d[33m,[39mm][33m=[39m[33mF[39m({x[33m:[39m[35m0[39m[33m,[39my[33m:[39m[35m0[39m})[33m,[39m[h[33m,[39mu][33m=[39m[33mF[39m([33m![39m[35m1[39m)[33m,[39m[g[33m,[39mb][33m=[39m[33mF[39m([33m![39m[35m1[39m)[33m,[39mf[33m=[39m[33mD[39m({x[33m:[39m[35m0[39m[33m,[39my[33m:[39m[35m0[39m})[33m,[39my[33m=[39m[33mD[39m([36mnull[39m)[33m,[39m_[33m=[39m[33mD[39m([36mnull[39m)[33m,[39mv[33m=[39m[33mD[39m(d)[33m,[39m[33mN[39m[33m=[39m[33mD[39m(l)[33m,[39mx[33m=[39m[33mD[39m([36mnull[39m)[33m,[39m[33mC[39m[33m=[39m[33mD[39m([36mnull[39m)[33m;[39m[33mV[39m(()[33m=>[39m{v[33m.[39mcurrent[33m=[39md}[33m,[39m[d])[33m,[39m[33mV[39m(()[33m=>[39m{[33mN[39m[33m.[39mcurrent[33m=[39ml}[33m,[39m[l])[33m;[39m[36mconst[39m k[33m=[39m$(()[33m=>[39m{[36mif[39m(y[33m.[39mcurrent[33m&&[39m_[33m.[39mcurrent){[36mconst[39m [33mL[39m[33m=[39my[33m.[39mcurrent[33m,[39m[33mR[39m[33m=[39m_[33m.[39mcurrent[33m.[39mquerySelector([32m"svg"[39m)[33m;[39m[36mif[39m([33mR[39m){[36mconst[39m [33mH[39m[33m=[39ms[33m?[39m[35m60[39m[33m:[39m[35m80[39m[33m,[39m[33mM[39m[33m=[39m[33mL[39m[33m.[39mclientWidth[33m-[39m[33mH[39m[33m,[39m[33mE[39m[33m=[39m[33mL[39m[33m.[39mclientHeight[33m-[39m[33mH[39m[33m,[39mj[33m=[39m[33mR[39m[33m.[39mgetBoundingClientRect()[33m,[39m[33mO[39m[33m=[39ml[33m||[39m[35m1[39m[33m,[39m[33mB[39m[33m=[39m[33mM[39m[33m/[39m(j[33m.[39mwidth[33m/[39m[33mO[39m)[33m,[39m[33mW[39m[33m=[39m[33mE[39m[33m/[39m(j[33m.[39mheight[33m/[39m[33mO[39m)[33m,[39m[33mG[39m[33m=[39m[33mMath[39m[33m.[39mmin([33mB[39m[33m,[39m[33mW[39m[33m,[39m[35m4[39m)[33m;[39mc([33mMath[39m[33m.[39mmax([33mG[39m[33m,[39m[35m.1[39m))[33m,[39mm({x[33m:[39m[35m0[39m[33m,[39my[33m:[39m[35m0[39m})}}}[33m,[39m[l[33m,[39ms])[33m,[39m[33mS[39m[33m=[39m$([36masync[39m()[33m=>[39m{[36mconst[39m [33mL[39m[33m=[39ma[33m||[39me[33m;[39m[36mtry[39m{[36mawait[39m navigator[33m.[39mclipboard[33m.[39mwriteText([33mL[39m)[33m,[39mb([33m![39m[35m0[39m)[33m,[39msetTimeout(()[33m=>[39mb([33m![39m[35m1[39m)[33m,[39m[35m2e3[39m)}[36mcatch[39m{[36mconst[39m [33mR[39m[33m=[39mdocument[33m.[39mcreateElement([32m"textarea"[39m)[33m;[39m[33mR[39m[33m.[39mvalue[33m=[39m[33mL[39m[33m,[39mdocument[33m.[39mbody[33m.[39mappendChild([33mR[39m)[33m,[39m[33mR[39m[33m.[39mselect()[33m,[39mdocument[33m.[39mexecCommand([32m"copy"[39m)[33m,[39mdocument[33m.[39mbody[33m.[39mremoveChild([33mR[39m)[33m,[39mb([33m![39m[35m0[39m)[33m,[39msetTimeout(()[33m=>[39mb([33m![39m[35m1[39m)[33m,[39m[35m2e3[39m)}}[33m,[39m[a[33m,[39me])[33m;[39m[33mV[39m(()[33m=>[39m{[36mconst[39m [33mL[39m[33m=[39my[33m.[39mcurrent[33m;[39m[36mif[39m([33m![39m[33mL[39m)[36mreturn[39m[33m;[39m[36mconst[39m [33mR[39m[33m=[39m[33mH[39m[33m=>[39m{[36mif[39m([33mH[39m[33m.[39mctrlKey[33m||[39m[33mH[39m[33m.[39mmetaKey){[33mH[39m[33m.[39mpreventDefault()[33m;[39m[36mconst[39m [33mM[39m[33m=[39m[33mH[39m[33m.[39mdeltaY[33m>[39m[35m0[39m[33m?[39m[33m-[39m[35m.2[39m[33m:[39m[35m.2[39m[33m;[39mc([33mE[39m[33m=>[39m[33mMath[39m[33m.[39mmin([33mMath[39m[33m.[39mmax([33mE[39m[33m+[39m[33mM[39m[33m,[39m[35m.1[39m)[33m,[39m[35m4[39m))}}[33m;[39m[36mreturn[39m [33mL[39m[33m.[39maddEventListener([32m"wheel"[39m[33m,[39m[33mR[39m[33m,[39m{passive[33m:[39m[33m![39m[35m1[39m})[33m,[39m()[33m=>[39m{[33mL[39m[33m.[39mremoveEventListener([32m"wheel"[39m[33m,[39m[33mR[39m)}}[33m,[39m[])[33m,[39m[33mV[39m(()[33m=>[39m{[36mconst[39m [33mL[39m[33m=[39my[33m.[39mcurrent[33m;[39m[36mif[39m([33m![39m[33mL[39m)[36mreturn[39m[33m;[39m[36mconst[39m [33mR[39m[33m=[39m([33mO[39m[33m,[39m[33mB[39m)[33m=>[39m{[36mconst[39m [33mW[39m[33m=[39m[33mB[39m[33m.[39mx[33m-[39m[33mO[39m[33m.[39mx[33m,[39m[33mG[39m[33m=[39m[33mB[39m[33m.[39my[33m-[39m[33mO[39m[33m.[39my[33m;[39m[36mreturn[39m [33mMath[39m[33m.[39msqrt([33mW[39m[33m*[39m[33mW[39m[33m+[39m[33mG[39m[33m*[39m[33mG[39m)}[33m,[39m[33mH[39m[33m=[39m([33mO[39m[33m,[39m[33mB[39m)[33m=>[39m({x[33m:[39m([33mO[39m[33m.[39mx[33m+[39m[33mB[39m[33m.[39mx)[33m/[39m[35m2[39m[33m,[39my[33m:[39m([33mO[39m[33m.[39my[33m+[39m[33mB[39m[33m.[39my)[33m/[39m[35m2[39m})[33m,[39m[33mM[39m[33m=[39m[33mO[39m[33m=>[39m{[36mif[39m([33mO[39m[33m.[39mtouches[33m.[39mlength[33m===[39m[35m0[39m)[36mreturn[39m[33m;[39m[36mconst[39m [33mB[39m[33m=[39m[33mArray[39m[33m.[39m[36mfrom[39m([33mO[39m[33m.[39mtouches)[33m.[39mmap([33mW[39m[33m=>[39m({x[33m:[39m[33mW[39m[33m.[39mclientX[33m,[39my[33m:[39m[33mW[39m[33m.[39mclientY}))[33m;[39m[36mif[39m([33mO[39m[33m.[39mtouches[33m.[39mlength[33m===[39m[35m1[39m[33m&&[39m[33mB[39m[[35m0[39m])[33mC[39m[33m.[39mcurrent[33m=[39m[33mDate[39m[33m.[39mnow()[33m,[39mu([33m![39m[35m0[39m)[33m,[39mf[33m.[39mcurrent[33m=[39m{x[33m:[39m[33mB[39m[[35m0[39m][33m.[39mx[33m-[39mv[33m.[39mcurrent[33m.[39mx[33m,[39my[33m:[39m[33mB[39m[[35m0[39m][33m.[39my[33m-[39mv[33m.[39mcurrent[33m.[39my}[33m,[39mx[33m.[39mcurrent[33m=[39m[36mnull[39m[33m;[39m[36melse[39m [36mif[39m([33mO[39m[33m.[39mtouches[33m.[39mlength[33m===[39m[35m2[39m[33m&&[39m[33mB[39m[[35m0[39m][33m&&[39m[33mB[39m[[35m1[39m]){u([33m![39m[35m1[39m)[33m;[39m[36mconst[39m [33mW[39m[33m=[39m[33mR[39m([33mB[39m[[35m0[39m][33m,[39m[33mB[39m[[35m1[39m])[33m,[39m[33mG[39m[33m=[39m[33mH[39m([33mB[39m[[35m0[39m][33m,[39m[33mB[39m[[35m1[39m])[33m,[39moe[33m=[39m[33mL[39m[33m.[39mgetBoundingClientRect()[33m;[39mx[33m.[39mcurrent[33m=[39m{touches[33m:[39m[33mB[39m[33m,[39mdistance[33m:[39m[33mW[39m[33m,[39mcenter[33m:[39m{x[33m:[39m[33mG[39m[33m.[39mx[33m-[39moe[33m.[39mleft[33m,[39my[33m:[39m[33mG[39m[33m.[39my[33m-[39moe[33m.[39mtop}[33m,[39mzoom[33m:[39m[33mN[39m[33m.[39mcurrent[33m,[39mposition[33m:[39mv[33m.[39mcurrent}}[33mO[39m[33m.[39mtouches[33m.[39mlength[33m>[39m[35m1[39m[33m&&[39m[33mO[39m[33m.[39mpreventDefault()}[33m,[39m[33mE[39m[33m=[39m[33mO[39m[33m=>[39m{[36mif[39m([33mO[39m[33m.[39mtouches[33m.[39mlength[33m===[39m[35m0[39m)[36mreturn[39m[33m;[39m[36mconst[39m [33mB[39m[33m=[39m[33mArray[39m[33m.[39m[36mfrom[39m([33mO[39m[33m.[39mtouches)[33m.[39mmap([33mW[39m[33m=>[39m({x[33m:[39m[33mW[39m[33m.[39mclientX[33m,[39my[33m:[39m[33mW[39m[33m.[39mclientY}))[33m;[39m[36mif[39m([33mO[39m[33m.[39mtouches[33m.[39mlength[33m===[39m[35m1[39m[33m&&[39m[33m![39mx[33m.[39mcurrent[33m&&[39m[33mB[39m[[35m0[39m]){[36mconst[39m [33mW[39m[33m=[39m[33mC[39m[33m.[39mcurrent[33m?[39m[33mDate[39m[33m.[39mnow()[33m-[39m[33mC[39m[33m.[39mcurrent[33m:[39m[35m1[39m[33m/[39m[35m0[39m[33m;[39m[33mW[39m[33m<[39m[35m300[39m[33m?[39m([33mMath[39m[33m.[39mabs([33mB[39m[[35m0[39m][33m.[39mx[33m-[39mf[33m.[39mcurrent[33m.[39mx)[33m>[39m[35m5[39m[33m||[39m[33mMath[39m[33m.[39mabs([33mB[39m[[35m0[39m][33m.[39my[33m-[39mf[33m.[39mcurrent[33m.[39my)[33m>[39m[35m5[39m[33m||[39m[33mW[39m[33m>[39m[35m50[39m)[33m&&[39m[33mO[39m[33m.[39mpreventDefault()[33m:[39m[33mO[39m[33m.[39mpreventDefault()[33m,[39mm({x[33m:[39m[33mB[39m[[35m0[39m][33m.[39mx[33m-[39mf[33m.[39mcurrent[33m.[39mx[33m,[39my[33m:[39m[33mB[39m[[35m0[39m][33m.[39my[33m-[39mf[33m.[39mcurrent[33m.[39my})}[36melse[39m [36mif[39m([33mO[39m[33m.[39mtouches[33m.[39mlength[33m===[39m[35m2[39m[33m&&[39mx[33m.[39mcurrent[33m&&[39m[33mB[39m[[35m0[39m][33m&&[39m[33mB[39m[[35m1[39m]){[33mO[39m[33m.[39mpreventDefault()[33m;[39m[36mconst[39m [33mW[39m[33m=[39m[33mR[39m([33mB[39m[[35m0[39m][33m,[39m[33mB[39m[[35m1[39m])[33m,[39m[33mG[39m[33m=[39m[33mH[39m([33mB[39m[[35m0[39m][33m,[39m[33mB[39m[[35m1[39m])[33m,[39moe[33m=[39m[33mL[39m[33m.[39mgetBoundingClientRect()[33m,[39mse[33m=[39m{x[33m:[39m[33mG[39m[33m.[39mx[33m-[39moe[33m.[39mleft[33m,[39my[33m:[39m[33mG[39m[33m.[39my[33m-[39moe[33m.[39mtop}[33m,[39mve[33m=[39m[33mW[39m[33m/[39mx[33m.[39mcurrent[33m.[39mdistance[33m,[39mle[33m=[39m[33mMath[39m[33m.[39mmin([33mMath[39m[33m.[39mmax(x[33m.[39mcurrent[33m.[39mzoom[33m*[39mve[33m,[39m[35m.1[39m)[33m,[39m[35m4[39m)[33m,[39mge[33m=[39m{x[33m:[39m(x[33m.[39mcurrent[33m.[39mcenter[33m.[39mx[33m-[39mx[33m.[39mcurrent[33m.[39mposition[33m.[39mx)[33m/[39mx[33m.[39mcurrent[33m.[39mzoom[33m,[39my[33m:[39m(x[33m.[39mcurrent[33m.[39mcenter[33m.[39my[33m-[39mx[33m.[39mcurrent[33m.[39mposition[33m.[39my)[33m/[39mx[33m.[39mcurrent[33m.[39mzoom}[33m,[39mce[33m=[39m{x[33m:[39mse[33m.[39mx[33m-[39mge[33m.[39mx[33m*[39mle[33m,[39my[33m:[39mse[33m.[39my[33m-[39mge[33m.[39my[33m*[39mle}[33m;[39mc(le)[33m,[39mm(ce)[33m,[39mx[33m.[39mcurrent[33m=[39m{[33m...[39mx[33m.[39mcurrent[33m,[39mtouches[33m:[39m[33mB[39m[33m,[39mdistance[33m:[39m[33mW[39m[33m,[39mcenter[33m:[39mse[33m,[39mzoom[33m:[39mle[33m,[39mposition[33m:[39mce}}}[33m,[39mj[33m=[39m[33mO[39m[33m=>[39m{[36mif[39m([33mC[39m[33m.[39mcurrent[33m=[39m[36mnull[39m[33m,[39m[33mO[39m[33m.[39mtouches[33m.[39mlength[33m===[39m[35m0[39m)u([33m![39m[35m1[39m)[33m,[39mx[33m.[39mcurrent[33m=[39m[36mnull[39m[33m;[39m[36melse[39m [36mif[39m([33mO[39m[33m.[39mtouches[33m.[39mlength[33m===[39m[35m1[39m){x[33m.[39mcurrent[33m=[39m[36mnull[39m[33m;[39m[36mconst[39m [33mB[39m[33m=[39m[33mO[39m[33m.[39mtouches[[35m0[39m][33m;[39m[33mB[39m[33m&&[39m(u([33m![39m[35m0[39m)[33m,[39mf[33m.[39mcurrent[33m=[39m{x[33m:[39m[33mB[39m[33m.[39mclientX[33m-[39mv[33m.[39mcurrent[33m.[39mx[33m,[39my[33m:[39m[33mB[39m[33m.[39mclientY[33m-[39mv[33m.[39mcurrent[33m.[39my})}}[33m;[39m[36mreturn[39m [33mL[39m[33m.[39maddEventListener([32m"touchstart"[39m[33m,[39m[33mM[39m[33m,[39m{passive[33m:[39m[33m![39m[35m1[39m})[33m,[39m[33mL[39m[33m.[39maddEventListener([32m"touchmove"[39m[33m,[39m[33mE[39m[33m,[39m{passive[33m:[39m[33m![39m[35m1[39m})[33m,[39m[33mL[39m[33m.[39maddEventListener([32m"touchend"[39m[33m,[39mj[33m,[39m{passive[33m:[39m[33m![39m[35m1[39m})[33m,[39m[33mL[39m[33m.[39maddEventListener([32m"touchcancel"[39m[33m,[39mj[33m,[39m{passive[33m:[39m[33m![39m[35m1[39m})[33m,[39m()[33m=>[39m{[33mL[39m[33m.[39mremoveEventListener([32m"touchstart"[39m[33m,[39m[33mM[39m)[33m,[39m[33mL[39m[33m.[39mremoveEventListener([32m"touchmove"[39m[33m,[39m[33mE[39m)[33m,[39m[33mL[39m[33m.[39mremoveEventListener([32m"touchend"[39m[33m,[39mj)[33m,[39m[33mL[39m[33m.[39mremoveEventListener([32m"touchcancel"[39m[33m,[39mj)}}[33m,[39m[])[33m;[39m[36mconst[39m w[33m=[39m$([33mL[39m[33m=>[39m{[33mL[39m[33m.[39mbutton[33m===[39m[35m0[39m[33m&&[39m([33mL[39m[33m.[39mstopPropagation()[33m,[39mu([33m![39m[35m0[39m)[33m,[39mf[33m.[39mcurrent[33m=[39m{x[33m:[39m[33mL[39m[33m.[39mclientX[33m-[39md[33m.[39mx[33m,[39my[33m:[39m[33mL[39m[33m.[39mclientY[33m-[39md[33m.[39my})}[33m,[39m[d])[33m,[39m[33mP[39m[33m=[39m$([33mL[39m[33m=>[39m{h[33m&&[39mm({x[33m:[39m[33mL[39m[33m.[39mclientX[33m-[39mf[33m.[39mcurrent[33m.[39mx[33m,[39my[33m:[39m[33mL[39m[33m.[39mclientY[33m-[39mf[33m.[39mcurrent[33m.[39my})}[33m,[39m[h])[33m,[39m[33mI[39m[33m=[39m$(()[33m=>[39m{u([33m![39m[35m1[39m)}[33m,[39m[])[33m;[39m[36mreturn[39m [33mV[39m(()[33m=>[39m{[36mif[39m([33m![39mn)[36mreturn[39m[33m;[39m[36mconst[39m [33mL[39m[33m=[39m[33mR[39m[33m=>[39m{[33mR[39m[33m.[39mkey[33m===[39m[32m"Escape"[39m[33m&&[39mi[33m&&[39mi()}[33m;[39m[36mreturn[39m window[33m.[39maddEventListener([32m"keydown"[39m[33m,[39m[33mL[39m)[33m,[39m()[33m=>[39mwindow[33m.[39mremoveEventListener([32m"keydown"[39m[33m,[39m[33mL[39m)}[33m,[39m[n[33m,[39mi])[33m,[39mp([32m"div"[39m[33m,[39m{className[33m:[39mfe([32m"c1-mermaid-viewer"[39m[33m,[39m{[32m"c1-mermaid-viewer--mobile"[39m[33m:[39ms})[33m,[39mchildren[33m:[39m[n[33m&&[39mi[33m&&[39mt([32m"div"[39m[33m,[39m{className[33m:[39mfe([32m"c1-mermaid-controls"[39m[33m,[39m[32m"c1-mermaid-controls--top-left"[39m)[33m,[39mchildren[33m:[39mt(ie[33m,[39m{icon[33m:[39mt(yt[33m,[39m{})[33m,[39monClick[33m:[39mi[33m,[39mtitle[33m:[39m[32m"Close (Esc)"[39m[33m,[39msize[33m:[39m[32m"medium"[39m[33m,[39mvariant[33m:[39m[32m"secondary"[39m[33m,[39mshape[33m:[39m[32m"square"[39m})})[33m,[39mp([32m"div"[39m[33m,[39m{className[33m:[39mfe([32m"c1-mermaid-controls"[39m[33m,[39m{[32m"c1-mermaid-controls--top-right-modal"[39m[33m:[39mn[33m,[39m[32m"c1-mermaid-controls--top-right"[39m[33m:[39m[33m![39mn[33m,[39m[32m"c1-mermaid-controls--mobile"[39m[33m:[39ms})[33m,[39mchildren[33m:[39m[t(ie[33m,[39m{icon[33m:[39mt([33mKc[39m[33m,[39m{})[33m,[39monClick[33m:[39mk[33m,[39mtitle[33m:[39m[32m"Fit to View"[39m[33m,[39msize[33m:[39m[32m"medium"[39m[33m,[39mvariant[33m:[39m[32m"secondary"[39m[33m,[39mshape[33m:[39m[32m"square"[39m})[33m,[39mt(ie[33m,[39m{icon[33m:[39mt(g[33m?[39m[33mYe[39m[33m:[39m[33mLi[39m[33m,[39m{})[33m,[39monClick[33m:[39m[33mS[39m[33m,[39mtitle[33m:[39mg[33m?[39m[32m"Copied!"[39m[33m:[39ma[33m?[39m[32m"Copy Mermaid Code"[39m[33m:[39m[32m"Copy SVG"[39m[33m,[39msize[33m:[39m[32m"medium"[39m[33m,[39mvariant[33m:[39m[32m"secondary"[39m[33m,[39mshape[33m:[39m[32m"square"[39m})[33m,[39m[33m![39mn[33m&&[39mo[33m&&[39mt(ie[33m,[39m{icon[33m:[39mt([33mXc[39m[33m,[39m{})[33m,[39monClick[33m:[39mo[33m,[39mtitle[33m:[39m[32m"Fullscreen"[39m[33m,[39msize[33m:[39m[32m"medium"[39m[33m,[39mvariant[33m:[39m[32m"secondary"[39m[33m,[39mshape[33m:[39m[32m"square"[39m})]})[33m,[39mt([32m"div"[39m[33m,[39m{ref[33m:[39my[33m,[39mclassName[33m:[39mfe([32m"c1-mermaid-viewer__canvas"[39m[33m,[39m{[32m"c1-mermaid-viewer__canvas--dragging"[39m[33m:[39mh[33m,[39m[32m"c1-mermaid-viewer__canvas--mobile"[39m[33m:[39ms})[33m,[39monMouseDown[33m:[39mw[33m,[39monMouseMove[33m:[39m[33mP[39m[33m,[39monMouseUp[33m:[39m[33mI[39m[33m,[39monMouseLeave[33m:[39m[33mI[39m[33m,[39mchildren[33m:[39mt([32m"div"[39m[33m,[39m{ref[33m:[39m_[33m,[39mclassName[33m:[39mfe([32m"c1-mermaid-viewer__svg"[39m[33m,[39m[32m"mermaid"[39m[33m,[39m{[32m"c1-mermaid-viewer__svg--animated"[39m[33m:[39m[33m![39mh[33m,[39m[32m"c1-mermaid-viewer__svg--mobile"[39m[33m:[39ms})[33m,[39mdangerouslySetInnerHTML[33m:[39m{__html[33m:[39me}[33m,[39mstyle[33m:[39m{transform[33m:[39m[32m`translate(${d.x}px, ${d.y}px) scale(${l})`[39m}})})[33m,[39mp([32m"div"[39m[33m,[39m{className[33m:[39mfe([32m"c1-mermaid-controls"[39m[33m,[39m{[32m"c1-mermaid-controls--bottom-left-modal"[39m[33m:[39mn[33m,[39m[32m"c1-mermaid-controls--bottom-left"[39m[33m:[39m[33m![39mn[33m,[39m[32m"c1-mermaid-controls--mobile"[39m[33m:[39ms})[33m,[39mchildren[33m:[39m[p([32m"div"[39m[33m,[39m{className[33m:[39mfe([32m"c1-mermaid-badge"[39m[33m,[39m{[32m"c1-mermaid-badge--md"[39m[33m:[39mn[33m,[39m[32m"c1-mermaid-badge--sm"[39m[33m:[39m[33m![39mn[33m,[39m[32m"c1-mermaid-badge--mobile"[39m[33m:[39ms})[33m,[39mchildren[33m:[39m[[33mMath[39m[33m.[39mround([35m100[39m[33m*[39ml)[33m,[39m[32m"%"[39m]})[33m,[39mn[33m&&[39mt([32m"div"[39m[33m,[39m{className[33m:[39mfe([32m"c1-mermaid-help"[39m[33m,[39m{[32m"c1-mermaid-help--mobile"[39m[33m:[39ms})[33m,[39mchildren[33m:[39ms[33m?[39m[32m"Drag to pan • Pinch to zoom"[39m[33m:[39m[32m"Drag to pan • Ctrl+Scroll/Pinch to zoom • Esc to close"[39m})]})]})}[33m,[39m$m[33m=[39m({isOpen[33m:[39me[33m,[39monClose[33m:[39ma[33m,[39msvg[33m:[39mn[33m,[39mmermaidCode[33m:[39mi})[33m=>[39m{[36mconst[39m{portalThemeClassName[33m:[39mo}[33m=[39m[33mCe[39m()[33m,[39ms[33m=[39m[33mD[39m([36mnull[39m)[33m,[39m{breakpoint[33m:[39ml}[33m=[39mnn(s)[33m,[39mc[33m=[39ml[33m===[39m[32m"mobile"[39m[33m;[39m[36mreturn[39m t([33mMe[39m[33m.[39m[33mRoot[39m[33m,[39m{open[33m:[39me[33m,[39monOpenChange[33m:[39ma[33m,[39mchildren[33m:[39mp([33mMe[39m[33m.[39m[33mPortal[39m[33m,[39m{children[33m:[39m[t([33mMe[39m[33m.[39m[33mOverlay[39m[33m,[39m{className[33m:[39mfe([32m"c1-mermaid-modal__overlay"[39m[33m,[39mo)})[33m,[39mp([33mMe[39m[33m.[39m[33mContent[39m[33m,[39m{ref[33m:[39ms[33m,[39mclassName[33m:[39mfe([32m"c1-mermaid-modal__content"[39m[33m,[39mo[33m,[39m{[32m"c1-mermaid-modal__content--mobile"[39m[33m:[39mc})[33m,[39monPointerDownOutside[33m:[39ma[33m,[39monEscapeKeyDown[33m:[39ma[33m,[39mchildren[33m:[39m[t([33mMe[39m[33m.[39m[33mTitle[39m[33m,[39m{className[33m:[39m[32m"c1-mermaid-modal__title"[39m[33m,[39mchildren[33m:[39m[32m"Mermaid Diagram"[39m})[33m,[39mt([33mMe[39m[33m.[39m[33mDescription[39m[33m,[39m{className[33m:[39m[32m"c1-mermaid-modal__description"[39m[33m,[39mchildren[33m:[39m[32m"This is a mermaid diagram."[39m})[33m,[39mt(po[33m,[39m{svg[33m:[39mn[33m,[39mmermaidCode[33m:[39mi[33m,[39misModal[33m:[39m[33m![39m[35m0[39m[33m,[39monClose[33m:[39ma[33m,[39misMobile[33m:[39mc})]})]})})}[33m,[39m[33mYt[39m[33m=[39m[36mnew[39m [33mMap[39m[33m;[39m[36mlet[39m [33mGt[39m[33m=[39m[36mnull[39m[33m,[39m[33mUn[39m[33m=[39m[36mnull[39m[33m;[39m[36mconst[39m [33mOm[39m[33m=[39mq(({node[33m:[39me[33m,[39mchildren[33m:[39ma[33m,[39m[33m...[39mn})[33m=>[39m{[36mconst[39m{mode[33m:[39mi[33m,[39mtheme[33m:[39mo}[33m=[39m[33mCe[39m()[33m,[39ms[33m=[39m[33mD[39m([36mnull[39m)[33m,[39m{breakpoint[33m:[39ml}[33m=[39mnn(s)[33m,[39mc[33m=[39ml[33m===[39m[32m"mobile"[39m[33m,[39md[33m=[39m(e[33m==[39m[36mnull[39m[33m?[39m[36mvoid[39m [35m0[39m[33m:[39me[33m.[39mproperties)[33m?[39m[33m?[39m{}[33m,[39mm[33m=[39md[[32m"data-component-type"[39m][33m,[39mh[33m=[39md[[32m"data-mermaid-code"[39m][33m,[39m[u[33m,[39mg][33m=[39m[33mF[39m([36mnull[39m)[33m,[39m[b[33m,[39mf][33m=[39m[33mF[39m([33m![39m[35m1[39m)[33m,[39my[33m=[39m[33mD[39m([36mnull[39m)[33m,[39m_[33m=[39m[33mD[39m([36mnull[39m)[33m,[39mv[33m=[39mh[33m?[39m(x[33m=>[39m{[36mtry[39m{[36mreturn[39m decodeURIComponent(atob(x))}[36mcatch[39m{[36mreturn[39m [36mnull[39m}})(h)[33m:[39m[36mnull[39m[33m,[39m[33mN[39m[33m=[39mv[33m?[39m[32m`${v}|${i}`[39m[33m:[39m[36mnull[39m[33m;[39m[36mreturn[39m [33mV[39m(()[33m=>[39m{[36mif[39m(m[33m!==[39m[32m"mermaid"[39m[33m||[39m[33m![39m[33mN[39m)[36mreturn[39m[33m;[39m[36mconst[39m x[33m=[39m[33mYt[39m[33m.[39m[36mget[39m([33mN[39m)[33m;[39m[36mreturn[39m x[33m?[39m(g(x)[33m,[39m[36mvoid[39m(_[33m.[39mcurrent[33m=[39m[33mN[39m))[33m:[39m[36mvoid[39m [35m0[39m}[33m,[39m[m[33m,[39m[33mN[39m])[33m,[39m[33mV[39m(()[33m=>[39m{[36mif[39m(m[33m===[39m[32m"mermaid"[39m[33m&&[39m(v[33m!=[39m[36mnull[39m[33m&&[39mv[33m.[39mtrim())[33m&&[39m[33mN[39m[33m&&[39m(_[33m.[39mcurrent[33m!==[39m[33mN[39m[33m||[39m[33m![39m[33mYt[39m[33m.[39mhas([33mN[39m)))[36mreturn[39m y[33m.[39mcurrent[33m&&[39mclearTimeout(y[33m.[39mcurrent)[33m,[39my[33m.[39mcurrent[33m=[39msetTimeout([36masync[39m()[33m=>[39m{[36mif[39m(_[33m.[39mcurrent[33m!==[39m[33mN[39m[33m||[39m[33m![39m[33mYt[39m[33m.[39mhas([33mN[39m))[36mtry[39m{[36mconst[39m x[33m=[39m[36mawait[39m([36masync[39m(w[33m,[39m[33mP[39m)[33m=>[39m{[36mconst[39m [33mI[39m[33m=[39m[33mJSON[39m[33m.[39mstringify({mode[33m:[39m[33mP[39m[33m,[39mcontainerFills[33m:[39mw[33m.[39mcontainerFills[33m,[39mprimaryText[33m:[39mw[33m.[39mprimaryText[33m,[39mstrokeDefault[33m:[39mw[33m.[39mstrokeDefault})[33m;[39m[36mif[39m([33mUn[39m[33m===[39m[33mI[39m[33m&&[39m[33mGt[39m)[36mreturn[39m [33mGt[39m[33m;[39m[36mtry[39m{[36mreturn[39m [33mGt[39m[33m=[39m([36mawait[39m [36mimport[39m([32m"mermaid"[39m))[33m.[39m[36mdefault[39m[33m,[39m[33mGt[39m[33m.[39minitialize({startOnLoad[33m:[39m[33m![39m[35m1[39m[33m,[39mtheme[33m:[39m[32m"base"[39m[33m,[39msecurityLevel[33m:[39m[32m"loose"[39m[33m,[39mthemeVariables[33m:[39m{darkMode[33m:[39m[33mP[39m[33m===[39m[32m"dark"[39m[33m,[39mprimaryColor[33m:[39m[33mX[39m(w[33m.[39minteractiveDefault)[33m,[39mprimaryTextColor[33m:[39m[33mX[39m(w[33m.[39mprimaryText)[33m,[39mprimaryBorderColor[33m:[39m[33mX[39m(w[33m.[39mstrokeInteractiveEl)[33m,[39msecondaryColor[33m:[39m[33mX[39m(w[33m.[39minteractiveDefault)[33m,[39msecondaryTextColor[33m:[39m[33mX[39m(w[33m.[39mprimaryText)[33m,[39msecondaryBorderColor[33m:[39m[33mX[39m(w[33m.[39mstrokeInteractiveEl)[33m,[39mtertiaryColor[33m:[39m[33mX[39m(w[33m.[39minteractiveDefault)[33m,[39mtertiaryBorderColor[33m:[39m[33mX[39m(w[33m.[39mstrokeInteractiveEl)[33m,[39mtertiaryTextColor[33m:[39m[33mX[39m(w[33m.[39mprimaryText)[33m,[39mbackground[33m:[39m[33mX[39m(w[33m.[39mcontainerFills)[33m,[39mmainBkg[33m:[39m[33mX[39m(w[33m.[39minteractiveDefault)[33m,[39mtextColor[33m:[39m[33mX[39m(w[33m.[39mprimaryText)[33m,[39mborder1[33m:[39m[33mX[39m(w[33m.[39mstrokeInteractiveEl)[33m,[39mborder2[33m:[39m[33mX[39m(w[33m.[39mstrokeInteractiveEl)[33m,[39mlineColor[33m:[39m[33mX[39m(w[33m.[39mstrokeInteractiveEl)[33m,[39merrorBkgColor[33m:[39m[33mX[39m(w[33m.[39minteractiveDefault)[33m,[39merrorTextColor[33m:[39m[33mX[39m(w[33m.[39mprimaryText)[33m,[39mnodeBkg[33m:[39m[33mX[39m(w[33m.[39minteractiveDefault)[33m,[39mnodeBorder[33m:[39m[33mX[39m(w[33m.[39mstrokeInteractiveEl)[33m,[39mnodeTextColor[33m:[39m[33mX[39m(w[33m.[39mprimaryText)[33m,[39mclusterBkg[33m:[39m[33mX[39m(w[33m.[39minteractiveDefault)[33m,[39mclusterBorder[33m:[39m[33mX[39m(w[33m.[39mstrokeInteractiveEl)[33m,[39mdefaultLinkColor[33m:[39m[33mX[39m(w[33m.[39mstrokeInteractiveEl)[33m,[39mtitleColor[33m:[39m[33mX[39m(w[33m.[39mprimaryText)[33m,[39mactorBorder[33m:[39m[33mX[39m(w[33m.[39mstrokeInteractiveEl)[33m,[39mactorBkg[33m:[39m[33mX[39m(w[33m.[39minteractiveDefault)[33m,[39mactorTextColor[33m:[39m[33mX[39m(w[33m.[39mprimaryText)[33m,[39mactorLineColor[33m:[39m[33mX[39m(w[33m.[39mstrokeInteractiveEl)[33m,[39msignalColor[33m:[39m[33mX[39m(w[33m.[39mprimaryText)[33m,[39msignalTextColor[33m:[39m[33mX[39m(w[33m.[39mprimaryText)[33m,[39mlabelBoxBkgColor[33m:[39m[33mX[39m(w[33m.[39minteractiveDefault)[33m,[39mlabelBoxBorderColor[33m:[39m[33mX[39m(w[33m.[39mstrokeInteractiveEl)[33m,[39mlabelTextColor[33m:[39m[33mX[39m(w[33m.[39mprimaryText)[33m,[39mloopTextColor[33m:[39m[33mX[39m(w[33m.[39mprimaryText)[33m,[39mactivationBkgColor[33m:[39m[33mX[39m(w[33m.[39minteractiveDefault)[33m,[39mactivationBorderColor[33m:[39m[33mX[39m(w[33m.[39mstrokeInteractiveEl)[33m,[39msequenceNumberColor[33m:[39m[33mX[39m(w[33m.[39mprimaryText)[33m,[39msectionBkgColor[33m:[39m[33mX[39m(w[33m.[39msunkFills)[33m,[39maltSectionBkgColor[33m:[39m[33mX[39m(w[33m.[39mcontainerFills)[33m,[39msectionBkgColor2[33m:[39m[33mX[39m(w[33m.[39msunkFills)[33m,[39mlabelColor[33m:[39m[33mX[39m(w[33m.[39mprimaryText)[33m,[39maltBackground[33m:[39m[33mX[39m(w[33m.[39minteractiveDefault)[33m,[39mfillType0[33m:[39m[33mX[39m(w[33m.[39minteractiveDefault)[33m,[39mfillType1[33m:[39m[33mX[39m(w[33m.[39minteractiveDefault)[33m,[39mfillType2[33m:[39m[33mX[39m(w[33m.[39minteractiveDefault)[33m,[39mfillType3[33m:[39m[33mX[39m(w[33m.[39minteractiveDefault)[33m,[39mfillType4[33m:[39m[33mX[39m(w[33m.[39minteractiveDefault)[33m,[39mfillType5[33m:[39m[33mX[39m(w[33m.[39minteractiveDefault)[33m,[39mfillType6[33m:[39m[33mX[39m(w[33m.[39minteractiveDefault)[33m,[39mfillType7[33m:[39m[33mX[39m(w[33m.[39minteractiveDefault)[33m,[39mjourneyTextColor[33m:[39m[32m"#000000"[39m[33m,[39mnoteBkgColor[33m:[39m[33mX[39m(w[33m.[39mcontainerFills)[33m,[39mnoteTextColor[33m:[39m[33mX[39m(w[33m.[39mprimaryText)[33m,[39mnoteBorderColor[33m:[39m[33mX[39m(w[33m.[39mstrokeDefault)[33m,[39mc4LabelColor[33m:[39m[33mX[39m(w[33m.[39mprimaryText)[33m,[39mfontFamily[33m:[39mw[33m.[39mfontPrimary[33m||[39mw[33m.[39mfontBody[33m||[39m[32m'"Open Sans", sans-serif'[39m[33m,[39mfontSize[33m:[39m[32m"14px"[39m}[33m,[39mflowchart[33m:[39m{htmlLabels[33m:[39m[33m![39m[35m0[39m[33m,[39museMaxWidth[33m:[39m[33m![39m[35m1[39m}[33m,[39msequence[33m:[39m{useMaxWidth[33m:[39m[33m![39m[35m1[39m}[33m,[39mgantt[33m:[39m{useMaxWidth[33m:[39m[33m![39m[35m1[39m}[33m,[39msuppressErrorRendering[33m:[39m[33m![39m[35m0[39m})[33m,[39m[33mUn[39m[33m=[39m[33mI[39m[33m,[39m[33mGt[39m}[36mcatch[39m{[36mreturn[39m [36mnull[39m}})(o[33m,[39mi)[33m;[39m[36mif[39m([33m![39mx)[36mreturn[39m[33m;[39mx[33m.[39mparseError[33m;[39m[36mconst[39m [33mC[39m[33m=[39m[36mawait[39m x[33m.[39mparse(v[33m,[39m{suppressErrors[33m:[39m[33m![39m[35m0[39m})[33m;[39m[36mif[39m([33m![39m[33mC[39m[33m||[39m[33m![39m[33mC[39m[33m.[39mdiagramType)[36mreturn[39m [36mvoid[39m(_[33m.[39mcurrent[33m&&[39mg([33mYt[39m[33m.[39m[36mget[39m(_[33m.[39mcurrent)[33m?[39m[33m?[39m[36mnull[39m))[33m;[39m[36mconst[39m{svg[33m:[39mk}[33m=[39m[36mawait[39m x[33m.[39mrender([32m`mermaid-${Date.now()}-${Math.random().toString(36).slice(2,9)}`[39m[33m,[39mv)[33m;[39m[36mif[39m(k[33m.[39mincludes([32m"NaN"[39m))[36mreturn[39m[33m;[39m[36mconst[39m [33mS[39m[33m=[39m(w[33m=>[39mw[33m.[39mreplace([35m/<span class="nodeLabel[^"]*">\s*<p>/g[39m[33m,[39m[32m'<span class="nodeLabel">'[39m)[33m.[39mreplace([35m/<\/p>\s*<\/span>/g[39m[33m,[39m[32m"</span>"[39m)[33m.[39mreplace([35m/<foreignObject/g[39m[33m,[39m[32m'<foreignObject style="overflow: visible;"'[39m))(k)[33m;[39m[33mYt[39m[33m.[39m[36mset[39m([33mN[39m[33m,[39m[33mS[39m)[33m,[39mg([33mS[39m)[33m,[39m_[33m.[39mcurrent[33m=[39m[33mN[39m}[36mcatch[39m{}}[33m,[39m[35m50[39m)[33m,[39m()[33m=>[39m{y[33m.[39mcurrent[33m&&[39mclearTimeout(y[33m.[39mcurrent)}}[33m,[39m[m[33m,[39mv[33m,[39m[33mN[39m[33m,[39mi[33m,[39mo])[33m,[39mm[33m!==[39m[32m"mermaid"[39m[33m?[39mt([32m"div"[39m[33m,[39m{[33m...[39mn[33m,[39mchildren[33m:[39ma})[33m:[39mu[33m?[39mp([33mQ[39m[33m,[39m{children[33m:[39m[t([32m"div"[39m[33m,[39m{[33m...[39mn[33m,[39mref[33m:[39ms[33m,[39mclassName[33m:[39mfe([32m"c1-mermaid-container"[39m[33m,[39m{[32m"c1-mermaid-container--mobile"[39m[33m:[39mc})[33m,[39mchildren[33m:[39mt(po[33m,[39m{svg[33m:[39mu[33m,[39mmermaidCode[33m:[39mv[33m||[39m[36mvoid[39m [35m0[39m[33m,[39misModal[33m:[39m[33m![39m[35m1[39m[33m,[39monExpand[33m:[39m()[33m=>[39mf([33m![39m[35m0[39m)[33m,[39misMobile[33m:[39mc})})[33m,[39mt($m[33m,[39m{isOpen[33m:[39mb[33m,[39monClose[33m:[39m()[33m=>[39mf([33m![39m[35m1[39m)[33m,[39msvg[33m:[39mu[33m,[39mmermaidCode[33m:[39mv[33m||[39m[36mvoid[39m [35m0[39m})]})[33m:[39m[36mnull[39m})[33m,[39msn[33m=[39mq(({height[33m:[39me[33m,[39mwidth[33m:[39ma[33m,[39murl[33m:[39mn[33m,[39malt[33m:[39mi})[33m=>[39m{[36mconst[39m o[33m=[39m[33mD[39m([36mnull[39m)[33m,[39m[s[33m,[39ml][33m=[39m[33mF[39m([33m![39m[35m1[39m)[33m;[39m[36mreturn[39m s[33m||[39m[33m![39mn[33m?[39mt(de[33m,[39m{name[33m:[39m[32m"globe"[39m[33m,[39msize[33m:[39m[33mMath[39m[33m.[39mmax(e[33m,[39ma)})[33m:[39mt([32m"img"[39m[33m,[39m{ref[33m:[39mo[33m,[39msrc[33m:[39mn[33m,[39malt[33m:[39mi[33m,[39mheight[33m:[39me[33m,[39mwidth[33m:[39ma[33m,[39monLoad[33m:[39m()[33m=>[39m{[36mconst[39m c[33m=[39mo[33m.[39mcurrent[33m;[39mc[33m&&[39mc[33m.[39mnaturalWidth[33m<=[39m[35m16[39m[33m&&[39mc[33m.[39mnaturalHeight[33m<=[39m[35m16[39m[33m?[39ml([33m![39m[35m0[39m)[33m:[39ml([33m![39m[35m1[39m)}[33m,[39monError[33m:[39m()[33m=>[39m{l([33m![39m[35m0[39m)}[33m,[39mclassName[33m:[39m[32m"c1-source-favicon-image"[39m})})[33m,[39mzm[33m=[39mq(e[33m=>[39m{[36mconst[39m{title[33m:[39ma[33m,[39msourceName[33m:[39mn[33m,[39monClick[33m:[39mi[33m,[39mfaviconUrl[33m:[39mo[33m,[39murl[33m:[39ms}[33m=[39me[33m,[39ml[33m=[39ms[33m&&[39ms[33m.[39mtrim()[33m!==[39m[32m""[39m[33m;[39m[36mreturn[39m p([32m"button"[39m[33m,[39m{className[33m:[39m[33mT[39m([32m"c1-citation-item"[39m[33m,[39m{[32m"c1-citation-item--has-url"[39m[33m:[39ml})[33m,[39monClick[33m:[39m()[33m=>[39m{rn(s)[33m,[39mi[33m==[39m[36mnull[39m[33m||[39mi()}[33m,[39mtype[33m:[39m[32m"button"[39m[33m,[39mchildren[33m:[39m[t([32m"div"[39m[33m,[39m{className[33m:[39m[32m"c1-citation-item__logo"[39m[33m,[39mchildren[33m:[39mt(sn[33m,[39m{url[33m:[39mo[33m,[39malt[33m:[39mn[33m,[39mwidth[33m:[39m[35m24[39m[33m,[39mheight[33m:[39m[35m24[39m})})[33m,[39mp([32m"div"[39m[33m,[39m{className[33m:[39m[32m"c1-citation-item__content"[39m[33m,[39mchildren[33m:[39m[t([32m"div"[39m[33m,[39m{className[33m:[39m[32m"c1-citation-item__title"[39m[33m,[39mchildren[33m:[39ma})[33m,[39mt([32m"div"[39m[33m,[39m{className[33m:[39m[32m"c1-citation-item__source"[39m[33m,[39mchildren[33m:[39mn})]})]})})[33m,[39m[33mBm[39m[33m=[39mq(e[33m=>[39m{[36mconst[39m{sources[33m:[39ma}[33m=[39me[33m,[39m{portalThemeClassName[33m:[39mn}[33m=[39m[33mCe[39m()[33m,[39m{isOpen[33m:[39mi[33m,[39mhandleMouseEnter[33m:[39mo[33m,[39mhandleMouseLeave[33m:[39ms[33m,[39mhandleTriggerClick[33m:[39ml[33m,[39mhandleContentClick[33m:[39mc[33m,[39mcloseTooltip[33m:[39md[33m,[39mgetPointerDownOutsideHandler[33m:[39mm}[33m=[39mon()[33m;[39m[36mreturn[39m t([32m"span"[39m[33m,[39m{className[33m:[39m[32m"c1-citation-container"[39m[33m,[39mchildren[33m:[39mt(he[33m.[39m[33mProvider[39m[33m,[39m{children[33m:[39mp(he[33m.[39m[33mRoot[39m[33m,[39m{open[33m:[39mi[33m,[39mchildren[33m:[39m[t(he[33m.[39m[33mTrigger[39m[33m,[39m{asChild[33m:[39m[33m![39m[35m0[39m[33m,[39mchildren[33m:[39mt([32m"button"[39m[33m,[39m{type[33m:[39m[32m"button"[39m[33m,[39mclassName[33m:[39m[32m"c1-citation"[39m[33m,[39m[32m"aria-label"[39m[33m:[39m[32m"Citations"[39m[33m,[39monClick[33m:[39ml[33m,[39monMouseEnter[33m:[39mo[33m,[39monMouseLeave[33m:[39ms[33m,[39mchildren[33m:[39mt(de[33m,[39m{name[33m:[39m[32m"globe"[39m[33m,[39msize[33m:[39m[35m12[39m})})})[33m,[39mt(he[33m.[39m[33mPortal[39m[33m,[39m{children[33m:[39mt(he[33m.[39m[33mContent[39m[33m,[39m{side[33m:[39m[32m"bottom"[39m[33m,[39malign[33m:[39m[32m"start"[39m[33m,[39msideOffset[33m:[39m[35m4[39m[33m,[39malignOffset[33m:[39m[33m-[39m[35m8[39m[33m,[39mclassName[33m:[39m[33mT[39m([32m"c1-citation-tooltip"[39m[33m,[39mn)[33m,[39monMouseEnter[33m:[39mo[33m,[39monMouseLeave[33m:[39ms[33m,[39monClick[33m:[39mc[33m,[39monPointerDownOutside[33m:[39mm([32m".c1-citation"[39m)[33m,[39mchildren[33m:[39mt([32m"div"[39m[33m,[39m{className[33m:[39m[32m"c1-citation-tooltip__content"[39m[33m,[39mchildren[33m:[39ma[33m.[39mmap((h[33m,[39mu)[33m=>[39m{[36mconst[39m{key[33m:[39mg[33m,[39m[33m...[39mb}[33m=[39mh[33m;[39m[36mreturn[39m t(zm[33m,[39m{[33m...[39mb[33m,[39monClick[33m:[39md}[33m,[39mu)})})})})]})})})})[33m,[39m[33mRm[39m[33m=[39mq(e[33m=>[39m{[36mconst[39m{sources[33m:[39ma}[33m=[39me[33m;[39m[36mreturn[39m a[33m&&[39ma[33m.[39mlength[33m!==[39m[35m0[39m[33m?[39mt([33mBm[39m[33m,[39m{[33m...[39me})[33m:[39m[36mnull[39m})[33m,[39mho[33m=[39m({node[33m:[39me[33m,[39mchildren[33m:[39ma[33m,[39m[33m...[39mn})[33m=>[39m{[36mconst[39m i[33m=[39mco()[33m,[39mo[33m=[39m(e[33m==[39m[36mnull[39m[33m?[39m[36mvoid[39m [35m0[39m[33m:[39me[33m.[39mproperties)[33m?[39m[33m?[39m{}[33m,[39ms[33m=[39mo[[32m"data-component-type"[39m][33m,[39ml[33m=[39mo[[32m"data-citation-indices"[39m][33m;[39m[36mif[39m(s[33m!==[39m[32m"citation"[39m[33m||[39m[33m![39ml)[36mreturn[39m t([32m"span"[39m[33m,[39m{[33m...[39mn[33m,[39mchildren[33m:[39ma})[33m;[39m[36mif[39m([33m![39mi[33m.[39mlength)[36mreturn[39m [36mnull[39m[33m;[39m[36mconst[39m c[33m=[39ml[33m.[39msplit([32m","[39m)[33m.[39mmap([33mNumber[39m)[33m.[39mmap(d[33m=>[39mi[d[33m-[39m[35m1[39m])[33m.[39mfilter(d[33m=>[39md[33m!==[39m[36mvoid[39m [35m0[39m)[33m.[39mfilter(d[33m=>[39md[33m.[39msourceName[33m&&[39md[33m.[39mtitle[33m&&[39md[33m.[39msourceName[33m.[39mtrim()[33m!==[39m[32m""[39m[33m&&[39md[33m.[39mtitle[33m.[39mtrim()[33m!==[39m[32m""[39m)[33m;[39m[36mreturn[39m c[33m.[39mlength[33m===[39m[35m0[39m[33m?[39m[36mnull[39m[33m:[39mt([33mRm[39m[33m,[39m{sources[33m:[39mc})}[33m,[39mqn[33m=[39m[35m/(\[\d+\]\s*)+/g[39m[33m,[39m[33mWn[39m[33m=[39m[35m/\[(\d+)\]/g[39m[33m,[39muo[33m=[39m()[33m=>[39me[33m=>[39m{[33mAi[39m(e[33m,[39m[32m"text"[39m[33m,[39m(a[33m,[39mn[33m,[39mi)[33m=>[39m{[36mif[39m([36mtypeof[39m a[33m.[39mvalue[33m!=[39m[32m"string"[39m)[36mreturn[39m[33m;[39m[36mconst[39m o[33m=[39m[][33m;[39m[36mlet[39m s[33m,[39ml[33m=[39m[35m0[39m[33m;[39m[36mfor[39m([33m;[39m(s[33m=[39mqn[33m.[39mexec(a[33m.[39mvalue))[33m!==[39m[36mnull[39m[33m;[39m){s[33m.[39mindex[33m>[39ml[33m&&[39mo[33m.[39mpush({type[33m:[39m[32m"text"[39m[33m,[39mvalue[33m:[39ma[33m.[39mvalue[33m.[39mslice(l[33m,[39ms[33m.[39mindex)})[33m;[39m[36mconst[39m c[33m=[39ms[[35m0[39m][33m,[39md[33m=[39m[][33m;[39m[36mlet[39m m[33m;[39m[36mfor[39m([33m;[39m(m[33m=[39m[33mWn[39m[33m.[39mexec(c))[33m!==[39m[36mnull[39m[33m;[39m)d[33m.[39mpush(m[[35m1[39m][33m?[39m[33m?[39m[32m""[39m)[33m;[39m[33mWn[39m[33m.[39mlastIndex[33m=[39m[35m0[39m[33m,[39md[33m.[39mlength[33m>[39m[35m0[39m[33m&&[39mo[33m.[39mpush({type[33m:[39m[32m"customComponent"[39m[33m,[39mdata[33m:[39m{hName[33m:[39m[32m"span"[39m[33m,[39mhProperties[33m:[39m{[32m"data-component-type"[39m[33m:[39m[32m"citation"[39m[33m,[39m[32m"data-citation-indices"[39m[33m:[39md[33m.[39mjoin([32m","[39m)}}[33m,[39mchildren[33m:[39m[{type[33m:[39m[32m"text"[39m[33m,[39mvalue[33m:[39mc[33m.[39mtrim()}]})[33m,[39ml[33m=[39ms[33m.[39mindex[33m+[39mc[33m.[39mlength}[36mreturn[39m qn[33m.[39mlastIndex[33m=[39m[35m0[39m[33m,[39ml[33m<[39m[33ma[39m[33m.[39mvalue[33m.[39mlength[33m&&[39mo[33m.[39mpush({type[33m:[39m[32m"text"[39m[33m,[39mvalue[33m:[39ma[33m.[39mvalue[33m.[39mslice(l)})[33m,[39mo[33m.[39mlength[33m>[39m[35m0[39m[33m&&[39mi[33m&&[39m[36mtypeof[39m n[33m==[39m[32m"number"[39m[33m?[39m(i[33m.[39mchildren[33m.[39msplice(n[33m,[39m[35m1[39m[33m,[39m[33m...[39mo)[33m,[39mn[33m+[39mo[33m.[39mlength)[33m:[39m[36mvoid[39m [35m0[39m})}[33m,[39m[33mUe[39m[33m=[39m({children[33m:[39me})[33m=>[39me[33m,[39m[33mEe[39m[33m=[39mq(({content[33m:[39me[33m,[39mclassName[33m:[39ma})[33m=>[39m{[36mconst[39m{mode[33m:[39mn}[33m=[39m[33mCe[39m()[33m;[39m[36mreturn[39m e[33m?[39mt([32m"span"[39m[33m,[39m{className[33m:[39mfe([32m"c1-inline-markdown-renderer"[39m[33m,[39ma[33m,[39m{[32m"c1-inline-markdown-renderer--dark"[39m[33m:[39mn[33m===[39m[32m"dark"[39m})[33m,[39mchildren[33m:[39mt([33mWa[39m[33m,[39m{textMarkdown[33m:[39me[33m,[39moptions[33m:[39m{remarkPlugins[33m:[39m[uo[33m,[39m[[33mZa[39m[33m,[39m{breaks[33m:[39m[33m![39m[35m1[39m}]][33m,[39mcomponents[33m:[39m{span[33m:[39mho[33m,[39mp[33m:[39m[33mUe[39m[33m,[39mh1[33m:[39m[33mUe[39m[33m,[39mh2[33m:[39m[33mUe[39m[33m,[39mh3[33m:[39m[33mUe[39m[33m,[39mh4[33m:[39m[33mUe[39m[33m,[39mh5[33m:[39m[33mUe[39m[33m,[39mh6[33m:[39m[33mUe[39m[33m,[39mul[33m:[39m[33mUe[39m[33m,[39mol[33m:[39m[33mUe[39m[33m,[39mli[33m:[39m[33mUe[39m}}})})[33m:[39m[36mnull[39m})[33m;[39m[33mEe[39m[33m.[39mdisplayName[33m=[39m[32m"InlineMarkdownRenderer"[39m[33m;[39m[36mconst[39m [33mIt[39m[33m=[39me[33m=>[39m{[36mconst[39m{heading[33m:[39ma[33m,[39mdescription[33m:[39mn}[33m=[39me[33m;[39m[36mreturn[39m(a[33m||[39mn)[33m&&[39mp([32m"div"[39m[33m,[39m{className[33m:[39m[32m"c1-inline-header"[39m[33m,[39mchildren[33m:[39m[a[33m&&[39mt([32m"div"[39m[33m,[39m{className[33m:[39m[32m"c1-inline-header-heading"[39m[33m,[39mchildren[33m:[39mt([33mEe[39m[33m,[39m{content[33m:[39ma})})[33m,[39mn[33m&&[39mt([32m"div"[39m[33m,[39m{className[33m:[39m[32m"c1-inline-header-description"[39m[33m,[39mchildren[33m:[39mt([33mEe[39m[33m,[39m{content[33m:[39mn})})]})}[33m,[39m[33mDm[39m[33m=[39m[33mA[39m[33m.[39mextend({heading[33m:[39mr[33m.[39mstring()[33m,[39mdescription[33m:[39mr[33m.[39mstring()[33m.[39moptional()})[33m,[39mbe[33m=[39mz[33m.[39mextend({component[33m:[39mr[33m.[39mliteral([32m"InlineHeader"[39m)[33m,[39mprops[33m:[39m[33mDm[39m})[33m,[39mln[33m=[39m[[32m"k"[39m[33m,[39m[32m"m"[39m[33m,[39m[32m"b"[39m[33m,[39m[32m"t"[39m][33m,[39mwr[33m=[39m{k[33m:[39m[35m1e3[39m[33m,[39mm[33m:[39m[35m1e6[39m[33m,[39mb[33m:[39m[35m1e9[39m[33m,[39mt[33m:[39m[35m1e12[39m}[33m,[39mot[33m=[39m(e[33m,[39ma[33m,[39mn)[33m=>[39ma[33m===[39m[32m"1d"[39m[33m?[39m((i[33m,[39mo)[33m=>[39mq(s[33m=>[39m{[36mconst[39m{chartData[33m:[39ml[33m,[39m[33m...[39mc}[33m=[39ms[33m,[39m{data[33m:[39md[33m,[39munit[33m:[39mm[33m,[39mheader[33m:[39mh}[33m=[39ml[33m,[39mu[33m=[39mm[33m==[39m[36mnull[39m[33m?[39m[36mvoid[39m [35m0[39m[33m:[39mm[33m.[39mtoLowerCase()[33m,[39mg[33m=[39mu[33m?[39mwr[u][33m:[39m[35m1[39m[33m,[39mb[33m=[39md[33m.[39mmap(y[33m=>[39m({[33m...[39my[33m,[39mvalue[33m:[39my[33m.[39mvalue[33m*[39mg}))[33m,[39mf[33m=[39mxr({component[33m:[39mo[33m,[39mprops[33m:[39ms})[33m;[39m[36mreturn[39m p([32m"div"[39m[33m,[39m{className[33m:[39m[32m"c1-chart-wrapper"[39m[33m,[39mchildren[33m:[39m[h[33m&&[39mt([33mIt[39m[33m,[39m{heading[33m:[39mh[33m.[39mprops[33m.[39mheading[33m,[39mdescription[33m:[39mh[33m.[39mprops[33m.[39mdescription})[33m,[39mf()[33m,[39mt(i[33m,[39m{[33m...[39mc[33m,[39mdata[33m:[39mb})]})}))(e[33m,[39mn)[33m:[39ma[33m===[39m[32m"scatter"[39m[33m?[39m((i[33m,[39mo)[33m=>[39mq(s[33m=>[39m{[36mconst[39m{chartData[33m:[39ml[33m,[39m[33m...[39mc}[33m=[39ms[33m,[39m{data[33m:[39md[33m,[39munit[33m:[39mm[33m,[39mheader[33m:[39mh}[33m=[39ml[33m,[39mu[33m=[39mm[33m==[39m[36mnull[39m[33m?[39m[36mvoid[39m [35m0[39m[33m:[39mm[33m.[39mtoLowerCase()[33m,[39mg[33m=[39mu[33m?[39mwr[u][33m:[39m[35m1[39m[33m,[39mb[33m=[39md[33m.[39mmap(y[33m=>[39m({[33m...[39my[33m,[39mdata[33m:[39my[33m.[39mseries[33m.[39mmap(_[33m=>[39m({[33m...[39m_[33m,[39mx[33m:[39m_[33m.[39mx[33m*[39mg[33m,[39my[33m:[39m_[33m.[39my[33m*[39mg[33m,[39m[33m...[39m_[33m.[39mz[33m!==[39m[36mvoid[39m [35m0[39m[33m&&[39m{z[33m:[39m_[33m.[39mz[33m*[39mg}}))}))[33m,[39mf[33m=[39mxr({component[33m:[39mo[33m,[39mprops[33m:[39ms})[33m;[39m[36mreturn[39m p([32m"div"[39m[33m,[39m{className[33m:[39m[32m"c1-chart-wrapper"[39m[33m,[39mchildren[33m:[39m[h[33m&&[39mt([33mIt[39m[33m,[39m{heading[33m:[39mh[33m.[39mprops[33m.[39mheading[33m,[39mdescription[33m:[39mh[33m.[39mprops[33m.[39mdescription})[33m,[39mf()[33m,[39mt(i[33m,[39m{[33m...[39mc[33m,[39mdata[33m:[39mb})]})}))(e[33m,[39mn)[33m:[39m((i[33m,[39mo)[33m=>[39mq(s[33m=>[39m{[36mconst[39m{chartData[33m:[39ml[33m,[39m[33m...[39mc}[33m=[39ms[33m,[39m{data[33m:[39md[33m,[39munit[33m:[39mm[33m,[39mheader[33m:[39mh}[33m=[39ml[33m,[39mu[33m=[39mm[33m==[39m[36mnull[39m[33m?[39m[36mvoid[39m [35m0[39m[33m:[39mm[33m.[39mtoLowerCase()[33m,[39mg[33m=[39mu[33m?[39mwr[u][33m:[39m[35m1[39m[33m,[39mb[33m=[39md[33m.[39mlabels[33m.[39mmap((y[33m,[39m_)[33m=>[39m{[36mconst[39m v[33m=[39m{}[33m;[39m[36mreturn[39m d[33m.[39mseries[33m.[39mforEach([33mN[39m[33m=>[39m{[36mconst[39m x[33m=[39m[33mN[39m[33m.[39mvalues[_][33m||[39m[35m0[39m[33m;[39mv[[33mN[39m[33m.[39mcategory][33m=[39mx[33m*[39mg})[33m,[39m{category[33m:[39my[33m,[39m[33m...[39mv}})[33m,[39mf[33m=[39mxr({component[33m:[39mo[33m,[39mprops[33m:[39ms})[33m;[39m[36mreturn[39m p([32m"div"[39m[33m,[39m{className[33m:[39m[32m"c1-chart-wrapper"[39m[33m,[39mchildren[33m:[39m[h[33m&&[39mt([33mIt[39m[33m,[39m{heading[33m:[39mh[33m.[39mprops[33m.[39mheading[33m,[39mdescription[33m:[39mh[33m.[39mprops[33m.[39mdescription})[33m,[39mf()[33m,[39mt(i[33m,[39m{[33m...[39mc[33m,[39mdata[33m:[39mb})]})}))(e[33m,[39mn)[33m,[39mxr[33m=[39m({props[33m:[39me[33m,[39mcomponent[33m:[39ma})[33m=>[39m{[36mconst[39m{[33mExperimentalChartOptionsComponent[39m[33m:[39mn[33m,[39museIsStreaming[33m:[39mi}[33m=[39mxe()[33m,[39mo[33m=[39mi()[33m,[39ms[33m=[39m[33mD[39m({component[33m:[39ma[33m,[39mprops[33m:[39me})[33m;[39ms[33m.[39mcurrent[33m=[39m{component[33m:[39ma[33m,[39mprops[33m:[39me}[33m;[39m[36mconst[39m l[33m=[39m$(()[33m=>[39m{[36mconst[39m{component[33m:[39mc[33m,[39mprops[33m:[39md}[33m=[39ms[33m.[39mcurrent[33m;[39m[36mreturn[39m $a([33mJSON[39m[33m.[39mstringify({component[33m:[39m{component[33m:[39m[32m"Card"[39m[33m,[39mprops[33m:[39m{children[33m:[39m[{component[33m:[39mc[33m,[39mprops[33m:[39md}]}}[33m,[39merror[33m:[39m[36mnull[39m}))}[33m,[39m[])[33m;[39m[36mreturn[39m()[33m=>[39m[33m![39mn[33m||[39mo[33m?[39m[36mnull[39m[33m:[39mt([32m"div"[39m[33m,[39m{className[33m:[39m[32m"c1-chart-wrapper-options"[39m[33m,[39mchildren[33m:[39mt(n[33m,[39m{getChartResponse[33m:[39ml})})}[33m,[39m[33mFm[39m[33m=[39mr[33m.[39marray(r[33m.[39mobject({category[33m:[39mr[33m.[39mstring()[33m,[39mvalue[33m:[39mr[33m.[39mnumber()[33m.[39m[36mdefault[39m([35m0[39m)}))[33m,[39mcn[33m=[39mr[33m.[39mobject({header[33m:[39mbe[33m.[39moptional()[33m,[39munit[33m:[39mr[33m.[39m[36menum[39m(ln)[33m.[39moptional()[33m,[39mdata[33m:[39m[33mFm[39m})[33m.[39mdescribe([32m"$ref:chart1DProps"[39m)[33m,[39mjm[33m=[39mr[33m.[39mobject({labels[33m:[39mr[33m.[39marray(r[33m.[39mstring())[33m,[39mseries[33m:[39mr[33m.[39marray(r[33m.[39mobject({category[33m:[39mr[33m.[39mstring()[33m,[39mvalues[33m:[39mr[33m.[39marray(r[33m.[39mnumber())}))[33m.[39m[36mdefault[39m([])})[33m,[39mrr[33m=[39mr[33m.[39mobject({header[33m:[39mbe[33m.[39moptional()[33m,[39munit[33m:[39mr[33m.[39m[36menum[39m(ln)[33m.[39moptional()[33m,[39mdata[33m:[39mjm})[33m.[39mdescribe([32m"$ref:chart2DProps"[39m)[33m,[39m[33mVm[39m[33m=[39mr[33m.[39mobject({x[33m:[39mr[33m.[39mnumber()[33m,[39my[33m:[39mr[33m.[39mnumber()[33m,[39mz[33m:[39mr[33m.[39mnumber()[33m.[39moptional()})[33m,[39m[33mHm[39m[33m=[39mr[33m.[39mobject({name[33m:[39mr[33m.[39mstring()[33m,[39mseries[33m:[39mr[33m.[39marray([33mVm[39m)})[33m,[39m[33mUm[39m[33m=[39mr[33m.[39marray([33mHm[39m)[33m,[39mqm[33m=[39mr[33m.[39mobject({header[33m:[39mbe[33m.[39moptional()[33m,[39munit[33m:[39mr[33m.[39m[36menum[39m(ln)[33m.[39moptional()[33m,[39mdata[33m:[39m[33mUm[39m})[33m.[39mdescribe([32m"$ref:scatterChartDataProps"[39m)[33m;[39m[36mvar[39m zr[33m=[39m(e[33m=>[39m(e[33m.[39m[33mNORMAL[39m[33m=[39m[32m"normal"[39m[33m,[39me[33m.[39m[33mCONDENSED_NORMAL[39m[33m=[39m[32m"condensedNormal"[39m[33m,[39me))(zr[33m||[39m{})[33m;[39m[36mconst[39m [33mWm[39m[33m=[39m[33mA[39m[33m.[39mextend({type[33m:[39mr[33m.[39m[36menum[39m([[32m"normal"[39m[33m,[39m[32m"condensedNormal"[39m])[33m.[39moptional()[33m,[39mvariant[33m:[39mr[33m.[39m[36menum[39m([[32m"linear"[39m[33m,[39m[32m"natural"[39m])[33m.[39moptional()[33m,[39mchartData[33m:[39mrr[33m,[39mxAxisLabel[33m:[39mr[33m.[39mstring()[33m.[39moptional()[33m,[39myAxisLabel[33m:[39mr[33m.[39mstring()[33m.[39moptional()})[33m,[39mgo[33m=[39mz[33m.[39mextend({component[33m:[39mr[33m.[39mliteral([32m"AreaChartV2"[39m)[33m,[39mprops[33m:[39m[33mWm[39m})[33m,[39m[33mKm[39m[33m=[39mq(e[33m=>[39m{[36mswitch[39m(e[33m.[39mtype){[36mcase[39m zr[33m.[39m[33mCONDENSED_NORMAL[39m[33m:[39m[36mreturn[39m t([33mWr[39m[33m,[39m{[33m...[39me[33m,[39mtickVariant[33m:[39m[32m"angled"[39m})[33m;[39m[36mcase[39m zr[33m.[39m[33mNORMAL[39m[33m:[39m[36mdefault[39m[33m:[39m[36mreturn[39m t(hc[33m,[39m{[33m...[39me})}})[33m;[39m[36mvar[39m [33mAa[39m[33m=[39m(e[33m=>[39m(e[33m.[39m[33mNORMAL[39m[33m=[39m[32m"normal"[39m[33m,[39me[33m.[39m[33mHORIZONTAL[39m[33m=[39m[32m"horizontal"[39m[33m,[39me[33m.[39m[33mCONDENSED_NORMAL[39m[33m=[39m[32m"condensedNormal"[39m[33m,[39me))([33mAa[39m[33m||[39m{})[33m;[39m[36mconst[39m [33mXm[39m[33m=[39m[33mA[39m[33m.[39mextend({variant[33m:[39mr[33m.[39m[36menum[39m([[32m"grouped"[39m[33m,[39m[32m"stacked"[39m])[33m.[39moptional()[33m,[39misHorizontal[33m:[39mr[33m.[39mboolean()[33m.[39moptional()[33m.[39mdescribe([32m"$exclude:isHorizontal"[39m)[33m,[39mtype[33m:[39mr[33m.[39m[36menum[39m([[32m"normal"[39m[33m,[39m[32m"horizontal"[39m[33m,[39m[32m"condensedNormal"[39m])[33m.[39moptional()[33m,[39mchartData[33m:[39mrr[33m,[39mxAxisLabel[33m:[39mr[33m.[39mstring()[33m.[39moptional()[33m,[39myAxisLabel[33m:[39mr[33m.[39mstring()[33m.[39moptional()})[33m,[39m_o[33m=[39mz[33m.[39mextend({component[33m:[39mr[33m.[39mliteral([32m"BarChartV2"[39m)[33m,[39mprops[33m:[39m[33mXm[39m})[33m,[39m[33mZm[39m[33m=[39mq(e[33m=>[39m{[36mif[39m(e[33m.[39misHorizontal)[36mreturn[39m t([33mOa[39m[33m,[39m{[33m...[39me})[33m;[39m[36mswitch[39m(e[33m.[39mtype){[36mcase[39m [33mAa[39m[33m.[39m[33mHORIZONTAL[39m[33m:[39m[36mreturn[39m t([33mOa[39m[33m,[39m{[33m...[39me})[33m;[39m[36mcase[39m [33mAa[39m[33m.[39m[33mCONDENSED_NORMAL[39m[33m:[39m[36mreturn[39m t([33mKa[39m[33m,[39m{[33m...[39me[33m,[39mtickVariant[33m:[39m[32m"angled"[39m})[33m;[39m[36mcase[39m [33mAa[39m[33m.[39m[33mNORMAL[39m[33m:[39m[36mdefault[39m[33m:[39m[36mreturn[39m t(fi[33m,[39m{[33m...[39me})}})[33m;[39m[36mvar[39m [33mBr[39m[33m=[39m(e[33m=>[39m(e[33m.[39m[33mNORMAL[39m[33m=[39m[32m"normal"[39m[33m,[39me[33m.[39m[33mCONDENSED_NORMAL[39m[33m=[39m[32m"condensedNormal"[39m[33m,[39me))([33mBr[39m[33m||[39m{})[33m;[39m[36mconst[39m [33mYm[39m[33m=[39m[33mA[39m[33m.[39mextend({type[33m:[39mr[33m.[39m[36menum[39m([[32m"normal"[39m[33m,[39m[32m"condensedNormal"[39m])[33m.[39moptional()[33m,[39mvariant[33m:[39mr[33m.[39m[36menum[39m([[32m"linear"[39m[33m,[39m[32m"natural"[39m])[33m.[39moptional()[33m,[39mchartData[33m:[39mrr[33m,[39mxAxisLabel[33m:[39mr[33m.[39mstring()[33m.[39moptional()[33m,[39myAxisLabel[33m:[39mr[33m.[39mstring()[33m.[39moptional()})[33m,[39mfo[33m=[39mz[33m.[39mextend({component[33m:[39mr[33m.[39mliteral([32m"LineChartV2"[39m)[33m,[39mprops[33m:[39m[33mYm[39m})[33m,[39m[33mGm[39m[33m=[39mq(e[33m=>[39m{[36mswitch[39m(e[33m.[39mtype){[36mcase[39m [33mBr[39m[33m.[39m[33mCONDENSED_NORMAL[39m[33m:[39m[36mreturn[39m t([33mKr[39m[33m,[39m{[33m...[39me[33m,[39mtickVariant[33m:[39m[32m"angled"[39m})[33m;[39m[36mcase[39m [33mBr[39m[33m.[39m[33mNORMAL[39m[33m:[39m[36mdefault[39m[33m:[39m[36mreturn[39m t(uc[33m,[39m{[33m...[39me})}})[33m,[39m[33mJm[39m[33m=[39m[33mA[39m[33m.[39mextend({variant[33m:[39mr[33m.[39m[36menum[39m([[32m"pie"[39m[33m,[39m[32m"donut"[39m])[33m.[39moptional()[33m.[39m[36mdefault[39m([32m"pie"[39m)[33m,[39mchartData[33m:[39mcn})[33m,[39mbo[33m=[39mz[33m.[39mextend({component[33m:[39mr[33m.[39mliteral([32m"PieChartV2"[39m)[33m,[39mprops[33m:[39m[33mJm[39m})[33m,[39m[33mQm[39m[33m=[39mq(e[33m=>[39m{[36mconst[39m{categoryKey[33m:[39ma[33m,[39mdata[33m:[39mn[33m,[39m[33m...[39mi}[33m=[39me[33m;[39m[36mreturn[39m[33m![39ma[33m||[39m[33m![39mn[33m||[39mn[33m.[39mlength[33m===[39m[35m0[39m[33m||[39m[33mObject[39m[33m.[39mkeys(n[[35m0[39m])[33m.[39mlength[33m<[39m[35m2[39m[33m?[39m[36mnull[39m[33m:[39mt([33mPi[39m[33m,[39m{categoryKey[33m:[39ma[33m,[39mdata[33m:[39mn[33m,[39m[33m...[39mi})})[33m,[39mep[33m=[39m[33mA[39m[33m.[39mextend({chartData[33m:[39mrr})[33m,[39myo[33m=[39mz[33m.[39mextend({component[33m:[39mr[33m.[39mliteral([32m"RadarChartV2"[39m)[33m,[39mprops[33m:[39mep})[33m,[39mtp[33m=[39mq(e[33m=>[39m{[36mconst[39m{categoryKey[33m:[39ma[33m,[39mdata[33m:[39mn[33m,[39mdataKey[33m:[39mi[33m,[39m[33m...[39mo}[33m=[39me[33m,[39ms[33m=[39m[33mD[39m([36mnull[39m)[33m;[39m[36mif[39m([33m![39ma[33m||[39m[33m![39mn[33m||[39mn[33m.[39mlength[33m===[39m[35m0[39m[33m||[39mn[n[33m.[39mlength[33m-[39m[35m1[39m][a][33m===[39m[36mvoid[39m [35m0[39m[33m||[39mn[n[33m.[39mlength[33m-[39m[35m1[39m][i][33m===[39m[36mvoid[39m [35m0[39m){[36mif[39m(s[33m.[39mcurrent){[36mconst[39m{categoryKey[33m:[39ml[33m,[39mdata[33m:[39mc[33m,[39mdataKey[33m:[39md[33m,[39m[33m...[39mm}[33m=[39ms[33m.[39mcurrent[33m;[39m[36mreturn[39m t([33mRa[39m[33m,[39m{categoryKey[33m:[39ml[33m,[39mdata[33m:[39mc[33m,[39mdataKey[33m:[39md[33m,[39m[33m...[39mm})}[36mreturn[39m [36mnull[39m}[36mreturn[39m s[33m.[39mcurrent[33m=[39me[33m,[39mt([33mRa[39m[33m,[39m{categoryKey[33m:[39ma[33m,[39mdata[33m:[39mn[33m,[39mdataKey[33m:[39mi[33m,[39m[33m...[39mo})})[33m,[39map[33m=[39m[33mA[39m[33m.[39mextend({chartData[33m:[39mcn})[33m,[39mvo[33m=[39mz[33m.[39mextend({component[33m:[39mr[33m.[39mliteral([32m"RadialChartV2"[39m)[33m,[39mprops[33m:[39map})[33m,[39mrp[33m=[39m[33mA[39m[33m.[39mextend({chartData[33m:[39mqm[33m,[39mxAxisLabel[33m:[39mr[33m.[39mstring()[33m.[39moptional()[33m,[39myAxisLabel[33m:[39mr[33m.[39mstring()[33m.[39moptional()})[33m,[39mwo[33m=[39mz[33m.[39mextend({component[33m:[39mr[33m.[39mliteral([32m"ScatterChart"[39m)[33m,[39mprops[33m:[39mrp})[33m,[39mnp[33m=[39m[33mA[39m[33m.[39mextend({chartData[33m:[39mcn})[33m,[39mxo[33m=[39mz[33m.[39mextend({component[33m:[39mr[33m.[39mliteral([32m"SingleStackedBarChart"[39m)[33m,[39mprops[33m:[39mnp})[33m,[39mko[33m=[39mq(e[33m=>[39m{[36mconst[39m{categoryKey[33m:[39ma[33m,[39mdata[33m:[39mn[33m,[39mdataKey[33m:[39mi[33m,[39m[33m...[39mo}[33m=[39me[33m;[39m[36mreturn[39m t(md[33m,[39m{categoryKey[33m:[39ma[33m,[39mdata[33m:[39mn[33m,[39mdataKey[33m:[39mi[33m,[39mlegendVariant[33m:[39m(n[33m==[39m[36mnull[39m[33m?[39m[36mvoid[39m [35m0[39m[33m:[39mn[33m.[39mlength)[33m<[39m[35m6[39m[33m?[39m[32m"stacked"[39m[33m:[39m[32m"default"[39m[33m,[39m[33m...[39mo})})[33m;[39mko[33m.[39mdisplayName[33m=[39m[32m"SingleStackedBarChart"[39m[33m;[39m[36mconst[39m jt[33m=[39mr[33m.[39munion([go[33m,[39m_o[33m,[39mfo[33m,[39myo[33m,[39mvo[33m,[39mbo[33m,[39mxo[33m,[39mwo])[33m.[39mdescribe([32m"$ref:chartV2Component"[39m)[33m,[39m[33mNo[39m[33m=[39m(e[33m,[39ma)[33m=>[39mn[33m=>[39m{[36mconst[39m{children[33m:[39mi}[33m=[39me[33m,[39mo[33m=[39m{}[33m;[39m[36mreturn[39m i[33m.[39mforEach(s[33m=>[39m{o[s[33m.[39mprops[33m.[39mname][33m=[39ma(n[33m,[39ms[33m.[39mprops[33m.[39mname)})[33m,[39mo}[33m,[39mip[33m=[39mq(e[33m=>[39m{[36mconst[39m{children[33m:[39ma[33m,[39m[33m...[39mn}[33m=[39me[33m,[39mi[33m=[39m[33mRt[39m()[33m,[39mo[33m=[39m[33mFt[39m()[33m,[39ms[33m=[39m[33mBt[39m()[33m,[39ml[33m=[39m[33mNo[39m(e[33m,[39ms)[33m;[39m[36mreturn[39m t(gc[33m,[39m{[33m...[39mn[33m,[39mchildren[33m:[39ma[33m==[39m[36mnull[39m[33m?[39m[36mvoid[39m [35m0[39m[33m:[39ma[33m.[39mmap(c[33m=>[39m{[36mconst[39m{exploreButton[33m:[39md[33m,[39m[33m...[39mm}[33m=[39mc[33m.[39mprops[33m;[39m[36mreturn[39m t([33mK[39m[33m,[39m{component[33m:[39mc[33m.[39mcomponent[33m,[39mprops[33m:[39m{[33m...[39mm[33m,[39mlabel[33m:[39mp([32m"div"[39m[33m,[39m{className[33m:[39m[32m"c1-check-box-item-label"[39m[33m,[39mchildren[33m:[39m[c[33m.[39mprops[33m.[39mlabel[33m,[39md[33m&&[39mt([33mK[39m[33m,[39m{component[33m:[39md[33m.[39mcomponent[33m,[39mprops[33m:[39m{[33m...[39md[33m.[39mprops[33m,[39mparentValue[33m:[39mc[33m.[39mprops[33m.[39mlabel}})]})[33m,[39monChange[33m:[39m(h[33m=[39mc[33m.[39mprops[33m.[39mname[33m,[39mu[33m=>[39m{[36mif[39m(i(o[33m==[39m[36mnull[39m[33m?[39m[36mvoid[39m [35m0[39m[33m:[39mo[33m.[39mformName[33m,[39m[32m"CheckBoxItem"[39m[33m,[39mh[33m,[39mu)[33m,[39m(o[33m==[39m[36mnull[39m[33m?[39m[36mvoid[39m [35m0[39m[33m:[39mo[33m.[39mvalidateField)[33m&&[39mn[33m.[39mrules){[36mconst[39m g[33m=[39m{[33m...[39ml(o[33m==[39m[36mnull[39m[33m?[39m[36mvoid[39m [35m0[39m[33m:[39mo[33m.[39mformName)[33m,[39m[h][33m:[39mu}[33m;[39mo[33m.[39mvalidateField(n[33m.[39mname[33m,[39mg[33m,[39mn[33m.[39mrules)}})}}[33m,[39mc[33m.[39mprops[33m.[39mname)[33m;[39m[36mvar[39m h})})})[33m,[39m[33mCo[39m[33m=[39m(e[33m,[39ma)[33m=>[39mn[33m=>[39m{[36mconst[39m{children[33m:[39mi}[33m=[39me[33m,[39mo[33m=[39m{}[33m;[39m[36mreturn[39m i[33m.[39mforEach(s[33m=>[39m{o[s[33m.[39mprops[33m.[39mname][33m=[39ma(n[33m,[39ms[33m.[39mprops[33m.[39mname)})[33m,[39mo}[33m,[39mop[33m=[39mq(e[33m=>[39m{[36mconst[39m{children[33m:[39ma[33m,[39m[33m...[39mn}[33m=[39me[33m,[39mi[33m=[39m[33mRt[39m()[33m,[39mo[33m=[39m[33mFt[39m()[33m,[39ms[33m=[39m[33mBt[39m()[33m,[39ml[33m=[39m[33mCo[39m(e[33m,[39ms)[33m;[39m[36mreturn[39m t(_c[33m,[39m{[33m...[39mn[33m,[39mchildren[33m:[39ma[33m==[39m[36mnull[39m[33m?[39m[36mvoid[39m [35m0[39m[33m:[39ma[33m.[39mmap(c[33m=>[39m{[36mconst[39m{exploreButton[33m:[39md[33m,[39m[33m...[39mm}[33m=[39mc[33m.[39mprops[33m;[39m[36mreturn[39m t([33mK[39m[33m,[39m{component[33m:[39mc[33m.[39mcomponent[33m,[39mprops[33m:[39m{[33m...[39mm[33m,[39mlabel[33m:[39mp([32m"div"[39m[33m,[39m{className[33m:[39m[32m"c1-switch-item-label"[39m[33m,[39mchildren[33m:[39m[c[33m.[39mprops[33m.[39mlabel[33m,[39md[33m&&[39mt([33mK[39m[33m,[39m{component[33m:[39md[33m.[39mcomponent[33m,[39mprops[33m:[39m{[33m...[39md[33m.[39mprops[33m,[39mparentValue[33m:[39mc[33m.[39mprops[33m.[39mlabel}})]})[33m,[39monChange[33m:[39m(h[33m=[39mc[33m.[39mprops[33m.[39mname[33m,[39mu[33m=>[39m{[36mif[39m(i(o[33m==[39m[36mnull[39m[33m?[39m[36mvoid[39m [35m0[39m[33m:[39mo[33m.[39mformName[33m,[39m[32m"SwitchItem"[39m[33m,[39mh[33m,[39mu)[33m,[39m(o[33m==[39m[36mnull[39m[33m?[39m[36mvoid[39m [35m0[39m[33m:[39mo[33m.[39mvalidateField)[33m&&[39mn[33m.[39mrules){[36mconst[39m g[33m=[39m{[33m...[39ml(o[33m==[39m[36mnull[39m[33m?[39m[36mvoid[39m [35m0[39m[33m:[39mo[33m.[39mformName)[33m,[39m[h][33m:[39mu}[33m;[39mo[33m.[39mvalidateField(n[33m.[39mname[33m,[39mg[33m,[39mn[33m.[39mrules)}})}}[33m,[39mc[33m.[39mprops[33m.[39mname)[33m;[39m[36mvar[39m h})})})[33m,[39msp[33m=[39mq(e[33m=>[39m{[36mvar[39m b[33m;[39m[36mconst[39m{label[33m:[39ma[33m,[39mhint[33m:[39mn}[33m=[39me[33m,[39m{component[33m:[39mi[33m,[39mprops[33m:[39mo}[33m=[39me[33m.[39mchildren[33m,[39ms[33m=[39mi[33m===[39m[32m"Slider"[39m[33m,[39ml[33m=[39m[33mFt[39m()[33m,[39mc[33m=[39m[33mBt[39m()[33m,[39md[33m=[39m$e()[33m,[39mm[33m=[39mo[33m.[39mname[33m,[39mh[33m=[39ml[33m&&[39mm[33m?[39ml[33m.[39merrors[m][33m:[39m[36mvoid[39m [35m0[39m[33m,[39mu[33m=[39m[33m![39m[33m![39m((b[33m=[39mo[33m==[39m[36mnull[39m[33m?[39m[36mvoid[39m [35m0[39m[33m:[39mo[33m.[39mrules)[33m!=[39m[36mnull[39m[33m&&[39mb[33m.[39mrequired)[33m;[39m[33mV[39m(()[33m=>[39m{[33m![39md[33m&&[39mo[33m.[39mrules[33m&&[39m(l[33m==[39m[36mnull[39m[33m||[39ml[33m.[39mregisterField(m[33m,[39mo[33m.[39mrules[33m,[39mlp(i[33m,[39mo[33m,[39mc)))}[33m,[39m[d[33m,[39ml[33m==[39m[36mnull[39m[33m?[39m[36mvoid[39m [35m0[39m[33m:[39ml[33m.[39mregisterField])[33m;[39m[36mconst[39m g[33m=[39ms[33m?[39m{[33m...[39mo[33m,[39mlabel[33m:[39ma}[33m:[39mo[33m;[39m[36mreturn[39m p(fc[33m,[39m{hasError[33m:[39ms[33m?[39m[36mvoid[39m [35m0[39m[33m:[39m[33m![39m[33m![39mh[33m,[39mchildren[33m:[39m[a[33m&&[39m[33m![39ms[33m&&[39mt(bc[33m,[39m{required[33m:[39mu[33m,[39mchildren[33m:[39ma})[33m,[39mi[33m&&[39mt([33mK[39m[33m,[39m{component[33m:[39mi[33m,[39mprops[33m:[39mg})[33m,[39m[33m![39ms[33m&&[39m(h[33m||[39mn)[33m&&[39mp(yc[33m,[39m{children[33m:[39m[h[33m?[39mt(sa[33m,[39m{size[33m:[39m[35m14[39m})[33m:[39m[36mnull[39m[33m,[39mh[33m||[39mn]})]})})[33m,[39mlp[33m=[39m(e[33m,[39ma[33m,[39mn)[33m=>[39m{[36mswitch[39m(e){[36mcase[39m[32m"SwitchGroup"[39m[33m:[39m[36mreturn[39m [33mCo[39m(a[33m,[39mn)[33m;[39m[36mcase[39m[32m"CheckBoxGroup"[39m[33m:[39m[36mreturn[39m [33mNo[39m(a[33m,[39mn)[33m;[39m[36mdefault[39m[33m:[39m[36mreturn[39m n}}[33m,[39mcp[33m=[39m[33mA[39m[33m.[39mextend({icon[33m:[39mke[33m,[39mactionLabel[33m:[39mr[33m.[39mstring()[33m,[39maction[33m:[39mha})[33m,[39mnr[33m=[39mz[33m.[39mextend({component[33m:[39mr[33m.[39mliteral([32m"ExploreButton"[39m)[33m,[39mprops[33m:[39mcp})[33m,[39mdp[33m=[39m[33mA[39m[33m.[39mextend({label[33m:[39mr[33m.[39mstring()[33m,[39mdescription[33m:[39mr[33m.[39mstring()[33m.[39moptional()[33m,[39mname[33m:[39mr[33m.[39mstring()[33m.[39m[36mdefault[39m([32m"default"[39m)[33m,[39mdefaultChecked[33m:[39mr[33m.[39mboolean()[33m.[39moptional()[33m,[39mexploreButton[33m:[39mnr[33m.[39moptional()})[33m,[39m[33mSo[39m[33m=[39mz[33m.[39mextend({component[33m:[39mr[33m.[39mliteral([32m"CheckBoxItem"[39m)[33m,[39mprops[33m:[39mdp})[33m,[39mmp[33m=[39m[33mA[39m[33m.[39mextend({children[33m:[39mr[33m.[39marray([33mSo[39m)[33m,[39mname[33m:[39mr[33m.[39mstring()[33m.[39m[36mdefault[39m([32m""[39m)[33m,[39mrules[33m:[39mr[33m.[39mobject({required[33m:[39mr[33m.[39mboolean()[33m.[39moptional()})[33m.[39moptional()})[33m,[39m[33mTo[39m[33m=[39mz[33m.[39mextend({component[33m:[39mr[33m.[39mliteral([32m"CheckBoxGroup"[39m)[33m,[39mprops[33m:[39mmp})[33m,[39mpp[33m=[39m[33mA[39m[33m.[39mextend({mode[33m:[39mr[33m.[39m[36menum[39m([[32m"single"[39m[33m,[39m[32m"range"[39m])[33m.[39moptional()[33m,[39mname[33m:[39mr[33m.[39mstring()[33m.[39m[36mdefault[39m([32m""[39m)[33m,[39msingleDefaultDate[33m:[39mr[33m.[39mstring()[33m.[39moptional()[33m,[39mrangeDefaultDates[33m:[39mr[33m.[39marray(r[33m.[39mstring())[33m.[39moptional()[33m,[39mrules[33m:[39mr[33m.[39mobject({required[33m:[39mr[33m.[39mboolean()[33m.[39moptional()})[33m.[39moptional()})[33m,[39m[33mEo[39m[33m=[39mz[33m.[39mextend({component[33m:[39mr[33m.[39mliteral([32m"DatePicker"[39m)[33m,[39mprops[33m:[39mpp})[33m,[39mhp[33m=[39m[33mA[39m[33m.[39mextend({name[33m:[39mr[33m.[39mstring()[33m.[39m[36mdefault[39m([32m""[39m)[33m,[39mplaceholder[33m:[39mr[33m.[39mstring()[33m.[39moptional()[33m,[39mtype[33m:[39mr[33m.[39mstring()[33m.[39moptional()[33m,[39mdefaultValue[33m:[39mr[33m.[39mstring()[33m.[39moptional()[33m,[39mrules[33m:[39mr[33m.[39mobject({required[33m:[39mr[33m.[39mboolean()[33m.[39moptional()[33m,[39mminLength[33m:[39mr[33m.[39mnumber()[33m.[39moptional()[33m,[39mmaxLength[33m:[39mr[33m.[39mnumber()[33m.[39moptional()[33m,[39mmin[33m:[39mr[33m.[39mnumber()[33m.[39moptional()[33m,[39mmax[33m:[39mr[33m.[39mnumber()[33m.[39moptional()})[33m.[39moptional()})[33m,[39m[33mPo[39m[33m=[39mz[33m.[39mextend({component[33m:[39mr[33m.[39mliteral([32m"Input"[39m)[33m,[39mprops[33m:[39mhp})[33m,[39mup[33m=[39mq(e[33m=>[39m{[36mconst[39m{children[33m:[39ma[33m,[39m[33m...[39mn}[33m=[39me[33m;[39m[36mreturn[39m t(vc[33m,[39m{[33m...[39mn[33m,[39mchildren[33m:[39ma[33m==[39m[36mnull[39m[33m?[39m[36mvoid[39m [35m0[39m[33m:[39ma[33m.[39mmap(i[33m=>[39m{[36mconst[39m{exploreButton[33m:[39mo[33m,[39m[33m...[39ms}[33m=[39mi[33m.[39mprops[33m;[39m[36mreturn[39m t([33mK[39m[33m,[39m{component[33m:[39mi[33m.[39mcomponent[33m,[39mprops[33m:[39m{[33m...[39ms[33m,[39mlabel[33m:[39mp([32m"div"[39m[33m,[39m{className[33m:[39m[32m"c1-radio-item-label"[39m[33m,[39mchildren[33m:[39m[i[33m.[39mprops[33m.[39mlabel[33m,[39mo[33m&&[39mt([33mK[39m[33m,[39m{component[33m:[39mo[33m.[39mcomponent[33m,[39mprops[33m:[39m{[33m...[39mo[33m.[39mprops[33m,[39mparentValue[33m:[39mi[33m.[39mprops[33m.[39mlabel}})]})}}[33m,[39mi[33m.[39mprops[33m.[39mvalue)})})})[33m,[39mgp[33m=[39m[33mA[39m[33m.[39mextend({label[33m:[39mr[33m.[39mstring()[33m,[39mdescription[33m:[39mr[33m.[39mstring()[33m.[39moptional()[33m,[39mvalue[33m:[39mr[33m.[39mstring()[33m.[39m[36mdefault[39m([32m""[39m)[33m,[39mexploreButton[33m:[39mnr[33m.[39moptional()})[33m,[39m[33mIo[39m[33m=[39mz[33m.[39mextend({component[33m:[39mr[33m.[39mliteral([32m"RadioItem"[39m)[33m,[39mprops[33m:[39mgp})[33m,[39m_p[33m=[39m[33mA[39m[33m.[39mextend({name[33m:[39mr[33m.[39mstring()[33m.[39m[36mdefault[39m([32m""[39m)[33m,[39mchildren[33m:[39mr[33m.[39marray([33mIo[39m)[33m,[39mdefaultValue[33m:[39mr[33m.[39mstring()[33m.[39moptional()[33m,[39mrules[33m:[39mr[33m.[39mobject({required[33m:[39mr[33m.[39mboolean()[33m.[39moptional()})[33m.[39moptional()})[33m,[39m[33mAo[39m[33m=[39mz[33m.[39mextend({component[33m:[39mr[33m.[39mliteral([32m"RadioGroup"[39m)[33m,[39mprops[33m:[39m_p})[33m,[39m[33mLo[39m[33m=[39mz[33m.[39mextend({component[33m:[39mr[33m.[39mliteral([32m"SelectLabel"[39m)[33m,[39mprops[33m:[39m[33mA[39m[33m.[39mextend({text[33m:[39mr[33m.[39mstring()})})[33m,[39m[33mMo[39m[33m=[39mz[33m.[39mextend({component[33m:[39mr[33m.[39mliteral([32m"SelectSeparator"[39m)})[33m,[39m$o[33m=[39mz[33m.[39mextend({component[33m:[39mr[33m.[39mliteral([32m"SelectItem"[39m)[33m,[39mprops[33m:[39m[33mA[39m[33m.[39mextend({value[33m:[39mr[33m.[39mstring()[33m,[39mchildren[33m:[39mr[33m.[39mstring()})})[33m,[39mfp[33m=[39mr[33m.[39munion([[33mLo[39m[33m,[39m[33mMo[39m[33m,[39m$o])[33m,[39mbp[33m=[39m[33mA[39m[33m.[39mextend({placeholder[33m:[39mr[33m.[39mstring()[33m.[39moptional()[33m,[39mchildren[33m:[39mr[33m.[39marray(fp)[33m.[39moptional()[33m,[39mdefaultValue[33m:[39mr[33m.[39mstring()[33m.[39moptional()[33m,[39mname[33m:[39mr[33m.[39mstring()[33m.[39m[36mdefault[39m([32m""[39m)[33m,[39mrules[33m:[39mr[33m.[39mobject({required[33m:[39mr[33m.[39mboolean()[33m.[39moptional()})[33m.[39moptional()})[33m,[39m[33mOo[39m[33m=[39mz[33m.[39mextend({component[33m:[39mr[33m.[39mliteral([32m"Select"[39m)[33m,[39mprops[33m:[39mbp})[33m,[39myp[33m=[39mq(e[33m=>[39m{[36mconst[39m{placeholder[33m:[39ma[33m,[39mchildren[33m:[39mn[33m,[39m[33m...[39mi}[33m=[39me[33m;[39m[36mreturn[39m p(ea[33m,[39m{[33m...[39mi[33m,[39mchildren[33m:[39m[t([33mPa[39m[33m,[39m{size[33m:[39m[32m"lg"[39m[33m,[39mchildren[33m:[39mt([33mIa[39m[33m,[39m{placeholder[33m:[39ma})})[33m,[39mt(ta[33m,[39m{children[33m:[39mt(wc[33m,[39m{children[33m:[39mn[33m==[39m[36mnull[39m[33m?[39m[36mvoid[39m [35m0[39m[33m:[39mn[33m.[39mmap((o[33m,[39ms)[33m=>[39mt([33mK[39m[33m,[39m{[33m...[39mo}[33m,[39m[32m`select-item-${s}`[39m))})})]})})[33m,[39mvp[33m=[39m[33mA[39m[33m.[39mextend({variant[33m:[39mr[33m.[39m[36menum[39m([[32m"continuous"[39m[33m,[39m[32m"discrete"[39m])[33m,[39mmin[33m:[39mr[33m.[39mnumber()[33m.[39m[36mdefault[39m([35m0[39m)[33m,[39mmax[33m:[39mr[33m.[39mnumber()[33m.[39m[36mdefault[39m([35m100[39m)[33m,[39mstep[33m:[39mr[33m.[39mnumber()[33m.[39moptional()[33m,[39mdefaultValue[33m:[39mr[33m.[39marray(r[33m.[39mnumber())[33m,[39mname[33m:[39mr[33m.[39mstring()[33m.[39m[36mdefault[39m([32m""[39m)[33m,[39mrules[33m:[39mr[33m.[39mobject({required[33m:[39mr[33m.[39mboolean()[33m.[39moptional()[33m,[39mmin[33m:[39mr[33m.[39mnumber()[33m.[39moptional()[33m,[39mmax[33m:[39mr[33m.[39mnumber()[33m.[39moptional()})[33m.[39moptional()})[33m,[39mzo[33m=[39mz[33m.[39mextend({component[33m:[39mr[33m.[39mliteral([32m"Slider"[39m)[33m,[39mprops[33m:[39mvp})[33m,[39mkr[33m=[39m({value[33m:[39me[33m,[39monChange[33m:[39ma[33m,[39merror[33m:[39mn})[33m=>[39m{[36mconst[39m[i[33m,[39mo][33m=[39m[33mF[39m(e)[33m,[39m[s[33m,[39ml][33m=[39m[33mF[39m([33m![39m[35m1[39m)[33m;[39m[36mreturn[39m [33mV[39m(()[33m=>[39m{s[33m||[39mo(e)}[33m,[39m[e[33m,[39ms])[33m,[39mt([32m"div"[39m[33m,[39m{className[33m:[39m[32m"c1-slider-block__validated-input"[39m[33m,[39mchildren[33m:[39mt([33mOt[39m[33m,[39m{type[33m:[39m[32m"text"[39m[33m,[39mvalue[33m:[39mi[33m,[39monChange[33m:[39mc[33m=>[39m{[36mconst[39m{value[33m:[39md}[33m=[39mc[33m.[39mtarget[33m;[39mo(d)[33m,[39misNaN([33mNumber[39m(d))[33m||[39ma([33mNumber[39m(d))}[33m,[39mclassName[33m:[39m[33mT[39m([32m"c1-slider-block__input"[39m[33m,[39m{[32m"c1-slider-block__input-error"[39m[33m:[39mn})[33m,[39monFocus[33m:[39m()[33m=>[39ml([33m![39m[35m0[39m)[33m,[39monBlur[33m:[39m()[33m=>[39ml([33m![39m[35m1[39m)})})}[33m,[39mwp[33m=[39m[33mA[39m[33m.[39mextend({label[33m:[39mr[33m.[39mstring()[33m,[39mdescription[33m:[39mr[33m.[39mstring()[33m.[39moptional()[33m,[39mname[33m:[39mr[33m.[39mstring()[33m.[39m[36mdefault[39m([32m""[39m)[33m,[39mdefaultChecked[33m:[39mr[33m.[39mboolean()[33m.[39moptional()[33m,[39mexploreButton[33m:[39mnr[33m.[39moptional()})[33m,[39m[33mBo[39m[33m=[39mz[33m.[39mextend({component[33m:[39mr[33m.[39mliteral([32m"SwitchItem"[39m)[33m,[39mprops[33m:[39mwp})[33m,[39mxp[33m=[39m[33mA[39m[33m.[39mextend({children[33m:[39mr[33m.[39marray([33mBo[39m)[33m,[39mname[33m:[39mr[33m.[39mstring()[33m.[39m[36mdefault[39m([32m""[39m)[33m,[39mrules[33m:[39mr[33m.[39mobject({required[33m:[39mr[33m.[39mboolean()[33m.[39moptional()})[33m.[39moptional()})[33m,[39m[33mRo[39m[33m=[39mz[33m.[39mextend({component[33m:[39mr[33m.[39mliteral([32m"SwitchGroup"[39m)[33m,[39mprops[33m:[39mxp})[33m,[39mkp[33m=[39m[33mA[39m[33m.[39mextend({placeholder[33m:[39mr[33m.[39mstring()[33m.[39moptional()[33m,[39mrows[33m:[39mr[33m.[39mnumber()[33m.[39moptional()[33m,[39mdefaultValue[33m:[39mr[33m.[39mstring()[33m.[39moptional()[33m,[39mname[33m:[39mr[33m.[39mstring()[33m.[39m[36mdefault[39m([32m""[39m)[33m,[39mrules[33m:[39mr[33m.[39mobject({required[33m:[39mr[33m.[39mboolean()[33m.[39moptional()[33m,[39mminLength[33m:[39mr[33m.[39mnumber()[33m.[39moptional()[33m,[39mmaxLength[33m:[39mr[33m.[39mnumber()[33m.[39moptional()})[33m.[39moptional()})[33m,[39m[33mDo[39m[33m=[39mz[33m.[39mextend({component[33m:[39mr[33m.[39mliteral([32m"TextArea"[39m)[33m,[39mprops[33m:[39mkp})[33m,[39m[33mNp[39m[33m=[39m[33mA[39m[33m.[39mextend({label[33m:[39mr[33m.[39mstring()[33m,[39mvalue[33m:[39mr[33m.[39mstring()[33m.[39m[36mdefault[39m([32m""[39m)[33m,[39mname[33m:[39mr[33m.[39mstring()[33m.[39m[36mdefault[39m([32m"default"[39m)[33m,[39mdefaultChecked[33m:[39mr[33m.[39mboolean()[33m.[39moptional()[33m,[39micon[33m:[39mso[33m.[39moptional()})[33m,[39m[33mCp[39m[33m=[39m[33mA[39m[33m.[39mextend({name[33m:[39mr[33m.[39mstring()[33m.[39m[36mdefault[39m([32m""[39m)[33m,[39mmultiselect[33m:[39mr[33m.[39mboolean()[33m.[39m[36mdefault[39m([33m![39m[35m1[39m)[33m,[39mvariant[33m:[39mr[33m.[39m[36menum[39m([[32m"icon"[39m[33m,[39m[32m"letter"[39m[33m,[39m[32m"number"[39m])[33m,[39mdefaultValue[33m:[39mr[33m.[39mstring()[33m.[39moptional()[33m,[39mrules[33m:[39mr[33m.[39mobject({required[33m:[39mr[33m.[39mboolean()[33m.[39moptional()})[33m.[39moptional()[33m,[39mchildren[33m:[39mr[33m.[39marray([33mNp[39m)})[33m,[39m[33mFo[39m[33m=[39mz[33m.[39mextend({component[33m:[39mr[33m.[39mliteral([32m"TileOptionBlock"[39m)[33m,[39mprops[33m:[39m[33mCp[39m})[33m,[39mjo[33m=[39mq(e[33m=>[39m{[36mconst[39m{label[33m:[39ma[33m,[39mvariant[33m:[39mn[33m,[39mchecked[33m:[39mi[33m,[39mindex[33m:[39mo[33m,[39monChange[33m:[39ms}[33m=[39me[33m,[39ml[33m=[39mn[33m===[39m[32m"icon"[39m[33m?[39m[32m"icon"[39m[33m:[39m[32m"letter"[39m[33m;[39m[36mreturn[39m p([32m"div"[39m[33m,[39m{className[33m:[39m[32m"c1-tile-option-item "[39m[33m+[39m(i[33m?[39m[32m"c1-tile-option-item-selected"[39m[33m:[39m[32m""[39m)[33m,[39monClick[33m:[39ms[33m,[39mrole[33m:[39me[33m.[39mmultiselect[33m?[39m[32m"checkbox"[39m[33m:[39m[32m"radio"[39m[33m,[39m[32m"aria-checked"[39m[33m:[39mi[33m,[39mtabIndex[33m:[39m[35m0[39m[33m,[39monKeyDown[33m:[39md[33m=>[39m{d[33m.[39mkey[33m!==[39m[32m"Enter"[39m[33m&&[39md[33m.[39mkey[33m!==[39m[32m" "[39m[33m||[39m(d[33m.[39mpreventDefault()[33m,[39ms())}[33m,[39mchildren[33m:[39m[p([32m"div"[39m[33m,[39m{className[33m:[39m[32m`c1-tile-option-item-indicator c1-tile-option-item-indicator-${l}`[39m[33m,[39mchildren[33m:[39m[n[33m===[39m[32m"letter"[39m[33m&&[39mt([32m"span"[39m[33m,[39m{className[33m:[39m[32m"c1-tile-option-item-letter"[39m[33m,[39mchildren[33m:[39m(c[33m=[39mo[33m,[39m[33mString[39m[33m.[39mfromCharCode([35m65[39m[33m+[39mc))})[33m,[39mn[33m===[39m[32m"number"[39m[33m&&[39mt([32m"span"[39m[33m,[39m{className[33m:[39m[32m"c1-tile-option-item-letter"[39m[33m,[39mchildren[33m:[39m(d[33m=>[39m(d[33m+[39m[35m1[39m)[33m.[39mtoString())(o)})[33m,[39mn[33m===[39m[32m"icon"[39m[33m&&[39me[33m.[39micon[33m&&[39mt(de[33m,[39m{name[33m:[39me[33m.[39micon[33m.[39mname[33m,[39mcategory[33m:[39me[33m.[39micon[33m.[39mcategory[33m||[39m[32m"core"[39m[33m,[39msize[33m:[39m[35m16[39m})]})[33m,[39mt([32m"div"[39m[33m,[39m{className[33m:[39m[32m"c1-tile-option-item-label"[39m[33m,[39mchildren[33m:[39ma})]})[33m;[39m[36mvar[39m c})[33m;[39mjo[33m.[39mdisplayName[33m=[39m[32m"TileOptionItem"[39m[33m;[39m[36mconst[39m [33mVo[39m[33m=[39mq(e[33m=>[39m{[36mconst[39m{children[33m:[39ma[33m,[39mmultiselect[33m:[39mn[33m=[39m[33m![39m[35m1[39m[33m,[39mvariant[33m:[39mi[33m,[39m[33m...[39mo}[33m=[39me[33m,[39ms[33m=[39m[33mRt[39m()[33m,[39ml[33m=[39m[33mFt[39m()[33m,[39mc[33m=[39m[33mBt[39m()[33m,[39md[33m=[39m((y[33m,[39m_[33m,[39mv)[33m=>[39m[33mN[39m[33m=>[39m{[36mif[39m(v){[36mconst[39m{children[33m:[39mx}[33m=[39my[33m,[39m[33mC[39m[33m=[39m{}[33m;[39m[36mreturn[39m x[33m.[39mforEach(k[33m=>[39m{[36mconst[39m [33mS[39m[33m=[39mk[33m.[39mvalue[33m||[39mk[33m.[39mname[33m;[39m[33mC[39m[[33mS[39m][33m=[39m_([33mN[39m[33m,[39m[33mS[39m)})[33m,[39m[33mC[39m}{[36mconst[39m{name[33m:[39mx}[33m=[39my[33m;[39m[36mreturn[39m _([33mN[39m[33m,[39mx)}})(e[33m,[39mc[33m,[39mn)[33m,[39mm[33m=[39ml[33m==[39m[36mnull[39m[33m?[39m[36mvoid[39m [35m0[39m[33m:[39ml[33m.[39mformName[33m,[39mh[33m=[39mo[33m.[39mname[33m,[39mu[33m=[39mo[33m.[39mdefaultValue[33m,[39mg[33m=[39mn[33m?[39m[36mvoid[39m [35m0[39m[33m:[39mc(m[33m,[39mh)[33m;[39m[33mKe[39m({formName[33m:[39mm[33m,[39mcomponentType[33m:[39m[32m"TileOptionBlock"[39m[33m,[39mname[33m:[39mh[33m,[39mexistingValue[33m:[39mg[33m,[39mdefaultValue[33m:[39mn[33m?[39m[36mvoid[39m [35m0[39m[33m:[39mu})[33m;[39m[36mconst[39m b[33m=[39mn[33m?[39md((l[33m==[39m[36mnull[39m[33m?[39m[36mvoid[39m [35m0[39m[33m:[39ml[33m.[39mformName)[33m||[39m[32m""[39m)[33m:[39mc((l[33m==[39m[36mnull[39m[33m?[39m[36mvoid[39m [35m0[39m[33m:[39ml[33m.[39mformName)[33m||[39m[32m""[39m[33m,[39mo[33m.[39mname)[33m?[39m[33m?[39mo[33m.[39mdefaultValue[33m,[39mf[33m=[39mar()[33m;[39m[36mreturn[39m t([32m"div"[39m[33m,[39m{className[33m:[39m[32m"c1-tile-option-block"[39m[33m,[39mchildren[33m:[39ma[33m==[39m[36mnull[39m[33m?[39m[36mvoid[39m [35m0[39m[33m:[39ma[33m.[39mmap((y[33m,[39m_)[33m=>[39m{[36mconst[39m v[33m=[39my[33m.[39mvalue[33m||[39my[33m.[39mname[33m,[39m[33mN[39m[33m=[39m[32m`${f}-${_}`[39m[33m,[39mx[33m=[39mn[33m?[39m(b[33m==[39m[36mnull[39m[33m?[39m[36mvoid[39m [35m0[39m[33m:[39mb[v])[33m?[39m[33m?[39my[33m.[39mdefaultChecked[33m?[39m[33m?[39m[33m![39m[35m1[39m[33m:[39mb[33m===[39my[33m.[39mvalue[33m;[39m[36mreturn[39m t(jo[33m,[39m{[33m...[39my[33m,[39mchecked[33m:[39mx[33m,[39mindex[33m:[39m_[33m,[39mmultiselect[33m:[39mn[33m,[39mvariant[33m:[39mi[33m,[39monChange[33m:[39mn[33m&&[39mv[33m?[39m()[33m=>[39m{[36mreturn[39m([33mC[39m[33m=[39mv[33m,[39mk[33m=>[39m{[36mif[39m(s(l[33m==[39m[36mnull[39m[33m?[39m[36mvoid[39m [35m0[39m[33m:[39ml[33m.[39mformName[33m,[39m[32m"TileOptionItem"[39m[33m,[39m[33mC[39m[33m,[39mk)[33m,[39m(l[33m==[39m[36mnull[39m[33m?[39m[36mvoid[39m [35m0[39m[33m:[39ml[33m.[39mvalidateField)[33m&&[39mo[33m.[39mrules){[36mconst[39m [33mS[39m[33m=[39m{[33m...[39md(l[33m==[39m[36mnull[39m[33m?[39m[36mvoid[39m [35m0[39m[33m:[39ml[33m.[39mformName)[33m,[39m[[33mC[39m][33m:[39mk}[33m;[39ml[33m.[39mvalidateField(o[33m.[39mname[33m,[39m[33mS[39m[33m,[39mo[33m.[39mrules)}})([33m![39mx)[33m;[39m[36mvar[39m [33mC[39m}[33m:[39m()[33m=>[39m{[36mreturn[39m [33mC[39m[33m=[39my[33m.[39mvalue[33m||[39m[32m""[39m[33m,[39ml[33m!=[39m[36mnull[39m[33m&&[39ml[33m.[39mvalidateField[33m&&[39mo[33m.[39mrules[33m&&[39ml[33m.[39mvalidateField(o[33m.[39mname[33m,[39m[33mC[39m[33m,[39mo[33m.[39mrules)[33m,[39m[36mvoid[39m s(l[33m==[39m[36mnull[39m[33m?[39m[36mvoid[39m [35m0[39m[33m:[39ml[33m.[39mformName[33m,[39m[32m"TileOptionBlock"[39m[33m,[39mo[33m.[39mname[33m,[39m[33mC[39m)[33m;[39m[36mvar[39m [33mC[39m}}[33m,[39m[33mN[39m)})})})[33m;[39m[33mVo[39m[33m.[39mdisplayName[33m=[39m[32m"TileOptionBlockWrapper"[39m[33m;[39m[36mconst[39m [33mHo[39m[33m=[39m[33mA[39m[33m.[39mextend({children[33m:[39mr[33m.[39munion([[33mPo[39m[33m,[39m[33mDo[39m[33m,[39m[33mOo[39m[33m,[39m[33mTo[39m[33m,[39m[33mAo[39m[33m,[39m[33mEo[39m[33m,[39mzo[33m,[39m[33mRo[39m[33m,[39m[33mFo[39m])[33m,[39mlabel[33m:[39mr[33m.[39mstring()[33m.[39m[36mdefault[39m([32m""[39m)[33m,[39mhint[33m:[39mr[33m.[39mstring()[33m.[39moptional()})[33m,[39m[33mSp[39m[33m=[39mz[33m.[39mextend({component[33m:[39mr[33m.[39mliteral([32m"FormControl"[39m)[33m,[39mprops[33m:[39m[33mHo[39m})[33m,[39m[33mTp[39m[33m=[39m[33mA[39m[33m.[39mextend({children[33m:[39mr[33m.[39marray([33mHo[39m)[33m,[39mbuttons[33m:[39m[33mGe[39m[33m.[39moptional()[33m,[39mname[33m:[39mr[33m.[39mstring()[33m.[39m[36mdefault[39m([32m"form"[39m)})[33m,[39mvt[33m=[39mz[33m.[39mextend({component[33m:[39mr[33m.[39mliteral([32m"Form"[39m)[33m,[39mprops[33m:[39m[33mTp[39m})[33m,[39m[33mEp[39m[33m=[39m({src[33m:[39me[33m,[39malt[33m:[39ma[33m,[39mclassName[33m:[39mn[33m,[39mimageLoading[33m:[39mi})[33m=>[39m{[36mconst[39m[o[33m,[39ms][33m=[39m[33mF[39m(i[33m||[39m[33m![39m[35m0[39m)[33m,[39m[l[33m,[39mc][33m=[39m[33mF[39m([33m![39m[35m1[39m)[33m,[39md[33m=[39m[33mD[39m([36mnull[39m)[33m,[39m{breakpoint[33m:[39mm}[33m=[39mnn(d)[33m,[39mh[33m=[39mm[33m===[39m[32m"mobile"[39m[33m;[39m[36mreturn[39m t([33mQ[39m[33m,[39m{children[33m:[39me[33m&&[39mp([32m"div"[39m[33m,[39m{ref[33m:[39md[33m,[39mclassName[33m:[39mfe([32m"c1-image-block-wrapper"[39m[33m,[39m{[32m"c1-image-block-wrapper--mobile"[39m[33m:[39mh[33m,[39m[32m"c1-image-block-wrapper--error"[39m[33m:[39ml}[33m,[39mn)[33m,[39mstyle[33m:[39me[33m&&[39m[33m![39ml[33m?[39m{[32m"--bg-image"[39m[33m:[39m[32m`url(${e})`[39m}[33m:[39m[36mvoid[39m [35m0[39m[33m,[39mchildren[33m:[39m[t([32m"img"[39m[33m,[39m{src[33m:[39me[33m,[39malt[33m:[39ma[33m,[39mclassName[33m:[39mfe([32m"c1-image-block-image"[39m[33m,[39m{[32m"c1-image-block-image--mobile"[39m[33m:[39mh[33m,[39m[32m"c1-image-block-image--error"[39m[33m:[39ml})[33m,[39monLoad[33m:[39m()[33m=>[39m{s([33m![39m[35m1[39m)[33m,[39mc([33m![39m[35m1[39m)}[33m,[39monError[33m:[39m()[33m=>[39m{s([33m![39m[35m1[39m)[33m,[39mc([33m![39m[35m0[39m)}})[33m,[39mo[33m&&[39mt([32m"div"[39m[33m,[39m{className[33m:[39m[32m"c1-image-loader"[39m})]})})}[33m,[39m[33mNr[39m[33m=[39m[36mnew[39m [33mMap[39m[33m,[39m[33mNa[39m[33m=[39m[36mnew[39m [33mMap[39m[33m,[39m[33mRr[39m[33m=[39m[36masync[39m(e[33m,[39ma)[33m=>[39m([33mNr[39m[33m.[39mhas(e)[33m||[39m([33mNa[39m[33m.[39mhas(e)[33m||[39m[33mNa[39m[33m.[39m[36mset[39m(e[33m,[39ma(e)[33m.[39mthen(({url[33m:[39mn[33m,[39mthumbnailUrl[33m:[39mi})[33m=>[39m{[36mconst[39m o[33m=[39m{url[33m:[39mn[33m,[39mthumbnailUrl[33m:[39mi[33m||[39mn}[33m;[39m[36mreturn[39m [33mNr[39m[33m.[39m[36mset[39m(e[33m,[39mo)[33m,[39m[33mNa[39m[33m.[39m[36mdelete[39m(e)[33m,[39mo}))[33m,[39m[36mawait[39m [33mNa[39m[33m.[39m[36mget[39m(e))[33m,[39m[33mNr[39m[33m.[39m[36mget[39m(e))[33m,[39mut[33m=[39mq(e[33m=>[39m{[36mconst[39m a[33m=[39me[33m.[39malt[33m,[39mn[33m=[39me[33m.[39msrc[33m,[39mi[33m=[39mn[33m||[39ma[33m,[39mo[33m=[39me[33m.[39mthumbnailOnly[33m,[39ms[33m=[39me[33m.[39mvariant[33m,[39m{searchImage[33m:[39ml}[33m=[39mxe()[33m;[39m[36mlet[39m c[33m;[39mc[33m=[39mn[33m?[39m[36masync[39m _[33m=>[39m({url[33m:[39m_[33m,[39mthumbnailUrl[33m:[39m[36mvoid[39m [35m0[39m})[33m:[39ml[33m;[39m[36mconst[39m d[33m=[39m$e()[33m,[39m[m[33m,[39mh][33m=[39m[33mF[39m([36mnull[39m)[33m,[39m[u[33m,[39mg][33m=[39m[33mF[39m([33m![39m[35m0[39m)[33m,[39mb[33m=[39m[33mD[39m([36mnull[39m)[33m,[39mf[33m=[39m[33mD[39m([35m0[39m)[33m,[39my[33m=[39m[36masync[39m _[33m=>[39m{[36mif[39m([33m![39m_)[36mreturn[39m[33m;[39m[36mconst[39m{url[33m:[39mv[33m,[39mthumbnailUrl[33m:[39m[33mN[39m}[33m=[39m[36mawait[39m [33mRr[39m(_[33m,[39mc)[33m;[39mh([33mN[39m[33m||[39mv)[33m,[39mo[33m||[39mv[33m===[39m([33mN[39m[33m||[39mv)[33m||[39m[36mawait[39m([36masync[39m x[33m=>[39m{[36mconst[39m [33mC[39m[33m=[39m[36mnew[39m [33mImage[39m[33m;[39m[33mC[39m[33m.[39msrc[33m=[39mx[33m,[39m[33mC[39m[33m.[39monload[33m=[39m()[33m=>[39m{h(x)}})(v)}[33m;[39m[36mreturn[39m [33mV[39m(()[33m=>[39m{c[33m&&[39mi[33m&&[39m[33m![39mm[33m&&[39m(d[33m&&[39mf[33m.[39mcurrent[33m!==[39m[33m-[39m[35m1[39m[33m?[39mb[33m.[39mcurrent[33m!==[39mi[33m?[39m(b[33m.[39mcurrent[33m=[39mi[33m,[39mf[33m.[39mcurrent[33m=[39m[35m1[39m)[33m:[39m(f[33m.[39mcurrent[33m+=[39m[35m1[39m[33m,[39mf[33m.[39mcurrent[33m>=[39m[35m3[39m[33m&&[39m(y(i)[33m,[39mf[33m.[39mcurrent[33m=[39m[33m-[39m[35m1[39m))[33m:[39md[33m||[39my(i))}[33m,[39m[d[33m,[39mi[33m,[39mf[33m.[39mcurrent])[33m,[39mc[33m&&[39m(e[33m.[39malt[33m||[39me[33m.[39msrc)[33m?[39mt([33mQ[39m[33m,[39m{children[33m:[39ms[33m===[39m[32m"ImageBlock"[39m[33m?[39mt([33mQ[39m[33m,[39m{children[33m:[39mm[33m&&[39mt([33mEp[39m[33m,[39m{src[33m:[39mm[33m,[39malt[33m:[39ma[33m,[39mimageLoading[33m:[39mu})})[33m:[39mp([32m"div"[39m[33m,[39m{className[33m:[39m[32m"c1-image-wrapper"[39m[33m,[39mchildren[33m:[39m[m[33m&&[39mt(kc[33m,[39m{src[33m:[39mm[33m,[39malt[33m:[39ma[33m,[39maspectRatio[33m:[39me[33m.[39maspectRatio[33m,[39mclassName[33m:[39m[32m`c1-image ${e.className||""}`[39m[33m,[39mscale[33m:[39m[32m"fill"[39m[33m,[39monLoad[33m:[39m()[33m=>[39m{g([33m![39m[35m1[39m)}})[33m,[39mu[33m&&[39mt([32m"div"[39m[33m,[39m{className[33m:[39m[32m"c1-image-loader"[39m})]})})[33m:[39m[36mnull[39m})[33m,[39m[33mPp[39m[33m=[39m[33mA[39m[33m.[39mextend({src[33m:[39mr[33m.[39mstring()[33m.[39moptional()[33m,[39malt[33m:[39mr[33m.[39mstring()[33m,[39maspectRatio[33m:[39mr[33m.[39mstring()[33m.[39moptional()})[33m,[39m[33mAe[39m[33m=[39mz[33m.[39mextend({component[33m:[39mr[33m.[39mliteral([32m"Image"[39m)[33m,[39mprops[33m:[39m[33mPp[39m})[33m,[39m[33mIp[39m[33m=[39me[33m=>[39m{[36mconst[39m{title[33m:[39ma[33m,[39msubtitle[33m:[39mn[33m,[39mvariant[33m:[39mi[33m,[39miconName[33m:[39mo[33m,[39miconCategory[33m:[39ms[33m,[39mimage[33m:[39ml[33m,[39mindex[33m:[39mc[33m=[39m[35m0[39m[33m,[39mlistHasSubtitle[33m:[39md[33m,[39mitemAction[33m:[39mm}[33m=[39me[33m,[39mh[33m=[39m[33mDt[39m()[33m,[39mu[33m=[39mm[33m==[39m[36mnull[39m[33m?[39m[36mvoid[39m [35m0[39m[33m:[39mm[33m.[39mlabel[33m,[39mg[33m=[39mm[33m==[39m[36mnull[39m[33m?[39m[36mvoid[39m [35m0[39m[33m:[39mm[33m.[39micon[33m,[39mb[33m=[39m[33m![39m[33m![39m(m[33m!=[39m[36mnull[39m[33m&&[39mm[33m.[39maction)[33m;[39m[36mreturn[39m t([32m"div"[39m[33m,[39m{className[33m:[39mfe([32m"c1-list-item-wrapper"[39m[33m,[39mb[33m&&[39m[32m"c1-list-item-wrapper-with-action"[39m)[33m,[39mchildren[33m:[39mp([32m"div"[39m[33m,[39m{className[33m:[39mfe([32m"c1-list-item"[39m[33m,[39mb[33m&&[39m[32m"c1-list-item-clickable"[39m)[33m,[39monClick[33m:[39mb[33m?[39m()[33m=>[39m{m[33m!=[39m[36mnull[39m[33m&&[39mm[33m.[39maction[33m&&[39mh[33m&&[39mh(a[33m,[39m[32m"User clicked on ListItem: "[39m[33m+[39ma[33m,[39m[36mvoid[39m [35m0[39m[33m,[39m{type[33m:[39mm[33m.[39maction[33m.[39mtype[33m,[39mparams[33m:[39mm[33m.[39maction[33m.[39mprops[33m?[39m[33m?[39m{}})}[33m:[39m[36mvoid[39m [35m0[39m[33m,[39mrole[33m:[39mb[33m?[39m[32m"button"[39m[33m:[39m[36mvoid[39m [35m0[39m[33m,[39mtabIndex[33m:[39mb[33m?[39m[35m0[39m[33m:[39m[36mvoid[39m [35m0[39m[33m,[39mchildren[33m:[39m[p([32m"div"[39m[33m,[39m{className[33m:[39mfe([32m"c1-list-item-indicator"[39m[33m,[39m[33m![39md[33m&&[39m[32m"c1-list-item-indicator-no-subtitle"[39m[33m,[39mb[33m&&[39m[32m"c1-list-item-indicator-clickable"[39m)[33m,[39mchildren[33m:[39m[i[33m===[39m[32m"number"[39m[33m&&[39mt([32m"div"[39m[33m,[39m{className[33m:[39m[32m"c1-list-item-indicator-number"[39m[33m,[39mchildren[33m:[39mc[33m+[39m[35m1[39m})[33m,[39mi[33m===[39m[32m"icon"[39m[33m&&[39mo[33m&&[39mt(de[33m,[39m{name[33m:[39mo[33m,[39mcategory[33m:[39ms[33m,[39msize[33m:[39m[35m16[39m})[33m,[39mi[33m===[39m[32m"image"[39m[33m&&[39ml[33m&&[39m(l[33m.[39msrc[33m||[39ml[33m.[39malt)[33m&&[39mt([32m"div"[39m[33m,[39m{className[33m:[39m[32m"c1-list-item-indicator-image"[39m[33m,[39mchildren[33m:[39mt(ut[33m,[39m{alt[33m:[39ml[33m.[39malt[33m,[39msrc[33m:[39ml[33m.[39msrc[33m,[39maspectRatio[33m:[39m[32m"1:1"[39m[33m,[39mthumbnailOnly[33m:[39m[33m![39m[35m0[39m[33m,[39mwidth[33m:[39m[35m40[39m[33m,[39mheight[33m:[39m[35m40[39m})})]})[33m,[39mp([32m"div"[39m[33m,[39m{className[33m:[39m[32m"c1-list-item-content-wrapper"[39m[33m,[39mchildren[33m:[39m[p([32m"div"[39m[33m,[39m{className[33m:[39m[32m"c1-list-item-content"[39m[33m,[39mchildren[33m:[39m[t([32m"div"[39m[33m,[39m{className[33m:[39m[32m"c1-list-item-title"[39m[33m,[39mchildren[33m:[39mt([33mEe[39m[33m,[39m{content[33m:[39ma})})[33m,[39mn[33m&&[39mt([32m"div"[39m[33m,[39m{className[33m:[39m[32m"c1-list-item-subtitle"[39m[33m,[39mchildren[33m:[39mt([33mEe[39m[33m,[39m{content[33m:[39mn})})]})[33m,[39mb[33m&&[39mp([32m"div"[39m[33m,[39m{className[33m:[39m[32m"c1-list-item-action-button"[39m[33m,[39mchildren[33m:[39m[u[33m&&[39mt([32m"div"[39m[33m,[39m{className[33m:[39m[32m"c1-list-item-action-label"[39m[33m,[39mchildren[33m:[39mu})[33m,[39mg[33m&&[39mt([32m"div"[39m[33m,[39m{className[33m:[39m[32m"c1-list-item-action-icon"[39m[33m,[39mchildren[33m:[39mt(de[33m,[39m{name[33m:[39mg[33m.[39mprops[33m.[39mname[33m,[39mcategory[33m:[39mg[33m.[39mprops[33m.[39mcategory[33m,[39msize[33m:[39m[35m16[39m})})]})]})]})})}[33m,[39m[33mAp[39m[33m=[39mr[33m.[39mobject({action[33m:[39mha[33m,[39mlabel[33m:[39mr[33m.[39mstring()[33m.[39moptional()[33m,[39micon[33m:[39mke[33m.[39moptional()})[33m,[39m[33mUo[39m[33m=[39m[33mA[39m[33m.[39mextend({title[33m:[39mr[33m.[39mstring()[33m,[39msubtitle[33m:[39mr[33m.[39mstring()[33m.[39moptional()[33m,[39miconName[33m:[39mr[33m.[39mstring()[33m.[39moptional()[33m,[39miconCategory[33m:[39mr[33m.[39mstring()[33m.[39moptional()[33m,[39mimage[33m:[39mr[33m.[39mobject({src[33m:[39mr[33m.[39mstring()[33m.[39moptional()[33m,[39malt[33m:[39mr[33m.[39mstring()})[33m.[39moptional()[33m,[39mitemAction[33m:[39m[33mAp[39m[33m.[39moptional()})[33m;[39mz[33m.[39mextend({component[33m:[39mr[33m.[39mliteral([32m"ListItem"[39m)[33m,[39mprops[33m:[39m[33mUo[39m})[33m;[39m[36mconst[39m [33mLp[39m[33m=[39m[33mA[39m[33m.[39mextend({heading[33m:[39mr[33m.[39mstring()[33m.[39moptional()[33m,[39mdescription[33m:[39mr[33m.[39mstring()[33m.[39moptional()[33m,[39mvariant[33m:[39mr[33m.[39m[36menum[39m([[32m"icon"[39m[33m,[39m[32m"image"[39m[33m,[39m[32m"number"[39m])[33m.[39m[36mdefault[39m([32m"number"[39m)[33m,[39mitems[33m:[39mr[33m.[39marray([33mUo[39m)})[33m,[39m[33mVt[39m[33m=[39mz[33m.[39mextend({component[33m:[39mr[33m.[39mliteral([32m"List"[39m)[33m,[39mprops[33m:[39m[33mLp[39m})[33m,[39m[33mMp[39m[33m=[39mq(e[33m=>[39m{[36mconst[39m{items[33m:[39ma[33m,[39m[33m...[39mn}[33m=[39me[33m,[39mi[33m=[39m[33mDt[39m()[33m;[39m[36mreturn[39m t([33mNc[39m[33m,[39m{[33m...[39mn[33m,[39mchildren[33m:[39ma[33m.[39mmap((o[33m,[39ms)[33m=>[39m{[36mvar[39m g[33m,[39mb[33m;[39m[36mconst[39m{imageAlt[33m:[39ml[33m,[39mimageSrc[33m:[39mc[33m,[39mtitle[33m:[39md[33m,[39msubtitle[33m:[39mm}[33m=[39mo[33m,[39mh[33m=[39mc[33m||[39ml[33m?[39mt(ut[33m,[39m{alt[33m:[39ml[33m,[39msrc[33m:[39mc[33m,[39maspectRatio[33m:[39m[32m"1:1"[39m[33m,[39mthumbnailOnly[33m:[39m[33m![39m[35m0[39m})[33m:[39m[36mvoid[39m [35m0[39m[33m,[39mu[33m=[39m(b[33m=[39m(g[33m=[39mo[33m.[39mdecorativeIcon)[33m==[39m[36mnull[39m[33m?[39m[36mvoid[39m [35m0[39m[33m:[39mg[33m.[39mprops)[33m!=[39m[36mnull[39m[33m&&[39mb[33m.[39mname[33m?[39mt(de[33m,[39m{name[33m:[39mo[33m.[39mdecorativeIcon[33m.[39mprops[33m.[39mname})[33m:[39m[36mvoid[39m [35m0[39m[33m;[39m[36mreturn[39m p([32m"div"[39m[33m,[39m{className[33m:[39m[32m"crayon-list-item c1-list-item"[39m[33m,[39monClick[33m:[39m()[33m=>[39m{i[33m&&[39mi(d[33m,[39m[32m"User clicked on ListItem: "[39m[33m+[39md[33m,[39m[36mvoid[39m [35m0[39m)}[33m,[39mchildren[33m:[39m[h[33m&&[39mt([32m"div"[39m[33m,[39m{className[33m:[39m[32m"c1-list-item-image-wrapper"[39m[33m,[39mchildren[33m:[39mh})[33m,[39mp([32m"div"[39m[33m,[39m{className[33m:[39m[32m"crayon-list-item-content"[39m[33m,[39mchildren[33m:[39m[u[33m&&[39mu[33m,[39md[33m&&[39mt([32m"div"[39m[33m,[39m{className[33m:[39m[32m"crayon-list-item-title"[39m[33m,[39mchildren[33m:[39md})[33m,[39mm[33m&&[39mt([32m"div"[39m[33m,[39m{className[33m:[39m[32m"crayon-list-item-subtitle"[39m[33m,[39mchildren[33m:[39mm})]})]}[33m,[39m[32m`list-item-${s}`[39m)})})})[33m,[39m$p[33m=[39m[33mA[39m[33m.[39mextend({decorativeIcon[33m:[39mke[33m.[39moptional()[33m,[39mtitle[33m:[39mr[33m.[39mstring()[33m,[39msubtitle[33m:[39mr[33m.[39mstring()[33m.[39moptional()[33m,[39mimage[33m:[39m[33mAe[39m[33m.[39moptional()})[33m,[39m[33mOp[39m[33m=[39mz[33m.[39mextend({component[33m:[39mr[33m.[39mliteral([32m"ListItem"[39m)[33m,[39mprops[33m:[39m$p})[33m,[39mzp[33m=[39m[33mA[39m[33m.[39mextend({items[33m:[39mr[33m.[39marray(r[33m.[39mobject({decorativeIcon[33m:[39mke[33m.[39moptional()[33m,[39mimageAlt[33m:[39mr[33m.[39mstring()[33m.[39moptional()[33m,[39mimageSrc[33m:[39mr[33m.[39mstring()[33m.[39moptional()[33m,[39mtitle[33m:[39mr[33m.[39mstring()[33m.[39m[36mdefault[39m([32m""[39m)[33m,[39msubtitle[33m:[39mr[33m.[39mstring()[33m.[39moptional()}))})[33m,[39m[33mHt[39m[33m=[39mz[33m.[39mextend({component[33m:[39mr[33m.[39mliteral([32m"ListBlock"[39m)[33m,[39mprops[33m:[39mzp})[33m,[39mqo[33m=[39m[33mA[39m[33m.[39mextend({text[33m:[39mr[33m.[39mstring()[33m.[39m[36mdefault[39m([32m""[39m)[33m,[39miconName[33m:[39mr[33m.[39mstring()[33m.[39moptional()[33m,[39miconCategory[33m:[39mr[33m.[39mstring()[33m.[39moptional()[33m,[39mvariant[33m:[39mr[33m.[39m[36menum[39m([[32m"neutral"[39m[33m,[39m[32m"info"[39m[33m,[39m[32m"success"[39m[33m,[39m[32m"warning"[39m[33m,[39m[32m"danger"[39m])[33m.[39m[36mdefault[39m([32m"neutral"[39m)})[33m,[39m[33mWo[39m[33m=[39mz[33m.[39mextend({component[33m:[39mr[33m.[39mliteral([32m"Tag"[39m)[33m,[39mprops[33m:[39mqo})[33m,[39m[33mBp[39m[33m=[39m[33mA[39m[33m.[39mextend({children[33m:[39mr[33m.[39marray(qo)})[33m,[39mpt[33m=[39mz[33m.[39mextend({component[33m:[39mr[33m.[39mliteral([32m"TagBlock"[39m)[33m,[39mprops[33m:[39m[33mBp[39m})[33m,[39m[33mKo[39m[33m=[39mq(e[33m=>[39m{[36mconst[39m{children[33m:[39ma[33m,[39msize[33m:[39mn[33m,[39m[33m...[39mi}[33m=[39me[33m;[39m[36mreturn[39m t([33mXa[39m[33m,[39m{[33m...[39mi[33m,[39mchildren[33m:[39ma[33m.[39mmap((o[33m,[39ms)[33m=>[39mt(bt[33m,[39m{text[33m:[39mo[33m.[39mtext[33m,[39micon[33m:[39mo[33m.[39miconName[33m?[39mt(de[33m,[39m{name[33m:[39mo[33m.[39miconName[33m,[39mcategory[33m:[39mo[33m.[39miconCategory})[33m:[39m[36mvoid[39m [35m0[39m[33m,[39msize[33m:[39mn[33m,[39mvariant[33m:[39mo[33m.[39mvariant}[33m,[39m[32m`tag-${s}`[39m))})})[33m,[39m[33mRp[39m[33m=[39m[33mA[39m[33m.[39mextend({children[33m:[39mr[33m.[39mstring()[33m.[39m[36mdefault[39m([32m""[39m)[33m,[39micon[33m:[39mke[33m.[39moptional()[33m,[39mtype[33m:[39mr[33m.[39m[36menum[39m([[32m"string"[39m[33m,[39m[32m"number"[39m[33m,[39m[32m"action"[39m])[33m.[39m[36mdefault[39m([32m"string"[39m)})[33m,[39m[33mXo[39m[33m=[39m[33mA[39m[33m.[39mextend({rows[33m:[39mr[33m.[39marray([33mRp[39m)})[33m;[39mz[33m.[39mextend({component[33m:[39mr[33m.[39mliteral([32m"TableHeader"[39m)[33m,[39mprops[33m:[39m[33mXo[39m})[33m;[39m[36mconst[39m [33mDp[39m[33m=[39mr[33m.[39mobject({label[33m:[39mr[33m.[39mstring()[33m,[39mleftIcon[33m:[39mke[33m.[39moptional()[33m,[39mrightIcon[33m:[39mke[33m.[39moptional()[33m,[39maction[33m:[39mha})[33m,[39m[33mFp[39m[33m=[39mr[33m.[39marray([33mDp[39m)[33m,[39mjp[33m=[39mr[33m.[39munion([r[33m.[39mstring()[33m.[39m[36mdefault[39m([32m""[39m)[33m,[39mpt[33m,[39m[33mFp[39m])[33m,[39m[33mVp[39m[33m=[39m[33mA[39m[33m.[39mextend({children[33m:[39mr[33m.[39marray(jp)})[33m,[39m[33mZo[39m[33m=[39m[33mA[39m[33m.[39mextend({rows[33m:[39mr[33m.[39marray([33mVp[39m)})[33m;[39mz[33m.[39mextend({component[33m:[39mr[33m.[39mliteral([32m"TableBody"[39m)[33m,[39mprops[33m:[39m[33mZo[39m})[33m;[39m[36mconst[39m [33mHp[39m[33m=[39m[33mA[39m[33m.[39mextend({tableHeader[33m:[39m[33mXo[39m[33m,[39mtableBody[33m:[39m[33mZo[39m})[33m,[39mua[33m=[39mz[33m.[39mextend({component[33m:[39mr[33m.[39mliteral([32m"Table"[39m)[33m,[39mprops[33m:[39m[33mHp[39m})[33m,[39m[33mUp[39m[33m=[39m[33mA[39m[33m.[39mextend({header[33m:[39mbe[33m.[39moptional()[33m,[39mvariant[33m:[39mr[33m.[39m[36menum[39m([[32m"clear"[39m[33m,[39m[32m"card"[39m[33m,[39m[32m"sunk"[39m])[33m.[39moptional()[33m,[39mtextMarkdown[33m:[39mr[33m.[39mstring()[33m.[39m[36mdefault[39m([32m""[39m)})[33m,[39m[33mDe[39m[33m=[39mz[33m.[39mextend({component[33m:[39mr[33m.[39mliteral([32m"TextContent"[39m)[33m,[39mprops[33m:[39m[33mUp[39m})[33m,[39mqp[33m=[39m[33mA[39m[33m.[39mextend({value[33m:[39mr[33m.[39mstring()[33m,[39mtrigger[33m:[39mr[33m.[39mobject({text[33m:[39mr[33m.[39mstring()[33m,[39micon[33m:[39mke[33m.[39moptional()})[33m,[39mcontent[33m:[39mr[33m.[39marray(r[33m.[39munion([[33mGe[39m[33m,[39m[33mDe[39m[33m,[39mjt[33m,[39mvt[33m,[39m[33mVt[39m[33m,[39mpt[33m,[39m[33mAe[39m[33m,[39mua[33m,[39m[33mYa[39m[33m,[39m[33mGa[39m[33m,[39m[33mJa[39m[33m,[39mtr[33m,[39mer[33m,[39m[33mQa[39m[33m,[39m[33mHt[39m]))[33m.[39moptional()})[33m,[39m[33mWp[39m[33m=[39m[33mA[39m[33m.[39mextend({header[33m:[39mbe[33m.[39moptional()[33m,[39mchildren[33m:[39mr[33m.[39marray(qp)})[33m,[39mir[33m=[39mz[33m.[39mextend({component[33m:[39mr[33m.[39mliteral([32m"Accordion"[39m)[33m,[39mprops[33m:[39m[33mWp[39m})[33m,[39m[33mKp[39m[33m=[39m[33mA[39m[33m.[39mextend({variant[33m:[39mr[33m.[39m[36menum[39m([[32m"neutral"[39m[33m,[39m[32m"info"[39m[33m,[39m[32m"warning"[39m[33m,[39m[32m"success"[39m])[33m.[39m[36mdefault[39m([32m"neutral"[39m)[33m,[39mtitle[33m:[39mr[33m.[39mstring()[33m.[39m[36mdefault[39m([32m""[39m)[33m,[39mdescription[33m:[39mr[33m.[39mstring()[33m.[39m[36mdefault[39m([32m""[39m)})[33m,[39mdn[33m=[39mz[33m.[39mextend({component[33m:[39mr[33m.[39mliteral([32m"Callout"[39m)[33m,[39mprops[33m:[39m[33mKp[39m})[33m,[39m[33mXp[39m[33m=[39mq(e[33m=>[39m{[36mconst[39m{title[33m:[39ma[33m,[39msourceName[33m:[39mn[33m,[39monClick[33m:[39mi[33m,[39mfaviconUrl[33m:[39mo[33m,[39murl[33m:[39ms[33m,[39msourceId[33m:[39ml}[33m=[39me[33m,[39mc[33m=[39ms[33m&&[39ms[33m.[39mtrim()[33m!==[39m[32m""[39m[33m;[39m[36mreturn[39m p([32m"button"[39m[33m,[39m{className[33m:[39m[33mT[39m([32m"c1-condensed-source-item"[39m[33m,[39m{[32m"c1-condensed-source-item--has-url"[39m[33m:[39mc})[33m,[39monClick[33m:[39m()[33m=>[39m{rn(s)[33m,[39mi[33m==[39m[36mnull[39m[33m||[39mi()}[33m,[39mtype[33m:[39m[32m"button"[39m[33m,[39m[32m"aria-label"[39m[33m:[39m[32m`Open source ${l??""}`[39m[33m.[39mtrim()[33m,[39m[32m"data-source-id"[39m[33m:[39ml[33m,[39mchildren[33m:[39m[t([32m"div"[39m[33m,[39m{className[33m:[39m[32m"c1-condensed-source-item__logo"[39m[33m,[39mchildren[33m:[39mt(sn[33m,[39m{url[33m:[39mo[33m,[39malt[33m:[39mn[33m,[39mwidth[33m:[39m[35m24[39m[33m,[39mheight[33m:[39m[35m24[39m})})[33m,[39mp([32m"div"[39m[33m,[39m{className[33m:[39m[32m"c1-condensed-source-item__content"[39m[33m,[39mchildren[33m:[39m[l[33m!==[39m[36mvoid[39m [35m0[39m[33m&&[39mt([32m"span"[39m[33m,[39m{className[33m:[39m[32m"c1-source-id-badge"[39m[33m,[39m[32m"aria-hidden"[39m[33m:[39m[32m"true"[39m[33m,[39mchildren[33m:[39ml})[33m,[39mp([32m"div"[39m[33m,[39m{className[33m:[39m[32m"c1-condensed-source-item__text"[39m[33m,[39mchildren[33m:[39m[t([32m"div"[39m[33m,[39m{className[33m:[39m[32m"c1-condensed-source-item__title"[39m[33m,[39mchildren[33m:[39ma})[33m,[39mt([32m"div"[39m[33m,[39m{className[33m:[39m[32m"c1-condensed-source-item__source"[39m[33m,[39mchildren[33m:[39mn})]})]})]})})[33m,[39m[33mZp[39m[33m=[39mq(e[33m=>[39m{[36mconst[39m{title[33m:[39ma[33m,[39msourceName[33m:[39mn[33m,[39monClick[33m:[39mi[33m,[39mfaviconUrl[33m:[39mo[33m,[39murl[33m:[39ms[33m,[39msourceId[33m:[39ml}[33m=[39me[33m,[39mc[33m=[39m()[33m=>[39m{rn(s)[33m,[39mi[33m==[39m[36mnull[39m[33m||[39mi()}[33m,[39md[33m=[39ms[33m&&[39ms[33m.[39mtrim()[33m!==[39m[32m""[39m[33m;[39m[36mreturn[39m p([32m"div"[39m[33m,[39m{className[33m:[39m[33mT[39m([32m"c1-listed-source-item"[39m[33m,[39m{[32m"c1-listed-source-item--has-url"[39m[33m:[39md})[33m,[39monClick[33m:[39mc[33m,[39mrole[33m:[39m[32m"button"[39m[33m,[39mtabIndex[33m:[39m[35m0[39m[33m,[39m[32m"data-source-id"[39m[33m:[39ml[33m,[39monKeyDown[33m:[39mm[33m=>[39m{m[33m.[39mkey[33m!==[39m[32m"Enter"[39m[33m&&[39mm[33m.[39mkey[33m!==[39m[32m" "[39m[33m||[39m(m[33m.[39mpreventDefault()[33m,[39mc())}[33m,[39mchildren[33m:[39m[p([32m"div"[39m[33m,[39m{className[33m:[39m[32m"c1-listed-source-item__header"[39m[33m,[39mchildren[33m:[39m[t([32m"div"[39m[33m,[39m{className[33m:[39m[32m"c1-listed-source-item__logo"[39m[33m,[39mchildren[33m:[39mt(sn[33m,[39m{url[33m:[39mo[33m,[39malt[33m:[39mn[33m,[39mwidth[33m:[39m[35m20[39m[33m,[39mheight[33m:[39m[35m20[39m})})[33m,[39mt([32m"span"[39m[33m,[39m{className[33m:[39m[32m"c1-listed-source-item__source-name"[39m[33m,[39mchildren[33m:[39mn})]})[33m,[39mt([32m"div"[39m[33m,[39m{className[33m:[39m[32m"c1-listed-source-item__title"[39m[33m,[39mchildren[33m:[39ma})]})})[33m,[39m[33mYp[39m[33m=[39mq(e[33m=>[39m{[36mconst[39m{sources[33m:[39ma}[33m=[39me[33m,[39m{portalThemeClassName[33m:[39mn}[33m=[39m[33mCe[39m()[33m,[39mi[33m=[39m[33mD[39m([36mnull[39m)[33m,[39m{isOpen[33m:[39mo[33m,[39mhandleMouseEnter[33m:[39ms[33m,[39mhandleMouseLeave[33m:[39ml[33m,[39mhandleTriggerClick[33m:[39mc[33m,[39mhandleContentClick[33m:[39md[33m,[39mcloseTooltip[33m:[39mm}[33m=[39mon()[33m;[39m[36mreturn[39m t([32m"div"[39m[33m,[39m{className[33m:[39m[32m"c1-condensed-sources-container"[39m[33m,[39mchildren[33m:[39mt(he[33m.[39m[33mProvider[39m[33m,[39m{children[33m:[39mp(he[33m.[39m[33mRoot[39m[33m,[39m{open[33m:[39mo[33m,[39mchildren[33m:[39m[t(he[33m.[39m[33mTrigger[39m[33m,[39m{asChild[33m:[39m[33m![39m[35m0[39m[33m,[39mchildren[33m:[39mp([32m"button"[39m[33m,[39m{ref[33m:[39mi[33m,[39mtype[33m:[39m[32m"button"[39m[33m,[39mclassName[33m:[39m[33mT[39m([32m"c1-condensed-sources-button"[39m[33m,[39mo[33m&&[39m[32m"c1-condensed-sources-button--is-open"[39m)[33m,[39m[32m"aria-label"[39m[33m:[39m[32m"Sources"[39m[33m,[39monClick[33m:[39mc[33m,[39monMouseEnter[33m:[39ms[33m,[39monMouseLeave[33m:[39ml[33m,[39mchildren[33m:[39m[[32m"Sources"[39m[33m,[39mt([32m"span"[39m[33m,[39m{className[33m:[39m[32m"c1-condensed-sources-item__count"[39m[33m,[39mchildren[33m:[39ma[33m.[39mlength})]})})[33m,[39mt(he[33m.[39m[33mPortal[39m[33m,[39m{children[33m:[39mt(he[33m.[39m[33mContent[39m[33m,[39m{side[33m:[39m[32m"bottom"[39m[33m,[39malign[33m:[39m[32m"start"[39m[33m,[39msideOffset[33m:[39m[35m4[39m[33m,[39malignOffset[33m:[39m[33m-[39m[35m8[39m[33m,[39mclassName[33m:[39m[33mT[39m([32m"c1-condensed-sources-tooltip"[39m[33m,[39mn)[33m,[39monMouseEnter[33m:[39ms[33m,[39monMouseLeave[33m:[39ml[33m,[39monClick[33m:[39md[33m,[39monPointerDownOutside[33m:[39mh[33m=>[39m{[36mvar[39m u[33m;[39m(u[33m=[39mi[33m.[39mcurrent)[33m!=[39m[36mnull[39m[33m&&[39mu[33m.[39mcontains(h[33m.[39mtarget)[33m||[39mm()}[33m,[39mchildren[33m:[39mt([32m"div"[39m[33m,[39m{className[33m:[39m[32m"c1-condensed-sources-tooltip__content"[39m[33m,[39mchildren[33m:[39ma[33m.[39mmap((h[33m,[39mu)[33m=>[39m{[36mconst[39m{key[33m:[39mg[33m,[39m[33m...[39mb}[33m=[39mh[33m;[39m[36mreturn[39m t([33mXp[39m[33m,[39m{[33m...[39mb[33m,[39msourceId[33m:[39mu[33m,[39monClick[33m:[39mm}[33m,[39mh[33m.[39murl[33m?[39m[33m?[39mu)})})})})]})})})})[33m;[39mq(e[33m=>[39m{[36mconst[39m{sources[33m:[39ma}[33m=[39me[33m;[39m[36mreturn[39m a[33m&&[39ma[33m.[39mlength[33m!==[39m[35m0[39m[33m?[39mt([33mYp[39m[33m,[39m{[33m...[39me})[33m:[39m[36mnull[39m})[33m;[39m[36mconst[39m [33mGp[39m[33m=[39mq(e[33m=>[39m{[36mconst[39m{sources[33m:[39ma}[33m=[39me[33m,[39mn[33m=[39m[33mD[39m([36mnull[39m)[33m,[39m[i[33m,[39mo][33m=[39m[33mF[39m({left[33m:[39m[33m![39m[35m1[39m[33m,[39mright[33m:[39m[33m![39m[35m1[39m})[33m,[39ms[33m=[39m$(d[33m=>[39m{o(m[33m=>[39m({[33m...[39mm[33m,[39mleft[33m:[39md}))}[33m,[39m[])[33m,[39ml[33m=[39m$(d[33m=>[39m{o(m[33m=>[39m({[33m...[39mm[33m,[39mright[33m:[39md}))}[33m,[39m[])[33m;[39m[36mif[39m([33m![39ma[33m.[39mlength)[36mreturn[39m [36mnull[39m[33m;[39m[36mconst[39m c[33m=[39mi[33m.[39mleft[33m||[39mi[33m.[39mright[33m;[39m[36mreturn[39m p([32m"div"[39m[33m,[39m{className[33m:[39m[32m"c1-listed-sources"[39m[33m,[39mchildren[33m:[39m[p([32m"div"[39m[33m,[39m{className[33m:[39m[32m"c1-listed-sources-header"[39m[33m,[39mchildren[33m:[39m[t([32m"span"[39m[33m,[39m{className[33m:[39m[32m"c1-listed-sources-header__title"[39m[33m,[39mchildren[33m:[39m[32m"Sources"[39m})[33m,[39mc[33m&&[39mp([32m"div"[39m[33m,[39m{className[33m:[39m[32m"c1-listed-sources-header__buttons"[39m[33m,[39mchildren[33m:[39m[t(ie[33m,[39m{variant[33m:[39m[32m"secondary"[39m[33m,[39msize[33m:[39m[32m"small"[39m[33m,[39monClick[33m:[39m()[33m=>[39m{[36mvar[39m d[33m;[39m[36mreturn[39m(d[33m=[39mn[33m.[39mcurrent)[33m==[39m[36mnull[39m[33m?[39m[36mvoid[39m [35m0[39m[33m:[39md[33m.[39mscroll([32m"left"[39m)}[33m,[39mdisabled[33m:[39m[33m![39mi[33m.[39mleft[33m,[39micon[33m:[39mt(la[33m,[39m{})})[33m,[39mt(ie[33m,[39m{variant[33m:[39m[32m"secondary"[39m[33m,[39msize[33m:[39m[32m"small"[39m[33m,[39monClick[33m:[39m()[33m=>[39m{[36mvar[39m d[33m;[39m[36mreturn[39m(d[33m=[39mn[33m.[39mcurrent)[33m==[39m[36mnull[39m[33m?[39m[36mvoid[39m [35m0[39m[33m:[39md[33m.[39mscroll([32m"right"[39m)}[33m,[39mdisabled[33m:[39m[33m![39mi[33m.[39mright[33m,[39micon[33m:[39mt([33mAt[39m[33m,[39m{})})]})]})[33m,[39mt([33mXr[39m[33m,[39m{variant[33m:[39m[32m"sunk"[39m[33m,[39mref[33m:[39mn[33m,[39mshowButtons[33m:[39m[33m![39m[35m1[39m[33m,[39monScrollLeftEnabled[33m:[39ms[33m,[39monScrollRightEnabled[33m:[39ml[33m,[39mchildren[33m:[39mt([33mZr[39m[33m,[39m{children[33m:[39ma[33m.[39mmap((d[33m,[39mm)[33m=>[39m{[36mconst[39m{key[33m:[39mh[33m,[39m[33m...[39mu}[33m=[39md[33m;[39m[36mreturn[39m t([33mYr[39m[33m,[39m{className[33m:[39m[33mT[39m([32m"c1-listed-sources-item-container"[39m[33m,[39m{[32m"c1-listed-sources-item-container--has-url"[39m[33m:[39md[33m.[39murl})[33m,[39mchildren[33m:[39mt([33mZp[39m[33m,[39m{[33m...[39mu[33m,[39msourceId[33m:[39mm})}[33m,[39md[33m.[39murl[33m?[39m[33m?[39mm)})})})]})})[33m,[39m[33mJp[39m[33m=[39mq(()[33m=>[39m{[36mconst[39m e[33m=[39mco()[33m;[39m[36mreturn[39m e[33m.[39mlength[33m?[39mt([33mGp[39m[33m,[39m{sources[33m:[39me})[33m:[39m[36mnull[39m})[33m,[39m[33mQp[39m[33m=[39m{[33mImage[39m[33m:[39m{variant[33m:[39m[32m"ImageBlock"[39m}}[33m,[39meh[33m=[39m[33mA[39m[33m.[39mextend({variant[33m:[39mr[33m.[39m[36menum[39m([[32m"neutral"[39m[33m,[39m[32m"danger"[39m[33m,[39m[32m"info"[39m[33m,[39m[32m"warning"[39m[33m,[39m[32m"success"[39m])[33m.[39m[36mdefault[39m([32m"neutral"[39m)[33m,[39mtitle[33m:[39mr[33m.[39mstring()[33m.[39m[36mdefault[39m([32m""[39m)[33m,[39mdescription[33m:[39mr[33m.[39mstring()[33m.[39m[36mdefault[39m([32m""[39m)})[33m,[39mor[33m=[39mz[33m.[39mextend({component[33m:[39mr[33m.[39mliteral([32m"CalloutV2"[39m)[33m,[39mprops[33m:[39meh})[33m,[39m[33mYo[39m[33m=[39m[33mA[39m[33m.[39mextend({title[33m:[39mr[33m.[39mstring()[33m,[39msubtitle[33m:[39mr[33m.[39mstring()[33m.[39moptional()[33m,[39mactions[33m:[39mr[33m.[39marray(r[33m.[39munion([[33mLt[39m[33m,[39man]))[33m.[39moptional()})[33m,[39mwt[33m=[39mz[33m.[39mextend({component[33m:[39mr[33m.[39mliteral([32m"CardHeader"[39m)[33m,[39mprops[33m:[39m[33mYo[39m})[33m,[39mmn[33m=[39mz[33m.[39mextend({component[33m:[39mr[33m.[39mliteral([32m"Header"[39m)[33m,[39mprops[33m:[39m[33mYo[39m})[33m,[39mth[33m=[39m{[35m100[39m[33m:[39m[32m"💯"[39m[33m,[39m[35m1234[39m[33m:[39m[32m"🔢"[39m[33m,[39mgrinning[33m:[39m[32m"😀"[39m[33m,[39mgrimacing[33m:[39m[32m"😬"[39m[33m,[39mgrin[33m:[39m[32m"😁"[39m[33m,[39mjoy[33m:[39m[32m"😂"[39m[33m,[39mrofl[33m:[39m[32m"🤣"[39m[33m,[39mpartying[33m:[39m[32m"🥳"[39m[33m,[39msmiley[33m:[39m[32m"😃"[39m[33m,[39msmile[33m:[39m[32m"😄"[39m[33m,[39msweat_smile[33m:[39m[32m"😅"[39m[33m,[39mlaughing[33m:[39m[32m"😆"[39m[33m,[39minnocent[33m:[39m[32m"😇"[39m[33m,[39mwink[33m:[39m[32m"😉"[39m[33m,[39mblush[33m:[39m[32m"😊"[39m[33m,[39mslightly_smiling_face[33m:[39m[32m"🙂"[39m[33m,[39mupside_down_face[33m:[39m[32m"🙃"[39m[33m,[39mrelaxed[33m:[39m[32m"☺️"[39m[33m,[39myum[33m:[39m[32m"😋"[39m[33m,[39mrelieved[33m:[39m[32m"😌"[39m[33m,[39mheart_eyes[33m:[39m[32m"😍"[39m[33m,[39msmiling_face_with_three_hearts[33m:[39m[32m"🥰"[39m[33m,[39mkissing_heart[33m:[39m[32m"😘"[39m[33m,[39mkissing[33m:[39m[32m"😗"[39m[33m,[39mkissing_smiling_eyes[33m:[39m[32m"😙"[39m[33m,[39mkissing_closed_eyes[33m:[39m[32m"😚"[39m[33m,[39mstuck_out_tongue_winking_eye[33m:[39m[32m"😜"[39m[33m,[39mzany[33m:[39m[32m"🤪"[39m[33m,[39mraised_eyebrow[33m:[39m[32m"🤨"[39m[33m,[39mmonocle[33m:[39m[32m"🧐"[39m[33m,[39mstuck_out_tongue_closed_eyes[33m:[39m[32m"😝"[39m[33m,[39mstuck_out_tongue[33m:[39m[32m"😛"[39m[33m,[39mmoney_mouth_face[33m:[39m[32m"🤑"[39m[33m,[39mnerd_face[33m:[39m[32m"🤓"[39m[33m,[39msunglasses[33m:[39m[32m"😎"[39m[33m,[39mstar_struck[33m:[39m[32m"🤩"[39m[33m,[39mclown_face[33m:[39m[32m"🤡"[39m[33m,[39mcowboy_hat_face[33m:[39m[32m"🤠"[39m[33m,[39mhugs[33m:[39m[32m"🤗"[39m[33m,[39msmirk[33m:[39m[32m"😏"[39m[33m,[39mno_mouth[33m:[39m[32m"😶"[39m[33m,[39mneutral_face[33m:[39m[32m"😐"[39m[33m,[39mexpressionless[33m:[39m[32m"😑"[39m[33m,[39munamused[33m:[39m[32m"😒"[39m[33m,[39mroll_eyes[33m:[39m[32m"🙄"[39m[33m,[39mthinking[33m:[39m[32m"🤔"[39m[33m,[39mlying_face[33m:[39m[32m"🤥"[39m[33m,[39mhand_over_mouth[33m:[39m[32m"🤭"[39m[33m,[39mshushing[33m:[39m[32m"🤫"[39m[33m,[39msymbols_over_mouth[33m:[39m[32m"🤬"[39m[33m,[39mexploding_head[33m:[39m[32m"🤯"[39m[33m,[39mflushed[33m:[39m[32m"😳"[39m[33m,[39mdisappointed[33m:[39m[32m"😞"[39m[33m,[39mworried[33m:[39m[32m"😟"[39m[33m,[39mangry[33m:[39m[32m"😠"[39m[33m,[39mrage[33m:[39m[32m"😡"[39m[33m,[39mpensive[33m:[39m[32m"😔"[39m[33m,[39mconfused[33m:[39m[32m"😕"[39m[33m,[39mslightly_frowning_face[33m:[39m[32m"🙁"[39m[33m,[39mfrowning_face[33m:[39m[32m"☹"[39m[33m,[39mpersevere[33m:[39m[32m"😣"[39m[33m,[39mconfounded[33m:[39m[32m"😖"[39m[33m,[39mtired_face[33m:[39m[32m"😫"[39m[33m,[39mweary[33m:[39m[32m"😩"[39m[33m,[39mpleading[33m:[39m[32m"🥺"[39m[33m,[39mtriumph[33m:[39m[32m"😤"[39m[33m,[39mopen_mouth[33m:[39m[32m"😮"[39m[33m,[39mscream[33m:[39m[32m"😱"[39m[33m,[39mfearful[33m:[39m[32m"😨"[39m[33m,[39mcold_sweat[33m:[39m[32m"😰"[39m[33m,[39mhushed[33m:[39m[32m"😯"[39m[33m,[39mfrowning[33m:[39m[32m"😦"[39m[33m,[39manguished[33m:[39m[32m"😧"[39m[33m,[39mcry[33m:[39m[32m"😢"[39m[33m,[39mdisappointed_relieved[33m:[39m[32m"😥"[39m[33m,[39mdrooling_face[33m:[39m[32m"🤤"[39m[33m,[39msleepy[33m:[39m[32m"😪"[39m[33m,[39msweat[33m:[39m[32m"😓"[39m[33m,[39mhot[33m:[39m[32m"🥵"[39m[33m,[39mcold[33m:[39m[32m"🥶"[39m[33m,[39msob[33m:[39m[32m"😭"[39m[33m,[39mdizzy_face[33m:[39m[32m"😵"[39m[33m,[39mastonished[33m:[39m[32m"😲"[39m[33m,[39mzipper_mouth_face[33m:[39m[32m"🤐"[39m[33m,[39mnauseated_face[33m:[39m[32m"🤢"[39m[33m,[39msneezing_face[33m:[39m[32m"🤧"[39m[33m,[39mvomiting[33m:[39m[32m"🤮"[39m[33m,[39mmask[33m:[39m[32m"😷"[39m[33m,[39mface_with_thermometer[33m:[39m[32m"🤒"[39m[33m,[39mface_with_head_bandage[33m:[39m[32m"🤕"[39m[33m,[39mwoozy[33m:[39m[32m"🥴"[39m[33m,[39msleeping[33m:[39m[32m"😴"[39m[33m,[39mzzz[33m:[39m[32m"💤"[39m[33m,[39mpoop[33m:[39m[32m"💩"[39m[33m,[39msmiling_imp[33m:[39m[32m"😈"[39m[33m,[39mimp[33m:[39m[32m"👿"[39m[33m,[39mjapanese_ogre[33m:[39m[32m"👹"[39m[33m,[39mjapanese_goblin[33m:[39m[32m"👺"[39m[33m,[39mskull[33m:[39m[32m"💀"[39m[33m,[39mghost[33m:[39m[32m"👻"[39m[33m,[39malien[33m:[39m[32m"👽"[39m[33m,[39mrobot[33m:[39m[32m"🤖"[39m[33m,[39msmiley_cat[33m:[39m[32m"😺"[39m[33m,[39msmile_cat[33m:[39m[32m"😸"[39m[33m,[39mjoy_cat[33m:[39m[32m"😹"[39m[33m,[39mheart_eyes_cat[33m:[39m[32m"😻"[39m[33m,[39msmirk_cat[33m:[39m[32m"😼"[39m[33m,[39mkissing_cat[33m:[39m[32m"😽"[39m[33m,[39mscream_cat[33m:[39m[32m"🙀"[39m[33m,[39mcrying_cat_face[33m:[39m[32m"😿"[39m[33m,[39mpouting_cat[33m:[39m[32m"😾"[39m[33m,[39mpalms_up[33m:[39m[32m"🤲"[39m[33m,[39mraised_hands[33m:[39m[32m"🙌"[39m[33m,[39mclap[33m:[39m[32m"👏"[39m[33m,[39mwave[33m:[39m[32m"👋"[39m[33m,[39mcall_me_hand[33m:[39m[32m"🤙"[39m[33m,[39m[32m"+1"[39m[33m:[39m[32m"👍"[39m[33m,[39m[32m"-1"[39m[33m:[39m[32m"👎"[39m[33m,[39mfacepunch[33m:[39m[32m"👊"[39m[33m,[39mfist[33m:[39m[32m"✊"[39m[33m,[39mfist_left[33m:[39m[32m"🤛"[39m[33m,[39mfist_right[33m:[39m[32m"🤜"[39m[33m,[39mv[33m:[39m[32m"✌"[39m[33m,[39mok_hand[33m:[39m[32m"👌"[39m[33m,[39mraised_hand[33m:[39m[32m"✋"[39m[33m,[39mraised_back_of_hand[33m:[39m[32m"🤚"[39m[33m,[39mopen_hands[33m:[39m[32m"👐"[39m[33m,[39mmuscle[33m:[39m[32m"💪"[39m[33m,[39mpray[33m:[39m[32m"🙏"[39m[33m,[39mfoot[33m:[39m[32m"🦶"[39m[33m,[39mleg[33m:[39m[32m"🦵"[39m[33m,[39mhandshake[33m:[39m[32m"🤝"[39m[33m,[39mpoint_up[33m:[39m[32m"☝"[39m[33m,[39mpoint_up_2[33m:[39m[32m"👆"[39m[33m,[39mpoint_down[33m:[39m[32m"👇"[39m[33m,[39mpoint_left[33m:[39m[32m"👈"[39m[33m,[39mpoint_right[33m:[39m[32m"👉"[39m[33m,[39mfu[33m:[39m[32m"🖕"[39m[33m,[39mraised_hand_with_fingers_splayed[33m:[39m[32m"🖐"[39m[33m,[39mlove_you[33m:[39m[32m"🤟"[39m[33m,[39mmetal[33m:[39m[32m"🤘"[39m[33m,[39mcrossed_fingers[33m:[39m[32m"🤞"[39m[33m,[39mvulcan_salute[33m:[39m[32m"🖖"[39m[33m,[39mwriting_hand[33m:[39m[32m"✍"[39m[33m,[39mselfie[33m:[39m[32m"🤳"[39m[33m,[39mnail_care[33m:[39m[32m"💅"[39m[33m,[39mlips[33m:[39m[32m"👄"[39m[33m,[39mtooth[33m:[39m[32m"🦷"[39m[33m,[39mtongue[33m:[39m[32m"👅"[39m[33m,[39mear[33m:[39m[32m"👂"[39m[33m,[39mnose[33m:[39m[32m"👃"[39m[33m,[39meye[33m:[39m[32m"👁"[39m[33m,[39meyes[33m:[39m[32m"👀"[39m[33m,[39mbrain[33m:[39m[32m"🧠"[39m[33m,[39mbust_in_silhouette[33m:[39m[32m"👤"[39m[33m,[39mbusts_in_silhouette[33m:[39m[32m"👥"[39m[33m,[39mspeaking_head[33m:[39m[32m"🗣"[39m[33m,[39mbaby[33m:[39m[32m"👶"[39m[33m,[39mchild[33m:[39m[32m"🧒"[39m[33m,[39mboy[33m:[39m[32m"👦"[39m[33m,[39mgirl[33m:[39m[32m"👧"[39m[33m,[39madult[33m:[39m[32m"🧑"[39m[33m,[39mman[33m:[39m[32m"👨"[39m[33m,[39mwoman[33m:[39m[32m"👩"[39m[33m,[39mblonde_woman[33m:[39m[32m"👱‍♀️"[39m[33m,[39mblonde_man[33m:[39m[32m"👱"[39m[33m,[39mbearded_person[33m:[39m[32m"🧔"[39m[33m,[39molder_adult[33m:[39m[32m"🧓"[39m[33m,[39molder_man[33m:[39m[32m"👴"[39m[33m,[39molder_woman[33m:[39m[32m"👵"[39m[33m,[39mman_with_gua_pi_mao[33m:[39m[32m"👲"[39m[33m,[39mwoman_with_headscarf[33m:[39m[32m"🧕"[39m[33m,[39mwoman_with_turban[33m:[39m[32m"👳‍♀️"[39m[33m,[39mman_with_turban[33m:[39m[32m"👳"[39m[33m,[39mpolicewoman[33m:[39m[32m"👮‍♀️"[39m[33m,[39mpoliceman[33m:[39m[32m"👮"[39m[33m,[39mconstruction_worker_woman[33m:[39m[32m"👷‍♀️"[39m[33m,[39mconstruction_worker_man[33m:[39m[32m"👷"[39m[33m,[39mguardswoman[33m:[39m[32m"💂‍♀️"[39m[33m,[39mguardsman[33m:[39m[32m"💂"[39m[33m,[39mfemale_detective[33m:[39m[32m"🕵️‍♀️"[39m[33m,[39mmale_detective[33m:[39m[32m"🕵"[39m[33m,[39mwoman_health_worker[33m:[39m[32m"👩‍⚕️"[39m[33m,[39mman_health_worker[33m:[39m[32m"👨‍⚕️"[39m[33m,[39mwoman_farmer[33m:[39m[32m"👩‍🌾"[39m[33m,[39mman_farmer[33m:[39m[32m"👨‍🌾"[39m[33m,[39mwoman_cook[33m:[39m[32m"👩‍🍳"[39m[33m,[39mman_cook[33m:[39m[32m"👨‍🍳"[39m[33m,[39mwoman_student[33m:[39m[32m"👩‍🎓"[39m[33m,[39mman_student[33m:[39m[32m"👨‍🎓"[39m[33m,[39mwoman_singer[33m:[39m[32m"👩‍🎤"[39m[33m,[39mman_singer[33m:[39m[32m"👨‍🎤"[39m[33m,[39mwoman_teacher[33m:[39m[32m"👩‍🏫"[39m[33m,[39mman_teacher[33m:[39m[32m"👨‍🏫"[39m[33m,[39mwoman_factory_worker[33m:[39m[32m"👩‍🏭"[39m[33m,[39mman_factory_worker[33m:[39m[32m"👨‍🏭"[39m[33m,[39mwoman_technologist[33m:[39m[32m"👩‍💻"[39m[33m,[39mman_technologist[33m:[39m[32m"👨‍💻"[39m[33m,[39mwoman_office_worker[33m:[39m[32m"👩‍💼"[39m[33m,[39mman_office_worker[33m:[39m[32m"👨‍💼"[39m[33m,[39mwoman_mechanic[33m:[39m[32m"👩‍🔧"[39m[33m,[39mman_mechanic[33m:[39m[32m"👨‍🔧"[39m[33m,[39mwoman_scientist[33m:[39m[32m"👩‍🔬"[39m[33m,[39mman_scientist[33m:[39m[32m"👨‍🔬"[39m[33m,[39mwoman_artist[33m:[39m[32m"👩‍🎨"[39m[33m,[39mman_artist[33m:[39m[32m"👨‍🎨"[39m[33m,[39mwoman_firefighter[33m:[39m[32m"👩‍🚒"[39m[33m,[39mman_firefighter[33m:[39m[32m"👨‍🚒"[39m[33m,[39mwoman_pilot[33m:[39m[32m"👩‍✈️"[39m[33m,[39mman_pilot[33m:[39m[32m"👨‍✈️"[39m[33m,[39mwoman_astronaut[33m:[39m[32m"👩‍🚀"[39m[33m,[39mman_astronaut[33m:[39m[32m"👨‍🚀"[39m[33m,[39mwoman_judge[33m:[39m[32m"👩‍⚖️"[39m[33m,[39mman_judge[33m:[39m[32m"👨‍⚖️"[39m[33m,[39mwoman_superhero[33m:[39m[32m"🦸‍♀️"[39m[33m,[39mman_superhero[33m:[39m[32m"🦸‍♂️"[39m[33m,[39mwoman_supervillain[33m:[39m[32m"🦹‍♀️"[39m[33m,[39mman_supervillain[33m:[39m[32m"🦹‍♂️"[39m[33m,[39mmrs_claus[33m:[39m[32m"🤶"[39m[33m,[39msanta[33m:[39m[32m"🎅"[39m[33m,[39msorceress[33m:[39m[32m"🧙‍♀️"[39m[33m,[39mwizard[33m:[39m[32m"🧙‍♂️"[39m[33m,[39mwoman_elf[33m:[39m[32m"🧝‍♀️"[39m[33m,[39mman_elf[33m:[39m[32m"🧝‍♂️"[39m[33m,[39mwoman_vampire[33m:[39m[32m"🧛‍♀️"[39m[33m,[39mman_vampire[33m:[39m[32m"🧛‍♂️"[39m[33m,[39mwoman_zombie[33m:[39m[32m"🧟‍♀️"[39m[33m,[39mman_zombie[33m:[39m[32m"🧟‍♂️"[39m[33m,[39mwoman_genie[33m:[39m[32m"🧞‍♀️"[39m[33m,[39mman_genie[33m:[39m[32m"🧞‍♂️"[39m[33m,[39mmermaid[33m:[39m[32m"🧜‍♀️"[39m[33m,[39mmerman[33m:[39m[32m"🧜‍♂️"[39m[33m,[39mwoman_fairy[33m:[39m[32m"🧚‍♀️"[39m[33m,[39mman_fairy[33m:[39m[32m"🧚‍♂️"[39m[33m,[39mangel[33m:[39m[32m"👼"[39m[33m,[39mpregnant_woman[33m:[39m[32m"🤰"[39m[33m,[39mbreastfeeding[33m:[39m[32m"🤱"[39m[33m,[39mprincess[33m:[39m[32m"👸"[39m[33m,[39mprince[33m:[39m[32m"🤴"[39m[33m,[39mbride_with_veil[33m:[39m[32m"👰"[39m[33m,[39mman_in_tuxedo[33m:[39m[32m"🤵"[39m[33m,[39mrunning_woman[33m:[39m[32m"🏃‍♀️"[39m[33m,[39mrunning_man[33m:[39m[32m"🏃"[39m[33m,[39mwalking_woman[33m:[39m[32m"🚶‍♀️"[39m[33m,[39mwalking_man[33m:[39m[32m"🚶"[39m[33m,[39mdancer[33m:[39m[32m"💃"[39m[33m,[39mman_dancing[33m:[39m[32m"🕺"[39m[33m,[39mdancing_women[33m:[39m[32m"👯"[39m[33m,[39mdancing_men[33m:[39m[32m"👯‍♂️"[39m[33m,[39mcouple[33m:[39m[32m"👫"[39m[33m,[39mtwo_men_holding_hands[33m:[39m[32m"👬"[39m[33m,[39mtwo_women_holding_hands[33m:[39m[32m"👭"[39m[33m,[39mbowing_woman[33m:[39m[32m"🙇‍♀️"[39m[33m,[39mbowing_man[33m:[39m[32m"🙇"[39m[33m,[39mman_facepalming[33m:[39m[32m"🤦‍♂️"[39m[33m,[39mwoman_facepalming[33m:[39m[32m"🤦‍♀️"[39m[33m,[39mwoman_shrugging[33m:[39m[32m"🤷"[39m[33m,[39mman_shrugging[33m:[39m[32m"🤷‍♂️"[39m[33m,[39mtipping_hand_woman[33m:[39m[32m"💁"[39m[33m,[39mtipping_hand_man[33m:[39m[32m"💁‍♂️"[39m[33m,[39mno_good_woman[33m:[39m[32m"🙅"[39m[33m,[39mno_good_man[33m:[39m[32m"🙅‍♂️"[39m[33m,[39mok_woman[33m:[39m[32m"🙆"[39m[33m,[39mok_man[33m:[39m[32m"🙆‍♂️"[39m[33m,[39mraising_hand_woman[33m:[39m[32m"🙋"[39m[33m,[39mraising_hand_man[33m:[39m[32m"🙋‍♂️"[39m[33m,[39mpouting_woman[33m:[39m[32m"🙎"[39m[33m,[39mpouting_man[33m:[39m[32m"🙎‍♂️"[39m[33m,[39mfrowning_woman[33m:[39m[32m"🙍"[39m[33m,[39mfrowning_man[33m:[39m[32m"🙍‍♂️"[39m[33m,[39mhaircut_woman[33m:[39m[32m"💇"[39m[33m,[39mhaircut_man[33m:[39m[32m"💇‍♂️"[39m[33m,[39mmassage_woman[33m:[39m[32m"💆"[39m[33m,[39mmassage_man[33m:[39m[32m"💆‍♂️"[39m[33m,[39mwoman_in_steamy_room[33m:[39m[32m"🧖‍♀️"[39m[33m,[39mman_in_steamy_room[33m:[39m[32m"🧖‍♂️"[39m[33m,[39mcouple_with_heart_woman_man[33m:[39m[32m"💑"[39m[33m,[39mcouple_with_heart_woman_woman[33m:[39m[32m"👩‍❤️‍👩"[39m[33m,[39mcouple_with_heart_man_man[33m:[39m[32m"👨‍❤️‍👨"[39m[33m,[39mcouplekiss_man_woman[33m:[39m[32m"💏"[39m[33m,[39mcouplekiss_woman_woman[33m:[39m[32m"👩‍❤️‍💋‍👩"[39m[33m,[39mcouplekiss_man_man[33m:[39m[32m"👨‍❤️‍💋‍👨"[39m[33m,[39mfamily_man_woman_boy[33m:[39m[32m"👪"[39m[33m,[39mfamily_man_woman_girl[33m:[39m[32m"👨‍👩‍👧"[39m[33m,[39mfamily_man_woman_girl_boy[33m:[39m[32m"👨‍👩‍👧‍👦"[39m[33m,[39mfamily_man_woman_boy_boy[33m:[39m[32m"👨‍👩‍👦‍👦"[39m[33m,[39mfamily_man_woman_girl_girl[33m:[39m[32m"👨‍👩‍👧‍👧"[39m[33m,[39mfamily_woman_woman_boy[33m:[39m[32m"👩‍👩‍👦"[39m[33m,[39mfamily_woman_woman_girl[33m:[39m[32m"👩‍👩‍👧"[39m[33m,[39mfamily_woman_woman_girl_boy[33m:[39m[32m"👩‍👩‍👧‍👦"[39m[33m,[39mfamily_woman_woman_boy_boy[33m:[39m[32m"👩‍👩‍👦‍👦"[39m[33m,[39mfamily_woman_woman_girl_girl[33m:[39m[32m"👩‍👩‍👧‍👧"[39m[33m,[39mfamily_man_man_boy[33m:[39m[32m"👨‍👨‍👦"[39m[33m,[39mfamily_man_man_girl[33m:[39m[32m"👨‍👨‍👧"[39m[33m,[39mfamily_man_man_girl_boy[33m:[39m[32m"👨‍👨‍👧‍👦"[39m[33m,[39mfamily_man_man_boy_boy[33m:[39m[32m"👨‍👨‍👦‍👦"[39m[33m,[39mfamily_man_man_girl_girl[33m:[39m[32m"👨‍👨‍👧‍👧"[39m[33m,[39mfamily_woman_boy[33m:[39m[32m"👩‍👦"[39m[33m,[39mfamily_woman_girl[33m:[39m[32m"👩‍👧"[39m[33m,[39mfamily_woman_girl_boy[33m:[39m[32m"👩‍👧‍👦"[39m[33m,[39mfamily_woman_boy_boy[33m:[39m[32m"👩‍👦‍👦"[39m[33m,[39mfamily_woman_girl_girl[33m:[39m[32m"👩‍👧‍👧"[39m[33m,[39mfamily_man_boy[33m:[39m[32m"👨‍👦"[39m[33m,[39mfamily_man_girl[33m:[39m[32m"👨‍👧"[39m[33m,[39mfamily_man_girl_boy[33m:[39m[32m"👨‍👧‍👦"[39m[33m,[39mfamily_man_boy_boy[33m:[39m[32m"👨‍👦‍👦"[39m[33m,[39mfamily_man_girl_girl[33m:[39m[32m"👨‍👧‍👧"[39m[33m,[39myarn[33m:[39m[32m"🧶"[39m[33m,[39mthread[33m:[39m[32m"🧵"[39m[33m,[39mcoat[33m:[39m[32m"🧥"[39m[33m,[39mlabcoat[33m:[39m[32m"🥼"[39m[33m,[39mwomans_clothes[33m:[39m[32m"👚"[39m[33m,[39mtshirt[33m:[39m[32m"👕"[39m[33m,[39mjeans[33m:[39m[32m"👖"[39m[33m,[39mnecktie[33m:[39m[32m"👔"[39m[33m,[39mdress[33m:[39m[32m"👗"[39m[33m,[39mbikini[33m:[39m[32m"👙"[39m[33m,[39mkimono[33m:[39m[32m"👘"[39m[33m,[39mlipstick[33m:[39m[32m"💄"[39m[33m,[39mkiss[33m:[39m[32m"💋"[39m[33m,[39mfootprints[33m:[39m[32m"👣"[39m[33m,[39mflat_shoe[33m:[39m[32m"🥿"[39m[33m,[39mhigh_heel[33m:[39m[32m"👠"[39m[33m,[39msandal[33m:[39m[32m"👡"[39m[33m,[39mboot[33m:[39m[32m"👢"[39m[33m,[39mmans_shoe[33m:[39m[32m"👞"[39m[33m,[39mathletic_shoe[33m:[39m[32m"👟"[39m[33m,[39mhiking_boot[33m:[39m[32m"🥾"[39m[33m,[39msocks[33m:[39m[32m"🧦"[39m[33m,[39mgloves[33m:[39m[32m"🧤"[39m[33m,[39mscarf[33m:[39m[32m"🧣"[39m[33m,[39mwomans_hat[33m:[39m[32m"👒"[39m[33m,[39mtophat[33m:[39m[32m"🎩"[39m[33m,[39mbilled_hat[33m:[39m[32m"🧢"[39m[33m,[39mrescue_worker_helmet[33m:[39m[32m"⛑"[39m[33m,[39mmortar_board[33m:[39m[32m"🎓"[39m[33m,[39mcrown[33m:[39m[32m"👑"[39m[33m,[39mschool_satchel[33m:[39m[32m"🎒"[39m[33m,[39mluggage[33m:[39m[32m"🧳"[39m[33m,[39mpouch[33m:[39m[32m"👝"[39m[33m,[39mpurse[33m:[39m[32m"👛"[39m[33m,[39mhandbag[33m:[39m[32m"👜"[39m[33m,[39mbriefcase[33m:[39m[32m"💼"[39m[33m,[39meyeglasses[33m:[39m[32m"👓"[39m[33m,[39mdark_sunglasses[33m:[39m[32m"🕶"[39m[33m,[39mgoggles[33m:[39m[32m"🥽"[39m[33m,[39mring[33m:[39m[32m"💍"[39m[33m,[39mclosed_umbrella[33m:[39m[32m"🌂"[39m[33m,[39mdog[33m:[39m[32m"🐶"[39m[33m,[39mcat[33m:[39m[32m"🐱"[39m[33m,[39mmouse[33m:[39m[32m"🐭"[39m[33m,[39mhamster[33m:[39m[32m"🐹"[39m[33m,[39mrabbit[33m:[39m[32m"🐰"[39m[33m,[39mfox_face[33m:[39m[32m"🦊"[39m[33m,[39mbear[33m:[39m[32m"🐻"[39m[33m,[39mpanda_face[33m:[39m[32m"🐼"[39m[33m,[39mkoala[33m:[39m[32m"🐨"[39m[33m,[39mtiger[33m:[39m[32m"🐯"[39m[33m,[39mlion[33m:[39m[32m"🦁"[39m[33m,[39mcow[33m:[39m[32m"🐮"[39m[33m,[39mpig[33m:[39m[32m"🐷"[39m[33m,[39mpig_nose[33m:[39m[32m"🐽"[39m[33m,[39mfrog[33m:[39m[32m"🐸"[39m[33m,[39msquid[33m:[39m[32m"🦑"[39m[33m,[39moctopus[33m:[39m[32m"🐙"[39m[33m,[39mshrimp[33m:[39m[32m"🦐"[39m[33m,[39mmonkey_face[33m:[39m[32m"🐵"[39m[33m,[39mgorilla[33m:[39m[32m"🦍"[39m[33m,[39msee_no_evil[33m:[39m[32m"🙈"[39m[33m,[39mhear_no_evil[33m:[39m[32m"🙉"[39m[33m,[39mspeak_no_evil[33m:[39m[32m"🙊"[39m[33m,[39mmonkey[33m:[39m[32m"🐒"[39m[33m,[39mchicken[33m:[39m[32m"🐔"[39m[33m,[39mpenguin[33m:[39m[32m"🐧"[39m[33m,[39mbird[33m:[39m[32m"🐦"[39m[33m,[39mbaby_chick[33m:[39m[32m"🐤"[39m[33m,[39mhatching_chick[33m:[39m[32m"🐣"[39m[33m,[39mhatched_chick[33m:[39m[32m"🐥"[39m[33m,[39mduck[33m:[39m[32m"🦆"[39m[33m,[39meagle[33m:[39m[32m"🦅"[39m[33m,[39mowl[33m:[39m[32m"🦉"[39m[33m,[39mbat[33m:[39m[32m"🦇"[39m[33m,[39mwolf[33m:[39m[32m"🐺"[39m[33m,[39mboar[33m:[39m[32m"🐗"[39m[33m,[39mhorse[33m:[39m[32m"🐴"[39m[33m,[39municorn[33m:[39m[32m"🦄"[39m[33m,[39mhoneybee[33m:[39m[32m"🐝"[39m[33m,[39mbug[33m:[39m[32m"🐛"[39m[33m,[39mbutterfly[33m:[39m[32m"🦋"[39m[33m,[39msnail[33m:[39m[32m"🐌"[39m[33m,[39mbeetle[33m:[39m[32m"🐞"[39m[33m,[39mant[33m:[39m[32m"🐜"[39m[33m,[39mgrasshopper[33m:[39m[32m"🦗"[39m[33m,[39mspider[33m:[39m[32m"🕷"[39m[33m,[39mscorpion[33m:[39m[32m"🦂"[39m[33m,[39mcrab[33m:[39m[32m"🦀"[39m[33m,[39msnake[33m:[39m[32m"🐍"[39m[33m,[39mlizard[33m:[39m[32m"🦎"[39m[33m,[39m[32m"t-rex"[39m[33m:[39m[32m"🦖"[39m[33m,[39msauropod[33m:[39m[32m"🦕"[39m[33m,[39mturtle[33m:[39m[32m"🐢"[39m[33m,[39mtropical_fish[33m:[39m[32m"🐠"[39m[33m,[39mfish[33m:[39m[32m"🐟"[39m[33m,[39mblowfish[33m:[39m[32m"🐡"[39m[33m,[39mdolphin[33m:[39m[32m"🐬"[39m[33m,[39mshark[33m:[39m[32m"🦈"[39m[33m,[39mwhale[33m:[39m[32m"🐳"[39m[33m,[39mwhale2[33m:[39m[32m"🐋"[39m[33m,[39mcrocodile[33m:[39m[32m"🐊"[39m[33m,[39mleopard[33m:[39m[32m"🐆"[39m[33m,[39mzebra[33m:[39m[32m"🦓"[39m[33m,[39mtiger2[33m:[39m[32m"🐅"[39m[33m,[39mwater_buffalo[33m:[39m[32m"🐃"[39m[33m,[39mox[33m:[39m[32m"🐂"[39m[33m,[39mcow2[33m:[39m[32m"🐄"[39m[33m,[39mdeer[33m:[39m[32m"🦌"[39m[33m,[39mdromedary_camel[33m:[39m[32m"🐪"[39m[33m,[39mcamel[33m:[39m[32m"🐫"[39m[33m,[39mgiraffe[33m:[39m[32m"🦒"[39m[33m,[39melephant[33m:[39m[32m"🐘"[39m[33m,[39mrhinoceros[33m:[39m[32m"🦏"[39m[33m,[39mgoat[33m:[39m[32m"🐐"[39m[33m,[39mram[33m:[39m[32m"🐏"[39m[33m,[39msheep[33m:[39m[32m"🐑"[39m[33m,[39mracehorse[33m:[39m[32m"🐎"[39m[33m,[39mpig2[33m:[39m[32m"🐖"[39m[33m,[39mrat[33m:[39m[32m"🐀"[39m[33m,[39mmouse2[33m:[39m[32m"🐁"[39m[33m,[39mrooster[33m:[39m[32m"🐓"[39m[33m,[39mturkey[33m:[39m[32m"🦃"[39m[33m,[39mdove[33m:[39m[32m"🕊"[39m[33m,[39mdog2[33m:[39m[32m"🐕"[39m[33m,[39mpoodle[33m:[39m[32m"🐩"[39m[33m,[39mcat2[33m:[39m[32m"🐈"[39m[33m,[39mrabbit2[33m:[39m[32m"🐇"[39m[33m,[39mchipmunk[33m:[39m[32m"🐿"[39m[33m,[39mhedgehog[33m:[39m[32m"🦔"[39m[33m,[39mraccoon[33m:[39m[32m"🦝"[39m[33m,[39mllama[33m:[39m[32m"🦙"[39m[33m,[39mhippopotamus[33m:[39m[32m"🦛"[39m[33m,[39mkangaroo[33m:[39m[32m"🦘"[39m[33m,[39mbadger[33m:[39m[32m"🦡"[39m[33m,[39mswan[33m:[39m[32m"🦢"[39m[33m,[39mpeacock[33m:[39m[32m"🦚"[39m[33m,[39mparrot[33m:[39m[32m"🦜"[39m[33m,[39mlobster[33m:[39m[32m"🦞"[39m[33m,[39mmosquito[33m:[39m[32m"🦟"[39m[33m,[39mpaw_prints[33m:[39m[32m"🐾"[39m[33m,[39mdragon[33m:[39m[32m"🐉"[39m[33m,[39mdragon_face[33m:[39m[32m"🐲"[39m[33m,[39mcactus[33m:[39m[32m"🌵"[39m[33m,[39mchristmas_tree[33m:[39m[32m"🎄"[39m[33m,[39mevergreen_tree[33m:[39m[32m"🌲"[39m[33m,[39mdeciduous_tree[33m:[39m[32m"🌳"[39m[33m,[39mpalm_tree[33m:[39m[32m"🌴"[39m[33m,[39mseedling[33m:[39m[32m"🌱"[39m[33m,[39mherb[33m:[39m[32m"🌿"[39m[33m,[39mshamrock[33m:[39m[32m"☘"[39m[33m,[39mfour_leaf_clover[33m:[39m[32m"🍀"[39m[33m,[39mbamboo[33m:[39m[32m"🎍"[39m[33m,[39mtanabata_tree[33m:[39m[32m"🎋"[39m[33m,[39mleaves[33m:[39m[32m"🍃"[39m[33m,[39mfallen_leaf[33m:[39m[32m"🍂"[39m[33m,[39mmaple_leaf[33m:[39m[32m"🍁"[39m[33m,[39mear_of_rice[33m:[39m[32m"🌾"[39m[33m,[39mhibiscus[33m:[39m[32m"🌺"[39m[33m,[39msunflower[33m:[39m[32m"🌻"[39m[33m,[39mrose[33m:[39m[32m"🌹"[39m[33m,[39mwilted_flower[33m:[39m[32m"🥀"[39m[33m,[39mtulip[33m:[39m[32m"🌷"[39m[33m,[39mblossom[33m:[39m[32m"🌼"[39m[33m,[39mcherry_blossom[33m:[39m[32m"🌸"[39m[33m,[39mbouquet[33m:[39m[32m"💐"[39m[33m,[39mmushroom[33m:[39m[32m"🍄"[39m[33m,[39mchestnut[33m:[39m[32m"🌰"[39m[33m,[39mjack_o_lantern[33m:[39m[32m"🎃"[39m[33m,[39mshell[33m:[39m[32m"🐚"[39m[33m,[39mspider_web[33m:[39m[32m"🕸"[39m[33m,[39mearth_americas[33m:[39m[32m"🌎"[39m[33m,[39mearth_africa[33m:[39m[32m"🌍"[39m[33m,[39mearth_asia[33m:[39m[32m"🌏"[39m[33m,[39mfull_moon[33m:[39m[32m"🌕"[39m[33m,[39mwaning_gibbous_moon[33m:[39m[32m"🌖"[39m[33m,[39mlast_quarter_moon[33m:[39m[32m"🌗"[39m[33m,[39mwaning_crescent_moon[33m:[39m[32m"🌘"[39m[33m,[39mnew_moon[33m:[39m[32m"🌑"[39m[33m,[39mwaxing_crescent_moon[33m:[39m[32m"🌒"[39m[33m,[39mfirst_quarter_moon[33m:[39m[32m"🌓"[39m[33m,[39mwaxing_gibbous_moon[33m:[39m[32m"🌔"[39m[33m,[39mnew_moon_with_face[33m:[39m[32m"🌚"[39m[33m,[39mfull_moon_with_face[33m:[39m[32m"🌝"[39m[33m,[39mfirst_quarter_moon_with_face[33m:[39m[32m"🌛"[39m[33m,[39mlast_quarter_moon_with_face[33m:[39m[32m"🌜"[39m[33m,[39msun_with_face[33m:[39m[32m"🌞"[39m[33m,[39mcrescent_moon[33m:[39m[32m"🌙"[39m[33m,[39mstar[33m:[39m[32m"⭐"[39m[33m,[39mstar2[33m:[39m[32m"🌟"[39m[33m,[39mdizzy[33m:[39m[32m"💫"[39m[33m,[39msparkles[33m:[39m[32m"✨"[39m[33m,[39mcomet[33m:[39m[32m"☄"[39m[33m,[39msunny[33m:[39m[32m"☀️"[39m[33m,[39msun_behind_small_cloud[33m:[39m[32m"🌤"[39m[33m,[39mpartly_sunny[33m:[39m[32m"⛅"[39m[33m,[39msun_behind_large_cloud[33m:[39m[32m"🌥"[39m[33m,[39msun_behind_rain_cloud[33m:[39m[32m"🌦"[39m[33m,[39mcloud[33m:[39m[32m"☁️"[39m[33m,[39mcloud_with_rain[33m:[39m[32m"🌧"[39m[33m,[39mcloud_with_lightning_and_rain[33m:[39m[32m"⛈"[39m[33m,[39mcloud_with_lightning[33m:[39m[32m"🌩"[39m[33m,[39mzap[33m:[39m[32m"⚡"[39m[33m,[39mfire[33m:[39m[32m"🔥"[39m[33m,[39mboom[33m:[39m[32m"💥"[39m[33m,[39msnowflake[33m:[39m[32m"❄️"[39m[33m,[39mcloud_with_snow[33m:[39m[32m"🌨"[39m[33m,[39msnowman[33m:[39m[32m"⛄"[39m[33m,[39msnowman_with_snow[33m:[39m[32m"☃"[39m[33m,[39mwind_face[33m:[39m[32m"🌬"[39m[33m,[39mdash[33m:[39m[32m"💨"[39m[33m,[39mtornado[33m:[39m[32m"🌪"[39m[33m,[39mfog[33m:[39m[32m"🌫"[39m[33m,[39mopen_umbrella[33m:[39m[32m"☂"[39m[33m,[39mumbrella[33m:[39m[32m"☔"[39m[33m,[39mdroplet[33m:[39m[32m"💧"[39m[33m,[39msweat_drops[33m:[39m[32m"💦"[39m[33m,[39mocean[33m:[39m[32m"🌊"[39m[33m,[39mgreen_apple[33m:[39m[32m"🍏"[39m[33m,[39mapple[33m:[39m[32m"🍎"[39m[33m,[39mpear[33m:[39m[32m"🍐"[39m[33m,[39mtangerine[33m:[39m[32m"🍊"[39m[33m,[39mlemon[33m:[39m[32m"🍋"[39m[33m,[39mbanana[33m:[39m[32m"🍌"[39m[33m,[39mwatermelon[33m:[39m[32m"🍉"[39m[33m,[39mgrapes[33m:[39m[32m"🍇"[39m[33m,[39mstrawberry[33m:[39m[32m"🍓"[39m[33m,[39mmelon[33m:[39m[32m"🍈"[39m[33m,[39mcherries[33m:[39m[32m"🍒"[39m[33m,[39mpeach[33m:[39m[32m"🍑"[39m[33m,[39mpineapple[33m:[39m[32m"🍍"[39m[33m,[39mcoconut[33m:[39m[32m"🥥"[39m[33m,[39mkiwi_fruit[33m:[39m[32m"🥝"[39m[33m,[39mmango[33m:[39m[32m"🥭"[39m[33m,[39mavocado[33m:[39m[32m"🥑"[39m[33m,[39mbroccoli[33m:[39m[32m"🥦"[39m[33m,[39mtomato[33m:[39m[32m"🍅"[39m[33m,[39meggplant[33m:[39m[32m"🍆"[39m[33m,[39mcucumber[33m:[39m[32m"🥒"[39m[33m,[39mcarrot[33m:[39m[32m"🥕"[39m[33m,[39mhot_pepper[33m:[39m[32m"🌶"[39m[33m,[39mpotato[33m:[39m[32m"🥔"[39m[33m,[39mcorn[33m:[39m[32m"🌽"[39m[33m,[39mleafy_greens[33m:[39m[32m"🥬"[39m[33m,[39msweet_potato[33m:[39m[32m"🍠"[39m[33m,[39mpeanuts[33m:[39m[32m"🥜"[39m[33m,[39mhoney_pot[33m:[39m[32m"🍯"[39m[33m,[39mcroissant[33m:[39m[32m"🥐"[39m[33m,[39mbread[33m:[39m[32m"🍞"[39m[33m,[39mbaguette_bread[33m:[39m[32m"🥖"[39m[33m,[39mbagel[33m:[39m[32m"🥯"[39m[33m,[39mpretzel[33m:[39m[32m"🥨"[39m[33m,[39mcheese[33m:[39m[32m"🧀"[39m[33m,[39megg[33m:[39m[32m"🥚"[39m[33m,[39mbacon[33m:[39m[32m"🥓"[39m[33m,[39msteak[33m:[39m[32m"🥩"[39m[33m,[39mpancakes[33m:[39m[32m"🥞"[39m[33m,[39mpoultry_leg[33m:[39m[32m"🍗"[39m[33m,[39mmeat_on_bone[33m:[39m[32m"🍖"[39m[33m,[39mbone[33m:[39m[32m"🦴"[39m[33m,[39mfried_shrimp[33m:[39m[32m"🍤"[39m[33m,[39mfried_egg[33m:[39m[32m"🍳"[39m[33m,[39mhamburger[33m:[39m[32m"🍔"[39m[33m,[39mfries[33m:[39m[32m"🍟"[39m[33m,[39mstuffed_flatbread[33m:[39m[32m"🥙"[39m[33m,[39mhotdog[33m:[39m[32m"🌭"[39m[33m,[39mpizza[33m:[39m[32m"🍕"[39m[33m,[39msandwich[33m:[39m[32m"🥪"[39m[33m,[39mcanned_food[33m:[39m[32m"🥫"[39m[33m,[39mspaghetti[33m:[39m[32m"🍝"[39m[33m,[39mtaco[33m:[39m[32m"🌮"[39m[33m,[39mburrito[33m:[39m[32m"🌯"[39m[33m,[39mgreen_salad[33m:[39m[32m"🥗"[39m[33m,[39mshallow_pan_of_food[33m:[39m[32m"🥘"[39m[33m,[39mramen[33m:[39m[32m"🍜"[39m[33m,[39mstew[33m:[39m[32m"🍲"[39m[33m,[39mfish_cake[33m:[39m[32m"🍥"[39m[33m,[39mfortune_cookie[33m:[39m[32m"🥠"[39m[33m,[39msushi[33m:[39m[32m"🍣"[39m[33m,[39mbento[33m:[39m[32m"🍱"[39m[33m,[39mcurry[33m:[39m[32m"🍛"[39m[33m,[39mrice_ball[33m:[39m[32m"🍙"[39m[33m,[39mrice[33m:[39m[32m"🍚"[39m[33m,[39mrice_cracker[33m:[39m[32m"🍘"[39m[33m,[39moden[33m:[39m[32m"🍢"[39m[33m,[39mdango[33m:[39m[32m"🍡"[39m[33m,[39mshaved_ice[33m:[39m[32m"🍧"[39m[33m,[39mice_cream[33m:[39m[32m"🍨"[39m[33m,[39micecream[33m:[39m[32m"🍦"[39m[33m,[39mpie[33m:[39m[32m"🥧"[39m[33m,[39mcake[33m:[39m[32m"🍰"[39m[33m,[39mcupcake[33m:[39m[32m"🧁"[39m[33m,[39mmoon_cake[33m:[39m[32m"🥮"[39m[33m,[39mbirthday[33m:[39m[32m"🎂"[39m[33m,[39mcustard[33m:[39m[32m"🍮"[39m[33m,[39mcandy[33m:[39m[32m"🍬"[39m[33m,[39mlollipop[33m:[39m[32m"🍭"[39m[33m,[39mchocolate_bar[33m:[39m[32m"🍫"[39m[33m,[39mpopcorn[33m:[39m[32m"🍿"[39m[33m,[39mdumpling[33m:[39m[32m"🥟"[39m[33m,[39mdoughnut[33m:[39m[32m"🍩"[39m[33m,[39mcookie[33m:[39m[32m"🍪"[39m[33m,[39mmilk_glass[33m:[39m[32m"🥛"[39m[33m,[39mbeer[33m:[39m[32m"🍺"[39m[33m,[39mbeers[33m:[39m[32m"🍻"[39m[33m,[39mclinking_glasses[33m:[39m[32m"🥂"[39m[33m,[39mwine_glass[33m:[39m[32m"🍷"[39m[33m,[39mtumbler_glass[33m:[39m[32m"🥃"[39m[33m,[39mcocktail[33m:[39m[32m"🍸"[39m[33m,[39mtropical_drink[33m:[39m[32m"🍹"[39m[33m,[39mchampagne[33m:[39m[32m"🍾"[39m[33m,[39msake[33m:[39m[32m"🍶"[39m[33m,[39mtea[33m:[39m[32m"🍵"[39m[33m,[39mcup_with_straw[33m:[39m[32m"🥤"[39m[33m,[39mcoffee[33m:[39m[32m"☕"[39m[33m,[39mbaby_bottle[33m:[39m[32m"🍼"[39m[33m,[39msalt[33m:[39m[32m"🧂"[39m[33m,[39mspoon[33m:[39m[32m"🥄"[39m[33m,[39mfork_and_knife[33m:[39m[32m"🍴"[39m[33m,[39mplate_with_cutlery[33m:[39m[32m"🍽"[39m[33m,[39mbowl_with_spoon[33m:[39m[32m"🥣"[39m[33m,[39mtakeout_box[33m:[39m[32m"🥡"[39m[33m,[39mchopsticks[33m:[39m[32m"🥢"[39m[33m,[39msoccer[33m:[39m[32m"⚽"[39m[33m,[39mbasketball[33m:[39m[32m"🏀"[39m[33m,[39mfootball[33m:[39m[32m"🏈"[39m[33m,[39mbaseball[33m:[39m[32m"⚾"[39m[33m,[39msoftball[33m:[39m[32m"🥎"[39m[33m,[39mtennis[33m:[39m[32m"🎾"[39m[33m,[39mvolleyball[33m:[39m[32m"🏐"[39m[33m,[39mrugby_football[33m:[39m[32m"🏉"[39m[33m,[39mflying_disc[33m:[39m[32m"🥏"[39m[33m,[39m[32m"8ball"[39m[33m:[39m[32m"🎱"[39m[33m,[39mgolf[33m:[39m[32m"⛳"[39m[33m,[39mgolfing_woman[33m:[39m[32m"🏌️‍♀️"[39m[33m,[39mgolfing_man[33m:[39m[32m"🏌"[39m[33m,[39mping_pong[33m:[39m[32m"🏓"[39m[33m,[39mbadminton[33m:[39m[32m"🏸"[39m[33m,[39mgoal_net[33m:[39m[32m"🥅"[39m[33m,[39mice_hockey[33m:[39m[32m"🏒"[39m[33m,[39mfield_hockey[33m:[39m[32m"🏑"[39m[33m,[39mlacrosse[33m:[39m[32m"🥍"[39m[33m,[39mcricket[33m:[39m[32m"🏏"[39m[33m,[39mski[33m:[39m[32m"🎿"[39m[33m,[39mskier[33m:[39m[32m"⛷"[39m[33m,[39msnowboarder[33m:[39m[32m"🏂"[39m[33m,[39mperson_fencing[33m:[39m[32m"🤺"[39m[33m,[39mwomen_wrestling[33m:[39m[32m"🤼‍♀️"[39m[33m,[39mmen_wrestling[33m:[39m[32m"🤼‍♂️"[39m[33m,[39mwoman_cartwheeling[33m:[39m[32m"🤸‍♀️"[39m[33m,[39mman_cartwheeling[33m:[39m[32m"🤸‍♂️"[39m[33m,[39mwoman_playing_handball[33m:[39m[32m"🤾‍♀️"[39m[33m,[39mman_playing_handball[33m:[39m[32m"🤾‍♂️"[39m[33m,[39mice_skate[33m:[39m[32m"⛸"[39m[33m,[39mcurling_stone[33m:[39m[32m"🥌"[39m[33m,[39mskateboard[33m:[39m[32m"🛹"[39m[33m,[39msled[33m:[39m[32m"🛷"[39m[33m,[39mbow_and_arrow[33m:[39m[32m"🏹"[39m[33m,[39mfishing_pole_and_fish[33m:[39m[32m"🎣"[39m[33m,[39mboxing_glove[33m:[39m[32m"🥊"[39m[33m,[39mmartial_arts_uniform[33m:[39m[32m"🥋"[39m[33m,[39mrowing_woman[33m:[39m[32m"🚣‍♀️"[39m[33m,[39mrowing_man[33m:[39m[32m"🚣"[39m[33m,[39mclimbing_woman[33m:[39m[32m"🧗‍♀️"[39m[33m,[39mclimbing_man[33m:[39m[32m"🧗‍♂️"[39m[33m,[39mswimming_woman[33m:[39m[32m"🏊‍♀️"[39m[33m,[39mswimming_man[33m:[39m[32m"🏊"[39m[33m,[39mwoman_playing_water_polo[33m:[39m[32m"🤽‍♀️"[39m[33m,[39mman_playing_water_polo[33m:[39m[32m"🤽‍♂️"[39m[33m,[39mwoman_in_lotus_position[33m:[39m[32m"🧘‍♀️"[39m[33m,[39mman_in_lotus_position[33m:[39m[32m"🧘‍♂️"[39m[33m,[39msurfing_woman[33m:[39m[32m"🏄‍♀️"[39m[33m,[39msurfing_man[33m:[39m[32m"🏄"[39m[33m,[39mbath[33m:[39m[32m"🛀"[39m[33m,[39mbasketball_woman[33m:[39m[32m"⛹️‍♀️"[39m[33m,[39mbasketball_man[33m:[39m[32m"⛹"[39m[33m,[39mweight_lifting_woman[33m:[39m[32m"🏋️‍♀️"[39m[33m,[39mweight_lifting_man[33m:[39m[32m"🏋"[39m[33m,[39mbiking_woman[33m:[39m[32m"🚴‍♀️"[39m[33m,[39mbiking_man[33m:[39m[32m"🚴"[39m[33m,[39mmountain_biking_woman[33m:[39m[32m"🚵‍♀️"[39m[33m,[39mmountain_biking_man[33m:[39m[32m"🚵"[39m[33m,[39mhorse_racing[33m:[39m[32m"🏇"[39m[33m,[39mbusiness_suit_levitating[33m:[39m[32m"🕴"[39m[33m,[39mtrophy[33m:[39m[32m"🏆"[39m[33m,[39mrunning_shirt_with_sash[33m:[39m[32m"🎽"[39m[33m,[39mmedal_sports[33m:[39m[32m"🏅"[39m[33m,[39mmedal_military[33m:[39m[32m"🎖"[39m[33m,[39m[32m"1st_place_medal"[39m[33m:[39m[32m"🥇"[39m[33m,[39m[32m"2nd_place_medal"[39m[33m:[39m[32m"🥈"[39m[33m,[39m[32m"3rd_place_medal"[39m[33m:[39m[32m"🥉"[39m[33m,[39mreminder_ribbon[33m:[39m[32m"🎗"[39m[33m,[39mrosette[33m:[39m[32m"🏵"[39m[33m,[39mticket[33m:[39m[32m"🎫"[39m[33m,[39mtickets[33m:[39m[32m"🎟"[39m[33m,[39mperforming_arts[33m:[39m[32m"🎭"[39m[33m,[39mart[33m:[39m[32m"🎨"[39m[33m,[39mcircus_tent[33m:[39m[32m"🎪"[39m[33m,[39mwoman_juggling[33m:[39m[32m"🤹‍♀️"[39m[33m,[39mman_juggling[33m:[39m[32m"🤹‍♂️"[39m[33m,[39mmicrophone[33m:[39m[32m"🎤"[39m[33m,[39mheadphones[33m:[39m[32m"🎧"[39m[33m,[39mmusical_score[33m:[39m[32m"🎼"[39m[33m,[39mmusical_keyboard[33m:[39m[32m"🎹"[39m[33m,[39mdrum[33m:[39m[32m"🥁"[39m[33m,[39msaxophone[33m:[39m[32m"🎷"[39m[33m,[39mtrumpet[33m:[39m[32m"🎺"[39m[33m,[39mguitar[33m:[39m[32m"🎸"[39m[33m,[39mviolin[33m:[39m[32m"🎻"[39m[33m,[39mclapper[33m:[39m[32m"🎬"[39m[33m,[39mvideo_game[33m:[39m[32m"🎮"[39m[33m,[39mspace_invader[33m:[39m[32m"👾"[39m[33m,[39mdart[33m:[39m[32m"🎯"[39m[33m,[39mgame_die[33m:[39m[32m"🎲"[39m[33m,[39mchess_pawn[33m:[39m[32m"♟"[39m[33m,[39mslot_machine[33m:[39m[32m"🎰"[39m[33m,[39mjigsaw[33m:[39m[32m"🧩"[39m[33m,[39mbowling[33m:[39m[32m"🎳"[39m[33m,[39mred_car[33m:[39m[32m"🚗"[39m[33m,[39mtaxi[33m:[39m[32m"🚕"[39m[33m,[39mblue_car[33m:[39m[32m"🚙"[39m[33m,[39mbus[33m:[39m[32m"🚌"[39m[33m,[39mtrolleybus[33m:[39m[32m"🚎"[39m[33m,[39mracing_car[33m:[39m[32m"🏎"[39m[33m,[39mpolice_car[33m:[39m[32m"🚓"[39m[33m,[39mambulance[33m:[39m[32m"🚑"[39m[33m,[39mfire_engine[33m:[39m[32m"🚒"[39m[33m,[39mminibus[33m:[39m[32m"🚐"[39m[33m,[39mtruck[33m:[39m[32m"🚚"[39m[33m,[39marticulated_lorry[33m:[39m[32m"🚛"[39m[33m,[39mtractor[33m:[39m[32m"🚜"[39m[33m,[39mkick_scooter[33m:[39m[32m"🛴"[39m[33m,[39mmotorcycle[33m:[39m[32m"🏍"[39m[33m,[39mbike[33m:[39m[32m"🚲"[39m[33m,[39mmotor_scooter[33m:[39m[32m"🛵"[39m[33m,[39mrotating_light[33m:[39m[32m"🚨"[39m[33m,[39moncoming_police_car[33m:[39m[32m"🚔"[39m[33m,[39moncoming_bus[33m:[39m[32m"🚍"[39m[33m,[39moncoming_automobile[33m:[39m[32m"🚘"[39m[33m,[39moncoming_taxi[33m:[39m[32m"🚖"[39m[33m,[39maerial_tramway[33m:[39m[32m"🚡"[39m[33m,[39mmountain_cableway[33m:[39m[32m"🚠"[39m[33m,[39msuspension_railway[33m:[39m[32m"🚟"[39m[33m,[39mrailway_car[33m:[39m[32m"🚃"[39m[33m,[39mtrain[33m:[39m[32m"🚋"[39m[33m,[39mmonorail[33m:[39m[32m"🚝"[39m[33m,[39mbullettrain_side[33m:[39m[32m"🚄"[39m[33m,[39mbullettrain_front[33m:[39m[32m"🚅"[39m[33m,[39mlight_rail[33m:[39m[32m"🚈"[39m[33m,[39mmountain_railway[33m:[39m[32m"🚞"[39m[33m,[39msteam_locomotive[33m:[39m[32m"🚂"[39m[33m,[39mtrain2[33m:[39m[32m"🚆"[39m[33m,[39mmetro[33m:[39m[32m"🚇"[39m[33m,[39mtram[33m:[39m[32m"🚊"[39m[33m,[39mstation[33m:[39m[32m"🚉"[39m[33m,[39mflying_saucer[33m:[39m[32m"🛸"[39m[33m,[39mhelicopter[33m:[39m[32m"🚁"[39m[33m,[39msmall_airplane[33m:[39m[32m"🛩"[39m[33m,[39mairplane[33m:[39m[32m"✈️"[39m[33m,[39mflight_departure[33m:[39m[32m"🛫"[39m[33m,[39mflight_arrival[33m:[39m[32m"🛬"[39m[33m,[39msailboat[33m:[39m[32m"⛵"[39m[33m,[39mmotor_boat[33m:[39m[32m"🛥"[39m[33m,[39mspeedboat[33m:[39m[32m"🚤"[39m[33m,[39mferry[33m:[39m[32m"⛴"[39m[33m,[39mpassenger_ship[33m:[39m[32m"🛳"[39m[33m,[39mrocket[33m:[39m[32m"🚀"[39m[33m,[39martificial_satellite[33m:[39m[32m"🛰"[39m[33m,[39mseat[33m:[39m[32m"💺"[39m[33m,[39mcanoe[33m:[39m[32m"🛶"[39m[33m,[39manchor[33m:[39m[32m"⚓"[39m[33m,[39mconstruction[33m:[39m[32m"🚧"[39m[33m,[39mfuelpump[33m:[39m[32m"⛽"[39m[33m,[39mbusstop[33m:[39m[32m"🚏"[39m[33m,[39mvertical_traffic_light[33m:[39m[32m"🚦"[39m[33m,[39mtraffic_light[33m:[39m[32m"🚥"[39m[33m,[39mcheckered_flag[33m:[39m[32m"🏁"[39m[33m,[39mship[33m:[39m[32m"🚢"[39m[33m,[39mferris_wheel[33m:[39m[32m"🎡"[39m[33m,[39mroller_coaster[33m:[39m[32m"🎢"[39m[33m,[39mcarousel_horse[33m:[39m[32m"🎠"[39m[33m,[39mbuilding_construction[33m:[39m[32m"🏗"[39m[33m,[39mfoggy[33m:[39m[32m"🌁"[39m[33m,[39mtokyo_tower[33m:[39m[32m"🗼"[39m[33m,[39mfactory[33m:[39m[32m"🏭"[39m[33m,[39mfountain[33m:[39m[32m"⛲"[39m[33m,[39mrice_scene[33m:[39m[32m"🎑"[39m[33m,[39mmountain[33m:[39m[32m"⛰"[39m[33m,[39mmountain_snow[33m:[39m[32m"🏔"[39m[33m,[39mmount_fuji[33m:[39m[32m"🗻"[39m[33m,[39mvolcano[33m:[39m[32m"🌋"[39m[33m,[39mjapan[33m:[39m[32m"🗾"[39m[33m,[39mcamping[33m:[39m[32m"🏕"[39m[33m,[39mtent[33m:[39m[32m"⛺"[39m[33m,[39mnational_park[33m:[39m[32m"🏞"[39m[33m,[39mmotorway[33m:[39m[32m"🛣"[39m[33m,[39mrailway_track[33m:[39m[32m"🛤"[39m[33m,[39msunrise[33m:[39m[32m"🌅"[39m[33m,[39msunrise_over_mountains[33m:[39m[32m"🌄"[39m[33m,[39mdesert[33m:[39m[32m"🏜"[39m[33m,[39mbeach_umbrella[33m:[39m[32m"🏖"[39m[33m,[39mdesert_island[33m:[39m[32m"🏝"[39m[33m,[39mcity_sunrise[33m:[39m[32m"🌇"[39m[33m,[39mcity_sunset[33m:[39m[32m"🌆"[39m[33m,[39mcityscape[33m:[39m[32m"🏙"[39m[33m,[39mnight_with_stars[33m:[39m[32m"🌃"[39m[33m,[39mbridge_at_night[33m:[39m[32m"🌉"[39m[33m,[39mmilky_way[33m:[39m[32m"🌌"[39m[33m,[39mstars[33m:[39m[32m"🌠"[39m[33m,[39msparkler[33m:[39m[32m"🎇"[39m[33m,[39mfireworks[33m:[39m[32m"🎆"[39m[33m,[39mrainbow[33m:[39m[32m"🌈"[39m[33m,[39mhouses[33m:[39m[32m"🏘"[39m[33m,[39meuropean_castle[33m:[39m[32m"🏰"[39m[33m,[39mjapanese_castle[33m:[39m[32m"🏯"[39m[33m,[39mstadium[33m:[39m[32m"🏟"[39m[33m,[39mstatue_of_liberty[33m:[39m[32m"🗽"[39m[33m,[39mhouse[33m:[39m[32m"🏠"[39m[33m,[39mhouse_with_garden[33m:[39m[32m"🏡"[39m[33m,[39mderelict_house[33m:[39m[32m"🏚"[39m[33m,[39moffice[33m:[39m[32m"🏢"[39m[33m,[39mdepartment_store[33m:[39m[32m"🏬"[39m[33m,[39mpost_office[33m:[39m[32m"🏣"[39m[33m,[39meuropean_post_office[33m:[39m[32m"🏤"[39m[33m,[39mhospital[33m:[39m[32m"🏥"[39m[33m,[39mbank[33m:[39m[32m"🏦"[39m[33m,[39mhotel[33m:[39m[32m"🏨"[39m[33m,[39mconvenience_store[33m:[39m[32m"🏪"[39m[33m,[39mschool[33m:[39m[32m"🏫"[39m[33m,[39mlove_hotel[33m:[39m[32m"🏩"[39m[33m,[39mwedding[33m:[39m[32m"💒"[39m[33m,[39mclassical_building[33m:[39m[32m"🏛"[39m[33m,[39mchurch[33m:[39m[32m"⛪"[39m[33m,[39mmosque[33m:[39m[32m"🕌"[39m[33m,[39msynagogue[33m:[39m[32m"🕍"[39m[33m,[39mkaaba[33m:[39m[32m"🕋"[39m[33m,[39mshinto_shrine[33m:[39m[32m"⛩"[39m[33m,[39mwatch[33m:[39m[32m"⌚"[39m[33m,[39miphone[33m:[39m[32m"📱"[39m[33m,[39mcalling[33m:[39m[32m"📲"[39m[33m,[39mcomputer[33m:[39m[32m"💻"[39m[33m,[39mkeyboard[33m:[39m[32m"⌨"[39m[33m,[39mdesktop_computer[33m:[39m[32m"🖥"[39m[33m,[39mprinter[33m:[39m[32m"🖨"[39m[33m,[39mcomputer_mouse[33m:[39m[32m"🖱"[39m[33m,[39mtrackball[33m:[39m[32m"🖲"[39m[33m,[39mjoystick[33m:[39m[32m"🕹"[39m[33m,[39mclamp[33m:[39m[32m"🗜"[39m[33m,[39mminidisc[33m:[39m[32m"💽"[39m[33m,[39mfloppy_disk[33m:[39m[32m"💾"[39m[33m,[39mcd[33m:[39m[32m"💿"[39m[33m,[39mdvd[33m:[39m[32m"📀"[39m[33m,[39mvhs[33m:[39m[32m"📼"[39m[33m,[39mcamera[33m:[39m[32m"📷"[39m[33m,[39mcamera_flash[33m:[39m[32m"📸"[39m[33m,[39mvideo_camera[33m:[39m[32m"📹"[39m[33m,[39mmovie_camera[33m:[39m[32m"🎥"[39m[33m,[39mfilm_projector[33m:[39m[32m"📽"[39m[33m,[39mfilm_strip[33m:[39m[32m"🎞"[39m[33m,[39mtelephone_receiver[33m:[39m[32m"📞"[39m[33m,[39mphone[33m:[39m[32m"☎️"[39m[33m,[39mpager[33m:[39m[32m"📟"[39m[33m,[39mfax[33m:[39m[32m"📠"[39m[33m,[39mtv[33m:[39m[32m"📺"[39m[33m,[39mradio[33m:[39m[32m"📻"[39m[33m,[39mstudio_microphone[33m:[39m[32m"🎙"[39m[33m,[39mlevel_slider[33m:[39m[32m"🎚"[39m[33m,[39mcontrol_knobs[33m:[39m[32m"🎛"[39m[33m,[39mcompass[33m:[39m[32m"🧭"[39m[33m,[39mstopwatch[33m:[39m[32m"⏱"[39m[33m,[39mtimer_clock[33m:[39m[32m"⏲"[39m[33m,[39malarm_clock[33m:[39m[32m"⏰"[39m[33m,[39mmantelpiece_clock[33m:[39m[32m"🕰"[39m[33m,[39mhourglass_flowing_sand[33m:[39m[32m"⏳"[39m[33m,[39mhourglass[33m:[39m[32m"⌛"[39m[33m,[39msatellite[33m:[39m[32m"📡"[39m[33m,[39mbattery[33m:[39m[32m"🔋"[39m[33m,[39melectric_plug[33m:[39m[32m"🔌"[39m[33m,[39mbulb[33m:[39m[32m"💡"[39m[33m,[39mflashlight[33m:[39m[32m"🔦"[39m[33m,[39mcandle[33m:[39m[32m"🕯"[39m[33m,[39mfire_extinguisher[33m:[39m[32m"🧯"[39m[33m,[39mwastebasket[33m:[39m[32m"🗑"[39m[33m,[39moil_drum[33m:[39m[32m"🛢"[39m[33m,[39mmoney_with_wings[33m:[39m[32m"💸"[39m[33m,[39mdollar[33m:[39m[32m"💵"[39m[33m,[39myen[33m:[39m[32m"💴"[39m[33m,[39meuro[33m:[39m[32m"💶"[39m[33m,[39mpound[33m:[39m[32m"💷"[39m[33m,[39mmoneybag[33m:[39m[32m"💰"[39m[33m,[39mcredit_card[33m:[39m[32m"💳"[39m[33m,[39mgem[33m:[39m[32m"💎"[39m[33m,[39mbalance_scale[33m:[39m[32m"⚖"[39m[33m,[39mtoolbox[33m:[39m[32m"🧰"[39m[33m,[39mwrench[33m:[39m[32m"🔧"[39m[33m,[39mhammer[33m:[39m[32m"🔨"[39m[33m,[39mhammer_and_pick[33m:[39m[32m"⚒"[39m[33m,[39mhammer_and_wrench[33m:[39m[32m"🛠"[39m[33m,[39mpick[33m:[39m[32m"⛏"[39m[33m,[39mnut_and_bolt[33m:[39m[32m"🔩"[39m[33m,[39mgear[33m:[39m[32m"⚙"[39m[33m,[39mbrick[33m:[39m[32m"🧱"[39m[33m,[39mchains[33m:[39m[32m"⛓"[39m[33m,[39mmagnet[33m:[39m[32m"🧲"[39m[33m,[39mgun[33m:[39m[32m"🔫"[39m[33m,[39mbomb[33m:[39m[32m"💣"[39m[33m,[39mfirecracker[33m:[39m[32m"🧨"[39m[33m,[39mhocho[33m:[39m[32m"🔪"[39m[33m,[39mdagger[33m:[39m[32m"🗡"[39m[33m,[39mcrossed_swords[33m:[39m[32m"⚔"[39m[33m,[39mshield[33m:[39m[32m"🛡"[39m[33m,[39msmoking[33m:[39m[32m"🚬"[39m[33m,[39mskull_and_crossbones[33m:[39m[32m"☠"[39m[33m,[39mcoffin[33m:[39m[32m"⚰"[39m[33m,[39mfuneral_urn[33m:[39m[32m"⚱"[39m[33m,[39mamphora[33m:[39m[32m"🏺"[39m[33m,[39mcrystal_ball[33m:[39m[32m"🔮"[39m[33m,[39mprayer_beads[33m:[39m[32m"📿"[39m[33m,[39mnazar_amulet[33m:[39m[32m"🧿"[39m[33m,[39mbarber[33m:[39m[32m"💈"[39m[33m,[39malembic[33m:[39m[32m"⚗"[39m[33m,[39mtelescope[33m:[39m[32m"🔭"[39m[33m,[39mmicroscope[33m:[39m[32m"🔬"[39m[33m,[39mhole[33m:[39m[32m"🕳"[39m[33m,[39mpill[33m:[39m[32m"💊"[39m[33m,[39msyringe[33m:[39m[32m"💉"[39m[33m,[39mdna[33m:[39m[32m"🧬"[39m[33m,[39mmicrobe[33m:[39m[32m"🦠"[39m[33m,[39mpetri_dish[33m:[39m[32m"🧫"[39m[33m,[39mtest_tube[33m:[39m[32m"🧪"[39m[33m,[39mthermometer[33m:[39m[32m"🌡"[39m[33m,[39mbroom[33m:[39m[32m"🧹"[39m[33m,[39mbasket[33m:[39m[32m"🧺"[39m[33m,[39mtoilet_paper[33m:[39m[32m"🧻"[39m[33m,[39mlabel[33m:[39m[32m"🏷"[39m[33m,[39mbookmark[33m:[39m[32m"🔖"[39m[33m,[39mtoilet[33m:[39m[32m"🚽"[39m[33m,[39mshower[33m:[39m[32m"🚿"[39m[33m,[39mbathtub[33m:[39m[32m"🛁"[39m[33m,[39msoap[33m:[39m[32m"🧼"[39m[33m,[39msponge[33m:[39m[32m"🧽"[39m[33m,[39mlotion_bottle[33m:[39m[32m"🧴"[39m[33m,[39mkey[33m:[39m[32m"🔑"[39m[33m,[39mold_key[33m:[39m[32m"🗝"[39m[33m,[39mcouch_and_lamp[33m:[39m[32m"🛋"[39m[33m,[39msleeping_bed[33m:[39m[32m"🛌"[39m[33m,[39mbed[33m:[39m[32m"🛏"[39m[33m,[39mdoor[33m:[39m[32m"🚪"[39m[33m,[39mbellhop_bell[33m:[39m[32m"🛎"[39m[33m,[39mteddy_bear[33m:[39m[32m"🧸"[39m[33m,[39mframed_picture[33m:[39m[32m"🖼"[39m[33m,[39mworld_map[33m:[39m[32m"🗺"[39m[33m,[39mparasol_on_ground[33m:[39m[32m"⛱"[39m[33m,[39mmoyai[33m:[39m[32m"🗿"[39m[33m,[39mshopping[33m:[39m[32m"🛍"[39m[33m,[39mshopping_cart[33m:[39m[32m"🛒"[39m[33m,[39mballoon[33m:[39m[32m"🎈"[39m[33m,[39mflags[33m:[39m[32m"🎏"[39m[33m,[39mribbon[33m:[39m[32m"🎀"[39m[33m,[39mgift[33m:[39m[32m"🎁"[39m[33m,[39mconfetti_ball[33m:[39m[32m"🎊"[39m[33m,[39mtada[33m:[39m[32m"🎉"[39m[33m,[39mdolls[33m:[39m[32m"🎎"[39m[33m,[39mwind_chime[33m:[39m[32m"🎐"[39m[33m,[39mcrossed_flags[33m:[39m[32m"🎌"[39m[33m,[39mizakaya_lantern[33m:[39m[32m"🏮"[39m[33m,[39mred_envelope[33m:[39m[32m"🧧"[39m[33m,[39memail[33m:[39m[32m"✉️"[39m[33m,[39menvelope_with_arrow[33m:[39m[32m"📩"[39m[33m,[39mincoming_envelope[33m:[39m[32m"📨"[39m[33m,[39m[32m"e-mail"[39m[33m:[39m[32m"📧"[39m[33m,[39mlove_letter[33m:[39m[32m"💌"[39m[33m,[39mpostbox[33m:[39m[32m"📮"[39m[33m,[39mmailbox_closed[33m:[39m[32m"📪"[39m[33m,[39mmailbox[33m:[39m[32m"📫"[39m[33m,[39mmailbox_with_mail[33m:[39m[32m"📬"[39m[33m,[39mmailbox_with_no_mail[33m:[39m[32m"📭"[39m[33m,[39m[36mpackage[39m[33m:[39m[32m"📦"[39m[33m,[39mpostal_horn[33m:[39m[32m"📯"[39m[33m,[39minbox_tray[33m:[39m[32m"📥"[39m[33m,[39moutbox_tray[33m:[39m[32m"📤"[39m[33m,[39mscroll[33m:[39m[32m"📜"[39m[33m,[39mpage_with_curl[33m:[39m[32m"📃"[39m[33m,[39mbookmark_tabs[33m:[39m[32m"📑"[39m[33m,[39mreceipt[33m:[39m[32m"🧾"[39m[33m,[39mbar_chart[33m:[39m[32m"📊"[39m[33m,[39mchart_with_upwards_trend[33m:[39m[32m"📈"[39m[33m,[39mchart_with_downwards_trend[33m:[39m[32m"📉"[39m[33m,[39mpage_facing_up[33m:[39m[32m"📄"[39m[33m,[39mdate[33m:[39m[32m"📅"[39m[33m,[39mcalendar[33m:[39m[32m"📆"[39m[33m,[39mspiral_calendar[33m:[39m[32m"🗓"[39m[33m,[39mcard_index[33m:[39m[32m"📇"[39m[33m,[39mcard_file_box[33m:[39m[32m"🗃"[39m[33m,[39mballot_box[33m:[39m[32m"🗳"[39m[33m,[39mfile_cabinet[33m:[39m[32m"🗄"[39m[33m,[39mclipboard[33m:[39m[32m"📋"[39m[33m,[39mspiral_notepad[33m:[39m[32m"🗒"[39m[33m,[39mfile_folder[33m:[39m[32m"📁"[39m[33m,[39mopen_file_folder[33m:[39m[32m"📂"[39m[33m,[39mcard_index_dividers[33m:[39m[32m"🗂"[39m[33m,[39mnewspaper_roll[33m:[39m[32m"🗞"[39m[33m,[39mnewspaper[33m:[39m[32m"📰"[39m[33m,[39mnotebook[33m:[39m[32m"📓"[39m[33m,[39mclosed_book[33m:[39m[32m"📕"[39m[33m,[39mgreen_book[33m:[39m[32m"📗"[39m[33m,[39mblue_book[33m:[39m[32m"📘"[39m[33m,[39morange_book[33m:[39m[32m"📙"[39m[33m,[39mnotebook_with_decorative_cover[33m:[39m[32m"📔"[39m[33m,[39mledger[33m:[39m[32m"📒"[39m[33m,[39mbooks[33m:[39m[32m"📚"[39m[33m,[39mopen_book[33m:[39m[32m"📖"[39m[33m,[39msafety_pin[33m:[39m[32m"🧷"[39m[33m,[39mlink[33m:[39m[32m"🔗"[39m[33m,[39mpaperclip[33m:[39m[32m"📎"[39m[33m,[39mpaperclips[33m:[39m[32m"🖇"[39m[33m,[39mscissors[33m:[39m[32m"✂️"[39m[33m,[39mtriangular_ruler[33m:[39m[32m"📐"[39m[33m,[39mstraight_ruler[33m:[39m[32m"📏"[39m[33m,[39mabacus[33m:[39m[32m"🧮"[39m[33m,[39mpushpin[33m:[39m[32m"📌"[39m[33m,[39mround_pushpin[33m:[39m[32m"📍"[39m[33m,[39mtriangular_flag_on_post[33m:[39m[32m"🚩"[39m[33m,[39mwhite_flag[33m:[39m[32m"🏳"[39m[33m,[39mblack_flag[33m:[39m[32m"🏴"[39m[33m,[39mrainbow_flag[33m:[39m[32m"🏳️‍🌈"[39m[33m,[39mclosed_lock_with_key[33m:[39m[32m"🔐"[39m[33m,[39mlock[33m:[39m[32m"🔒"[39m[33m,[39munlock[33m:[39m[32m"🔓"[39m[33m,[39mlock_with_ink_pen[33m:[39m[32m"🔏"[39m[33m,[39mpen[33m:[39m[32m"🖊"[39m[33m,[39mfountain_pen[33m:[39m[32m"🖋"[39m[33m,[39mblack_nib[33m:[39m[32m"✒️"[39m[33m,[39mmemo[33m:[39m[32m"📝"[39m[33m,[39mpencil2[33m:[39m[32m"✏️"[39m[33m,[39mcrayon[33m:[39m[32m"🖍"[39m[33m,[39mpaintbrush[33m:[39m[32m"🖌"[39m[33m,[39mmag[33m:[39m[32m"🔍"[39m[33m,[39mmag_right[33m:[39m[32m"🔎"[39m[33m,[39mheart[33m:[39m[32m"❤️"[39m[33m,[39morange_heart[33m:[39m[32m"🧡"[39m[33m,[39myellow_heart[33m:[39m[32m"💛"[39m[33m,[39mgreen_heart[33m:[39m[32m"💚"[39m[33m,[39mblue_heart[33m:[39m[32m"💙"[39m[33m,[39mpurple_heart[33m:[39m[32m"💜"[39m[33m,[39mblack_heart[33m:[39m[32m"🖤"[39m[33m,[39mbroken_heart[33m:[39m[32m"💔"[39m[33m,[39mheavy_heart_exclamation[33m:[39m[32m"❣"[39m[33m,[39mtwo_hearts[33m:[39m[32m"💕"[39m[33m,[39mrevolving_hearts[33m:[39m[32m"💞"[39m[33m,[39mheartbeat[33m:[39m[32m"💓"[39m[33m,[39mheartpulse[33m:[39m[32m"💗"[39m[33m,[39msparkling_heart[33m:[39m[32m"💖"[39m[33m,[39mcupid[33m:[39m[32m"💘"[39m[33m,[39mgift_heart[33m:[39m[32m"💝"[39m[33m,[39mheart_decoration[33m:[39m[32m"💟"[39m[33m,[39mpeace_symbol[33m:[39m[32m"☮"[39m[33m,[39mlatin_cross[33m:[39m[32m"✝"[39m[33m,[39mstar_and_crescent[33m:[39m[32m"☪"[39m[33m,[39mom[33m:[39m[32m"🕉"[39m[33m,[39mwheel_of_dharma[33m:[39m[32m"☸"[39m[33m,[39mstar_of_david[33m:[39m[32m"✡"[39m[33m,[39msix_pointed_star[33m:[39m[32m"🔯"[39m[33m,[39mmenorah[33m:[39m[32m"🕎"[39m[33m,[39myin_yang[33m:[39m[32m"☯"[39m[33m,[39morthodox_cross[33m:[39m[32m"☦"[39m[33m,[39mplace_of_worship[33m:[39m[32m"🛐"[39m[33m,[39mophiuchus[33m:[39m[32m"⛎"[39m[33m,[39maries[33m:[39m[32m"♈"[39m[33m,[39mtaurus[33m:[39m[32m"♉"[39m[33m,[39mgemini[33m:[39m[32m"♊"[39m[33m,[39mcancer[33m:[39m[32m"♋"[39m[33m,[39mleo[33m:[39m[32m"♌"[39m[33m,[39mvirgo[33m:[39m[32m"♍"[39m[33m,[39mlibra[33m:[39m[32m"♎"[39m[33m,[39mscorpius[33m:[39m[32m"♏"[39m[33m,[39msagittarius[33m:[39m[32m"♐"[39m[33m,[39mcapricorn[33m:[39m[32m"♑"[39m[33m,[39maquarius[33m:[39m[32m"♒"[39m[33m,[39mpisces[33m:[39m[32m"♓"[39m[33m,[39mid[33m:[39m[32m"🆔"[39m[33m,[39matom_symbol[33m:[39m[32m"⚛"[39m[33m,[39mu7a7a[33m:[39m[32m"🈳"[39m[33m,[39mu5272[33m:[39m[32m"🈹"[39m[33m,[39mradioactive[33m:[39m[32m"☢"[39m[33m,[39mbiohazard[33m:[39m[32m"☣"[39m[33m,[39mmobile_phone_off[33m:[39m[32m"📴"[39m[33m,[39mvibration_mode[33m:[39m[32m"📳"[39m[33m,[39mu6709[33m:[39m[32m"🈶"[39m[33m,[39mu7121[33m:[39m[32m"🈚"[39m[33m,[39mu7533[33m:[39m[32m"🈸"[39m[33m,[39mu55b6[33m:[39m[32m"🈺"[39m[33m,[39mu6708[33m:[39m[32m"🈷️"[39m[33m,[39meight_pointed_black_star[33m:[39m[32m"✴️"[39m[33m,[39mvs[33m:[39m[32m"🆚"[39m[33m,[39maccept[33m:[39m[32m"🉑"[39m[33m,[39mwhite_flower[33m:[39m[32m"💮"[39m[33m,[39mideograph_advantage[33m:[39m[32m"🉐"[39m[33m,[39msecret[33m:[39m[32m"㊙️"[39m[33m,[39mcongratulations[33m:[39m[32m"㊗️"[39m[33m,[39mu5408[33m:[39m[32m"🈴"[39m[33m,[39mu6e80[33m:[39m[32m"🈵"[39m[33m,[39mu7981[33m:[39m[32m"🈲"[39m[33m,[39ma[33m:[39m[32m"🅰️"[39m[33m,[39mb[33m:[39m[32m"🅱️"[39m[33m,[39mab[33m:[39m[32m"🆎"[39m[33m,[39mcl[33m:[39m[32m"🆑"[39m[33m,[39mo2[33m:[39m[32m"🅾️"[39m[33m,[39msos[33m:[39m[32m"🆘"[39m[33m,[39mno_entry[33m:[39m[32m"⛔"[39m[33m,[39mname_badge[33m:[39m[32m"📛"[39m[33m,[39mno_entry_sign[33m:[39m[32m"🚫"[39m[33m,[39mx[33m:[39m[32m"❌"[39m[33m,[39mo[33m:[39m[32m"⭕"[39m[33m,[39mstop_sign[33m:[39m[32m"🛑"[39m[33m,[39manger[33m:[39m[32m"💢"[39m[33m,[39mhotsprings[33m:[39m[32m"♨️"[39m[33m,[39mno_pedestrians[33m:[39m[32m"🚷"[39m[33m,[39mdo_not_litter[33m:[39m[32m"🚯"[39m[33m,[39mno_bicycles[33m:[39m[32m"🚳"[39m[33m,[39m[32m"non-potable_water"[39m[33m:[39m[32m"🚱"[39m[33m,[39munderage[33m:[39m[32m"🔞"[39m[33m,[39mno_mobile_phones[33m:[39m[32m"📵"[39m[33m,[39mexclamation[33m:[39m[32m"❗"[39m[33m,[39mgrey_exclamation[33m:[39m[32m"❕"[39m[33m,[39mquestion[33m:[39m[32m"❓"[39m[33m,[39mgrey_question[33m:[39m[32m"❔"[39m[33m,[39mbangbang[33m:[39m[32m"‼️"[39m[33m,[39minterrobang[33m:[39m[32m"⁉️"[39m[33m,[39mlow_brightness[33m:[39m[32m"🔅"[39m[33m,[39mhigh_brightness[33m:[39m[32m"🔆"[39m[33m,[39mtrident[33m:[39m[32m"🔱"[39m[33m,[39mfleur_de_lis[33m:[39m[32m"⚜"[39m[33m,[39mpart_alternation_mark[33m:[39m[32m"〽️"[39m[33m,[39mwarning[33m:[39m[32m"⚠️"[39m[33m,[39mchildren_crossing[33m:[39m[32m"🚸"[39m[33m,[39mbeginner[33m:[39m[32m"🔰"[39m[33m,[39mrecycle[33m:[39m[32m"♻️"[39m[33m,[39mu6307[33m:[39m[32m"🈯"[39m[33m,[39mchart[33m:[39m[32m"💹"[39m[33m,[39msparkle[33m:[39m[32m"❇️"[39m[33m,[39meight_spoked_asterisk[33m:[39m[32m"✳️"[39m[33m,[39mnegative_squared_cross_mark[33m:[39m[32m"❎"[39m[33m,[39mwhite_check_mark[33m:[39m[32m"✅"[39m[33m,[39mdiamond_shape_with_a_dot_inside[33m:[39m[32m"💠"[39m[33m,[39mcyclone[33m:[39m[32m"🌀"[39m[33m,[39mloop[33m:[39m[32m"➿"[39m[33m,[39mglobe_with_meridians[33m:[39m[32m"🌐"[39m[33m,[39mm[33m:[39m[32m"Ⓜ️"[39m[33m,[39matm[33m:[39m[32m"🏧"[39m[33m,[39msa[33m:[39m[32m"🈂️"[39m[33m,[39mpassport_control[33m:[39m[32m"🛂"[39m[33m,[39mcustoms[33m:[39m[32m"🛃"[39m[33m,[39mbaggage_claim[33m:[39m[32m"🛄"[39m[33m,[39mleft_luggage[33m:[39m[32m"🛅"[39m[33m,[39mwheelchair[33m:[39m[32m"♿"[39m[33m,[39mno_smoking[33m:[39m[32m"🚭"[39m[33m,[39mwc[33m:[39m[32m"🚾"[39m[33m,[39mparking[33m:[39m[32m"🅿️"[39m[33m,[39mpotable_water[33m:[39m[32m"🚰"[39m[33m,[39mmens[33m:[39m[32m"🚹"[39m[33m,[39mwomens[33m:[39m[32m"🚺"[39m[33m,[39mbaby_symbol[33m:[39m[32m"🚼"[39m[33m,[39mrestroom[33m:[39m[32m"🚻"[39m[33m,[39mput_litter_in_its_place[33m:[39m[32m"🚮"[39m[33m,[39mcinema[33m:[39m[32m"🎦"[39m[33m,[39msignal_strength[33m:[39m[32m"📶"[39m[33m,[39mkoko[33m:[39m[32m"🈁"[39m[33m,[39mng[33m:[39m[32m"🆖"[39m[33m,[39mok[33m:[39m[32m"🆗"[39m[33m,[39mup[33m:[39m[32m"🆙"[39m[33m,[39mcool[33m:[39m[32m"🆒"[39m[33m,[39m[36mnew[39m[33m:[39m[32m"🆕"[39m[33m,[39mfree[33m:[39m[32m"🆓"[39m[33m,[39mzero[33m:[39m[32m"0️⃣"[39m[33m,[39mone[33m:[39m[32m"1️⃣"[39m[33m,[39mtwo[33m:[39m[32m"2️⃣"[39m[33m,[39mthree[33m:[39m[32m"3️⃣"[39m[33m,[39mfour[33m:[39m[32m"4️⃣"[39m[33m,[39mfive[33m:[39m[32m"5️⃣"[39m[33m,[39msix[33m:[39m[32m"6️⃣"[39m[33m,[39mseven[33m:[39m[32m"7️⃣"[39m[33m,[39meight[33m:[39m[32m"8️⃣"[39m[33m,[39mnine[33m:[39m[32m"9️⃣"[39m[33m,[39mkeycap_ten[33m:[39m[32m"🔟"[39m[33m,[39masterisk[33m:[39m[32m"*⃣"[39m[33m,[39meject_button[33m:[39m[32m"⏏️"[39m[33m,[39marrow_forward[33m:[39m[32m"▶️"[39m[33m,[39mpause_button[33m:[39m[32m"⏸"[39m[33m,[39mnext_track_button[33m:[39m[32m"⏭"[39m[33m,[39mstop_button[33m:[39m[32m"⏹"[39m[33m,[39mrecord_button[33m:[39m[32m"⏺"[39m[33m,[39mplay_or_pause_button[33m:[39m[32m"⏯"[39m[33m,[39mprevious_track_button[33m:[39m[32m"⏮"[39m[33m,[39mfast_forward[33m:[39m[32m"⏩"[39m[33m,[39mrewind[33m:[39m[32m"⏪"[39m[33m,[39mtwisted_rightwards_arrows[33m:[39m[32m"🔀"[39m[33m,[39mrepeat[33m:[39m[32m"🔁"[39m[33m,[39mrepeat_one[33m:[39m[32m"🔂"[39m[33m,[39marrow_backward[33m:[39m[32m"◀️"[39m[33m,[39marrow_up_small[33m:[39m[32m"🔼"[39m[33m,[39marrow_down_small[33m:[39m[32m"🔽"[39m[33m,[39marrow_double_up[33m:[39m[32m"⏫"[39m[33m,[39marrow_double_down[33m:[39m[32m"⏬"[39m[33m,[39marrow_right[33m:[39m[32m"➡️"[39m[33m,[39marrow_left[33m:[39m[32m"⬅️"[39m[33m,[39marrow_up[33m:[39m[32m"⬆️"[39m[33m,[39marrow_down[33m:[39m[32m"⬇️"[39m[33m,[39marrow_upper_right[33m:[39m[32m"↗️"[39m[33m,[39marrow_lower_right[33m:[39m[32m"↘️"[39m[33m,[39marrow_lower_left[33m:[39m[32m"↙️"[39m[33m,[39marrow_upper_left[33m:[39m[32m"↖️"[39m[33m,[39marrow_up_down[33m:[39m[32m"↕️"[39m[33m,[39mleft_right_arrow[33m:[39m[32m"↔️"[39m[33m,[39marrows_counterclockwise[33m:[39m[32m"🔄"[39m[33m,[39marrow_right_hook[33m:[39m[32m"↪️"[39m[33m,[39mleftwards_arrow_with_hook[33m:[39m[32m"↩️"[39m[33m,[39marrow_heading_up[33m:[39m[32m"⤴️"[39m[33m,[39marrow_heading_down[33m:[39m[32m"⤵️"[39m[33m,[39mhash[33m:[39m[32m"#️⃣"[39m[33m,[39minformation_source[33m:[39m[32m"ℹ️"[39m[33m,[39mabc[33m:[39m[32m"🔤"[39m[33m,[39mabcd[33m:[39m[32m"🔡"[39m[33m,[39mcapital_abcd[33m:[39m[32m"🔠"[39m[33m,[39msymbols[33m:[39m[32m"🔣"[39m[33m,[39mmusical_note[33m:[39m[32m"🎵"[39m[33m,[39mnotes[33m:[39m[32m"🎶"[39m[33m,[39mwavy_dash[33m:[39m[32m"〰️"[39m[33m,[39mcurly_loop[33m:[39m[32m"➰"[39m[33m,[39mheavy_check_mark[33m:[39m[32m"✔️"[39m[33m,[39marrows_clockwise[33m:[39m[32m"🔃"[39m[33m,[39mheavy_plus_sign[33m:[39m[32m"➕"[39m[33m,[39mheavy_minus_sign[33m:[39m[32m"➖"[39m[33m,[39mheavy_division_sign[33m:[39m[32m"➗"[39m[33m,[39mheavy_multiplication_x[33m:[39m[32m"✖️"[39m[33m,[39minfinity[33m:[39m[32m"♾"[39m[33m,[39mheavy_dollar_sign[33m:[39m[32m"💲"[39m[33m,[39mcurrency_exchange[33m:[39m[32m"💱"[39m[33m,[39mcopyright[33m:[39m[32m"©️"[39m[33m,[39mregistered[33m:[39m[32m"®️"[39m[33m,[39mtm[33m:[39m[32m"™️"[39m[33m,[39mend[33m:[39m[32m"🔚"[39m[33m,[39mback[33m:[39m[32m"🔙"[39m[33m,[39mon[33m:[39m[32m"🔛"[39m[33m,[39mtop[33m:[39m[32m"🔝"[39m[33m,[39msoon[33m:[39m[32m"🔜"[39m[33m,[39mballot_box_with_check[33m:[39m[32m"☑️"[39m[33m,[39mradio_button[33m:[39m[32m"🔘"[39m[33m,[39mwhite_circle[33m:[39m[32m"⚪"[39m[33m,[39mblack_circle[33m:[39m[32m"⚫"[39m[33m,[39mred_circle[33m:[39m[32m"🔴"[39m[33m,[39mlarge_blue_circle[33m:[39m[32m"🔵"[39m[33m,[39msmall_orange_diamond[33m:[39m[32m"🔸"[39m[33m,[39msmall_blue_diamond[33m:[39m[32m"🔹"[39m[33m,[39mlarge_orange_diamond[33m:[39m[32m"🔶"[39m[33m,[39mlarge_blue_diamond[33m:[39m[32m"🔷"[39m[33m,[39msmall_red_triangle[33m:[39m[32m"🔺"[39m[33m,[39mblack_small_square[33m:[39m[32m"▪️"[39m[33m,[39mwhite_small_square[33m:[39m[32m"▫️"[39m[33m,[39mblack_large_square[33m:[39m[32m"⬛"[39m[33m,[39mwhite_large_square[33m:[39m[32m"⬜"[39m[33m,[39msmall_red_triangle_down[33m:[39m[32m"🔻"[39m[33m,[39mblack_medium_square[33m:[39m[32m"◼️"[39m[33m,[39mwhite_medium_square[33m:[39m[32m"◻️"[39m[33m,[39mblack_medium_small_square[33m:[39m[32m"◾"[39m[33m,[39mwhite_medium_small_square[33m:[39m[32m"◽"[39m[33m,[39mblack_square_button[33m:[39m[32m"🔲"[39m[33m,[39mwhite_square_button[33m:[39m[32m"🔳"[39m[33m,[39mspeaker[33m:[39m[32m"🔈"[39m[33m,[39msound[33m:[39m[32m"🔉"[39m[33m,[39mloud_sound[33m:[39m[32m"🔊"[39m[33m,[39mmute[33m:[39m[32m"🔇"[39m[33m,[39mmega[33m:[39m[32m"📣"[39m[33m,[39mloudspeaker[33m:[39m[32m"📢"[39m[33m,[39mbell[33m:[39m[32m"🔔"[39m[33m,[39mno_bell[33m:[39m[32m"🔕"[39m[33m,[39mblack_joker[33m:[39m[32m"🃏"[39m[33m,[39mmahjong[33m:[39m[32m"🀄"[39m[33m,[39mspades[33m:[39m[32m"♠️"[39m[33m,[39mclubs[33m:[39m[32m"♣️"[39m[33m,[39mhearts[33m:[39m[32m"♥️"[39m[33m,[39mdiamonds[33m:[39m[32m"♦️"[39m[33m,[39mflower_playing_cards[33m:[39m[32m"🎴"[39m[33m,[39mthought_balloon[33m:[39m[32m"💭"[39m[33m,[39mright_anger_bubble[33m:[39m[32m"🗯"[39m[33m,[39mspeech_balloon[33m:[39m[32m"💬"[39m[33m,[39mleft_speech_bubble[33m:[39m[32m"🗨"[39m[33m,[39mclock1[33m:[39m[32m"🕐"[39m[33m,[39mclock2[33m:[39m[32m"🕑"[39m[33m,[39mclock3[33m:[39m[32m"🕒"[39m[33m,[39mclock4[33m:[39m[32m"🕓"[39m[33m,[39mclock5[33m:[39m[32m"🕔"[39m[33m,[39mclock6[33m:[39m[32m"🕕"[39m[33m,[39mclock7[33m:[39m[32m"🕖"[39m[33m,[39mclock8[33m:[39m[32m"🕗"[39m[33m,[39mclock9[33m:[39m[32m"🕘"[39m[33m,[39mclock10[33m:[39m[32m"🕙"[39m[33m,[39mclock11[33m:[39m[32m"🕚"[39m[33m,[39mclock12[33m:[39m[32m"🕛"[39m[33m,[39mclock130[33m:[39m[32m"🕜"[39m[33m,[39mclock230[33m:[39m[32m"🕝"[39m[33m,[39mclock330[33m:[39m[32m"🕞"[39m[33m,[39mclock430[33m:[39m[32m"🕟"[39m[33m,[39mclock530[33m:[39m[32m"🕠"[39m[33m,[39mclock630[33m:[39m[32m"🕡"[39m[33m,[39mclock730[33m:[39m[32m"🕢"[39m[33m,[39mclock830[33m:[39m[32m"🕣"[39m[33m,[39mclock930[33m:[39m[32m"🕤"[39m[33m,[39mclock1030[33m:[39m[32m"🕥"[39m[33m,[39mclock1130[33m:[39m[32m"🕦"[39m[33m,[39mclock1230[33m:[39m[32m"🕧"[39m[33m,[39mafghanistan[33m:[39m[32m"🇦🇫"[39m[33m,[39maland_islands[33m:[39m[32m"🇦🇽"[39m[33m,[39malbania[33m:[39m[32m"🇦🇱"[39m[33m,[39malgeria[33m:[39m[32m"🇩🇿"[39m[33m,[39mamerican_samoa[33m:[39m[32m"🇦🇸"[39m[33m,[39mandorra[33m:[39m[32m"🇦🇩"[39m[33m,[39mangola[33m:[39m[32m"🇦🇴"[39m[33m,[39manguilla[33m:[39m[32m"🇦🇮"[39m[33m,[39mantarctica[33m:[39m[32m"🇦🇶"[39m[33m,[39mantigua_barbuda[33m:[39m[32m"🇦🇬"[39m[33m,[39margentina[33m:[39m[32m"🇦🇷"[39m[33m,[39marmenia[33m:[39m[32m"🇦🇲"[39m[33m,[39maruba[33m:[39m[32m"🇦🇼"[39m[33m,[39maustralia[33m:[39m[32m"🇦🇺"[39m[33m,[39maustria[33m:[39m[32m"🇦🇹"[39m[33m,[39mazerbaijan[33m:[39m[32m"🇦🇿"[39m[33m,[39mbahamas[33m:[39m[32m"🇧🇸"[39m[33m,[39mbahrain[33m:[39m[32m"🇧🇭"[39m[33m,[39mbangladesh[33m:[39m[32m"🇧🇩"[39m[33m,[39mbarbados[33m:[39m[32m"🇧🇧"[39m[33m,[39mbelarus[33m:[39m[32m"🇧🇾"[39m[33m,[39mbelgium[33m:[39m[32m"🇧🇪"[39m[33m,[39mbelize[33m:[39m[32m"🇧🇿"[39m[33m,[39mbenin[33m:[39m[32m"🇧🇯"[39m[33m,[39mbermuda[33m:[39m[32m"🇧🇲"[39m[33m,[39mbhutan[33m:[39m[32m"🇧🇹"[39m[33m,[39mbolivia[33m:[39m[32m"🇧🇴"[39m[33m,[39mcaribbean_netherlands[33m:[39m[32m"🇧🇶"[39m[33m,[39mbosnia_herzegovina[33m:[39m[32m"🇧🇦"[39m[33m,[39mbotswana[33m:[39m[32m"🇧🇼"[39m[33m,[39mbrazil[33m:[39m[32m"🇧🇷"[39m[33m,[39mbritish_indian_ocean_territory[33m:[39m[32m"🇮🇴"[39m[33m,[39mbritish_virgin_islands[33m:[39m[32m"🇻🇬"[39m[33m,[39mbrunei[33m:[39m[32m"🇧🇳"[39m[33m,[39mbulgaria[33m:[39m[32m"🇧🇬"[39m[33m,[39mburkina_faso[33m:[39m[32m"🇧🇫"[39m[33m,[39mburundi[33m:[39m[32m"🇧🇮"[39m[33m,[39mcape_verde[33m:[39m[32m"🇨🇻"[39m[33m,[39mcambodia[33m:[39m[32m"🇰🇭"[39m[33m,[39mcameroon[33m:[39m[32m"🇨🇲"[39m[33m,[39mcanada[33m:[39m[32m"🇨🇦"[39m[33m,[39mcanary_islands[33m:[39m[32m"🇮🇨"[39m[33m,[39mcayman_islands[33m:[39m[32m"🇰🇾"[39m[33m,[39mcentral_african_republic[33m:[39m[32m"🇨🇫"[39m[33m,[39mchad[33m:[39m[32m"🇹🇩"[39m[33m,[39mchile[33m:[39m[32m"🇨🇱"[39m[33m,[39mcn[33m:[39m[32m"🇨🇳"[39m[33m,[39mchristmas_island[33m:[39m[32m"🇨🇽"[39m[33m,[39mcocos_islands[33m:[39m[32m"🇨🇨"[39m[33m,[39mcolombia[33m:[39m[32m"🇨🇴"[39m[33m,[39mcomoros[33m:[39m[32m"🇰🇲"[39m[33m,[39mcongo_brazzaville[33m:[39m[32m"🇨🇬"[39m[33m,[39mcongo_kinshasa[33m:[39m[32m"🇨🇩"[39m[33m,[39mcook_islands[33m:[39m[32m"🇨🇰"[39m[33m,[39mcosta_rica[33m:[39m[32m"🇨🇷"[39m[33m,[39mcroatia[33m:[39m[32m"🇭🇷"[39m[33m,[39mcuba[33m:[39m[32m"🇨🇺"[39m[33m,[39mcuracao[33m:[39m[32m"🇨🇼"[39m[33m,[39mcyprus[33m:[39m[32m"🇨🇾"[39m[33m,[39mczech_republic[33m:[39m[32m"🇨🇿"[39m[33m,[39mdenmark[33m:[39m[32m"🇩🇰"[39m[33m,[39mdjibouti[33m:[39m[32m"🇩🇯"[39m[33m,[39mdominica[33m:[39m[32m"🇩🇲"[39m[33m,[39mdominican_republic[33m:[39m[32m"🇩🇴"[39m[33m,[39mecuador[33m:[39m[32m"🇪🇨"[39m[33m,[39megypt[33m:[39m[32m"🇪🇬"[39m[33m,[39mel_salvador[33m:[39m[32m"🇸🇻"[39m[33m,[39mequatorial_guinea[33m:[39m[32m"🇬🇶"[39m[33m,[39meritrea[33m:[39m[32m"🇪🇷"[39m[33m,[39mestonia[33m:[39m[32m"🇪🇪"[39m[33m,[39methiopia[33m:[39m[32m"🇪🇹"[39m[33m,[39meu[33m:[39m[32m"🇪🇺"[39m[33m,[39mfalkland_islands[33m:[39m[32m"🇫🇰"[39m[33m,[39mfaroe_islands[33m:[39m[32m"🇫🇴"[39m[33m,[39mfiji[33m:[39m[32m"🇫🇯"[39m[33m,[39mfinland[33m:[39m[32m"🇫🇮"[39m[33m,[39mfr[33m:[39m[32m"🇫🇷"[39m[33m,[39mfrench_guiana[33m:[39m[32m"🇬🇫"[39m[33m,[39mfrench_polynesia[33m:[39m[32m"🇵🇫"[39m[33m,[39mfrench_southern_territories[33m:[39m[32m"🇹🇫"[39m[33m,[39mgabon[33m:[39m[32m"🇬🇦"[39m[33m,[39mgambia[33m:[39m[32m"🇬🇲"[39m[33m,[39mgeorgia[33m:[39m[32m"🇬🇪"[39m[33m,[39mde[33m:[39m[32m"🇩🇪"[39m[33m,[39mghana[33m:[39m[32m"🇬🇭"[39m[33m,[39mgibraltar[33m:[39m[32m"🇬🇮"[39m[33m,[39mgreece[33m:[39m[32m"🇬🇷"[39m[33m,[39mgreenland[33m:[39m[32m"🇬🇱"[39m[33m,[39mgrenada[33m:[39m[32m"🇬🇩"[39m[33m,[39mguadeloupe[33m:[39m[32m"🇬🇵"[39m[33m,[39mguam[33m:[39m[32m"🇬🇺"[39m[33m,[39mguatemala[33m:[39m[32m"🇬🇹"[39m[33m,[39mguernsey[33m:[39m[32m"🇬🇬"[39m[33m,[39mguinea[33m:[39m[32m"🇬🇳"[39m[33m,[39mguinea_bissau[33m:[39m[32m"🇬🇼"[39m[33m,[39mguyana[33m:[39m[32m"🇬🇾"[39m[33m,[39mhaiti[33m:[39m[32m"🇭🇹"[39m[33m,[39mhonduras[33m:[39m[32m"🇭🇳"[39m[33m,[39mhong_kong[33m:[39m[32m"🇭🇰"[39m[33m,[39mhungary[33m:[39m[32m"🇭🇺"[39m[33m,[39miceland[33m:[39m[32m"🇮🇸"[39m[33m,[39mindia[33m:[39m[32m"🇮🇳"[39m[33m,[39mindonesia[33m:[39m[32m"🇮🇩"[39m[33m,[39miran[33m:[39m[32m"🇮🇷"[39m[33m,[39miraq[33m:[39m[32m"🇮🇶"[39m[33m,[39mireland[33m:[39m[32m"🇮🇪"[39m[33m,[39misle_of_man[33m:[39m[32m"🇮🇲"[39m[33m,[39misrael[33m:[39m[32m"🇮🇱"[39m[33m,[39mit[33m:[39m[32m"🇮🇹"[39m[33m,[39mcote_divoire[33m:[39m[32m"🇨🇮"[39m[33m,[39mjamaica[33m:[39m[32m"🇯🇲"[39m[33m,[39mjp[33m:[39m[32m"🇯🇵"[39m[33m,[39mjersey[33m:[39m[32m"🇯🇪"[39m[33m,[39mjordan[33m:[39m[32m"🇯🇴"[39m[33m,[39mkazakhstan[33m:[39m[32m"🇰🇿"[39m[33m,[39mkenya[33m:[39m[32m"🇰🇪"[39m[33m,[39mkiribati[33m:[39m[32m"🇰🇮"[39m[33m,[39mkosovo[33m:[39m[32m"🇽🇰"[39m[33m,[39mkuwait[33m:[39m[32m"🇰🇼"[39m[33m,[39mkyrgyzstan[33m:[39m[32m"🇰🇬"[39m[33m,[39mlaos[33m:[39m[32m"🇱🇦"[39m[33m,[39mlatvia[33m:[39m[32m"🇱🇻"[39m[33m,[39mlebanon[33m:[39m[32m"🇱🇧"[39m[33m,[39mlesotho[33m:[39m[32m"🇱🇸"[39m[33m,[39mliberia[33m:[39m[32m"🇱🇷"[39m[33m,[39mlibya[33m:[39m[32m"🇱🇾"[39m[33m,[39mliechtenstein[33m:[39m[32m"🇱🇮"[39m[33m,[39mlithuania[33m:[39m[32m"🇱🇹"[39m[33m,[39mluxembourg[33m:[39m[32m"🇱🇺"[39m[33m,[39mmacau[33m:[39m[32m"🇲🇴"[39m[33m,[39mmacedonia[33m:[39m[32m"🇲🇰"[39m[33m,[39mmadagascar[33m:[39m[32m"🇲🇬"[39m[33m,[39mmalawi[33m:[39m[32m"🇲🇼"[39m[33m,[39mmalaysia[33m:[39m[32m"🇲🇾"[39m[33m,[39mmaldives[33m:[39m[32m"🇲🇻"[39m[33m,[39mmali[33m:[39m[32m"🇲🇱"[39m[33m,[39mmalta[33m:[39m[32m"🇲🇹"[39m[33m,[39mmarshall_islands[33m:[39m[32m"🇲🇭"[39m[33m,[39mmartinique[33m:[39m[32m"🇲🇶"[39m[33m,[39mmauritania[33m:[39m[32m"🇲🇷"[39m[33m,[39mmauritius[33m:[39m[32m"🇲🇺"[39m[33m,[39mmayotte[33m:[39m[32m"🇾🇹"[39m[33m,[39mmexico[33m:[39m[32m"🇲🇽"[39m[33m,[39mmicronesia[33m:[39m[32m"🇫🇲"[39m[33m,[39mmoldova[33m:[39m[32m"🇲🇩"[39m[33m,[39mmonaco[33m:[39m[32m"🇲🇨"[39m[33m,[39mmongolia[33m:[39m[32m"🇲🇳"[39m[33m,[39mmontenegro[33m:[39m[32m"🇲🇪"[39m[33m,[39mmontserrat[33m:[39m[32m"🇲🇸"[39m[33m,[39mmorocco[33m:[39m[32m"🇲🇦"[39m[33m,[39mmozambique[33m:[39m[32m"🇲🇿"[39m[33m,[39mmyanmar[33m:[39m[32m"🇲🇲"[39m[33m,[39mnamibia[33m:[39m[32m"🇳🇦"[39m[33m,[39mnauru[33m:[39m[32m"🇳🇷"[39m[33m,[39mnepal[33m:[39m[32m"🇳🇵"[39m[33m,[39mnetherlands[33m:[39m[32m"🇳🇱"[39m[33m,[39mnew_caledonia[33m:[39m[32m"🇳🇨"[39m[33m,[39mnew_zealand[33m:[39m[32m"🇳🇿"[39m[33m,[39mnicaragua[33m:[39m[32m"🇳🇮"[39m[33m,[39mniger[33m:[39m[32m"🇳🇪"[39m[33m,[39mnigeria[33m:[39m[32m"🇳🇬"[39m[33m,[39mniue[33m:[39m[32m"🇳🇺"[39m[33m,[39mnorfolk_island[33m:[39m[32m"🇳🇫"[39m[33m,[39mnorthern_mariana_islands[33m:[39m[32m"🇲🇵"[39m[33m,[39mnorth_korea[33m:[39m[32m"🇰🇵"[39m[33m,[39mnorway[33m:[39m[32m"🇳🇴"[39m[33m,[39moman[33m:[39m[32m"🇴🇲"[39m[33m,[39mpakistan[33m:[39m[32m"🇵🇰"[39m[33m,[39mpalau[33m:[39m[32m"🇵🇼"[39m[33m,[39mpalestinian_territories[33m:[39m[32m"🇵🇸"[39m[33m,[39mpanama[33m:[39m[32m"🇵🇦"[39m[33m,[39mpapua_new_guinea[33m:[39m[32m"🇵🇬"[39m[33m,[39mparaguay[33m:[39m[32m"🇵🇾"[39m[33m,[39mperu[33m:[39m[32m"🇵🇪"[39m[33m,[39mphilippines[33m:[39m[32m"🇵🇭"[39m[33m,[39mpitcairn_islands[33m:[39m[32m"🇵🇳"[39m[33m,[39mpoland[33m:[39m[32m"🇵🇱"[39m[33m,[39mportugal[33m:[39m[32m"🇵🇹"[39m[33m,[39mpuerto_rico[33m:[39m[32m"🇵🇷"[39m[33m,[39mqatar[33m:[39m[32m"🇶🇦"[39m[33m,[39mreunion[33m:[39m[32m"🇷🇪"[39m[33m,[39mromania[33m:[39m[32m"🇷🇴"[39m[33m,[39mru[33m:[39m[32m"🇷🇺"[39m[33m,[39mrwanda[33m:[39m[32m"🇷🇼"[39m[33m,[39mst_barthelemy[33m:[39m[32m"🇧🇱"[39m[33m,[39mst_helena[33m:[39m[32m"🇸🇭"[39m[33m,[39mst_kitts_nevis[33m:[39m[32m"🇰🇳"[39m[33m,[39mst_lucia[33m:[39m[32m"🇱🇨"[39m[33m,[39mst_pierre_miquelon[33m:[39m[32m"🇵🇲"[39m[33m,[39mst_vincent_grenadines[33m:[39m[32m"🇻🇨"[39m[33m,[39msamoa[33m:[39m[32m"🇼🇸"[39m[33m,[39msan_marino[33m:[39m[32m"🇸🇲"[39m[33m,[39msao_tome_principe[33m:[39m[32m"🇸🇹"[39m[33m,[39msaudi_arabia[33m:[39m[32m"🇸🇦"[39m[33m,[39msenegal[33m:[39m[32m"🇸🇳"[39m[33m,[39mserbia[33m:[39m[32m"🇷🇸"[39m[33m,[39mseychelles[33m:[39m[32m"🇸🇨"[39m[33m,[39msierra_leone[33m:[39m[32m"🇸🇱"[39m[33m,[39msingapore[33m:[39m[32m"🇸🇬"[39m[33m,[39msint_maarten[33m:[39m[32m"🇸🇽"[39m[33m,[39mslovakia[33m:[39m[32m"🇸🇰"[39m[33m,[39mslovenia[33m:[39m[32m"🇸🇮"[39m[33m,[39msolomon_islands[33m:[39m[32m"🇸🇧"[39m[33m,[39msomalia[33m:[39m[32m"🇸🇴"[39m[33m,[39msouth_africa[33m:[39m[32m"🇿🇦"[39m[33m,[39msouth_georgia_south_sandwich_islands[33m:[39m[32m"🇬🇸"[39m[33m,[39mkr[33m:[39m[32m"🇰🇷"[39m[33m,[39msouth_sudan[33m:[39m[32m"🇸🇸"[39m[33m,[39mes[33m:[39m[32m"🇪🇸"[39m[33m,[39msri_lanka[33m:[39m[32m"🇱🇰"[39m[33m,[39msudan[33m:[39m[32m"🇸🇩"[39m[33m,[39msuriname[33m:[39m[32m"🇸🇷"[39m[33m,[39mswaziland[33m:[39m[32m"🇸🇿"[39m[33m,[39msweden[33m:[39m[32m"🇸🇪"[39m[33m,[39mswitzerland[33m:[39m[32m"🇨🇭"[39m[33m,[39msyria[33m:[39m[32m"🇸🇾"[39m[33m,[39mtaiwan[33m:[39m[32m"🇹🇼"[39m[33m,[39mtajikistan[33m:[39m[32m"🇹🇯"[39m[33m,[39mtanzania[33m:[39m[32m"🇹🇿"[39m[33m,[39mthailand[33m:[39m[32m"🇹🇭"[39m[33m,[39mtimor_leste[33m:[39m[32m"🇹🇱"[39m[33m,[39mtogo[33m:[39m[32m"🇹🇬"[39m[33m,[39mtokelau[33m:[39m[32m"🇹🇰"[39m[33m,[39mtonga[33m:[39m[32m"🇹🇴"[39m[33m,[39mtrinidad_tobago[33m:[39m[32m"🇹🇹"[39m[33m,[39mtunisia[33m:[39m[32m"🇹🇳"[39m[33m,[39mtr[33m:[39m[32m"🇹🇷"[39m[33m,[39mturkmenistan[33m:[39m[32m"🇹🇲"[39m[33m,[39mturks_caicos_islands[33m:[39m[32m"🇹🇨"[39m[33m,[39mtuvalu[33m:[39m[32m"🇹🇻"[39m[33m,[39muganda[33m:[39m[32m"🇺🇬"[39m[33m,[39mukraine[33m:[39m[32m"🇺🇦"[39m[33m,[39munited_arab_emirates[33m:[39m[32m"🇦🇪"[39m[33m,[39muk[33m:[39m[32m"🇬🇧"[39m[33m,[39mengland[33m:[39m[32m"🏴󠁧󠁢󠁥󠁮󠁧󠁿"[39m[33m,[39mscotland[33m:[39m[32m"🏴󠁧󠁢󠁳󠁣󠁴󠁿"[39m[33m,[39mwales[33m:[39m[32m"🏴󠁧󠁢󠁷󠁬󠁳󠁿"[39m[33m,[39mus[33m:[39m[32m"🇺🇸"[39m[33m,[39mus_virgin_islands[33m:[39m[32m"🇻🇮"[39m[33m,[39muruguay[33m:[39m[32m"🇺🇾"[39m[33m,[39muzbekistan[33m:[39m[32m"🇺🇿"[39m[33m,[39mvanuatu[33m:[39m[32m"🇻🇺"[39m[33m,[39mvatican_city[33m:[39m[32m"🇻🇦"[39m[33m,[39mvenezuela[33m:[39m[32m"🇻🇪"[39m[33m,[39mvietnam[33m:[39m[32m"🇻🇳"[39m[33m,[39mwallis_futuna[33m:[39m[32m"🇼🇫"[39m[33m,[39mwestern_sahara[33m:[39m[32m"🇪🇭"[39m[33m,[39myemen[33m:[39m[32m"🇾🇪"[39m[33m,[39mzambia[33m:[39m[32m"🇿🇲"[39m[33m,[39mzimbabwe[33m:[39m[32m"🇿🇼"[39m[33m,[39munited_nations[33m:[39m[32m"🇺🇳"[39m[33m,[39mpirate_flag[33m:[39m[32m"🏴‍☠️"[39m}[33m,[39mah[33m=[39m[35m/:\+1:|:-1:|:[\w-]+:/g[39m[33m,[39mrh[33m=[39m[35m/(?:_|-(?!1))/g[39m[33m,[39mnh[33m=[39m{padSpaceAfter[33m:[39m[33m![39m[35m1[39m[33m,[39maccessible[33m:[39m[33m![39m[35m1[39m}[33m,[39mih[33m=[39me[33m=>[39m{[36mconst[39m a[33m=[39m[33mObject[39m[33m.[39massign({}[33m,[39mnh[33m,[39me)[33m,[39mn[33m=[39m[33m![39m[33m![39ma[33m.[39mpadSpaceAfter[33m,[39mi[33m=[39m[33m![39m[33m![39ma[33m.[39maccessible[33m,[39mo[33m=[39m[[ah[33m,[39m[36mfunction[39m(s){[36mlet[39m l[33m=[39m(c[33m=[39ms)[33m&&[39mth[(d[33m=>[39m[35m/:.+:/[39m[33m.[39mtest(d)[33m?[39md[33m.[39mslice([35m1[39m[33m,[39m[33m-[39m[35m1[39m)[33m:[39md)(c)][33m;[39m[36mvar[39m c[33m;[39m[36mreturn[39m l[33m===[39m[36mvoid[39m [35m0[39m[33m?[39m[33m![39m[35m1[39m[33m:[39m(n[33m&&[39m(l[33m+=[39m[32m" "[39m)[33m,[39mi[33m?[39m[36mfunction[39m(d[33m,[39mm){[36mreturn[39m{type[33m:[39m[32m"text"[39m[33m,[39mvalue[33m:[39md[33m,[39mdata[33m:[39m{hName[33m:[39m[32m"span"[39m[33m,[39mhProperties[33m:[39m{role[33m:[39m[32m"img"[39m[33m,[39mariaLabel[33m:[39mm}[33m,[39mhChildren[33m:[39m[{type[33m:[39m[32m"text"[39m[33m,[39mvalue[33m:[39md}]}}}(l[33m,[39ms[33m.[39mslice([35m1[39m[33m,[39m[33m-[39m[35m1[39m)[33m.[39mreplace(rh[33m,[39m[32m" "[39m)[33m+[39m[32m" emoji"[39m)[33m:[39ml)}]][33m;[39m[36mreturn[39m [36mfunction[39m(s){ji(s[33m,[39mo)}}[33m,[39moh[33m=[39mq(e[33m=>[39m{[36mconst[39m{mode[33m:[39ma}[33m=[39m[33mCe[39m()[33m;[39m[36mreturn[39m p([32m"div"[39m[33m,[39m{className[33m:[39m[32m"c1-text-content"[39m[33m,[39mchildren[33m:[39m[e[33m.[39mheader[33m&&[39mt([33mIt[39m[33m,[39m{heading[33m:[39me[33m.[39mheader[33m.[39mprops[33m.[39mheading[33m,[39mdescription[33m:[39me[33m.[39mheader[33m.[39mprops[33m.[39mdescription})[33m,[39mt([33mWa[39m[33m,[39m{textMarkdown[33m:[39me[33m.[39mtextMarkdown[33m,[39mvariant[33m:[39me[33m.[39mvariant[33m,[39moptions[33m:[39m{remarkPlugins[33m:[39m[[33mQr[39m[33m,[39m[[33mFi[39m[33m,[39m{singleDollarTextMath[33m:[39m[33m![39m[35m1[39m}][33m,[39mih[33m,[39m[[33mZa[39m[33m,[39m{breaks[33m:[39m[33m![39m[35m0[39m}][33m,[39muo[33m,[39m[33mMm[39m][33m,[39mrehypePlugins[33m:[39m[[33mDi[39m][33m,[39mcomponents[33m:[39m{span[33m:[39mho[33m,[39mdiv[33m:[39m[33mOm[39m}}[33m,[39mclassName[33m:[39mfe([32m"c1-markdown-renderer"[39m[33m,[39m{[32m"c1-markdown-renderer-dark-mode"[39m[33m:[39ma[33m===[39m[32m"dark"[39m})})]})})[33m,[39msh[33m=[39m[33mA[39m[33m.[39mextend({children[33m:[39mr[33m.[39marray(r[33m.[39munion([[33mLt[39m[33m,[39m[33mDe[39m[33m,[39mmn[33m,[39mpt[33m,[39m[33mAe[39m]))[33m.[39moptional()})[33m,[39m[33mGo[39m[33m=[39mz[33m.[39mextend({component[33m:[39mr[33m.[39mliteral([32m"CarouselItem"[39m)[33m,[39mprops[33m:[39msh})[33m,[39mlh[33m=[39m[33mA[39m[33m.[39mextend({children[33m:[39mr[33m.[39marray([33mGo[39m)})[33m,[39m[33mJo[39m[33m=[39mz[33m.[39mextend({component[33m:[39mr[33m.[39mliteral([32m"CarouselContent"[39m)[33m,[39mprops[33m:[39mlh})[33m,[39m[33mQo[39m[33m=[39m[33mA[39m[33m.[39mextend({icon[33m:[39mke})[33m,[39mes[33m=[39mz[33m.[39mextend({component[33m:[39mr[33m.[39mliteral([32m"CarouselPrevious"[39m)[33m,[39mprops[33m:[39m[33mQo[39m})[33m,[39mts[33m=[39mz[33m.[39mextend({component[33m:[39mr[33m.[39mliteral([32m"CarouselNext"[39m)[33m,[39mprops[33m:[39m[33mQo[39m})[33m,[39mch[33m=[39m[33mA[39m[33m.[39mextend({itemsToScroll[33m:[39mr[33m.[39mnumber()[33m.[39moptional()[33m,[39mnoSnap[33m:[39mr[33m.[39mboolean()[33m.[39moptional()[33m,[39mshowButtons[33m:[39mr[33m.[39mboolean()[33m.[39moptional()[33m,[39mchildren[33m:[39mr[33m.[39marray(r[33m.[39munion([[33mJo[39m[33m,[39mes[33m,[39mts]))})[33m,[39mpn[33m=[39mz[33m.[39mextend({component[33m:[39mr[33m.[39mliteral([32m"Carousel"[39m)[33m,[39mprops[33m:[39mch})[33m,[39mdh[33m=[39mq(e[33m=>[39m{[36mconst[39m{content[33m:[39ma[33m,[39mheader[33m:[39mn[33m,[39m[33m...[39mi}[33m=[39me[33m,[39mo[33m=[39m[33mD[39m([36mnull[39m)[33m,[39m[s[33m,[39ml][33m=[39m[33mF[39m({left[33m:[39m[33m![39m[35m1[39m[33m,[39mright[33m:[39m[33m![39m[35m1[39m})[33m,[39mc[33m=[39m$(m[33m=>[39m{l(h[33m=>[39m({[33m...[39mh[33m,[39mleft[33m:[39mm}))}[33m,[39m[])[33m,[39md[33m=[39m$(m[33m=>[39m{l(h[33m=>[39m({[33m...[39mh[33m,[39mright[33m:[39mm}))}[33m,[39m[])[33m;[39m[36mreturn[39m a[33m!=[39m[36mnull[39m[33m&&[39ma[33m.[39mlength[33m?[39mp([32m"div"[39m[33m,[39m{className[33m:[39m[32m"c1-carousel-wrapper"[39m[33m,[39mchildren[33m:[39m[n[33m&&[39mp([32m"div"[39m[33m,[39m{className[33m:[39m[32m"c1-carousel-header"[39m[33m,[39mchildren[33m:[39m[t([33mK[39m[33m,[39m{[33m...[39mn})[33m,[39mp([32m"div"[39m[33m,[39m{className[33m:[39m[32m"c1-carousel-buttons"[39m[33m,[39mchildren[33m:[39m[t(ie[33m,[39m{variant[33m:[39m[32m"secondary"[39m[33m,[39msize[33m:[39m[32m"small"[39m[33m,[39monClick[33m:[39m()[33m=>[39m{[36mvar[39m m[33m;[39m[36mreturn[39m(m[33m=[39mo[33m.[39mcurrent)[33m==[39m[36mnull[39m[33m?[39m[36mvoid[39m [35m0[39m[33m:[39mm[33m.[39mscroll([32m"left"[39m)}[33m,[39mdisabled[33m:[39m[33m![39ms[33m.[39mleft[33m,[39micon[33m:[39mt(la[33m,[39m{})})[33m,[39mt(ie[33m,[39m{variant[33m:[39m[32m"secondary"[39m[33m,[39msize[33m:[39m[32m"small"[39m[33m,[39monClick[33m:[39m()[33m=>[39m{[36mvar[39m m[33m;[39m[36mreturn[39m(m[33m=[39mo[33m.[39mcurrent)[33m==[39m[36mnull[39m[33m?[39m[36mvoid[39m [35m0[39m[33m:[39mm[33m.[39mscroll([32m"right"[39m)}[33m,[39mdisabled[33m:[39m[33m![39ms[33m.[39mright[33m,[39micon[33m:[39mt([33mAt[39m[33m,[39m{})})]})]})[33m,[39mp([33mXr[39m[33m,[39m{[33m...[39mi[33m,[39mvariant[33m:[39m[32m"sunk"[39m[33m,[39mref[33m:[39mo[33m,[39mshowButtons[33m:[39m[33m![39mn[33m,[39monScrollLeftEnabled[33m:[39mc[33m,[39monScrollRightEnabled[33m:[39md[33m,[39mchildren[33m:[39m[t([33mZr[39m[33m,[39m{children[33m:[39ma[33m==[39m[36mnull[39m[33m?[39m[36mvoid[39m [35m0[39m[33m:[39ma[33m.[39mmap((m[33m,[39mh)[33m=>[39m{[36mvar[39m u[33m,[39mg[33m;[39m[36mreturn[39m p([33mYr[39m[33m,[39m{children[33m:[39m[(u[33m=[39mm[33m.[39mchildren)[33m==[39m[36mnull[39m[33m?[39m[36mvoid[39m [35m0[39m[33m:[39mu[33m.[39mmap((b[33m,[39mf)[33m=>[39mt([33mK[39m[33m,[39m{component[33m:[39mb[33m.[39mcomponent[33m,[39mprops[33m:[39mb[33m.[39mprops}[33m,[39mf))[33m,[39mm[33m.[39mfooter[33m&&[39mt([32m"div"[39m[33m,[39m{className[33m:[39m[32m"c1-carousel-v2-item-footer"[39m[33m,[39mchildren[33m:[39m(g[33m=[39mm[33m.[39mfooter)[33m==[39m[36mnull[39m[33m?[39m[36mvoid[39m [35m0[39m[33m:[39mg[33m.[39mmap((b[33m,[39mf)[33m=>[39mt([33mK[39m[33m,[39m{component[33m:[39mb[33m.[39mcomponent[33m,[39mprops[33m:[39mb[33m.[39mprops}[33m,[39mf))})]}[33m,[39mh)})})[33m,[39mt(vi[33m,[39m{icon[33m:[39mt([33mAt[39m[33m,[39m{})})[33m,[39mt(wi[33m,[39m{icon[33m:[39mt(la[33m,[39m{})})]})]})[33m:[39m[36mnull[39m})[33m,[39mmh[33m=[39m[33mA[39m[33m.[39mextend({children[33m:[39mr[33m.[39marray(r[33m.[39munion([[33mDe[39m[33m,[39mbe[33m,[39mpt[33m,[39m[33mAe[39m[33m,[39m[33mLt[39m[33m.[39mextend({})[33m.[39mdescribe([32m"$exclude:"[39m)[33m,[39mwt]))[33m.[39moptional()[33m,[39mfooter[33m:[39mr[33m.[39marray([33mLt[39m)[33m.[39moptional()})[33m,[39mph[33m=[39m[33mA[39m[33m.[39mextend({header[33m:[39mbe[33m.[39moptional()[33m,[39mcontent[33m:[39mr[33m.[39marray(mh)})[33m,[39msr[33m=[39mz[33m.[39mextend({component[33m:[39mr[33m.[39mliteral([32m"CarouselV2"[39m)[33m,[39mprops[33m:[39mph})[33m,[39mhh[33m=[39m[33mA[39m[33m.[39mextend({name[33m:[39mr[33m.[39mstring()[33m.[39m[36mdefault[39m([32m""[39m)[33m,[39mcolumns[33m:[39mr[33m.[39marray(r[33m.[39mobject({type[33m:[39mr[33m.[39m[36menum[39m([[32m"text"[39m[33m,[39m[32m"number"[39m[33m,[39m[32m"date-single"[39m[33m,[39m[32m"select"[39m[33m,[39m[32m"url"[39m])[33m,[39mkey[33m:[39mr[33m.[39mstring()[33m.[39m[36mdefault[39m([32m"default"[39m)[33m,[39mheader[33m:[39mr[33m.[39mstring()[33m.[39m[36mdefault[39m([32m""[39m)[33m,[39mwidth[33m:[39mr[33m.[39mnumber()[33m.[39moptional()[33m,[39moptions[33m:[39mr[33m.[39marray(r[33m.[39mobject({value[33m:[39mr[33m.[39mstring()[33m,[39mlabel[33m:[39mr[33m.[39mstring()}))[33m.[39moptional()}))[33m,[39mdata[33m:[39mr[33m.[39marray(r[33m.[39mobject({id[33m:[39mr[33m.[39mstring()[33m,[39mvalues[33m:[39mr[33m.[39marray(r[33m.[39munion([r[33m.[39mstring()[33m,[39mr[33m.[39mnumber()]))}))[33m.[39m[36mdefault[39m([])})[33m,[39m[36mas[39m[33m=[39mz[33m.[39mextend({component[33m:[39mr[33m.[39mliteral([32m"EditableTable"[39m)[33m,[39mprops[33m:[39mhh})[33m,[39muh[33m=[39m[33mA[39m[33m.[39mextend({text[33m:[39mr[33m.[39mstring()[33m.[39m[36mdefault[39m([32m""[39m)})[33m,[39mgh[33m=[39mz[33m.[39mextend({component[33m:[39mr[33m.[39mliteral([32m"FollowUpItem"[39m)[33m,[39mprops[33m:[39muh})[33m,[39m_h[33m=[39m[33mA[39m[33m.[39mextend({followUpText[33m:[39mr[33m.[39marray(r[33m.[39mstring()[33m.[39m[36mdefault[39m([32m""[39m))[33m.[39m[36mdefault[39m([])})[33m,[39mrs[33m=[39mz[33m.[39mextend({component[33m:[39mr[33m.[39mliteral([32m"FollowUpBlock"[39m)[33m,[39mprops[33m:[39m_h})[33m,[39mfh[33m=[39mq(e[33m=>[39m{[36mconst[39m a[33m=[39m$e()[33m,[39m{searchImage[33m:[39mn}[33m=[39mxe()[33m,[39m[i[33m,[39mo][33m=[39m[33mF[39m([36mnull[39m)[33m,[39ms[33m=[39m[33mD[39m([])[33m,[39ml[33m=[39m[33mD[39m([35m0[39m)[33m,[39mc[33m=[39me[33m.[39mimagesAlt[33m,[39md[33m=[39me[33m.[39mimagesSrc[33m,[39mm[33m=[39md[33m&&[39md[33m.[39mlength[33m>[39m[35m0[39m[33m?[39md[33m:[39mc[33m,[39mh[33m=[39md[33m&&[39md[33m.[39mlength[33m>[39m[35m0[39m[33m,[39mu[33m=[39m[36masync[39m()[33m=>[39m{[36mif[39m([33m![39mh){[36mconst[39m y[33m=[39mm[33m.[39mmap([36masync[39m(v[33m,[39m[33mN[39m)[33m=>[39m{[36mconst[39m{thumbnailUrl[33m:[39mx}[33m=[39m[36mawait[39m [33mRr[39m(v[33m,[39mn)[33m;[39m[36mreturn[39m{src[33m:[39mx[33m,[39malt[33m:[39mc[[33mN[39m]}})[33m,[39m_[33m=[39m[36mawait[39m [33mPromise[39m[33m.[39mall(y)[33m;[39mo(_)}m[33m.[39mforEach([36masync[39m(y[33m,[39m_)[33m=>[39m{[36mconst[39m v[33m=[39mh[33m?[39m[36masync[39m [33mC[39m[33m=>[39m({url[33m:[39m[33mC[39m[33m,[39mthumbnailUrl[33m:[39m[36mvoid[39m [35m0[39m})[33m:[39mn[33m,[39m{url[33m:[39m[33mN[39m}[33m=[39m[36mawait[39m [33mRr[39m(y[33m,[39mv)[33m,[39mx[33m=[39m[36mnew[39m [33mImage[39m[33m;[39mx[33m.[39msrc[33m=[39m[33mN[39m[33m,[39m[36mawait[39m [36mnew[39m [33mPromise[39m(([33mC[39m[33m,[39mk)[33m=>[39m{x[33m.[39monload[33m=[39m[33mC[39m[33m,[39mx[33m.[39monerror[33m=[39mk})[33m,[39mo([33mC[39m[33m=>[39m{[36mconst[39m k[33m=[39m[][33m;[39m[36mreturn[39m([33mC[39m[33m||[39m[])[33m.[39mforEach(([33mS[39m[33m,[39mw)[33m=>[39m{k[w][33m=[39m[33mS[39m})[33m,[39mk[_][33m=[39m{src[33m:[39m[33mN[39m[33m,[39malt[33m:[39mc[_]}[33m,[39mk})})}[33m;[39m[36mif[39m([33mV[39m(()[33m=>[39m{(n[33m||[39mh)[33m&&[39mm[33m&&[39mm[33m.[39mlength[33m!==[39m[35m0[39m[33m&&[39m[33m![39mi[33m&&[39m(a[33m&&[39ml[33m.[39mcurrent[33m!==[39m[33m-[39m[35m1[39m[33m?[39maa(s[33m.[39mcurrent[33m,[39mm)[33m?[39m(l[33m.[39mcurrent[33m+=[39m[35m1[39m[33m,[39ml[33m.[39mcurrent[33m>=[39m[35m3[39m[33m&&[39m(u()[33m,[39ml[33m.[39mcurrent[33m=[39m[33m-[39m[35m1[39m))[33m:[39m(s[33m.[39mcurrent[33m=[39mm[33m,[39ml[33m.[39mcurrent[33m=[39m[35m1[39m)[33m:[39ma[33m||[39mu())}[33m,[39m[a[33m,[39mm[33m,[39ml[33m.[39mcurrent[33m,[39mh])[33m,[39m[33m![39mn[33m&&[39m[33m![39mh[33m||[39m[33m![39mm[33m||[39mm[33m.[39mlength[33m===[39m[35m0[39m)[36mreturn[39m [36mnull[39m[33m;[39m[36mif[39m([33m![39mi)[36mreturn[39m t([32m"div"[39m[33m,[39m{className[33m:[39m[32m"c1-image-gallery-loader-wrapper"[39m[33m,[39mchildren[33m:[39mt([32m"div"[39m[33m,[39m{className[33m:[39m[32m"c1-image-gallery-loader"[39m})})[33m;[39m[36mconst[39m{imagesAlt[33m:[39mg[33m,[39mimagesSrc[33m:[39mb[33m,[39m[33m...[39mf}[33m=[39me[33m;[39m[36mreturn[39m t([33mCc[39m[33m,[39m{images[33m:[39mi[33m,[39m[33m...[39mf})})[33m,[39mbh[33m=[39m[33mA[39m[33m.[39mextend({imagesSrc[33m:[39mr[33m.[39marray(r[33m.[39mstring())[33m.[39moptional()[33m,[39mimagesAlt[33m:[39mr[33m.[39marray(r[33m.[39mstring())})[33m,[39mlr[33m=[39mz[33m.[39mextend({component[33m:[39mr[33m.[39mliteral([32m"ImageGallery"[39m)[33m,[39mprops[33m:[39mbh})[33m,[39m[33mCa[39m[33m=[39m{[33mImage[39m[33m:[39m{variant[33m:[39m[32m"ImageBlock"[39m}}[33m,[39myh[33m=[39me[33m=>[39m{[36mconst[39m{largeLeft[33m:[39ma[33m,[39msmallRight[33m:[39mn[33m,[39mheaderLeft[33m:[39mi[33m,[39mheaderRight[33m:[39mo}[33m=[39me[33m;[39m[36mreturn[39m p([32m"div"[39m[33m,[39m{className[33m:[39m[32m"c1-layout-row-ls-container"[39m[33m,[39mchildren[33m:[39m[p([32m"div"[39m[33m,[39m{className[33m:[39m[32m"c1-layout-row-ls-large-container"[39m[33m,[39mchildren[33m:[39m[t([33mK[39m[33m,[39m{[33m...[39mi[33m||[39m{}[33m,[39moverridesProps[33m:[39m[33mCa[39m})[33m,[39ma[33m.[39mmap((s[33m,[39ml)[33m=>[39mt([33mK[39m[33m,[39m{[33m...[39ms[33m,[39moverridesProps[33m:[39m[33mCa[39m}[33m,[39ml))]})[33m,[39mt([33mOe[39m[33m,[39m{orientation[33m:[39m[32m"vertical"[39m[33m,[39mclassName[33m:[39m[32m"c1-layout-row-separator"[39m})[33m,[39mp([32m"div"[39m[33m,[39m{className[33m:[39m[32m"c1-layout-row-ls-small-container"[39m[33m,[39mchildren[33m:[39m[t([33mK[39m[33m,[39m{[33m...[39mo[33m||[39m{}[33m,[39moverridesProps[33m:[39m[33mCa[39m})[33m,[39mn[33m==[39m[36mnull[39m[33m?[39m[36mvoid[39m [35m0[39m[33m:[39mn[33m.[39mmap((s[33m,[39ml)[33m=>[39mt([33mK[39m[33m,[39m{[33m...[39ms[33m,[39moverridesProps[33m:[39m[33mCa[39m}[33m,[39ml))]})]})}[33m,[39m[33mSa[39m[33m=[39m{[33mImage[39m[33m:[39m{variant[33m:[39m[32m"ImageBlock"[39m}[33m,[39m[33mPieChartV2[39m[33m:[39m{legendVariant[33m:[39m[32m"default"[39m[33m,[39mmaxChartSize[33m:[39m[35m326[39m[33m,[39mminChartSize[33m:[39m[35m296[39m}[33m,[39m[33mRadialChartV2[39m[33m:[39m{legendVariant[33m:[39m[32m"default"[39m[33m,[39mmaxChartSize[33m:[39m[35m326[39m[33m,[39mminChartSize[33m:[39m[35m296[39m}}[33m,[39mvh[33m=[39me[33m=>[39m{[36mconst[39m{mediumLeft[33m:[39ma[33m,[39mmediumRight[33m:[39mn[33m,[39mheaderLeft[33m:[39mi[33m,[39mheaderRight[33m:[39mo}[33m=[39me[33m;[39m[36mreturn[39m p([32m"div"[39m[33m,[39m{className[33m:[39m[32m"c1-layout-row-mm-container"[39m[33m,[39mchildren[33m:[39m[p([32m"div"[39m[33m,[39m{className[33m:[39m[32m"c1-layout-row-mm-medium-left-container"[39m[33m,[39mchildren[33m:[39m[t([33mK[39m[33m,[39m{[33m...[39mi[33m||[39m{}[33m,[39moverridesProps[33m:[39m[33mSa[39m})[33m,[39ma[33m.[39mmap((s[33m,[39ml)[33m=>[39mt([33mK[39m[33m,[39m{[33m...[39ms[33m,[39moverridesProps[33m:[39m[33mSa[39m}[33m,[39ml))]})[33m,[39mt([33mOe[39m[33m,[39m{orientation[33m:[39m[32m"vertical"[39m[33m,[39mclassName[33m:[39m[32m"c1-layout-row-separator"[39m})[33m,[39mp([32m"div"[39m[33m,[39m{className[33m:[39m[32m"c1-layout-row-mm-medium-right-container"[39m[33m,[39mchildren[33m:[39m[t([33mK[39m[33m,[39m{[33m...[39mo[33m||[39m{}[33m,[39moverridesProps[33m:[39m[33mSa[39m})[33m,[39mn[33m==[39m[36mnull[39m[33m?[39m[36mvoid[39m [35m0[39m[33m:[39mn[33m.[39mmap((s[33m,[39ml)[33m=>[39mt([33mK[39m[33m,[39m{[33m...[39ms[33m,[39moverridesProps[33m:[39m[33mSa[39m}[33m,[39ml))]})]})}[33m,[39mwh[33m=[39me[33m=>[39m{[36mconst[39m{smallLeft[33m:[39ma[33m,[39mlargeRight[33m:[39mn[33m,[39mheaderLeft[33m:[39mi[33m,[39mheaderRight[33m:[39mo[33m,[39mcomponentPropOverrides[33m:[39ms}[33m=[39me[33m;[39m[36mreturn[39m p([32m"div"[39m[33m,[39m{className[33m:[39m[32m"c1-layout-row-sl-container"[39m[33m,[39mchildren[33m:[39m[p([32m"div"[39m[33m,[39m{className[33m:[39m[32m"c1-layout-row-sl-small-container"[39m[33m,[39mchildren[33m:[39m[t([33mK[39m[33m,[39m{[33m...[39mi[33m||[39m{}[33m,[39moverridesProps[33m:[39ms})[33m,[39ma[33m.[39mmap((l[33m,[39mc)[33m=>[39mt([33mK[39m[33m,[39m{[33m...[39ml[33m,[39moverridesProps[33m:[39ms}[33m,[39mc))]})[33m,[39mt([33mOe[39m[33m,[39m{orientation[33m:[39m[32m"vertical"[39m[33m,[39mclassName[33m:[39m[32m"c1-layout-row-separator"[39m})[33m,[39mp([32m"div"[39m[33m,[39m{className[33m:[39m[32m"c1-layout-row-sl-large-container"[39m[33m,[39mchildren[33m:[39m[t([33mK[39m[33m,[39m{[33m...[39mo[33m||[39m{}[33m,[39moverridesProps[33m:[39ms})[33m,[39mn[33m==[39m[36mnull[39m[33m?[39m[36mvoid[39m [35m0[39m[33m:[39mn[33m.[39mmap((l[33m,[39mc)[33m=>[39mt([33mK[39m[33m,[39m{[33m...[39ml[33m,[39moverridesProps[33m:[39ms}[33m,[39mc))]})]})}[33m,[39mxh[33m=[39mq(({props[33m:[39me})[33m=>[39m{[36mconst[39m a[33m=[39m[33mDt[39m()[33m,[39mn[33m=[39m[33mFt[39m()[33m;[39m[36mif[39m([33m![39me[33m.[39mbuttons[33m||[39m[33m![39mn)[36mreturn[39m [36mnull[39m[33m;[39m[36mconst[39m{component[33m:[39mi[33m,[39mprops[33m:[39mo}[33m=[39me[33m.[39mbuttons[33m,[39m{children[33m:[39ms[33m,[39m[33m...[39ml}[33m=[39mo[33m,[39mc[33m=[39ms[33m.[39mmap((d[33m,[39mm)[33m=>[39m{[36mconst[39m h[33m=[39md[33m.[39mprops[33m;[39m[36mreturn[39m(h[33m.[39mname[33m||[39mh[33m.[39mchildren)[33m.[39mtoLowerCase()[33m.[39mincludes([32m"submit"[39m)[33m?[39mt([33mK[39m[33m,[39m{component[33m:[39m[32m"Button"[39m[33m,[39mprops[33m:[39m{[33m...[39mh[33m,[39monClick[33m:[39m()[33m=>[39m{[36mvar[39m g[33m,[39mb[33m;[39mn[33m.[39mvalidateForm()[33m&&[39ma(h[33m.[39mchildren[33m,[39m[32m"User clicked on Button: "[39m[33m+[39m(h[33m.[39mname[33m||[39mh[33m.[39mchildren)[33m,[39me[33m.[39mname[33m,[39m{type[33m:[39m(g[33m=[39mh[33m.[39maction)[33m==[39m[36mnull[39m[33m?[39m[36mvoid[39m [35m0[39m[33m:[39mg[33m.[39mtype[33m,[39mparams[33m:[39m((b[33m=[39mh[33m.[39maction)[33m==[39m[36mnull[39m[33m?[39m[36mvoid[39m [35m0[39m[33m:[39mb[33m.[39mprops)[33m?[39m[33m?[39m{}})}}}[33m,[39m[32m`form-button-${m}`[39m)[33m:[39mt([33mK[39m[33m,[39m{component[33m:[39m[32m"Button"[39m[33m,[39mprops[33m:[39mh}[33m,[39m[32m`form-button-${m}`[39m)})[33m;[39m[36mreturn[39m t([33mK[39m[33m,[39m{component[33m:[39mi[33m,[39mprops[33m:[39m{variant[33m:[39m[32m"horizontal"[39m[33m,[39m[33m...[39ml[33m,[39mchildren[33m:[39mc}})})[33m,[39mkh[33m=[39mq(e[33m=>[39m{[36mconst[39m{children[33m:[39ma[33m,[39mname[33m:[39mn}[33m=[39me[33m,[39mi[33m=[39m(o[33m=>[39m{[36mconst[39m[s[33m,[39ml][33m=[39m[33mF[39m({})[33m,[39mc[33m=[39m[33mD[39m({})[33m,[39md[33m=[39m$((u[33m,[39mg[33m,[39mb)[33m=>[39m{c[33m.[39mcurrent[u][33m=[39m{rules[33m:[39mg[33m,[39mgetValue[33m:[39mb}}[33m,[39m[])[33m,[39mm[33m=[39m$((u[33m,[39mg[33m,[39mb)[33m=>[39m{[36mfor[39m([36mconst[39m f [36mof[39m tm){[36mconst[39m y[33m=[39mb[f][33m;[39m[36mif[39m(y[33m!==[39m[36mvoid[39m [35m0[39m){[36mconst[39m _[33m=[39m([35m0[39m[33m,[39mam[f])(g[33m,[39my)[33m;[39m[36mif[39m(_)[36mreturn[39m l(v[33m=>[39m({[33m...[39mv[33m,[39m[u][33m:[39m_}))[33m,[39m[33m![39m[35m1[39m}}[36mreturn[39m l(f[33m=>[39m({[33m...[39mf[33m,[39m[u][33m:[39m[36mvoid[39m [35m0[39m}))[33m,[39m[33m![39m[35m0[39m}[33m,[39m[])[33m,[39mh[33m=[39m$(()[33m=>[39m{[36mlet[39m u[33m=[39m[33m![39m[35m0[39m[33m;[39m[36mfor[39m([36mconst[39m g [36min[39m c[33m.[39mcurrent){[36mconst[39m b[33m=[39mc[33m.[39mcurrent[g][33m;[39m[36mif[39m([33m![39mb)[36mcontinue[39m[33m;[39m[36mconst[39m f[33m=[39mb[33m.[39mgetValue(o[33m,[39mg)[33m;[39mm(g[33m,[39mf[33m,[39mb[33m.[39mrules)[33m||[39m(u[33m=[39m[33m![39m[35m1[39m)}[36mreturn[39m u}[33m,[39m[o[33m,[39mm])[33m;[39m[36mreturn[39m ne(()[33m=>[39m({formName[33m:[39mo[33m,[39merrors[33m:[39ms[33m,[39mvalidateField[33m:[39mm[33m,[39mregisterField[33m:[39md[33m,[39mvalidateForm[33m:[39mh})[33m,[39m[o[33m,[39ms[33m,[39mm[33m,[39md[33m,[39mh])})(n)[33m;[39m[36mreturn[39m t(oo[33m.[39m[33mProvider[39m[33m,[39m{value[33m:[39mi[33m,[39mchildren[33m:[39mp([32m"div"[39m[33m,[39m{className[33m:[39m[32m"c1-form"[39m[33m,[39mchildren[33m:[39m[a[33m.[39mmap((o[33m,[39ms)[33m=>[39mt([33mK[39m[33m,[39m{component[33m:[39m[32m"FormControl"[39m[33m,[39mprops[33m:[39m{[33m...[39mo}}[33m,[39m[32m`form-control-${s}`[39m))[33m,[39mt(xh[33m,[39m{props[33m:[39me})]})})})[33m,[39mgt[33m=[39m({tooltipHeading[33m:[39me[33m,[39mtooltipContent[33m:[39ma[33m,[39mchildren[33m:[39mn[33m,[39mclassName[33m:[39mi[33m,[39mside[33m:[39mo[33m=[39m[32m"bottom"[39m[33m,[39malign[33m:[39ms[33m=[39m[32m"start"[39m[33m,[39msideOffset[33m:[39ml[33m=[39m[35m5[39m[33m,[39malignOffset[33m:[39mc[33m=[39m[35m0[39m[33m,[39mdelayDuration[33m:[39md[33m=[39m[35m100[39m[33m,[39mshowOnlyWhenTruncated[33m:[39mm[33m=[39m[33m![39m[35m1[39m})[33m=>[39m{[36mconst[39m{portalThemeClassName[33m:[39mh}[33m=[39m[33mCe[39m()[33m,[39mu[33m=[39m[33mD[39m([36mnull[39m)[33m,[39m[g[33m,[39mb][33m=[39m[33mF[39m([33m![39m[35m1[39m)[33m,[39m[f[33m,[39my][33m=[39m[33mF[39m([33m![39m[35m1[39m)[33m,[39m_[33m=[39m[33mPe[39m[33m.[39m[33mChildren[39m[33m.[39monly(n)[33m,[39mv[33m=[39mgi(_)[33m&&[39mm[33m?[39mtc(_[33m,[39m{ref[33m:[39mu})[33m:[39mn[33m;[39mqe(()[33m=>[39m{[36mconst[39m [33mC[39m[33m=[39m()[33m=>[39m{[36mif[39m(u[33m.[39mcurrent){[36mconst[39m{children[33m:[39mk}[33m=[39mu[33m.[39mcurrent[33m,[39m[33mS[39m[33m=[39m[33mArray[39m[33m.[39m[36mfrom[39m(k)[33m;[39m[36mlet[39m w[33m,[39m[33mP[39m[33m;[39m[36mif[39m(e[33m&&[39m(w[33m=[39m[33mS[39m[[35m0[39m])[33m,[39ma[33m&&[39m([33mP[39m[33m=[39me[33m?[39m[33mS[39m[[35m1[39m][33m:[39m[33mS[39m[[33mS[39m[33m.[39mlength[33m-[39m[35m1[39m])[33m,[39mw){[36mconst[39m [33mI[39m[33m=[39mw[33m.[39mscrollWidth[33m>[39mw[33m.[39mclientWidth[33m||[39mw[33m.[39mscrollHeight[33m>[39mw[33m.[39mclientHeight[33m;[39m[33mI[39m[33m!==[39mg[33m&&[39mb([33mI[39m)}[36mif[39m([33mP[39m){[36mconst[39m [33mI[39m[33m=[39m[33mP[39m[33m.[39mscrollWidth[33m>[39m[33mP[39m[33m.[39mclientWidth[33m||[39m[33mP[39m[33m.[39mscrollHeight[33m>[39m[33mP[39m[33m.[39mclientHeight[33m;[39m[33mI[39m[33m!==[39mf[33m&&[39my([33mI[39m)}}}[33m;[39m[36mif[39m(m){[33mC[39m()[33m;[39m[36mconst[39m k[33m=[39m[36mnew[39m [33mResizeObserver[39m([33mC[39m)[33m,[39m[33mS[39m[33m=[39mu[33m.[39mcurrent[33m;[39m[36mreturn[39m [33mS[39m[33m&&[39mk[33m.[39mobserve([33mS[39m)[33m,[39m()[33m=>[39m{[33mS[39m[33m&&[39mk[33m.[39munobserve([33mS[39m)}}}[33m,[39m[n[33m,[39mm[33m,[39mg[33m,[39mf[33m,[39me[33m,[39ma])[33m;[39m[36mconst[39m [33mN[39m[33m=[39mm[33m?[39mg[33m?[39me[33m:[39m[36mvoid[39m [35m0[39m[33m:[39me[33m,[39mx[33m=[39mm[33m?[39mf[33m?[39ma[33m:[39m[36mvoid[39m [35m0[39m[33m:[39ma[33m;[39m[36mreturn[39m [33mN[39m[33m||[39mx[33m?[39mt(he[33m.[39m[33mProvider[39m[33m,[39m{children[33m:[39mp(he[33m.[39m[33mRoot[39m[33m,[39m{delayDuration[33m:[39md[33m,[39mchildren[33m:[39m[t(he[33m.[39m[33mTrigger[39m[33m,[39m{asChild[33m:[39m[33m![39m[35m0[39m[33m,[39mchildren[33m:[39mv})[33m,[39mt(he[33m.[39m[33mPortal[39m[33m,[39m{children[33m:[39mt(he[33m.[39m[33mContent[39m[33m,[39m{className[33m:[39m[33mT[39m([32m"c1-tooltip-content"[39m[33m,[39mh[33m,[39mi)[33m,[39mside[33m:[39mo[33m,[39malign[33m:[39ms[33m,[39msideOffset[33m:[39ml[33m,[39malignOffset[33m:[39mc[33m,[39mchildren[33m:[39mp([32m"div"[39m[33m,[39m{className[33m:[39m[32m"c1-tooltip-body"[39m[33m,[39mchildren[33m:[39m[[33mN[39m[33m&&[39mt([32m"span"[39m[33m,[39m{className[33m:[39m[32m"c1-tooltip-heading"[39m[33m,[39mchildren[33m:[39m[33mN[39m})[33m,[39mx[33m&&[39mt([32m"span"[39m[33m,[39m{className[33m:[39m[32m"c1-tooltip-text-content"[39m[33m,[39mchildren[33m:[39mx})]})})})]})})[33m:[39mt([33mQ[39m[33m,[39m{children[33m:[39mv})}[33m,[39m[33mNh[39m[33m=[39mq(e[33m=>[39m{[36mconst[39m{data[33m:[39ma[33m,[39m[33m...[39mn}[33m=[39me[33m;[39m[36mswitch[39m(e[33m.[39mtype){[36mcase[39m[32m"line"[39m[33m:[39m[36mreturn[39m t([33mUi[39m[33m,[39m{[33m...[39mn[33m,[39mdata[33m:[39ma})[33m;[39m[36mcase[39m[32m"bar"[39m[33m:[39m[36mreturn[39m t([33mHi[39m[33m,[39m{[33m...[39mn[33m,[39mdata[33m:[39ma})[33m;[39m[36mcase[39m[32m"area"[39m[33m:[39m[36mreturn[39m t([33mVi[39m[33m,[39m{[33m...[39mn[33m,[39mdata[33m:[39ma})}})[33m,[39m[33mCh[39m[33m=[39m[33mA[39m[33m.[39mextend({type[33m:[39mr[33m.[39m[36menum[39m([[32m"line"[39m[33m,[39m[32m"bar"[39m[33m,[39m[32m"area"[39m])[33m,[39mdata[33m:[39mr[33m.[39marray(r[33m.[39mnumber())})[33m,[39mns[33m=[39mz[33m.[39mextend({component[33m:[39mr[33m.[39mliteral([32m"MiniChart"[39m)[33m,[39mprops[33m:[39m[33mCh[39m})[33m,[39m[33mSh[39m[33m=[39m[33mA[39m[33m.[39mextend({amount[33m:[39mr[33m.[39mstring()[33m.[39m[36mdefault[39m([32m""[39m)[33m,[39mdescription[33m:[39mr[33m.[39mstring()[33m.[39m[36mdefault[39m([32m""[39m)[33m,[39mchild[33m:[39mr[33m.[39munion([ke[33m,[39m[33mAe[39m[33m,[39m[33mWo[39m])})[33m,[39mis[33m=[39mz[33m.[39mextend({component[33m:[39mr[33m.[39mliteral([32m"DataTile"[39m)[33m,[39mprops[33m:[39m[33mSh[39m})[33m,[39m[33mTh[39m[33m=[39m[33mA[39m[33m.[39mextend({title[33m:[39mr[33m.[39mstring()[33m.[39m[36mdefault[39m([32m""[39m)[33m,[39mlabel[33m:[39mr[33m.[39mstring()[33m.[39m[36mdefault[39m([32m""[39m)[33m,[39mchild[33m:[39mr[33m.[39munion([ke[33m,[39m[33mAe[39m])})[33m,[39mos[33m=[39mz[33m.[39mextend({component[33m:[39mr[33m.[39mliteral([32m"ProfileTile"[39m)[33m,[39mprops[33m:[39m[33mTh[39m})[33m,[39m[33mEh[39m[33m=[39m[33mA[39m[33m.[39mextend({number[33m:[39mr[33m.[39mstring()[33m.[39m[36mdefault[39m([32m""[39m)[33m,[39mlabel[33m:[39mr[33m.[39mstring()[33m.[39m[36mdefault[39m([32m""[39m)})[33m,[39mss[33m=[39mz[33m.[39mextend({component[33m:[39mr[33m.[39mliteral([32m"Stats"[39m)[33m,[39mprops[33m:[39m[33mEh[39m})[33m,[39m[33mPh[39m[33m=[39m[33mA[39m[33m.[39mextend({lhs[33m:[39mr[33m.[39munion([os[33m,[39mis])[33m,[39mrhs[33m:[39mr[33m.[39munion([ss[33m,[39mns])[33m.[39moptional()})[33m,[39mls[33m=[39mz[33m.[39mextend({component[33m:[39mr[33m.[39mliteral([32m"MiniCard"[39m)[33m,[39mprops[33m:[39m[33mPh[39m})[33m,[39m[33mIh[39m[33m=[39m[33mA[39m[33m.[39mextend({children[33m:[39mr[33m.[39marray(ls)[33m.[39m[36mdefault[39m([])})[33m,[39mcr[33m=[39mz[33m.[39mextend({component[33m:[39mr[33m.[39mliteral([32m"MiniCardBlock"[39m)[33m,[39mprops[33m:[39m[33mIh[39m})[33m,[39m[33mAh[39m[33m=[39mr[33m.[39mobject({title[33m:[39mr[33m.[39mstring()[33m.[39m[36mdefault[39m([32m""[39m)[33m,[39mdetails[33m:[39m[33mDe[39m})[33m,[39mcs[33m=[39mz[33m.[39mextend({component[33m:[39mr[33m.[39mliteral([32m"StepsItem"[39m)[33m,[39mprops[33m:[39m[33mAh[39m})[33m,[39m[33mLh[39m[33m=[39m[33mA[39m[33m.[39mextend({header[33m:[39mbe[33m.[39moptional()[33m,[39mchildren[33m:[39mr[33m.[39marray(cs)})[33m,[39mxt[33m=[39mz[33m.[39mextend({component[33m:[39mr[33m.[39mliteral([32m"Steps"[39m)[33m,[39mprops[33m:[39m[33mLh[39m})[33m,[39mds[33m=[39mr[33m.[39marray(r[33m.[39munion([[33mDe[39m[33m,[39m[33mGe[39m[33m,[39mxt[33m,[39mbe[33m,[39mwt]))[33m.[39mdescribe([32m"$ref:smallSlotComponent"[39m)[33m,[39m[33mKn[39m[33m=[39mr[33m.[39marray(r[33m.[39munion([be[33m,[39m[33mDe[39m[33m,[39m[33mGe[39m[33m,[39mxt[33m,[39mvt[33m,[39m[33mAe[39m[33m,[39mcr[33m,[39mjt[33m,[39mwt]))[33m.[39mdescribe([32m"$ref:mediumSlotComponent"[39m)[33m,[39mms[33m=[39mr[33m.[39marray(r[33m.[39munion([[33mDe[39m[33m,[39m[33mGe[39m[33m,[39mxt[33m,[39mvt[33m,[39m[33mAe[39m[33m,[39mlr[33m,[39m[33mVt[39m[33m,[39mjt[33m,[39mbe[33m,[39m[33mHt[39m[33m,[39mwt]))[33m.[39mdescribe([32m"$ref:largeSlotComponent"[39m)[33m,[39m[33mMh[39m[33m=[39mr[33m.[39mobject({variant[33m:[39mr[33m.[39mliteral([32m"M-M"[39m)[33m,[39mrows[33m:[39mr[33m.[39marray(r[33m.[39mobject({headerLeft[33m:[39mbe[33m.[39moptional()[33m,[39mmediumLeft[33m:[39m[33mKn[39m[33m,[39mheaderRight[33m:[39mbe[33m.[39moptional()[33m,[39mmediumRight[33m:[39m[33mKn[39m[33m.[39moptional()}))})[33m,[39m$h[33m=[39mr[33m.[39mobject({variant[33m:[39mr[33m.[39mliteral([32m"L-S"[39m)[33m,[39mrows[33m:[39mr[33m.[39marray(r[33m.[39mobject({headerLeft[33m:[39mbe[33m.[39moptional()[33m,[39mlargeLeft[33m:[39mms[33m,[39mheaderRight[33m:[39mbe[33m.[39moptional()[33m,[39msmallRight[33m:[39mds[33m.[39moptional()}))})[33m,[39m[33mOh[39m[33m=[39mr[33m.[39mobject({variant[33m:[39mr[33m.[39mliteral([32m"S-L"[39m)[33m,[39mrows[33m:[39mr[33m.[39marray(r[33m.[39mobject({headerLeft[33m:[39mbe[33m.[39moptional()[33m,[39msmallLeft[33m:[39mds[33m,[39mheaderRight[33m:[39mbe[33m.[39moptional()[33m,[39mlargeRight[33m:[39mms[33m.[39moptional()}))})[33m,[39mzh[33m=[39m[33mA[39m[33m.[39mextend({children[33m:[39mr[33m.[39munion([[33mMh[39m[33m,[39m$h[33m,[39m[33mOh[39m])})[33m,[39mhn[33m=[39mz[33m.[39mextend({component[33m:[39mr[33m.[39mliteral([32m"Layout"[39m)[33m,[39mprops[33m:[39mzh})[33m,[39m[33mBh[39m[33m=[39m[33mA[39m[33m.[39mextend({title[33m:[39mr[33m.[39mstring()[33m.[39m[36mdefault[39m([32m""[39m)[33m,[39micon[33m:[39mr[33m.[39mstring()[33m.[39m[36mdefault[39m([32m""[39m)})[33m,[39mps[33m=[39mz[33m.[39mextend({component[33m:[39mr[33m.[39mliteral([32m"Section"[39m)[33m,[39mprops[33m:[39m[33mBh[39m})[33m,[39m[33mRh[39m[33m=[39m{info[33m:[39m[32m"c1-callout-v2-info"[39m[33m,[39mdanger[33m:[39m[32m"c1-callout-v2-danger"[39m[33m,[39mwarning[33m:[39m[32m"c1-callout-v2-warning"[39m[33m,[39msuccess[33m:[39m[32m"c1-callout-v2-success"[39m[33m,[39mneutral[33m:[39m[32m"c1-callout-v2-neutral"[39m}[33m,[39m[33mDh[39m[33m=[39mq(e[33m=>[39m{[36mconst[39m{actions[33m:[39ma[33m,[39mrowIndex[33m:[39mn[33m,[39mrowData[33m:[39mi}[33m=[39me[33m,[39m{portalThemeClassName[33m:[39mo}[33m=[39m[33mCe[39m()[33m,[39ms[33m=[39m[33mDt[39m()[33m,[39m{isOpen[33m:[39ml[33m,[39mhandleMouseEnter[33m:[39mc[33m,[39mhandleMouseLeave[33m:[39md[33m,[39mhandleTriggerClick[33m:[39mm[33m,[39mhandleContentClick[33m:[39mh[33m,[39mcloseTooltip[33m:[39mu[33m,[39mgetPointerDownOutsideHandler[33m:[39mg}[33m=[39mon()[33m;[39m[36mif[39m([33m![39ma[33m||[39ma[33m.[39mlength[33m===[39m[35m0[39m)[36mreturn[39m [36mnull[39m[33m;[39m[36mconst[39m b[33m=[39mf[33m=>[39m{[36mvar[39m y[33m,[39m_[33m;[39ms(f[33m.[39mlabel[33m,[39m[32m`User clicked on table action: ${f.label} for row ${n+1} with data: ${i.filter(v=>typeof v!="object")}`[39m[33m,[39m[36mvoid[39m [35m0[39m[33m,[39m{type[33m:[39m(y[33m=[39mf[33m.[39maction)[33m==[39m[36mnull[39m[33m?[39m[36mvoid[39m [35m0[39m[33m:[39my[33m.[39mtype[33m,[39mparams[33m:[39m{[33m...[39m(_[33m=[39mf[33m.[39maction)[33m==[39m[36mnull[39m[33m?[39m[36mvoid[39m [35m0[39m[33m:[39m_[33m.[39mprops}})}[33m;[39m[36mif[39m(a[33m.[39mlength[33m===[39m[35m1[39m[33m&&[39ma[[35m0[39m]){[36mconst[39m f[33m=[39ma[[35m0[39m][33m;[39m[36mreturn[39m t([32m"div"[39m[33m,[39m{className[33m:[39m[32m"c1-table-action-cell"[39m[33m,[39mchildren[33m:[39mp([32m"button"[39m[33m,[39m{className[33m:[39m[32m"c1-table-action-single-button"[39m[33m,[39monClick[33m:[39m()[33m=>[39mb(f)[33m,[39m[32m"aria-label"[39m[33m:[39mf[33m.[39mlabel[33m,[39mchildren[33m:[39m[f[33m.[39mleftIcon[33m&&[39mt(de[33m,[39m{name[33m:[39mf[33m.[39mleftIcon[33m.[39mprops[33m.[39mname[33m,[39mcategory[33m:[39mf[33m.[39mleftIcon[33m.[39mprops[33m.[39mcategory[33m,[39msize[33m:[39m[35m14[39m})[33m,[39mt([32m"span"[39m[33m,[39m{children[33m:[39mf[33m.[39mlabel})[33m,[39mf[33m.[39mrightIcon[33m&&[39mt(de[33m,[39m{name[33m:[39mf[33m.[39mrightIcon[33m.[39mprops[33m.[39mname[33m,[39mcategory[33m:[39mf[33m.[39mrightIcon[33m.[39mprops[33m.[39mcategory[33m,[39msize[33m:[39m[35m14[39m})]})})}[36mreturn[39m t([32m"div"[39m[33m,[39m{className[33m:[39m[32m"c1-table-action-cell"[39m[33m,[39mchildren[33m:[39mt(he[33m.[39m[33mProvider[39m[33m,[39m{delayDuration[33m:[39m[35m0[39m[33m,[39mchildren[33m:[39mp(he[33m.[39m[33mRoot[39m[33m,[39m{open[33m:[39ml[33m,[39mchildren[33m:[39m[t(he[33m.[39m[33mTrigger[39m[33m,[39m{asChild[33m:[39m[33m![39m[35m0[39m[33m,[39mchildren[33m:[39mt(ie[33m,[39m{variant[33m:[39m[32m"tertiary"[39m[33m,[39msize[33m:[39m[32m"extra-small"[39m[33m,[39mclassName[33m:[39m[32m"c1-table-action-trigger"[39m[33m,[39micon[33m:[39mt([33mZc[39m[33m,[39m{size[33m:[39m[35m12[39m})[33m,[39m[32m"aria-label"[39m[33m:[39m[32m"More actions"[39m[33m,[39m[32m"aria-expanded"[39m[33m:[39ml[33m,[39m[32m"aria-haspopup"[39m[33m:[39m[32m"menu"[39m[33m,[39monClick[33m:[39mm[33m,[39monMouseEnter[33m:[39mc[33m,[39monMouseLeave[33m:[39md})})[33m,[39mt(he[33m.[39m[33mPortal[39m[33m,[39m{children[33m:[39mt(he[33m.[39m[33mContent[39m[33m,[39m{side[33m:[39m[32m"bottom"[39m[33m,[39malign[33m:[39m[32m"end"[39m[33m,[39msideOffset[33m:[39m[35m4[39m[33m,[39malignOffset[33m:[39m[35m0[39m[33m,[39mcollisionPadding[33m:[39m[35m8[39m[33m,[39monMouseEnter[33m:[39mc[33m,[39monMouseLeave[33m:[39md[33m,[39monClick[33m:[39mh[33m,[39monPointerDownOutside[33m:[39mg([32m".c1-table-action-trigger"[39m)[33m,[39mclassName[33m:[39m[33mT[39m([32m"c1-table-action-tooltip"[39m[33m,[39mo)[33m,[39mchildren[33m:[39mt([32m"div"[39m[33m,[39m{className[33m:[39m[32m"c1-table-action-menu"[39m[33m,[39mrole[33m:[39m[32m"menu"[39m[33m,[39mchildren[33m:[39ma[33m.[39mmap((f[33m,[39my)[33m=>[39mp([32m"button"[39m[33m,[39m{role[33m:[39m[32m"menuitem"[39m[33m,[39mclassName[33m:[39m[32m"c1-table-action-menu-item"[39m[33m,[39monClick[33m:[39m()[33m=>[39m{b(f)[33m,[39mu()}[33m,[39m[32m"aria-label"[39m[33m:[39mf[33m.[39mlabel[33m,[39mchildren[33m:[39m[f[33m.[39mleftIcon[33m&&[39mt(de[33m,[39m{name[33m:[39mf[33m.[39mleftIcon[33m.[39mprops[33m.[39mname[33m,[39mcategory[33m:[39mf[33m.[39mleftIcon[33m.[39mprops[33m.[39mcategory[33m,[39msize[33m:[39m[35m14[39m})[33m,[39mt([32m"span"[39m[33m,[39m{children[33m:[39mf[33m.[39mlabel})[33m,[39mf[33m.[39mrightIcon[33m&&[39mt(de[33m,[39m{name[33m:[39mf[33m.[39mrightIcon[33m.[39mprops[33m.[39mname[33m,[39mcategory[33m:[39mf[33m.[39mrightIcon[33m.[39mprops[33m.[39mcategory[33m,[39msize[33m:[39m[35m14[39m})]}[33m,[39m[32m`c1-table-action-menu-item-${y}`[39m))})})})]})})})})[33m,[39m[33mFh[39m[33m=[39mq(e[33m=>[39m{[36mconst[39m{tableHeader[33m:[39ma[33m,[39mtableBody[33m:[39mn[33m,[39m[33m...[39mi}[33m=[39me[33m,[39mo[33m=[39m[33mD[39m([36mnull[39m)[33m,[39ms[33m=[39m[33mD[39m([36mnull[39m)[33m,[39m[l[33m,[39mc][33m=[39m[33mF[39m([33m![39m[35m1[39m)[33m,[39m[d[33m,[39mm][33m=[39m[33mF[39m([33m![39m[35m1[39m)[33m,[39m[h[33m,[39mu][33m=[39m[33mF[39m([33m![39m[35m1[39m)[33m,[39mg[33m=[39m[33mD[39m([])[33m;[39m[33mV[39m(()[33m=>[39m{[36mconst[39m y[33m=[39ms[33m.[39mcurrent[33m,[39m_[33m=[39mo[33m.[39mcurrent[33m;[39m[36mif[39m([33m![39my[33m||[39m[33m![39m_)[36mreturn[39m[33m;[39m[36mconst[39m v[33m=[39m()[33m=>[39m{[36mconst[39m [33mC[39m[33m=[39my[33m.[39mscrollWidth[33m>[39my[33m.[39mclientWidth[33m;[39mc([33mC[39m)[33m,[39mm(y[33m.[39mscrollLeft[33m>[39m[35m0[39m)[33m,[39mu(y[33m.[39mscrollLeft[33m<[39m[33my[39m[33m.[39mscrollWidth[33m-[39my[33m.[39mclientWidth[33m-[39m[35m1[39m)[33m;[39m[36mconst[39m k[33m=[39m_[33m.[39mquerySelectorAll([32m"thead th"[39m)[33m;[39m[36mif[39m([33m![39mk[33m||[39mk[33m.[39mlength[33m===[39m[35m0[39m)[36mreturn[39m [36mvoid[39m(g[33m.[39mcurrent[33m=[39m[])[33m;[39m[36mconst[39m [33mS[39m[33m=[39my[33m.[39mgetBoundingClientRect()[33m,[39mw[33m=[39m[][33m;[39mk[33m.[39mforEach([33mI[39m[33m=>[39m{[36mconst[39m [33mL[39m[33m=[39m[33mI[39m[33m.[39mgetBoundingClientRect()[33m.[39mleft[33m-[39m[33mS[39m[33m.[39mleft[33m+[39my[33m.[39mscrollLeft[33m;[39mw[33m.[39mpush([33mMath[39m[33m.[39mmax([35m0[39m[33m,[39m[33mMath[39m[33m.[39mround([33mL[39m)))})[33m;[39m[36mconst[39m [33mP[39m[33m=[39m[33mArray[39m[33m.[39m[36mfrom[39m([36mnew[39m [33mSet[39m(w))[33m.[39msort(([33mI[39m[33m,[39m[33mL[39m)[33m=>[39m[33mI[39m[33m-[39m[33mL[39m)[33m;[39mg[33m.[39mcurrent[33m=[39m[33mP[39m}[33m;[39mv()[33m;[39m[36mconst[39m [33mN[39m[33m=[39m[36mnew[39m [33mResizeObserver[39m(()[33m=>[39mv())[33m;[39m[33mN[39m[33m.[39mobserve(y)[33m;[39m[36mconst[39m x[33m=[39m()[33m=>[39m{m(y[33m.[39mscrollLeft[33m>[39m[35m0[39m)[33m,[39mu(y[33m.[39mscrollLeft[33m<[39m[33my[39m[33m.[39mscrollWidth[33m-[39my[33m.[39mclientWidth[33m-[39m[35m1[39m)}[33m;[39m[36mreturn[39m y[33m.[39maddEventListener([32m"scroll"[39m[33m,[39mx)[33m,[39m()[33m=>[39m{[33mN[39m[33m.[39mdisconnect()[33m,[39my[33m.[39mremoveEventListener([32m"scroll"[39m[33m,[39mx)}}[33m,[39m[n[33m,[39ma])[33m;[39m[36mconst[39m b[33m=[39m$(()[33m=>[39m{[36mconst[39m y[33m=[39ms[33m.[39mcurrent[33m;[39m[36mif[39m([33m![39my[33m||[39mg[33m.[39mcurrent[33m.[39mlength[33m===[39m[35m0[39m)[36mreturn[39m[33m;[39m[36mconst[39m _[33m=[39my[33m.[39mscrollLeft[33m,[39mv[33m=[39mg[33m.[39mcurrent[33m.[39mfind([33mC[39m[33m=>[39m[33mC[39m[33m>[39m_[33m+[39m[35m1[39m)[33m,[39m[33mN[39m[33m=[39my[33m.[39mscrollWidth[33m-[39my[33m.[39mclientWidth[33m,[39mx[33m=[39m[36mtypeof[39m v[33m==[39m[32m"number"[39m[33m?[39mv[33m:[39m[33mN[39m[33m;[39my[33m.[39mscrollTo({left[33m:[39m[33mMath[39m[33m.[39mmin(x[33m,[39m[33mN[39m)[33m,[39mbehavior[33m:[39m[32m"smooth"[39m})}[33m,[39m[])[33m,[39mf[33m=[39m$(()[33m=>[39m{[36mconst[39m y[33m=[39ms[33m.[39mcurrent[33m;[39m[36mif[39m([33m![39my[33m||[39mg[33m.[39mcurrent[33m.[39mlength[33m===[39m[35m0[39m)[36mreturn[39m[33m;[39m[36mconst[39m _[33m=[39my[33m.[39mscrollLeft[33m,[39mv[33m=[39mg[33m.[39mcurrent[33m.[39mfilter([33mN[39m[33m=>[39m[33mN[39m[33m<[39m_[33m-[39m[35m1[39m)[33m.[39mat([33m-[39m[35m1[39m)[33m?[39m[33m?[39m[35m0[39m[33m;[39my[33m.[39mscrollTo({left[33m:[39m[33mMath[39m[33m.[39mmax([35m0[39m[33m,[39mv)[33m,[39mbehavior[33m:[39m[32m"smooth"[39m})}[33m,[39m[])[33m;[39m[36mreturn[39m p([32m"div"[39m[33m,[39m{className[33m:[39m[32m"c1-table-wrapper"[39m[33m,[39mref[33m:[39mo[33m,[39mtabIndex[33m:[39m[35m0[39m[33m,[39mchildren[33m:[39m[l[33m&&[39mp([33mQ[39m[33m,[39m{children[33m:[39m[t([32m"div"[39m[33m,[39m{className[33m:[39m[32m"c1-table-scroll-control c1-left "[39m[33m+[39m(d[33m?[39m[32m"enabled"[39m[33m:[39m[32m"disabled"[39m)[33m,[39mchildren[33m:[39mt(ie[33m,[39m{[32m"aria-label"[39m[33m:[39m[32m"Scroll left"[39m[33m,[39msize[33m:[39m[32m"small"[39m[33m,[39mvariant[33m:[39m[32m"secondary"[39m[33m,[39monClick[33m:[39mf[33m,[39mdisabled[33m:[39m[33m![39md[33m,[39micon[33m:[39mt(la[33m,[39m{size[33m:[39m[35m16[39m})})})[33m,[39mt([32m"div"[39m[33m,[39m{className[33m:[39m[32m"c1-table-scroll-control c1-right "[39m[33m+[39m(h[33m?[39m[32m"enabled"[39m[33m:[39m[32m"disabled"[39m)[33m,[39mchildren[33m:[39mt(ie[33m,[39m{[32m"aria-label"[39m[33m:[39m[32m"Scroll right"[39m[33m,[39msize[33m:[39m[32m"small"[39m[33m,[39mvariant[33m:[39m[32m"secondary"[39m[33m,[39monClick[33m:[39mb[33m,[39mdisabled[33m:[39m[33m![39mh[33m,[39micon[33m:[39mt([33mAt[39m[33m,[39m{size[33m:[39m[35m16[39m})})})]})[33m,[39mp(xi[33m,[39m{containerRef[33m:[39ms[33m,[39mcontainerClassName[33m:[39m[32m"c1-table-scroll-container"[39m[33m,[39mstyle[33m:[39m{width[33m:[39ml[33m?[39m[32m"max-content"[39m[33m:[39m[32m"100%"[39m}[33m,[39m[33m...[39mi[33m,[39mchildren[33m:[39m[t(ki[33m,[39m{children[33m:[39mt(za[33m,[39m{children[33m:[39ma[33m.[39mrows[33m.[39mmap((y[33m,[39m_)[33m=>[39m{[36mvar[39m [33mN[39m[33m;[39m[36mconst[39m v[33m=[39m(([33mN[39m[33m=[39ma[33m.[39mrows[_])[33m==[39m[36mnull[39m[33m?[39m[36mvoid[39m [35m0[39m[33m:[39m[33mN[39m[33m.[39mtype)[33m||[39m[32m"string"[39m[33m;[39m[36mreturn[39m t([33mNi[39m[33m,[39m{className[33m:[39m[32m"c1-table-head"[39m[33m,[39mchildren[33m:[39mp([32m"div"[39m[33m,[39m{className[33m:[39m[32m`c1-table-head-content ${v==="number"?"c1-table-align-right":"c1-table-align-left"}`[39m[33m,[39mchildren[33m:[39m[y[33m.[39micon[33m&&[39mt([33mK[39m[33m,[39m{[33m...[39my[33m.[39micon})[33m,[39my[33m.[39mchildren]})}[33m,[39m[32m`table-head-${_}`[39m)})})})[33m,[39mt([33mCi[39m[33m,[39m{children[33m:[39mn[33m.[39mrows[33m.[39mmap((y[33m,[39m_)[33m=>[39mt(za[33m,[39m{children[33m:[39my[33m.[39mchildren[33m.[39mmap((v[33m,[39m[33mN[39m)[33m=>[39m{[36mvar[39m k[33m;[39m[36mconst[39m x[33m=[39m((k[33m=[39ma[33m.[39mrows[[33mN[39m])[33m==[39m[36mnull[39m[33m?[39m[36mvoid[39m [35m0[39m[33m:[39mk[33m.[39mtype)[33m||[39m[32m"string"[39m[33m,[39m[33mC[39m[33m=[39mx[33m===[39m[32m"number"[39m[33m?[39m[32m"c1-align-right"[39m[33m:[39m[32m"c1-align-left"[39m[33m;[39m[36mreturn[39m x[33m===[39m[32m"action"[39m[33m?[39mt($r[33m,[39m{className[33m:[39m[32m`c1-table-cell ${C}`[39m[33m,[39mchildren[33m:[39mt([33mDh[39m[33m,[39m{actions[33m:[39mv[33m,[39mrowIndex[33m:[39m_[33m,[39mrowData[33m:[39my[33m.[39mchildren})}[33m,[39m[32m`table-body-cell-${N}`[39m)[33m:[39mt($r[33m,[39m{className[33m:[39m[32m`c1-table-cell ${C}`[39m[33m,[39mchildren[33m:[39m(()[33m=>[39m{[36mswitch[39m([36mtypeof[39m v){[36mcase[39m[32m"string"[39m[33m:[39m[36mcase[39m[32m"number"[39m[33m:[39m[36mreturn[39m t([33mEe[39m[33m,[39m{content[33m:[39mv})[33m;[39m[36mcase[39m[32m"object"[39m[33m:[39m[36mreturn[39m v[33m.[39mcomponent[33m===[39m[32m"TagBlock"[39m[33m?[39mt([33mKo[39m[33m,[39m{children[33m:[39mv[33m.[39mprops[33m.[39mchildren[33m,[39msize[33m:[39m[32m"sm"[39m})[33m:[39mt([33mK[39m[33m,[39m{[33m...[39mv})}})()}[33m,[39m[32m`table-body-cell-${N}`[39m)})}[33m,[39m[32m`table-body-row-${_}`[39m))})]})]})})[33m,[39mjh[33m=[39m[33mA[39m[33m.[39mextend({value[33m:[39mr[33m.[39mstring()[33m,[39mtrigger[33m:[39mr[33m.[39mobject({text[33m:[39mr[33m.[39mstring()[33m,[39micon[33m:[39mke[33m.[39moptional()})[33m,[39mcontent[33m:[39mr[33m.[39marray(r[33m.[39munion([[33mGe[39m[33m,[39m[33mDe[39m[33m,[39mjt[33m,[39mvt[33m,[39m[33mVt[39m[33m,[39mua[33m,[39mir[33m,[39m[33mAe[39m[33m,[39mpt[33m,[39mxt[33m,[39msr[33m,[39mor[33m,[39mbe[33m,[39mdn[33m,[39mpn[33m,[39m[33mYa[39m[33m,[39m[33mGa[39m[33m,[39m[33mJa[39m[33m,[39mtr[33m,[39mer[33m,[39m[33mQa[39m[33m,[39m[33mHt[39m[33m,[39mwt]))[33m.[39moptional()})[33m,[39m[33mVh[39m[33m=[39m[33mA[39m[33m.[39mextend({header[33m:[39mbe[33m.[39moptional()[33m,[39mchildren[33m:[39mr[33m.[39marray(jh)})[33m,[39mun[33m=[39mz[33m.[39mextend({component[33m:[39mr[33m.[39mliteral([32m"Tabs"[39m)[33m,[39mprops[33m:[39m[33mVh[39m})[33m,[39m[33mHh[39m[33m=[39mq(e[33m=>[39m{[36mconst[39m{children[33m:[39ma[33m,[39mheader[33m:[39mn[33m,[39m[33m...[39mi}[33m=[39me[33m,[39mo[33m=[39m$e()[33m,[39m[s[33m,[39ml][33m=[39m[33mF[39m([32m""[39m)[33m,[39mc[33m=[39m[33mD[39m([33m![39m[35m1[39m)[33m,[39md[33m=[39m[33mD[39m([35m0[39m)[33m;[39m[36mreturn[39m [33mV[39m(()[33m=>[39m{[36mvar[39m m[33m,[39mh[33m;[39ma[33m!=[39m[36mnull[39m[33m&&[39ma[33m.[39mlength[33m&&[39m(o[33m&&[39ma[33m.[39mlength[33m>[39md[33m.[39mcurrent[33m&&[39m[33m![39mc[33m.[39mcurrent[33m?[39ml(((m[33m=[39ma[a[33m.[39mlength[33m-[39m[35m1[39m])[33m==[39m[36mnull[39m[33m?[39m[36mvoid[39m [35m0[39m[33m:[39mm[33m.[39mvalue)[33m||[39m[32m""[39m)[33m:[39m[33m![39ms[33m&&[39ma[33m.[39mlength[33m>[39m[35m0[39m[33m&&[39ml(((h[33m=[39ma[[35m0[39m])[33m==[39m[36mnull[39m[33m?[39m[36mvoid[39m [35m0[39m[33m:[39mh[33m.[39mvalue)[33m||[39m[32m""[39m)[33m,[39md[33m.[39mcurrent[33m=[39ma[33m.[39mlength)}[33m,[39m[a[33m,[39ms[33m,[39mo])[33m,[39ma[33m!=[39m[36mnull[39m[33m&&[39ma[33m.[39mlength[33m?[39mp([32m"div"[39m[33m,[39m{className[33m:[39m[32m"c1-tabs-wrapper"[39m[33m,[39mchildren[33m:[39m[n[33m&&[39mt([33mK[39m[33m,[39m{[33m...[39mn})[33m,[39mp([33mSc[39m[33m,[39m{value[33m:[39ms[33m,[39monValueChange[33m:[39mm[33m=>[39m{c[33m.[39mcurrent[33m=[39m[33m![39m[35m0[39m[33m,[39ml(m)}[33m,[39m[33m...[39mi[33m,[39mchildren[33m:[39m[t([33mTc[39m[33m,[39m{children[33m:[39ma[33m==[39m[36mnull[39m[33m?[39m[36mvoid[39m [35m0[39m[33m:[39ma[33m.[39mmap((m[33m,[39mh)[33m=>[39mt([33mEc[39m[33m,[39m{value[33m:[39mm[33m.[39mvalue[33m,[39mtext[33m:[39mm[33m.[39mtrigger[33m.[39mtext[33m,[39micon[33m:[39mm[33m.[39mtrigger[33m.[39micon[33m?[39mt(de[33m,[39m{name[33m:[39mm[33m.[39mtrigger[33m.[39micon[33m.[39mprops[33m.[39mname[33m,[39mcategory[33m:[39mm[33m.[39mtrigger[33m.[39micon[33m.[39mprops[33m.[39mcategory})[33m:[39m[36mvoid[39m [35m0[39m}[33m,[39m[32m`tab-trigger-${h}`[39m))})[33m,[39ma[33m==[39m[36mnull[39m[33m?[39m[36mvoid[39m [35m0[39m[33m:[39ma[33m.[39mmap((m[33m,[39mh)[33m=>[39m{[36mvar[39m u[33m;[39m[36mreturn[39m t([33mPc[39m[33m,[39m{value[33m:[39mm[33m.[39mvalue[33m,[39mchildren[33m:[39m(u[33m=[39mm[33m.[39mcontent)[33m==[39m[36mnull[39m[33m?[39m[36mvoid[39m [35m0[39m[33m:[39mu[33m.[39mmap((g[33m,[39mb)[33m=>[39mt([33mK[39m[33m,[39m{[33m...[39mg}[33m,[39m[32m`tab-content-child-${h}-${b}`[39m))}[33m,[39m[32m`tab-content-${h}`[39m)})]})]})[33m:[39m[36mnull[39m})[33m,[39m[33mUh[39m[33m=[39m[33mA[39m[33m.[39mextend({value[33m:[39mr[33m.[39mstring()[33m,[39mtrigger[33m:[39mr[33m.[39mstring()[33m,[39mcontent[33m:[39mr[33m.[39marray(r[33m.[39munion([ua[33m,[39m[33mHt[39m[33m,[39mpt[33m,[39m[33mGe[39m[33m,[39mbe[33m,[39m[33mAe[39m[33m,[39m[33mDe[39m[33m,[39mjt[33m,[39mvt[33m,[39msr[33m,[39mor[33m,[39mxt[33m,[39mlr[33m,[39mcr[33m,[39mhn[33m,[39m[33mVt[39m[33m,[39mun[33m,[39mir]))})[33m,[39mqh[33m=[39m[33mA[39m[33m.[39mextend({isFoldable[33m:[39mr[33m.[39mboolean()[33m.[39m[36mdefault[39m([33m![39m[35m0[39m)[33m,[39msections[33m:[39mr[33m.[39marray([33mUh[39m)})[33m,[39mhs[33m=[39mz[33m.[39mextend({component[33m:[39mr[33m.[39mliteral([32m"SectionBlock"[39m)[33m,[39mprops[33m:[39mqh})[33m,[39m[33mWh[39m[33m=[39mqa(({className[33m:[39me[33m,[39mstyle[33m:[39ma[33m,[39m[33m...[39mn}[33m,[39mi)[33m=>[39mt(ca[33m.[39m[33mRoot[39m[33m,[39m{ref[33m:[39mi[33m,[39mclassName[33m:[39m[33mT[39m([32m"c1-foldable-section-root"[39m[33m,[39me)[33m,[39mstyle[33m:[39ma[33m,[39m[33m...[39mn}))[33m,[39m[33mKh[39m[33m=[39mqa(({className[33m:[39me[33m,[39mstyle[33m:[39ma[33m,[39mvalue[33m:[39mn[33m,[39m[33m...[39mi}[33m,[39mo)[33m=>[39mt(ca[33m.[39m[33mItem[39m[33m,[39m{ref[33m:[39mo[33m,[39mclassName[33m:[39m[33mT[39m([32m"c1-foldable-section-item"[39m[33m,[39me)[33m,[39mstyle[33m:[39ma[33m,[39mvalue[33m:[39mn[33m,[39m[33m...[39mi}))[33m,[39m[33mXh[39m[33m=[39mqa(({className[33m:[39me[33m,[39mstyle[33m:[39ma[33m,[39mtext[33m:[39mn[33m,[39m[33m...[39mi}[33m,[39mo)[33m=>[39mt(ca[33m.[39m[33mHeader[39m[33m,[39m{className[33m:[39m[33mT[39m([32m"c1-foldable-section-header"[39m)[33m,[39mchildren[33m:[39mt(ca[33m.[39m[33mTrigger[39m[33m,[39m{ref[33m:[39mo[33m,[39mclassName[33m:[39m[33mT[39m([32m"c1-foldable-section-trigger"[39m[33m,[39me)[33m,[39mstyle[33m:[39ma[33m,[39m[33m...[39mi[33m,[39mchildren[33m:[39mp([32m"div"[39m[33m,[39m{className[33m:[39m[32m"c1-foldable-section-trigger-content-wrapper"[39m[33m,[39mchildren[33m:[39m[t([33mOe[39m[33m,[39m{className[33m:[39m[32m"c1-foldable-section-trigger-content-separator"[39m})[33m,[39mp([32m"div"[39m[33m,[39m{className[33m:[39m[32m"c1-foldable-section-trigger-content-icon-button-wrapper"[39m[33m,[39mchildren[33m:[39m[t(ie[33m,[39m{icon[33m:[39mt([33mAt[39m[33m,[39m{className[33m:[39m[32m"c1-foldable-section-trigger-content-icon-button-icon"[39m})[33m,[39msize[33m:[39m[32m"extra-small"[39m[33m,[39mvariant[33m:[39m[32m"secondary"[39m[33m,[39mclassName[33m:[39m[32m"c1-foldable-section-trigger-content-icon-button"[39m})[33m,[39mt([32m"div"[39m[33m,[39m{className[33m:[39m[32m"c1-foldable-section-trigger-content-text"[39m[33m,[39mchildren[33m:[39mn})]})]})})}))[33m,[39m[33mZh[39m[33m=[39mqa(({className[33m:[39me[33m,[39mstyle[33m:[39ma[33m,[39mchildren[33m:[39mn[33m,[39m[33m...[39mi}[33m,[39mo)[33m=>[39mt(ca[33m.[39m[33mContent[39m[33m,[39m{ref[33m:[39mo[33m,[39mclassName[33m:[39m[33mT[39m([32m"c1-foldable-section-content"[39m[33m,[39me)[33m,[39mstyle[33m:[39ma[33m,[39m[33m...[39mi[33m,[39mchildren[33m:[39mn}))[33m,[39m[33mYh[39m[33m=[39me[33m=>[39m{[36mconst[39m{trigger[33m:[39ma[33m,[39mchildren[33m:[39mn}[33m=[39me[33m;[39m[36mreturn[39m t([32m"div"[39m[33m,[39m{className[33m:[39m[32m"c1-section-v2"[39m[33m,[39mchildren[33m:[39mp([32m"div"[39m[33m,[39m{className[33m:[39m[32m"c1-section-v2-wrapper"[39m[33m,[39mchildren[33m:[39m[t([33mOe[39m[33m,[39m{orientation[33m:[39m[32m"horizontal"[39m})[33m,[39mt([32m"div"[39m[33m,[39m{className[33m:[39m[32m"c1-section-v2-header"[39m[33m,[39mchildren[33m:[39mt([32m"div"[39m[33m,[39m{className[33m:[39m[32m"c1-section-v2-header-trigger"[39m[33m,[39mchildren[33m:[39ma})})[33m,[39mt([32m"div"[39m[33m,[39m{className[33m:[39m[32m"c1-section-v2-content"[39m[33m,[39mchildren[33m:[39mn})]})})}[33m,[39m[33mXn[39m[33m=[39m{[33mImage[39m[33m:[39m{variant[33m:[39m[32m"ImageBlock"[39m}}[33m,[39m[33mGh[39m[33m=[39mr[33m.[39munion([un[33m,[39mua[33m,[39mir[33m,[39mpt[33m,[39m[33mGe[39m[33m,[39mrs[33m,[39mmn[33m,[39m[33mAe[39m[33m,[39m[33mDe[39m[33m,[39mjt[33m,[39mvt[33m,[39msr[33m,[39mor[33m,[39mxt[33m,[39mlr[33m,[39mcr[33m,[39mhn[33m,[39m[36mas[39m[33m,[39m[33mVt[39m[33m,[39mhs[33m,[39mbe[33m,[39mps[33m,[39m[33mYa[39m[33m,[39m[33mGa[39m[33m,[39mdn[33m,[39m[33mJa[39m[33m,[39mtr[33m,[39mer[33m,[39m[33mQa[39m[33m,[39mpn[33m,[39m[33mHt[39m[33m,[39mwt])[33m,[39m[33mJh[39m[33m=[39mr[33m.[39mobject({url[33m:[39mr[33m.[39mstring()[33m.[39moptional()[33m,[39mtitle[33m:[39mr[33m.[39mstring()[33m,[39msourceName[33m:[39mr[33m.[39mstring()})[33m,[39m[33mQh[39m[33m=[39m[33mA[39m[33m.[39mextend({variant[33m:[39mr[33m.[39m[36menum[39m([[32m"clear"[39m[33m,[39m[32m"card"[39m[33m,[39m[32m"sunk"[39m])[33m.[39moptional()[33m,[39mwidth[33m:[39mr[33m.[39m[36menum[39m([[32m"standard"[39m[33m,[39m[32m"full"[39m])[33m.[39moptional()[33m,[39mchildren[33m:[39mr[33m.[39marray([33mGh[39m)[33m.[39m[36mdefault[39m([])[33m,[39msources[33m:[39mr[33m.[39marray([33mJh[39m)[33m.[39moptional()})[33m,[39meu[33m=[39mz[33m.[39mextend({component[33m:[39mr[33m.[39mliteral([32m"Card"[39m)[33m,[39mprops[33m:[39m[33mQh[39m})[33m,[39mtu[33m=[39mq(e[33m=>[39m{[36mconst[39m{followUpText[33m:[39ma[33m,[39m[33m...[39mn}[33m=[39me[33m,[39mi[33m=[39ma[33m==[39m[36mnull[39m[33m?[39m[36mvoid[39m [35m0[39m[33m:[39ma[33m.[39mmap(o[33m=>[39m({component[33m:[39m[32m"FollowUpItem"[39m[33m,[39mprops[33m:[39m{text[33m:[39mo[33m,[39micon[33m:[39m{component[33m:[39m[32m"Icon"[39m[33m,[39mprops[33m:[39m{name[33m:[39m[32m"plus"[39m}}}}))[33m;[39m[36mreturn[39m p([32m"div"[39m[33m,[39m{className[33m:[39m[32m"c1-follow-up-block-wrapper"[39m[33m,[39mchildren[33m:[39m[t([32m"div"[39m[33m,[39m{className[33m:[39m[32m"c1-follow-up"[39m[33m,[39mchildren[33m:[39m[32m"Related Queries"[39m})[33m,[39mt([33mIc[39m[33m,[39m{[33m...[39mn[33m,[39mchildren[33m:[39mi[33m==[39m[36mnull[39m[33m?[39m[36mvoid[39m [35m0[39m[33m:[39mi[33m.[39mmap((o[33m,[39ms)[33m=>[39mt([33mK[39m[33m,[39m{[33m...[39mo}[33m,[39m[32m`${o.component}-${s}`[39m))})]})})[33m,[39m[33mDr[39m[33m=[39me[33m=>[39m[33mArray[39m[33m.[39misArray(e)[33m?[39me[33m.[39mmap((a[33m,[39mn)[33m=>[39ma[33m.[39mcomponent[33m?[39mt([33mK[39m[33m,[39m{[33m...[39ma}[33m,[39m[32m`${a.component}-${n}`[39m)[33m:[39m[33mDr[39m(a))[33m:[39m[36mtypeof[39m e[33m==[39m[32m"string"[39m[33m||[39me [36minstanceof[39m [33mDate[39m[33m||[39mgi(e)[33m?[39me[33m:[39m[36mtypeof[39m e[33m==[39m[32m"object"[39m[33m&&[39me[33m!==[39m[36mnull[39m[33m?[39me[33m.[39mcomponent[33m?[39mt([33mK[39m[33m,[39m{[33m...[39me})[33m:[39m[33mObject[39m[33m.[39mentries(e)[33m.[39mreduce((a[33m,[39m[n[33m,[39mi])[33m=>[39m(a[n][33m=[39m[33mDr[39m(i)[33m,[39ma)[33m,[39m{})[33m:[39me[33m,[39m[33mY[39m[33m=[39me[33m=>[39mq(a[33m=>[39m{[36mconst[39m n[33m=[39m[33mObject[39m[33m.[39mentries(a)[33m.[39mreduce((i[33m,[39m[o[33m,[39ms])[33m=>[39m(i[o][33m=[39m[33mDr[39m(s)[33m,[39mi)[33m,[39m{})[33m;[39m[36mreturn[39m t(e[33m,[39m{[33m...[39mn})})[33m,[39m[33mFr[39m[33m=[39m({isEditing[33m:[39me[33m,[39misSelected[33m:[39ma[33m,[39mrowIndex[33m:[39mn[33m,[39mcolumnId[33m:[39mi[33m,[39monNavigate[33m:[39mo[33m,[39monStartEdit[33m:[39ms[33m,[39monSave[33m:[39ml[33m,[39monCancel[33m:[39mc[33m,[39monStartEditWithChar[33m:[39md})[33m=>[39m({handleKeyDown[33m:[39m$(m[33m=>[39m{[36mif[39m(e)[36mswitch[39m(m[33m.[39mkey){[36mcase[39m[32m"Enter"[39m[33m:[39mm[33m.[39mpreventDefault()[33m,[39ml()[33m,[39mo([32m"down"[39m)[33m;[39m[36mbreak[39m[33m;[39m[36mcase[39m[32m"Tab"[39m[33m:[39mm[33m.[39mpreventDefault()[33m,[39ml()[33m,[39mm[33m.[39mshiftKey[33m?[39mo([32m"left"[39m)[33m:[39mo([32m"right"[39m)[33m;[39m[36mbreak[39m[33m;[39m[36mcase[39m[32m"Escape"[39m[33m:[39mm[33m.[39mpreventDefault()[33m,[39mc()}[36melse[39m [36mif[39m(a)[36mswitch[39m(m[33m.[39mkey){[36mcase[39m[32m"Enter"[39m[33m:[39m[36mcase[39m[32m"F2"[39m[33m:[39mm[33m.[39mpreventDefault()[33m,[39ms(n[33m,[39mi)[33m;[39m[36mbreak[39m[33m;[39m[36mcase[39m[32m"Tab"[39m[33m:[39mm[33m.[39mpreventDefault()[33m,[39mm[33m.[39mshiftKey[33m?[39mo([32m"left"[39m)[33m:[39mo([32m"right"[39m)[33m;[39m[36mbreak[39m[33m;[39m[36mcase[39m[32m"ArrowUp"[39m[33m:[39mm[33m.[39mpreventDefault()[33m,[39mo([32m"up"[39m)[33m;[39m[36mbreak[39m[33m;[39m[36mcase[39m[32m"ArrowDown"[39m[33m:[39mm[33m.[39mpreventDefault()[33m,[39mo([32m"down"[39m)[33m;[39m[36mbreak[39m[33m;[39m[36mcase[39m[32m"ArrowLeft"[39m[33m:[39mm[33m.[39mpreventDefault()[33m,[39mo([32m"left"[39m)[33m;[39m[36mbreak[39m[33m;[39m[36mcase[39m[32m"ArrowRight"[39m[33m:[39mm[33m.[39mpreventDefault()[33m,[39mo([32m"right"[39m)[33m;[39m[36mbreak[39m[33m;[39m[36mdefault[39m[33m:[39mm[33m.[39mkey[33m.[39mlength[33m!==[39m[35m1[39m[33m||[39mm[33m.[39mctrlKey[33m||[39mm[33m.[39mmetaKey[33m||[39mm[33m.[39maltKey[33m||[39m(m[33m.[39mpreventDefault()[33m,[39ms(n[33m,[39mi)[33m,[39md[33m==[39m[36mnull[39m[33m||[39md(m[33m.[39mkey))}}[33m,[39m[e[33m,[39ma[33m,[39mn[33m,[39mi[33m,[39mo[33m,[39ms[33m,[39ml[33m,[39mc[33m,[39md])})[33m,[39mjr[33m=[39m({isSelected[33m:[39me[33m,[39misEditing[33m:[39ma})[33m=>[39mp([33mQ[39m[33m,[39m{children[33m:[39m[t([32m"div"[39m[33m,[39m{className[33m:[39m[33mT[39m([32m"c1-editable-table-cell-outline-top"[39m[33m,[39me[33m&&[39m[32m"c1-editable-table-cell-outline-top-selected"[39m[33m,[39ma[33m&&[39m[32m"c1-editable-table-cell-outline-top-editing"[39m)})[33m,[39mt([32m"div"[39m[33m,[39m{className[33m:[39m[33mT[39m([32m"c1-editable-table-cell-outline-bottom"[39m[33m,[39me[33m&&[39m[32m"c1-editable-table-cell-outline-bottom-selected"[39m[33m,[39ma[33m&&[39m[32m"c1-editable-table-cell-outline-bottom-editing"[39m)})[33m,[39mt([32m"div"[39m[33m,[39m{className[33m:[39m[33mT[39m([32m"c1-editable-table-cell-outline-left"[39m[33m,[39me[33m&&[39m[32m"c1-editable-table-cell-outline-left-selected"[39m[33m,[39ma[33m&&[39m[32m"c1-editable-table-cell-outline-left-editing"[39m)})[33m,[39mt([32m"div"[39m[33m,[39m{className[33m:[39m[33mT[39m([32m"c1-editable-table-cell-outline-right"[39m[33m,[39me[33m&&[39m[32m"c1-editable-table-cell-outline-right-selected"[39m[33m,[39ma[33m&&[39m[32m"c1-editable-table-cell-outline-right-editing"[39m)})]})[33m,[39m[33mCr[39m[33m=[39m({value[33m:[39me[33m,[39mrowIndex[33m:[39ma[33m,[39mcolumnId[33m:[39mn[33m,[39misSelected[33m:[39mi[33m,[39misEditing[33m:[39mo[33m,[39monSelect[33m:[39ms[33m,[39monStartEdit[33m:[39ml[33m,[39monFinishEdit[33m:[39mc[33m,[39monNavigate[33m:[39md[33m,[39mtable[33m:[39mm[33m,[39minputType[33m:[39mh[33m,[39mparseOnSave[33m:[39mu[33m,[39mrenderDisplay[33m:[39mg})[33m=>[39m{[36mconst[39m[b[33m,[39mf][33m=[39m[33mF[39m(e[33m==[39m[36mnull[39m[33m?[39m[32m""[39m[33m:[39m[33mString[39m(e))[33m,[39my[33m=[39m[33mD[39m([36mnull[39m)[33m,[39m_[33m=[39m[33mD[39m([36mnull[39m)[33m;[39m[33mV[39m(()[33m=>[39m{f(e[33m==[39m[36mnull[39m[33m?[39m[32m""[39m[33m:[39m[33mString[39m(e))}[33m,[39m[e])[33m,[39m[33mV[39m(()[33m=>[39m{o[33m&&[39my[33m.[39mcurrent[33m&&[39m(y[33m.[39mcurrent[33m.[39mfocus()[33m,[39my[33m.[39mcurrent[33m.[39mselect())}[33m,[39m[o])[33m,[39m[33mV[39m(()[33m=>[39m{i[33m&&[39m[33m![39mo[33m&&[39m_[33m.[39mcurrent[33m&&[39m_[33m.[39mcurrent[33m.[39mfocus()}[33m,[39m[i[33m,[39mo])[33m;[39m[36mconst[39m v[33m=[39m$(()[33m=>[39m{[36mvar[39m k[33m;[39m[36mconst[39m [33mC[39m[33m=[39mu(b)[33m;[39m(k[33m=[39mm[33m.[39moptions[33m.[39mmeta)[33m==[39m[36mnull[39m[33m||[39mk[33m.[39mupdateData(a[33m,[39mn[33m,[39m[33mC[39m)[33m,[39mc([33m![39m[35m0[39m)}[33m,[39m[b[33m,[39mu[33m,[39ma[33m,[39mn[33m,[39mm[33m.[39moptions[33m.[39mmeta[33m,[39mc])[33m,[39m[33mN[39m[33m=[39m$(()[33m=>[39m{f(e[33m==[39m[36mnull[39m[33m?[39m[32m""[39m[33m:[39m[33mString[39m(e))[33m,[39mc([33m![39m[35m1[39m)}[33m,[39m[e[33m,[39mc])[33m,[39m{handleKeyDown[33m:[39mx}[33m=[39m[33mFr[39m({isEditing[33m:[39mo[33m,[39misSelected[33m:[39mi[33m,[39mrowIndex[33m:[39ma[33m,[39mcolumnId[33m:[39mn[33m,[39monNavigate[33m:[39md[33m,[39monStartEdit[33m:[39ml[33m,[39monSave[33m:[39mv[33m,[39monCancel[33m:[39m[33mN[39m[33m,[39monStartEditWithChar[33m:[39m[33mC[39m[33m=>[39mf([33mC[39m)})[33m;[39m[36mreturn[39m p([32m"div"[39m[33m,[39m{ref[33m:[39m_[33m,[39mclassName[33m:[39m[32m"c1-editable-table-cell-base "[39m[33m,[39monClickCapture[33m:[39m[33mC[39m[33m=>[39m{[33mC[39m[33m.[39mstopPropagation()[33m,[39mi[33m||[39mo[33m?[39ml(a[33m,[39mn)[33m:[39ms(a[33m,[39mn)}[33m,[39monKeyDown[33m:[39mx[33m,[39monBlur[33m:[39m[33mC[39m[33m=>[39m{[36mif[39m([33m![39mo)[36mreturn[39m[33m;[39m[36mconst[39m k[33m=[39m[33mC[39m[33m.[39mcurrentTarget[33m,[39m[33mS[39m[33m=[39m[33mC[39m[33m.[39mrelatedTarget[33m;[39m[33mS[39m[33m&&[39mk[33m.[39mcontains([33mS[39m)[33m||[39mv()}[33m,[39mtabIndex[33m:[39m[35m0[39m[33m,[39mstyle[33m:[39m{outline[33m:[39m[32m"none"[39m}[33m,[39mchildren[33m:[39m[t(jr[33m,[39m{isSelected[33m:[39mi[33m,[39misEditing[33m:[39mo})[33m,[39m(()[33m=>[39m{[36mif[39m(o)[36mreturn[39m t([32m"input"[39m[33m,[39m{ref[33m:[39my[33m,[39mtype[33m:[39mh[33m,[39mvalue[33m:[39mb[33m,[39monChange[33m:[39m[33mC[39m[33m=>[39mf([33mC[39m[33m.[39mtarget[33m.[39mvalue)[33m,[39monKeyDown[33m:[39mx[33m,[39mclassName[33m:[39m[32m"c1-editable-table-cell-input"[39m})[33m;[39m[36mif[39m(h[33m===[39m[32m"url"[39m){[36mconst[39m [33mC[39m[33m=[39me[33m==[39m[36mnull[39m[33m?[39m[32m""[39m[33m:[39m[33mString[39m(e)[33m,[39mk[33m=[39m([33mS[39m[33m=>[39m{[36mif[39m([36mtypeof[39m [33mS[39m[33m!=[39m[32m"string"[39m)[36mreturn[39m[33m![39m[35m1[39m[33m;[39m[36mconst[39m w[33m=[39m[33mS[39m[33m.[39mtrim()[33m;[39m[36mreturn[39m[33m![39m[33m![39mw[33m&&[39m[36mnew[39m [33mRegExp[39m([32m"^(https?:\\/\\/)?((([a-z\\d]([a-z\\d-]*[a-z\\d])*)\\.?)+[a-z]{2,}|((\\d{1,3}\\.){3}\\d{1,3}))(\\:\\d+)?(\\/[-a-z\\d%_.~+]*)*(\\?[;&a-z\\d%_.~+=-]*)?(\\#[-a-z\\d_]*)?$"[39m[33m,[39m[32m"i"[39m)[33m.[39mtest(w)})([33mC[39m)[33m;[39m[36mreturn[39m p([32m"div"[39m[33m,[39m{className[33m:[39m[32m"c1-editable-table-display-url-container"[39m[33m,[39mchildren[33m:[39m[t([33mJr[39m[33m,[39m{size[33m:[39m[35m16[39m[33m,[39mclassName[33m:[39m[32m"c1-editable-table-display-url-icon"[39m})[33m,[39mt([32m"a"[39m[33m,[39m{href[33m:[39m[33mC[39m[33m,[39mtarget[33m:[39m[32m"_blank"[39m[33m,[39mrel[33m:[39m[32m"noopener noreferrer"[39m[33m,[39mclassName[33m:[39m[33mT[39m([32m"c1-editable-table-display-url"[39m)[33m,[39monClick[33m:[39m[33mS[39m[33m=>[39m{[33mS[39m[33m.[39mstopPropagation()}[33m,[39mchildren[33m:[39mg[33m?[39mg(e)[33m:[39me[33m?[39m[33m?[39m[32m""[39m})[33m,[39m[33m![39mk[33m&&[39mt(gt[33m,[39m{tooltipContent[33m:[39m[32m"This might not be a valid URL"[39m[33m,[39mside[33m:[39m[32m"right"[39m[33m,[39mchildren[33m:[39mt([32m"div"[39m[33m,[39m{children[33m:[39mt([33mMi[39m[33m,[39m{size[33m:[39m[35m16[39m[33m,[39mclassName[33m:[39m[32m"c1-editable-table-display-url-warning-icon"[39m})})})]})}[36mreturn[39m t([32m"span"[39m[33m,[39m{className[33m:[39m[33mT[39m({[32m"c1-editable-table-display-text"[39m[33m:[39mh[33m===[39m[32m"text"[39m[33m,[39m[32m"c1-editable-table-display-number"[39m[33m:[39mh[33m===[39m[32m"number"[39m})[33m,[39mchildren[33m:[39mg[33m?[39mg(e)[33m:[39me[33m?[39m[33m?[39m[32m""[39m})})()]})}[33m,[39mau[33m=[39m{text[33m:[39me[33m=>[39mt([33mCr[39m[33m,[39m{[33m...[39me[33m,[39minputType[33m:[39m[32m"text"[39m[33m,[39mparseOnSave[33m:[39ma[33m=>[39ma})[33m,[39mnumber[33m:[39me[33m=>[39mt([33mCr[39m[33m,[39m{[33m...[39me[33m,[39minputType[33m:[39m[32m"number"[39m[33m,[39mparseOnSave[33m:[39ma[33m=>[39m{[36mconst[39m n[33m=[39mparseFloat(a)[33m;[39m[36mreturn[39m [33mNumber[39m[33m.[39misFinite(n)[33m?[39mn[33m:[39m[35m0[39m}[33m,[39mrenderDisplay[33m:[39ma[33m=>[39ma[33m==[39m[36mnull[39m[33m?[39m[32m""[39m[33m:[39m[33mString[39m(a)})[33m,[39m[32m"date-single"[39m[33m:[39me[33m=>[39m{[36mconst[39m{value[33m:[39ma[33m,[39mrowIndex[33m:[39mn[33m,[39mcolumnId[33m:[39mi[33m,[39misSelected[33m:[39mo[33m,[39misEditing[33m:[39ms[33m,[39monSelect[33m:[39ml[33m,[39monStartEdit[33m:[39mc[33m,[39monFinishEdit[33m:[39md[33m,[39monNavigate[33m:[39mm[33m,[39mtable[33m:[39mh}[33m=[39me[33m,[39m[u[33m,[39mg][33m=[39m[33mF[39m(a)[33m,[39mb[33m=[39m[33mD[39m([36mnull[39m)[33m;[39m[33mV[39m(()[33m=>[39m{g(a)}[33m,[39m[a])[33m,[39m[33mV[39m(()[33m=>[39m{o[33m&&[39m[33m![39ms[33m&&[39mb[33m.[39mcurrent[33m&&[39mb[33m.[39mcurrent[33m.[39mfocus()}[33m,[39m[o[33m,[39ms])[33m;[39m[36mconst[39m f[33m=[39m$(()[33m=>[39m{g(a)[33m,[39md([33m![39m[35m1[39m)}[33m,[39m[a[33m,[39md])[33m,[39my[33m=[39mc[33m,[39m{handleKeyDown[33m:[39m_}[33m=[39m[33mFr[39m({isEditing[33m:[39ms[33m,[39misSelected[33m:[39mo[33m,[39mrowIndex[33m:[39mn[33m,[39mcolumnId[33m:[39mi[33m,[39monNavigate[33m:[39mm[33m,[39monStartEdit[33m:[39my[33m,[39monSave[33m:[39m()[33m=>[39m{}[33m,[39monCancel[33m:[39mf})[33m,[39mv[33m=[39m$(x[33m=>[39m{[36mif[39m(s)[36mswitch[39m(x[33m.[39mkey){[36mcase[39m[32m"Tab"[39m[33m:[39m[36mreturn[39m x[33m.[39mpreventDefault()[33m,[39mx[33m.[39mstopPropagation()[33m,[39m[36mvoid[39m(x[33m.[39mshiftKey[33m?[39mm([32m"left"[39m)[33m:[39mm([32m"right"[39m))[33m;[39m[36mcase[39m[32m"Enter"[39m[33m:[39m[36mreturn[39m x[33m.[39mpreventDefault()[33m,[39mx[33m.[39mstopPropagation()[33m,[39m[36mvoid[39m m([32m"down"[39m)[33m;[39m[36mcase[39m[32m"Escape"[39m[33m:[39m[36mreturn[39m x[33m.[39mpreventDefault()[33m,[39mx[33m.[39mstopPropagation()[33m,[39m[36mvoid[39m f()}_(x)}[33m,[39m[s[33m,[39mf[33m,[39mm[33m,[39m_])[33m,[39m[33mN[39m[33m=[39mx[33m=>[39m{[36mvar[39m [33mC[39m[33m;[39mg(x)[33m,[39m([33mC[39m[33m=[39mh[33m.[39moptions[33m.[39mmeta)[33m==[39m[36mnull[39m[33m||[39m[33mC[39m[33m.[39mupdateData(n[33m,[39mi[33m,[39mx[33m==[39m[36mnull[39m[33m?[39m[36mvoid[39m [35m0[39m[33m:[39mx[33m.[39mtoString())[33m,[39md([33m![39m[35m0[39m)}[33m;[39m[36mreturn[39m p([32m"div"[39m[33m,[39m{ref[33m:[39mb[33m,[39mclassName[33m:[39m[32m"c1-editable-table-cell-base "[39m[33m,[39monClickCapture[33m:[39mx[33m=>[39m{s[33m||[39m(x[33m.[39mstopPropagation()[33m,[39mo[33m?[39mo[33m?[39my(n[33m,[39mi)[33m:[39md([33m![39m[35m0[39m)[33m:[39ml(n[33m,[39mi))}[33m,[39monKeyDown[33m:[39mv[33m,[39mtabIndex[33m:[39m[35m0[39m[33m,[39mstyle[33m:[39m{outline[33m:[39m[32m"none"[39m}[33m,[39mchildren[33m:[39m[t(jr[33m,[39m{isSelected[33m:[39mo[33m,[39misEditing[33m:[39ms})[33m,[39mt([33mEi[39m[33m,[39m{selectedSingleDate[33m:[39mu[33m,[39msetSelectedSingleDate[33m:[39m[33mN[39m[33m,[39mmode[33m:[39m[32m"single"[39m[33m,[39misOpen[33m:[39ms[33m,[39msetIsOpen[33m:[39mx[33m=>[39m{x[33m||[39md([33m![39m[35m0[39m)}})]})}[33m,[39mselect[33m:[39me[33m=>[39m{[36mvar[39m w[33m,[39m[33mP[39m[33m;[39m[36mconst[39m{value[33m:[39ma[33m,[39mrowIndex[33m:[39mn[33m,[39mcolumnId[33m:[39mi[33m,[39misSelected[33m:[39mo[33m,[39misEditing[33m:[39ms[33m,[39monSelect[33m:[39ml[33m,[39monStartEdit[33m:[39mc[33m,[39monFinishEdit[33m:[39md[33m,[39monNavigate[33m:[39mm[33m,[39mtable[33m:[39mh}[33m=[39me[33m,[39m[u[33m,[39mg][33m=[39m[33mF[39m(a[33m||[39m[32m""[39m)[33m,[39mb[33m=[39m[33mD[39m([36mnull[39m)[33m,[39mf[33m=[39mh[33m.[39mgetColumn(i)[33m,[39my[33m=[39m(([33mP[39m[33m=[39m(w[33m=[39mf[33m==[39m[36mnull[39m[33m?[39m[36mvoid[39m [35m0[39m[33m:[39mf[33m.[39mcolumnDef)[33m==[39m[36mnull[39m[33m?[39m[36mvoid[39m [35m0[39m[33m:[39mw[33m.[39mmeta)[33m==[39m[36mnull[39m[33m?[39m[36mvoid[39m [35m0[39m[33m:[39m[33mP[39m[33m.[39moptions)[33m||[39m[][33m;[39m[33mV[39m(()[33m=>[39m{g(a[33m||[39m[32m""[39m)}[33m,[39m[a])[33m,[39m[33mV[39m(()[33m=>[39m{o[33m&&[39m[33m![39ms[33m&&[39mb[33m.[39mcurrent[33m&&[39mb[33m.[39mcurrent[33m.[39mfocus()}[33m,[39m[o[33m,[39ms])[33m;[39m[36mconst[39m _[33m=[39m$(()[33m=>[39m{[36mvar[39m [33mI[39m[33m;[39m([33mI[39m[33m=[39mh[33m.[39moptions[33m.[39mmeta)[33m==[39m[36mnull[39m[33m||[39m[33mI[39m[33m.[39mupdateData(n[33m,[39mi[33m,[39mu)[33m,[39md([33m![39m[35m0[39m)}[33m,[39m[u[33m,[39mn[33m,[39mi[33m,[39mh[33m.[39moptions[33m.[39mmeta[33m,[39md])[33m,[39mv[33m=[39m$(()[33m=>[39m{g(a[33m||[39m[32m""[39m)[33m,[39md([33m![39m[35m1[39m)}[33m,[39m[a[33m,[39md])[33m,[39m[33mN[39m[33m=[39m$(([33mI[39m[33m,[39m[33mL[39m)[33m=>[39m{c([33mI[39m[33m,[39m[33mL[39m)}[33m,[39m[c])[33m,[39m{handleKeyDown[33m:[39mx}[33m=[39m[33mFr[39m({isEditing[33m:[39ms[33m,[39misSelected[33m:[39mo[33m,[39mrowIndex[33m:[39mn[33m,[39mcolumnId[33m:[39mi[33m,[39monNavigate[33m:[39mm[33m,[39monStartEdit[33m:[39m[33mN[39m[33m,[39monSave[33m:[39m_[33m,[39monCancel[33m:[39mv})[33m,[39m[33mC[39m[33m=[39m$([33mI[39m[33m=>[39m{[36mif[39m(s)[36mswitch[39m([33mI[39m[33m.[39mkey){[36mcase[39m[32m"Tab"[39m[33m:[39m[36mreturn[39m [33mI[39m[33m.[39mpreventDefault()[33m,[39m[33mI[39m[33m.[39mstopPropagation()[33m,[39m_()[33m,[39m[36mvoid[39m([33mI[39m[33m.[39mshiftKey[33m?[39mm([32m"left"[39m)[33m:[39mm([32m"right"[39m))[33m;[39m[36mcase[39m[32m"Escape"[39m[33m:[39m[36mreturn[39m [33mI[39m[33m.[39mpreventDefault()[33m,[39m[33mI[39m[33m.[39mstopPropagation()[33m,[39m[36mvoid[39m v()}x([33mI[39m)}[33m,[39m[s[33m,[39m_[33m,[39mv[33m,[39mm[33m,[39mx])[33m,[39mk[33m=[39m[33mI[39m[33m=>[39m{[36mvar[39m [33mL[39m[33m;[39mg([33mI[39m)[33m,[39m([33mL[39m[33m=[39mh[33m.[39moptions[33m.[39mmeta)[33m==[39m[36mnull[39m[33m||[39m[33mL[39m[33m.[39mupdateData(n[33m,[39mi[33m,[39m[33mI[39m)[33m,[39md([33m![39m[35m0[39m)}[33m,[39m[33mS[39m[33m=[39m[33mI[39m[33m=>[39m{[33m![39m[33mI[39m[33m&&[39ms[33m&&[39md([33m![39m[35m1[39m)}[33m;[39m[36mreturn[39m p([32m"div"[39m[33m,[39m{ref[33m:[39mb[33m,[39mclassName[33m:[39m[32m"c1-editable-table-cell-base "[39m[33m,[39monClick[33m:[39m()[33m=>[39m{o[33m||[39ms[33m?[39mo[33m&&[39m[33m![39ms[33m&&[39m[33mN[39m(n[33m,[39mi)[33m:[39ml(n[33m,[39mi)}[33m,[39monKeyDown[33m:[39m[33mC[39m[33m,[39mtabIndex[33m:[39m[35m0[39m[33m,[39mstyle[33m:[39m{outline[33m:[39m[32m"none"[39m}[33m,[39mchildren[33m:[39m[t(jr[33m,[39m{isSelected[33m:[39mo[33m,[39misEditing[33m:[39ms})[33m,[39mp(_d[33m,[39m{value[33m:[39mu[33m,[39monValueChange[33m:[39mk[33m,[39mopen[33m:[39ms[33m,[39monOpenChange[33m:[39m[33mS[39m[33m,[39mchildren[33m:[39m[t(fd[33m,[39m{className[33m:[39m[32m"w-full"[39m[33m,[39mchildren[33m:[39mt(bd[33m,[39m{placeholder[33m:[39m[32m"Select an option"[39m})})[33m,[39mt(yd[33m,[39m{children[33m:[39my[33m.[39mmap([33mI[39m[33m=>[39mt(vd[33m,[39m{value[33m:[39m[33mI[39m[33m.[39mvalue[33m,[39mclassName[33m:[39m[32m"c1-editable-table-select-item"[39m[33m,[39mchildren[33m:[39m[33mI[39m[33m.[39mlabel}[33m,[39m[33mI[39m[33m.[39mvalue))})]})]})}[33m,[39murl[33m:[39me[33m=>[39mt([33mCr[39m[33m,[39m{[33m...[39me[33m,[39minputType[33m:[39m[32m"url"[39m[33m,[39mparseOnSave[33m:[39ma[33m=>[39ma[33m,[39mrenderDisplay[33m:[39ma[33m=>[39ma[33m==[39m[36mnull[39m[33m?[39m[32m""[39m[33m:[39m[33mString[39m(a)})}[33m,[39mru[33m=[39me[33m=>[39m{[36mvar[39m d[33m,[39mm[33m,[39mh[33m,[39mu[33m;[39m[36mconst[39m a[33m=[39me[33m.[39mcolumn[33m.[39mid[33m,[39mn[33m=[39me[33m.[39mcolumns[33m.[39mfind(g[33m=>[39mg[33m.[39mkey[33m===[39ma)[33m,[39mi[33m=[39m[36mfunction[39m(g){[36mreturn[39m au[g[33m?[39m[33m?[39m[32m"text"[39m]}((n[33m==[39m[36mnull[39m[33m?[39m[36mvoid[39m [35m0[39m[33m:[39mn[33m.[39mtype)[33m||[39m[32m"text"[39m)[33m,[39mo[33m=[39me[33m.[39mrow[33m.[39mindex[33m,[39ms[33m=[39ma[33m,[39ml[33m=[39m((d[33m=[39me[33m.[39mselectedPosition)[33m==[39m[36mnull[39m[33m?[39m[36mvoid[39m [35m0[39m[33m:[39md[33m.[39mrow)[33m===[39mo[33m&&[39m((m[33m=[39me[33m.[39mselectedPosition)[33m==[39m[36mnull[39m[33m?[39m[36mvoid[39m [35m0[39m[33m:[39mm[33m.[39mcolumn)[33m===[39ms[33m,[39mc[33m=[39m((h[33m=[39me[33m.[39meditingPosition)[33m==[39m[36mnull[39m[33m?[39m[36mvoid[39m [35m0[39m[33m:[39mh[33m.[39mrow)[33m===[39mo[33m&&[39m((u[33m=[39me[33m.[39meditingPosition)[33m==[39m[36mnull[39m[33m?[39m[36mvoid[39m [35m0[39m[33m:[39mu[33m.[39mcolumn)[33m===[39ms[33m;[39m[36mreturn[39m t(i[33m,[39m{value[33m:[39me[33m.[39mgetValue()[33m,[39mrowIndex[33m:[39mo[33m,[39mcolumnId[33m:[39ms[33m,[39misSelected[33m:[39ml[33m,[39misEditing[33m:[39mc[33m,[39monSelect[33m:[39me[33m.[39mhandleCellSelect[33m,[39monStartEdit[33m:[39me[33m.[39mhandleStartEdit[33m,[39monFinishEdit[33m:[39me[33m.[39mhandleFinishEdit[33m,[39monNavigate[33m:[39me[33m.[39mhandleNavigate[33m,[39mtable[33m:[39me[33m.[39mtable})}[33m,[39mnu[33m=[39m({data[33m:[39me[33m,[39mcolumns[33m:[39ma[33m,[39monDataChange[33m:[39mn[33m,[39mclassName[33m:[39mi[33m=[39m[32m""[39m})[33m=>[39m{[36mconst[39m[o[33m,[39ms][33m=[39m[33mF[39m([36mnull[39m)[33m,[39m[l[33m,[39mc][33m=[39m[33mF[39m([36mnull[39m)[33m,[39md[33m=[39m[33mD[39m([36mnull[39m)[33m,[39mm[33m=[39m[33mD[39m([36mnull[39m)[33m,[39m[h[33m,[39mu][33m=[39m[33mF[39m([33m![39m[35m1[39m)[33m,[39m[g[33m,[39mb][33m=[39m[33mF[39m([33m![39m[35m1[39m)[33m,[39m[f[33m,[39my][33m=[39m[33mF[39m([33m![39m[35m1[39m)[33m,[39m[_[33m,[39mv][33m=[39m[33mF[39m([])[33m,[39m[33mN[39m[33m=[39m$(([33mM[39m[33m,[39m[33mE[39m[33m,[39mj)[33m=>[39m{[36mconst[39m [33mO[39m[33m=[39me[[33mM[39m][33m;[39m[36mif[39m([33m![39m[33mO[39m)[36mreturn[39m[33m;[39m[36mconst[39m [33mB[39m[33m=[39m[[33m...[39me][33m;[39m[33mB[39m[[33mM[39m][33m=[39m{[33m...[39m[33mO[39m[33m,[39m[[33mE[39m][33m:[39mj}[33m,[39mn[33m==[39m[36mnull[39m[33m||[39mn([33mB[39m)}[33m,[39m[e[33m,[39mn])[33m,[39mx[33m=[39m$(([33mM[39m[33m,[39m[33mE[39m)[33m=>[39m{s({row[33m:[39m[33mM[39m[33m,[39mcolumn[33m:[39m[33mE[39m})[33m,[39mc([36mnull[39m)}[33m,[39m[])[33m,[39m[33mC[39m[33m=[39m$(([33mM[39m[33m,[39m[33mE[39m)[33m=>[39m{[36mvar[39m [33mO[39m[33m;[39m[36mconst[39m j[33m=[39m([33mO[39m[33m=[39ma[33m.[39mfind([33mB[39m[33m=>[39m[33mB[39m[33m.[39mkey[33m===[39m[33mE[39m))[33m==[39m[36mnull[39m[33m?[39m[36mvoid[39m [35m0[39m[33m:[39m[33mO[39m[33m.[39mtype[33m;[39mct(j[33m,[39m[32m"Cell type not found"[39m)[33m,[39ms({row[33m:[39m[33mM[39m[33m,[39mcolumn[33m:[39m[33mE[39m})[33m,[39mc({row[33m:[39m[33mM[39m[33m,[39mcolumn[33m:[39m[33mE[39m[33m,[39mcellType[33m:[39mj})}[33m,[39m[a])[33m,[39mk[33m=[39m$([33mM[39m[33m=>[39m{c([36mnull[39m)}[33m,[39m[])[33m,[39m[33mS[39m[33m=[39m$([33mM[39m[33m=>[39m{[36mvar[39m oe[33m;[39m[36mif[39m([33m![39mo)[36mreturn[39m[33m;[39m[36mconst[39m{row[33m:[39m[33mE[39m[33m,[39mcolumn[33m:[39mj}[33m=[39mo[33m,[39m[33mO[39m[33m=[39ma[33m.[39mfindIndex(se[33m=>[39mse[33m.[39mkey[33m===[39mj)[33m;[39m[36mlet[39m [33mB[39m[33m=[39m[33mE[39m[33m,[39m[33mW[39m[33m=[39m[33mO[39m[33m;[39m[36mswitch[39m([33mM[39m){[36mcase[39m[32m"up"[39m[33m:[39m[33mB[39m[33m=[39m[33mMath[39m[33m.[39mmax([35m0[39m[33m,[39m[33mE[39m[33m-[39m[35m1[39m)[33m;[39m[36mbreak[39m[33m;[39m[36mcase[39m[32m"down"[39m[33m:[39m[33mB[39m[33m=[39m[33mMath[39m[33m.[39mmin(e[33m.[39mlength[33m-[39m[35m1[39m[33m,[39m[33mE[39m[33m+[39m[35m1[39m)[33m;[39m[36mbreak[39m[33m;[39m[36mcase[39m[32m"left"[39m[33m:[39m[33mW[39m[33m=[39m[33mMath[39m[33m.[39mmax([35m0[39m[33m,[39m[33mO[39m[33m-[39m[35m1[39m)[33m;[39m[36mbreak[39m[33m;[39m[36mcase[39m[32m"right"[39m[33m:[39m[33mW[39m[33m=[39m[33mMath[39m[33m.[39mmin(a[33m.[39mlength[33m-[39m[35m1[39m[33m,[39m[33mO[39m[33m+[39m[35m1[39m)}[36mconst[39m [33mG[39m[33m=[39m((oe[33m=[39ma[[33mW[39m])[33m==[39m[36mnull[39m[33m?[39m[36mvoid[39m [35m0[39m[33m:[39moe[33m.[39mkey)[33m||[39mj[33m;[39ms({row[33m:[39m[33mB[39m[33m,[39mcolumn[33m:[39m[33mG[39m})[33m,[39mc([36mnull[39m)}[33m,[39m[o[33m,[39ma[33m,[39me[33m.[39mlength])[33m;[39m[33mV[39m(()[33m=>[39m{[36mconst[39m [33mM[39m[33m=[39mj[33m=>[39m{[36mif[39m([33m![39ml[33m&&[39mdocument[33m.[39mactiveElement[33m===[39md[33m.[39mcurrent[33m&&[39mj[33m.[39mkey[33m===[39m[32m"Tab"[39m[33m&&[39m(j[33m.[39mpreventDefault()[33m,[39m[33m![39mo[33m&&[39me[33m.[39mlength[33m>[39m[35m0[39m[33m&&[39ma[33m.[39mlength[33m>[39m[35m0[39m)){[36mconst[39m [33mO[39m[33m=[39ma[[35m0[39m][33m;[39m[33mO[39m[33m&&[39ms({row[33m:[39m[35m0[39m[33m,[39mcolumn[33m:[39m[33mO[39m[33m.[39mkey})}}[33m,[39m[33mE[39m[33m=[39md[33m.[39mcurrent[33m;[39m[36mif[39m([33mE[39m)[36mreturn[39m [33mE[39m[33m.[39maddEventListener([32m"keydown"[39m[33m,[39m[33mM[39m)[33m,[39m()[33m=>[39m{[33mE[39m[33m.[39mremoveEventListener([32m"keydown"[39m[33m,[39m[33mM[39m)}}[33m,[39m[l[33m,[39mo[33m,[39me[33m.[39mlength[33m,[39ma])[33m,[39m[33mV[39m(()[33m=>[39m{[36mconst[39m [33mM[39m[33m=[39m[33mE[39m[33m=>[39m{[36mconst[39m j[33m=[39m(l[33m==[39m[36mnull[39m[33m?[39m[36mvoid[39m [35m0[39m[33m:[39ml[33m.[39mcellType)[33m&&[39m[[32m"date-single"[39m[33m,[39m[32m"select"[39m][33m.[39mincludes(l[33m==[39m[36mnull[39m[33m?[39m[36mvoid[39m [35m0[39m[33m:[39ml[33m.[39mcellType)[33m;[39m[33m![39md[33m.[39mcurrent[33m||[39md[33m.[39mcurrent[33m.[39mcontains([33mE[39m[33m.[39mtarget)[33m||[39mj[33m||[39m(s([36mnull[39m)[33m,[39mc([36mnull[39m))}[33m;[39m[36mreturn[39m document[33m.[39maddEventListener([32m"click"[39m[33m,[39m[33mM[39m)[33m,[39m()[33m=>[39m{document[33m.[39mremoveEventListener([32m"click"[39m[33m,[39m[33mM[39m)}}[33m,[39m[l[33m==[39m[36mnull[39m[33m?[39m[36mvoid[39m [35m0[39m[33m:[39ml[33m.[39mcellType])[33m;[39m[36mconst[39m w[33m=[39mhd()[33m,[39m[33mP[39m[33m=[39ma[33m.[39mmap([33mM[39m[33m=>[39mw[33m.[39maccessor([33mM[39m[33m.[39mkey[33m,[39m{header[33m:[39m[33mM[39m[33m.[39mheader[33m,[39mminSize[33m:[39m[35m0[39m[33m,[39msize[33m:[39m[33mM[39m[33m.[39mwidth[33m||[39m[35m120[39m[33m,[39mmeta[33m:[39m[33mM[39m[33m.[39moptions[33m?[39m{options[33m:[39m[33mM[39m[33m.[39moptions[33m,[39mtype[33m:[39m[33mM[39m[33m.[39mtype}[33m:[39m{type[33m:[39m[33mM[39m[33m.[39mtype}}))[33m,[39m[33mI[39m[33m=[39mud({data[33m:[39me[33m,[39mcolumns[33m:[39m[33mP[39m[33m,[39mgetCoreRowModel[33m:[39mgd()[33m,[39mmeta[33m:[39m{updateData[33m:[39m[33mN[39m}})[33m,[39m[33mL[39m[33m=[39m$([33mM[39m[33m=>[39m{[36mswitch[39m([33mM[39m){[36mcase[39m[32m"url"[39m[33m:[39m[36mreturn[39m t([33mJr[39m[33m,[39m{size[33m:[39m[35m16[39m})[33m;[39m[36mcase[39m[32m"date-single"[39m[33m:[39m[36mreturn[39m t([33mJc[39m[33m,[39m{size[33m:[39m[35m16[39m})[33m;[39m[36mcase[39m[32m"select"[39m[33m:[39m[36mreturn[39m t([33mGc[39m[33m,[39m{size[33m:[39m[35m16[39m})[33m;[39m[36mdefault[39m[33m:[39m[36mreturn[39m t([33mYc[39m[33m,[39m{size[33m:[39m[35m16[39m})}}[33m,[39m[])[33m;[39m[33mV[39m(()[33m=>[39m{[36mconst[39m [33mM[39m[33m=[39mm[33m.[39mcurrent[33m,[39m[33mE[39m[33m=[39md[33m.[39mcurrent[33m;[39m[36mif[39m([33m![39m[33mM[39m[33m||[39m[33m![39m[33mE[39m)[36mreturn[39m[33m;[39m[36mconst[39m j[33m=[39m()[33m=>[39m{[36mconst[39m [33mW[39m[33m=[39m[33mM[39m[33m.[39mscrollWidth[33m>[39m[33mM[39m[33m.[39mclientWidth[33m;[39mu([33mW[39m)[33m,[39mb([33mM[39m[33m.[39mscrollLeft[33m>[39m[35m0[39m)[33m,[39my([33mM[39m[33m.[39mscrollLeft[33m<[39m[33mM[39m[33m.[39mscrollWidth[33m-[39m[33mM[39m[33m.[39mclientWidth[33m-[39m[35m1[39m)[33m;[39m[36mconst[39m [33mG[39m[33m=[39m[33mE[39m[33m.[39mquerySelectorAll([32m"thead th"[39m)[33m;[39m[36mif[39m([33m![39m[33mG[39m[33m||[39m[33mG[39m[33m.[39mlength[33m===[39m[35m0[39m)[36mreturn[39m [36mvoid[39m v([])[33m;[39m[36mconst[39m oe[33m=[39m[33mM[39m[33m.[39mgetBoundingClientRect()[33m,[39mse[33m=[39m[][33m;[39m[33mG[39m[33m.[39mforEach(le[33m=>[39m{[36mconst[39m ge[33m=[39mle[33m.[39mgetBoundingClientRect()[33m.[39mleft[33m-[39moe[33m.[39mleft[33m+[39m[33mM[39m[33m.[39mscrollLeft[33m;[39mse[33m.[39mpush([33mMath[39m[33m.[39mmax([35m0[39m[33m,[39m[33mMath[39m[33m.[39mround(ge)))})[33m;[39m[36mconst[39m ve[33m=[39m[33mArray[39m[33m.[39m[36mfrom[39m([36mnew[39m [33mSet[39m(se))[33m.[39msort((le[33m,[39mge)[33m=>[39mle[33m-[39mge)[33m;[39mv(ve)}[33m;[39mj()[33m;[39m[36mconst[39m [33mO[39m[33m=[39m[36mnew[39m [33mResizeObserver[39m(()[33m=>[39mj())[33m;[39m[33mO[39m[33m.[39mobserve([33mM[39m)[33m;[39m[36mconst[39m [33mB[39m[33m=[39m()[33m=>[39m{b([33mM[39m[33m.[39mscrollLeft[33m>[39m[35m0[39m)[33m,[39my([33mM[39m[33m.[39mscrollLeft[33m<[39m[33mM[39m[33m.[39mscrollWidth[33m-[39m[33mM[39m[33m.[39mclientWidth[33m-[39m[35m1[39m)}[33m;[39m[36mreturn[39m [33mM[39m[33m.[39maddEventListener([32m"scroll"[39m[33m,[39m[33mB[39m)[33m,[39m()[33m=>[39m{[33mO[39m[33m.[39mdisconnect()[33m,[39m[33mM[39m[33m.[39mremoveEventListener([32m"scroll"[39m[33m,[39m[33mB[39m)}}[33m,[39m[a[33m,[39me])[33m;[39m[36mconst[39m [33mR[39m[33m=[39m$(()[33m=>[39m{[36mconst[39m [33mM[39m[33m=[39mm[33m.[39mcurrent[33m;[39m[36mif[39m([33m![39m[33mM[39m[33m||[39m_[33m.[39mlength[33m===[39m[35m0[39m)[36mreturn[39m[33m;[39m[36mconst[39m [33mE[39m[33m=[39m[33mM[39m[33m.[39mscrollLeft[33m,[39mj[33m=[39m_[33m.[39mfind([33mW[39m[33m=>[39m[33mW[39m[33m>[39m[33mE[39m[33m+[39m[35m1[39m)[33m,[39m[33mO[39m[33m=[39m[33mM[39m[33m.[39mscrollWidth[33m-[39m[33mM[39m[33m.[39mclientWidth[33m,[39m[33mB[39m[33m=[39m[36mtypeof[39m j[33m==[39m[32m"number"[39m[33m?[39mj[33m:[39m[33mO[39m[33m;[39m[33mM[39m[33m.[39mscrollTo({left[33m:[39m[33mMath[39m[33m.[39mmin([33mB[39m[33m,[39m[33mO[39m)[33m,[39mbehavior[33m:[39m[32m"smooth"[39m})}[33m,[39m[_])[33m,[39m[33mH[39m[33m=[39m$(()[33m=>[39m{[36mconst[39m [33mM[39m[33m=[39mm[33m.[39mcurrent[33m;[39m[36mif[39m([33m![39m[33mM[39m[33m||[39m_[33m.[39mlength[33m===[39m[35m0[39m)[36mreturn[39m[33m;[39m[36mconst[39m [33mE[39m[33m=[39m[33mM[39m[33m.[39mscrollLeft[33m,[39mj[33m=[39m_[33m.[39mfilter([33mO[39m[33m=>[39m[33mO[39m[33m<[39m[33mE[39m[33m-[39m[35m1[39m)[33m.[39mat([33m-[39m[35m1[39m)[33m?[39m[33m?[39m[35m0[39m[33m;[39m[33mM[39m[33m.[39mscrollTo({left[33m:[39m[33mMath[39m[33m.[39mmax([35m0[39m[33m,[39mj)[33m,[39mbehavior[33m:[39m[32m"smooth"[39m})}[33m,[39m[_])[33m;[39m[36mreturn[39m p([32m"div"[39m[33m,[39m{className[33m:[39m[32m`c1-editable-table-wrapper ${i}`[39m[33m,[39mref[33m:[39md[33m,[39mtabIndex[33m:[39m[35m0[39m[33m,[39mchildren[33m:[39m[h[33m&&[39mp([33mQ[39m[33m,[39m{children[33m:[39m[t([32m"div"[39m[33m,[39m{className[33m:[39m[32m"c1-editable-table-scroll-control c1-left "[39m[33m+[39m(g[33m?[39m[32m"enabled"[39m[33m:[39m[32m"disabled"[39m)[33m,[39mchildren[33m:[39mt(ie[33m,[39m{[32m"aria-label"[39m[33m:[39m[32m"Scroll left"[39m[33m,[39msize[33m:[39m[32m"small"[39m[33m,[39mvariant[33m:[39m[32m"secondary"[39m[33m,[39monClick[33m:[39m[33mH[39m[33m,[39mdisabled[33m:[39m[33m![39mg[33m,[39micon[33m:[39mt(la[33m,[39m{size[33m:[39m[35m16[39m})})})[33m,[39mt([32m"div"[39m[33m,[39m{className[33m:[39m[32m"c1-editable-table-scroll-control c1-right "[39m[33m+[39m(f[33m?[39m[32m"enabled"[39m[33m:[39m[32m"disabled"[39m)[33m,[39mchildren[33m:[39mt(ie[33m,[39m{[32m"aria-label"[39m[33m:[39m[32m"Scroll right"[39m[33m,[39msize[33m:[39m[32m"small"[39m[33m,[39mvariant[33m:[39m[32m"secondary"[39m[33m,[39monClick[33m:[39m[33mR[39m[33m,[39mdisabled[33m:[39m[33m![39mf[33m,[39micon[33m:[39mt([33mAt[39m[33m,[39m{size[33m:[39m[35m16[39m})})})]})[33m,[39mt([32m"div"[39m[33m,[39m{className[33m:[39m[32m"c1-editable-table-scroll-container"[39m[33m,[39mref[33m:[39mm[33m,[39mchildren[33m:[39mp([32m"table"[39m[33m,[39m{className[33m:[39m[32m"c1-editable-table-table"[39m[33m,[39mstyle[33m:[39m{width[33m:[39mh[33m?[39m[32m"max-content"[39m[33m:[39m[32m"100%"[39m}[33m,[39mchildren[33m:[39m[t([32m"thead"[39m[33m,[39m{children[33m:[39m[33mI[39m[33m.[39mgetHeaderGroups()[33m.[39mmap([33mM[39m[33m=>[39mt([32m"tr"[39m[33m,[39m{children[33m:[39m[33mM[39m[33m.[39mheaders[33m.[39mmap([33mE[39m[33m=>[39m{[36mvar[39m j[33m;[39m[36mreturn[39m t([32m"th"[39m[33m,[39m{style[33m:[39m{width[33m:[39m[33mE[39m[33m.[39mgetSize()}[33m,[39mchildren[33m:[39mp([32m"div"[39m[33m,[39m{className[33m:[39m[32m"c1-editable-table-header-container"[39m[33m,[39mchildren[33m:[39m[[33mE[39m[33m.[39misPlaceholder[33m?[39m[36mnull[39m[33m:[39m[33mRn[39m([33mE[39m[33m.[39mcolumn[33m.[39mcolumnDef[33m.[39mheader[33m,[39m[33mE[39m[33m.[39mgetContext())[33m,[39mt([32m"div"[39m[33m,[39m{className[33m:[39m[32m"c1-editable-table-header-icon"[39m[33m,[39mchildren[33m:[39m((j[33m=[39m[33mE[39m[33m.[39mcolumn[33m.[39mcolumnDef[33m.[39mmeta)[33m==[39m[36mnull[39m[33m?[39m[36mvoid[39m [35m0[39m[33m:[39mj[33m.[39mtype)[33m&&[39m[33mL[39m([33mE[39m[33m.[39mcolumn[33m.[39mcolumnDef[33m.[39mmeta[33m.[39mtype)})]})}[33m,[39m[33mE[39m[33m.[39mid)})}[33m,[39m[33mM[39m[33m.[39mid))})[33m,[39mt([32m"tbody"[39m[33m,[39m{children[33m:[39m[33mI[39m[33m.[39mgetRowModel()[33m.[39mrows[33m.[39mmap([33mM[39m[33m=>[39mt([32m"tr"[39m[33m,[39m{children[33m:[39m[33mM[39m[33m.[39mgetVisibleCells()[33m.[39mmap([33mE[39m[33m=>[39mt([32m"td"[39m[33m,[39m{style[33m:[39m{width[33m:[39m[33mE[39m[33m.[39mcolumn[33m.[39mgetSize()}[33m,[39mchildren[33m:[39m[33mRn[39m(ru[33m,[39m{[33m...[39m[33mE[39m[33m.[39mgetContext()[33m,[39mcolumns[33m:[39ma[33m,[39mselectedPosition[33m:[39mo[33m,[39meditingPosition[33m:[39ml[33m,[39mhandleCellSelect[33m:[39mx[33m,[39mhandleStartEdit[33m:[39m[33mC[39m[33m,[39mhandleFinishEdit[33m:[39mk[33m,[39mhandleNavigate[33m:[39m[33mS[39m})}[33m,[39m[33mE[39m[33m.[39mid))}[33m,[39m[33mM[39m[33m.[39mid))})]})})]})}[33m,[39miu[33m=[39mq(e[33m=>[39m{[36mconst[39m{icon[33m:[39ma[33m,[39mactionLabel[33m:[39mn[33m,[39monClick[33m:[39mi}[33m=[39me[33m,[39m{portalThemeClassName[33m:[39mo}[33m=[39m[33mCe[39m()[33m;[39m[36mreturn[39m t(he[33m.[39m[33mProvider[39m[33m,[39m{delayDuration[33m:[39m[35m0[39m[33m,[39mchildren[33m:[39mp(he[33m.[39m[33mRoot[39m[33m,[39m{children[33m:[39m[t([32m"div"[39m[33m,[39m{className[33m:[39m[32m"c1-explore-button-container"[39m[33m,[39mchildren[33m:[39mt(he[33m.[39m[33mTrigger[39m[33m,[39m{asChild[33m:[39m[33m![39m[35m0[39m[33m,[39mchildren[33m:[39mt([32m"button"[39m[33m,[39m{type[33m:[39m[32m"button"[39m[33m,[39mclassName[33m:[39m[32m"c1-explore-button"[39m[33m,[39monClick[33m:[39mi[33m,[39m[32m"aria-label"[39m[33m:[39mn[33m,[39mstyle[33m:[39m{width[33m:[39m[32m"max-content"[39m}[33m,[39mchildren[33m:[39ma[33m&&[39mt(de[33m,[39m{[33m...[39ma[33m.[39mprops[33m,[39msize[33m:[39m[35m12[39m})})})})[33m,[39mt(he[33m.[39m[33mPortal[39m[33m,[39m{children[33m:[39mt(he[33m.[39m[33mContent[39m[33m,[39m{side[33m:[39m[32m"bottom"[39m[33m,[39malign[33m:[39m[32m"start"[39m[33m,[39msideOffset[33m:[39m[35m4[39m[33m,[39mclassName[33m:[39m[33mT[39m([32m"c1-explore-button-tooltip"[39m[33m,[39mo)[33m,[39mchildren[33m:[39mn})})]})})})[33m,[39m[33mXe[39m[33m=[39m(e[33m,[39ma[33m,[39mn[33m,[39mi[33m,[39mo[33m,[39ms[33m,[39ml)[33m=>[39m{[36mvar[39m d[33m,[39mm[33m,[39mh[33m,[39mu[33m,[39mg[33m,[39mb[33m,[39mf[33m,[39my[33m;[39m[36mlet[39m c[33m;[39m[36mif[39m([33m![39ml[33m&&[39m[32m"description"[39m[36min[39m e){[36mif[39m((d[33m=[39me[33m.[39mdescription)[33m!=[39m[36mnull[39m[33m&&[39md[33m.[39mstartsWith([32m"$exclude:"[39m)[33m&&[39mo)[36mreturn[39m [36mnull[39m[33m;[39m[36mif[39m((m[33m=[39me[33m.[39mdescription)[33m!=[39m[36mnull[39m[33m&&[39mm[33m.[39mstartsWith([32m"$ref:"[39m)){[36mconst[39m _[33m=[39me[33m.[39mdescription[33m.[39msubstring([35m5[39m)[33m;[39m[36mreturn[39m s[_][33m||[39m(s[_][33m=[39m[33mXe[39m(e[33m,[39ma[33m,[39mn[33m,[39mi[33m,[39mo[33m,[39ms[33m,[39m[33m![39m[35m0[39m))[33m,[39m{$ref[33m:[39m[32m`#/$defs/${_}`[39m}}c[33m=[39me[33m.[39mdescription[33m||[39m[36mvoid[39m [35m0[39m}[36mswitch[39m([33m![39m[35m0[39m){[36mcase[39m e [36minstanceof[39m r[33m.[39m[33mZodString[39m[33m:[39m{[36mconst[39m _[33m=[39m{}[33m;[39m[36mreturn[39m[32m"_def"[39m[36min[39m e[33m&&[39me[33m.[39m_def[33m.[39mchecks[33m.[39msome(v[33m=>[39mv[33m.[39mkind[33m===[39m[32m"max"[39m)[33m&&[39m(_[33m.[39mmaxLength[33m=[39m(h[33m=[39me[33m.[39m_def[33m.[39mchecks[33m.[39mfind(v[33m=>[39mv[33m.[39mkind[33m===[39m[32m"max"[39m))[33m==[39m[36mnull[39m[33m?[39m[36mvoid[39m [35m0[39m[33m:[39mh[33m.[39mvalue)[33m,[39m[32m"_def"[39m[36min[39m e[33m&&[39me[33m.[39m_def[33m.[39mchecks[33m.[39msome(v[33m=>[39mv[33m.[39mkind[33m===[39m[32m"min"[39m)[33m&&[39m(_[33m.[39mminLength[33m=[39m(u[33m=[39me[33m.[39m_def[33m.[39mchecks[33m.[39mfind(v[33m=>[39mv[33m.[39mkind[33m===[39m[32m"min"[39m))[33m==[39m[36mnull[39m[33m?[39m[36mvoid[39m [35m0[39m[33m:[39mu[33m.[39mvalue)[33m,[39m{type[33m:[39m[32m"string"[39m[33m,[39m[33m...[39m_}}[36mcase[39m e [36minstanceof[39m r[33m.[39m[33mZodNumber[39m[33m:[39m[36mreturn[39m{type[33m:[39m[32m"number"[39m}[33m;[39m[36mcase[39m e [36minstanceof[39m r[33m.[39m[33mZodBoolean[39m[33m:[39m[36mreturn[39m{type[33m:[39m[32m"boolean"[39m}[33m;[39m[36mcase[39m e [36minstanceof[39m r[33m.[39m[33mZodEnum[39m[33m:[39m[36mreturn[39m{type[33m:[39m[32m"string"[39m[33m,[39m[36menum[39m[33m:[39me[33m.[39m_def[33m.[39mvalues}[33m;[39m[36mcase[39m e [36minstanceof[39m r[33m.[39m[33mZodDate[39m[33m:[39m[36mreturn[39m{type[33m:[39m[32m"string"[39m[33m,[39mformat[33m:[39m[32m"date"[39m}[33m;[39m[36mcase[39m e [36minstanceof[39m r[33m.[39m[33mZodObject[39m[33m:[39m{[36mconst[39m _[33m=[39me[33m.[39mshape[33m;[39m[36mif[39m(_[33m.[39mcomponent[33m&&[39m[36mtypeof[39m((g[33m=[39m_[33m.[39mcomponent[33m.[39m_def)[33m==[39m[36mnull[39m[33m?[39m[36mvoid[39m [35m0[39m[33m:[39mg[33m.[39mvalue)[33m==[39m[32m"string"[39m[33m&&[39mn[_[33m.[39mcomponent[33m.[39m_def[33m.[39mvalue][33m&&[39m(n[_[33m.[39mcomponent[33m.[39m_def[33m.[39mvalue][33m,[39m(b[33m=[39mn[_[33m.[39mcomponent[33m.[39m_def[33m.[39mvalue])[33m==[39m[36mnull[39m[33m?[39m[36mvoid[39m [35m0[39m[33m:[39mb[33m.[39misBaseComponent))[36mreturn[39m{$ref[33m:[39m[32m`#/$defs/${_.component._def.value}`[39m}[33m;[39m[36mconst[39m v[33m=[39m{}[33m,[39m[33mN[39m[33m=[39m[][33m;[39m[36mfor[39m([36mconst[39m[x[33m,[39m[33mC[39m][36mof[39m [33mObject[39m[33m.[39mentries(_)){[36mconst[39m k[33m=[39m[33mXe[39m([33mC[39m[33m,[39mx[33m,[39mn[33m,[39mi[33m,[39mo[33m,[39ms)[33m;[39mk[33m&&[39m(v[x][33m=[39mk[33m,[39m[33mC[39m [36minstanceof[39m r[33m.[39m[33mZodOptional[39m[33m||[39m[33mN[39m[33m.[39mpush(x))}[36mreturn[39m{type[33m:[39m[32m"object"[39m[33m,[39m[33m...[39mc[33m?[39m{description[33m:[39mc}[33m:[39m{}[33m,[39mproperties[33m:[39mv[33m,[39mrequired[33m:[39m[33mN[39m[33m.[39mlength[33m>[39m[35m0[39m[33m?[39m[33mN[39m[33m:[39m[36mvoid[39m [35m0[39m[33m,[39madditionalProperties[33m:[39m[33m![39m[35m1[39m}}[36mcase[39m e [36minstanceof[39m r[33m.[39m[33mZodArray[39m[33m:[39m{[36mconst[39m _[33m=[39me[33m.[39melement[33m,[39mv[33m=[39m[33mXe[39m(_[33m,[39ma[33m,[39mn[33m,[39mi[33m,[39mo[33m,[39ms)[33m,[39m[33mN[39m[33m=[39m(f[33m=[39me[33m.[39m_def[33m.[39mmaxLength)[33m==[39m[36mnull[39m[33m?[39m[36mvoid[39m [35m0[39m[33m:[39mf[33m.[39mvalue[33m,[39mx[33m=[39m(y[33m=[39me[33m.[39m_def[33m.[39mminLength)[33m==[39m[36mnull[39m[33m?[39m[36mvoid[39m [35m0[39m[33m:[39my[33m.[39mvalue[33m;[39m[36mreturn[39m v[33m?[39m{type[33m:[39m[32m"array"[39m[33m,[39m[33m...[39mc[33m?[39m{description[33m:[39mc}[33m:[39m{}[33m,[39mitems[33m:[39mv[33m,[39m[33m...[39m[33mN[39m[33m?[39m{maxItems[33m:[39m[33mN[39m}[33m:[39m{}[33m,[39m[33m...[39mx[33m?[39m{minItems[33m:[39mx}[33m:[39m{}}[33m:[39m[36mnull[39m}[36mcase[39m e [36minstanceof[39m r[33m.[39m[33mZodDefault[39m[33m:[39m{[36mconst[39m _[33m=[39m[33mXe[39m(e[33m.[39m_def[33m.[39minnerType[33m,[39ma[33m,[39mn[33m,[39mi[33m,[39mo[33m,[39ms[33m,[39ml)[33m;[39m[36mreturn[39m _[33m?[39m{[33m...[39m_[33m,[39m[36mdefault[39m[33m:[39me[33m.[39m_def[33m.[39mdefaultValue()}[33m:[39m[36mnull[39m}[36mcase[39m e [36minstanceof[39m r[33m.[39m[33mZodUnion[39m[33m:[39m{[36mconst[39m _[33m=[39me[33m.[39m_def[33m.[39moptions[33m.[39mmap(v[33m=>[39m[33mXe[39m(v[33m,[39ma[33m,[39mn[33m,[39mi[33m,[39mo[33m,[39ms))[33m.[39mfilter([33mBoolean[39m)[33m;[39m[36mreturn[39m _[33m.[39mlength[33m===[39m[35m1[39m[33m&&[39m_[[35m0[39m][33m?[39m_[[35m0[39m][33m:[39m{oneOf[33m:[39m_}}[36mcase[39m e [36minstanceof[39m r[33m.[39m[33mZodOptional[39m[33m:[39m[36mreturn[39m [33mXe[39m(e[33m.[39m_def[33m.[39minnerType[33m,[39ma[33m,[39mn[33m,[39mi[33m,[39mo[33m,[39ms[33m,[39ml)[33m;[39m[36mcase[39m e [36minstanceof[39m r[33m.[39m[33mZodNullable[39m[33m:[39m{[36mconst[39m _[33m=[39m[33mXe[39m(e[33m.[39m_def[33m.[39minnerType[33m,[39ma[33m,[39mn[33m,[39mi[33m,[39mo[33m,[39ms[33m,[39ml)[33m,[39mv[33m=[39m[][33m;[39m[36mreturn[39m _[33m&&[39mv[33m.[39mpush(_)[33m,[39mv[33m.[39mpush({type[33m:[39m[32m"null"[39m})[33m,[39m{oneOf[33m:[39mv}}[36mcase[39m e [36minstanceof[39m r[33m.[39m[33mZodLiteral[39m[33m:[39m[36mreturn[39m{[36mconst[39m[33m:[39me[33m.[39mvalue}[33m;[39m[36mcase[39m e [36minstanceof[39m r[33m.[39m[33mZodRecord[39m[33m:[39m{[36mconst[39m _[33m=[39me[33m.[39m_def[33m.[39mvalueType[33m,[39mv[33m=[39m[33mXe[39m(_[33m,[39ma[33m,[39mn[33m,[39mi[33m,[39mo[33m,[39ms)[33m;[39m[36mreturn[39m v[33m?[39m{type[33m:[39m[32m"object"[39m[33m,[39madditionalProperties[33m:[39mv}[33m:[39m[36mnull[39m}[36mcase[39m e [36minstanceof[39m r[33m.[39m[33mZodAny[39m[33m:[39m[36mdefault[39m[33m:[39m[36mreturn[39m{type[33m:[39m[32m"any"[39m}}}[33m,[39mou[33m=[39m(e[33m,[39ma[33m,[39mn[33m,[39mi[33m,[39mo[33m,[39ms)[33m=>[39m{[36mconst[39m l[33m=[39me[33m.[39mschema[33m;[39m[36mif[39m([33m![39m(l [36minstanceof[39m r[33m.[39m[33mZodObject[39m))[36mthrow[39m [36mnew[39m [33mError[39m([32m"Schema is not a zod object"[39m)[33m;[39m[36mconst[39m c[33m=[39m{type[33m:[39m[32m"object"[39m[33m,[39mproperties[33m:[39m{component[33m:[39m{[36mconst[39m[33m:[39ma}}[33m,[39mrequired[33m:[39m[[32m"component"[39m[33m,[39m[32m"props"[39m]}[33m,[39md[33m=[39mc[33m.[39mproperties[33m;[39m[36mfor[39m([36mconst[39m[m[33m,[39mh][36mof[39m [33mObject[39m[33m.[39mentries(l[33m.[39mshape)){[36mconst[39m u[33m=[39m[33mXe[39m(h[33m,[39mm[33m,[39mn[33m,[39mi[33m,[39mo[33m,[39ms)[33m;[39mu[33m&&[39m(d[m][33m=[39mu)}[36mreturn[39m c}[33m,[39mgn[33m=[39m(e[33m,[39ma[33m=[39m[32m"Card"[39m[33m,[39mn[33m,[39mi)[33m=>[39m{[36mconst[39m o[33m=[39m{name[33m:[39m[32m"thesys_kit_schema"[39m[33m,[39mschema[33m:[39m{$schema[33m:[39m[32m"http://json-schema.org/draft-07/schema#"[39m[33m,[39mtype[33m:[39m[32m"object"[39m[33m,[39mproperties[33m:[39m{component[33m:[39m{type[33m:[39m[32m"object"[39m[33m,[39mdescription[33m:[39m[32m"The root component to render"[39m[33m,[39mproperties[33m:[39m{}[33m,[39mrequired[33m:[39m[]}[33m,[39merror[33m:[39m{oneOf[33m:[39m[{type[33m:[39m[32m"null"[39m}[33m,[39m{type[33m:[39m[32m"string"[39m[33m,[39mdescription[33m:[39m[32m"Explanation of why the request violates schema constraints"[39m}]}}[33m,[39m$defs[33m:[39m{}[33m,[39mstrict[33m:[39m[33m![39m[35m0[39m[33m,[39madditionalProperties[33m:[39m[33m![39m[35m1[39m[33m,[39mrequired[33m:[39m[[32m"component"[39m[33m,[39m[32m"error"[39m]}}[33m;[39m[36mfor[39m([36mconst[39m[s[33m,[39ml][36mof[39m [33mObject[39m[33m.[39mentries(e)){[36mif[39m([33m![39ml[33m.[39misBaseComponent[33m||[39ml[33m.[39mdeprecated[33m&&[39mn)[36mcontinue[39m[33m;[39m[36mconst[39m c[33m=[39mou(l[33m,[39ms[33m,[39me[33m,[39mn[33m,[39mi[33m,[39mo[33m.[39mschema[33m.[39m$defs)[33m;[39m[36mif[39m([33m![39mc[33m||[39m[33m![39m([32m"type"[39m[36min[39m c)[33m||[39mc[33m.[39mtype[33m!==[39m[32m"object"[39m)[36mthrow[39m [36mnew[39m [33mError[39m([32m"Component schema is not an object"[39m)[33m;[39ms[33m===[39ma[33m?[39m(o[33m.[39mschema[33m.[39mproperties[33m.[39mcomponent[33m.[39mproperties[33m=[39mc[33m.[39mproperties[33m,[39mo[33m.[39mschema[33m.[39mproperties[33m.[39mcomponent[33m.[39mrequired[33m=[39mc[33m.[39mrequired[33m||[39m[])[33m:[39mo[33m.[39mschema[33m.[39m$defs[s][33m=[39mc}[36mreturn[39m o}[33m,[39m[33mMt[39m[33m=[39m{[33mAccordion[39m[33m:[39m{component[33m:[39me[33m=>[39m{[36mconst[39m{children[33m:[39ma[33m,[39mheader[33m:[39mn[33m,[39m[33m...[39mi}[33m=[39me[33m,[39mo[33m=[39m$e()[33m,[39m[s[33m,[39ml][33m=[39m[33mF[39m([36mvoid[39m [35m0[39m)[33m,[39mc[33m=[39m[33mD[39m([33m![39m[35m1[39m)[33m,[39md[33m=[39m[33mD[39m([35m0[39m)[33m;[39m[36mreturn[39m [33mV[39m(()[33m=>[39m{[36mvar[39m m[33m;[39m[36mif[39m(a[33m!=[39m[36mnull[39m[33m&&[39ma[33m.[39mlength){[36mif[39m(o[33m&&[39ma[33m.[39mlength[33m>[39md[33m.[39mcurrent[33m&&[39m[33m![39mc[33m.[39mcurrent){[36mconst[39m h[33m=[39ma[a[33m.[39mlength[33m-[39m[35m1[39m][33m;[39mh[33m!=[39m[36mnull[39m[33m&&[39mh[33m.[39mvalue[33m&&[39ml(h[33m.[39mvalue)}[36melse[39m[33m![39ms[33m&&[39ma[33m.[39mlength[33m>[39m[35m0[39m[33m&&[39ml((m[33m=[39ma[[35m0[39m])[33m==[39m[36mnull[39m[33m?[39m[36mvoid[39m [35m0[39m[33m:[39mm[33m.[39mvalue)[33m;[39md[33m.[39mcurrent[33m=[39ma[33m.[39mlength}}[33m,[39m[a[33m,[39mo])[33m,[39mp([32m"div"[39m[33m,[39m{className[33m:[39m[32m"c1-accordion-wrapper"[39m[33m,[39mchildren[33m:[39m[n[33m&&[39mt([33mK[39m[33m,[39m{[33m...[39mn})[33m,[39mt(cc[33m,[39m{type[33m:[39m[32m"single"[39m[33m,[39mcollapsible[33m:[39m[33m![39m[35m0[39m[33m,[39mvalue[33m:[39ms[33m,[39mvariant[33m:[39m[32m"sunk"[39m[33m,[39monValueChange[33m:[39mm[33m=>[39m{c[33m.[39mcurrent[33m=[39m[33m![39m[35m0[39m[33m,[39ml(m)}[33m,[39m[33m...[39mi[33m,[39mchildren[33m:[39ma[33m==[39m[36mnull[39m[33m?[39m[36mvoid[39m [35m0[39m[33m:[39ma[33m.[39mmap((m[33m,[39mh)[33m=>[39m{[36mvar[39m u[33m;[39m[36mreturn[39m p(dc[33m,[39m{value[33m:[39mm[33m.[39mvalue[33m,[39mchildren[33m:[39m[t(mc[33m,[39m{text[33m:[39mm[33m.[39mtrigger[33m.[39mtext[33m,[39mchildren[33m:[39mt([33mK[39m[33m,[39m{[33m...[39mm[33m.[39mtrigger[33m.[39micon}[33m,[39m[32m`trigger-${h}`[39m)})[33m,[39mt(pc[33m,[39m{children[33m:[39m(u[33m=[39mm[33m.[39mcontent)[33m==[39m[36mnull[39m[33m?[39m[36mvoid[39m [35m0[39m[33m:[39mu[33m.[39mmap((g[33m,[39mb)[33m=>[39mt([33mK[39m[33m,[39m{[33m...[39mg}[33m,[39m[32m`content-${b}`[39m))})]}[33m,[39mh)})})]})}[33m,[39mschema[33m:[39mir[33m,[39misBaseComponent[33m:[39m[33m![39m[35m0[39m}[33m,[39m[33mButton[39m[33m:[39m{component[33m:[39m[33mY[39m(we)[33m,[39mschema[33m:[39m[33mLt[39m[33m,[39misBaseComponent[33m:[39m[33m![39m[35m0[39m[33m,[39m[33mExtraProps[39m[33m:[39me[33m=>[39m{[36mvar[39m o[33m;[39m[36mconst[39m{onAction[33m:[39ma[33m,[39mformContext[33m:[39mn}[33m=[39me[33m.[39mhooks[33m||[39m{}[33m,[39mi[33m=[39mn[33m==[39m[36mnull[39m[33m?[39m[36mvoid[39m [35m0[39m[33m:[39mn[33m.[39mformName[33m;[39m[36mreturn[39m{name[33m:[39me[33m.[39mprops[33m.[39mchildren[33m,[39monClick[33m:[39m((o[33m=[39me[33m.[39mprops)[33m==[39m[36mnull[39m[33m?[39m[36mvoid[39m [35m0[39m[33m:[39mo[33m.[39monClick)[33m||[39m(()[33m=>[39m{[36mvar[39m s[33m,[39ml[33m,[39mc[33m,[39md[33m;[39m[36mreturn[39m a(e[33m.[39mprops[33m.[39mchildren[33m,[39m[32m"User clicked on Button: "[39m[33m+[39me[33m.[39mprops[33m.[39mname[33m,[39mi[33m,[39m{type[33m:[39m(l[33m=[39m(s[33m=[39me[33m.[39mprops)[33m==[39m[36mnull[39m[33m?[39m[36mvoid[39m [35m0[39m[33m:[39ms[33m.[39maction)[33m==[39m[36mnull[39m[33m?[39m[36mvoid[39m [35m0[39m[33m:[39ml[33m.[39mtype[33m,[39mparams[33m:[39m((d[33m=[39m(c[33m=[39me[33m.[39mprops)[33m==[39m[36mnull[39m[33m?[39m[36mvoid[39m [35m0[39m[33m:[39mc[33m.[39maction)[33m==[39m[36mnull[39m[33m?[39m[36mvoid[39m [35m0[39m[33m:[39md[33m.[39mprops)[33m?[39m[33m?[39m{}})})[33m,[39maction[33m:[39m[36mvoid[39m [35m0[39m}}}[33m,[39m[33mCard[39m[33m:[39m{component[33m:[39me[33m=>[39m{[36mconst[39m{children[33m:[39ma[33m,[39msources[33m:[39mn[33m,[39m[33m...[39mi}[33m=[39me[33m,[39mo[33m=[39m$e()[33m,[39ms[33m=[39m[33mD[39m([36mnull[39m)[33m;[39m[36mreturn[39m(({ref[33m:[39ml[33m,[39misStreaming[33m:[39mc})[33m=>[39m{[33mV[39m(()[33m=>[39m{[36mif[39m([33m![39ml[33m.[39mcurrent[33m||[39m[33m![39mc)[36mreturn[39m[33m;[39m[36mconst[39m d[33m=[39ml[33m.[39mcurrent[33m,[39mm[33m=[39mh[33m=>[39m{requestAnimationFrame(()[33m=>[39m{[36mvar[39m u[33m,[39mg[33m;[39m(g[33m=[39m(u[33m=[39mh[33m.[39mtarget)[33m.[39mblur)[33m==[39m[36mnull[39m[33m||[39mg[33m.[39mcall(u)})}[33m;[39m[36mreturn[39m d[33m.[39maddEventListener([32m"focusin"[39m[33m,[39mm)[33m,[39m()[33m=>[39m{d[33m.[39mremoveEventListener([32m"focusin"[39m[33m,[39mm)}}[33m,[39m[c[33m,[39ml])})({ref[33m:[39ms[33m,[39misStreaming[33m:[39mo})[33m,[39mt([33mPm[39m[33m,[39m{sources[33m:[39mn[33m,[39mchildren[33m:[39mp(yi[33m,[39m{[33m...[39mi[33m,[39mwidth[33m:[39m[32m"full"[39m[33m,[39mvariant[33m:[39m[32m"card"[39m[33m,[39mclassName[33m:[39m[33mT[39m({[32m"c1-card--streaming"[39m[33m:[39mo})[33m,[39mref[33m:[39ms[33m,[39mchildren[33m:[39m[a[33m.[39mmap((l[33m,[39mc)[33m=>[39mt([33mK[39m[33m,[39m{[33m...[39ml[33m,[39moverridesProps[33m:[39m[33mQp[39m}[33m,[39mc))[33m,[39mt([33mJp[39m[33m,[39m{})]})})}[33m,[39mschema[33m:[39meu[33m,[39misBaseComponent[33m:[39m[33m![39m[35m0[39m}[33m,[39m[33mCheckBoxGroup[39m[33m:[39m{component[33m:[39mip[33m,[39mschema[33m:[39m[33mTo[39m[33m,[39misBaseComponent[33m:[39m[33m![39m[35m0[39m[33m,[39m[33mExtraProps[39m[33m:[39me[33m=>[39m({variant[33m:[39m[32m"clear"[39m})}[33m,[39m[33mCheckBoxItem[39m[33m:[39m{component[33m:[39m[33mMc[39m[33m,[39mschema[33m:[39m[33mSo[39m[33m,[39misBaseComponent[33m:[39m[33m![39m[35m1[39m[33m,[39m[33mExtraProps[39m[33m:[39me[33m=>[39m{[36mconst[39m{getFormFieldValue[33m:[39ma[33m,[39mformContext[33m:[39mn}[33m=[39me[33m.[39mhooks[33m,[39mi[33m=[39mn[33m==[39m[36mnull[39m[33m?[39m[36mvoid[39m [35m0[39m[33m:[39mn[33m.[39mformName[33m,[39mo[33m=[39me[33m.[39mprops[33m.[39mname[33m||[39me[33m.[39mprops[33m.[39mvalue[33m,[39ms[33m=[39me[33m.[39mprops[33m.[39mdefaultChecked[33m,[39ml[33m=[39ma(i[33m,[39mo)[33m;[39m[36mreturn[39m [33mKe[39m({formName[33m:[39mi[33m,[39mcomponentType[33m:[39m[32m"CheckBoxItem"[39m[33m,[39mname[33m:[39mo[33m,[39mexistingValue[33m:[39ml[33m,[39mdefaultValue[33m:[39ms})[33m,[39m{checked[33m:[39ml[33m?[39m[33m?[39ms}}}[33m,[39m[33mFollowUpBlock[39m[33m:[39m{component[33m:[39mtu[33m,[39mschema[33m:[39mrs[33m,[39misBaseComponent[33m:[39m[33m![39m[35m0[39m}[33m,[39m[33mFollowUpItem[39m[33m:[39m{component[33m:[39m[33mY[39m([33mRc[39m)[33m,[39mschema[33m:[39mgh[33m,[39misBaseComponent[33m:[39m[33m![39m[35m1[39m[33m,[39m[33mExtraProps[39m[33m:[39me[33m=>[39m{[36mconst[39m{onAction[33m:[39ma[33m,[39mformContext[33m:[39mn}[33m=[39me[33m.[39mhooks[33m||[39m{}[33m,[39mi[33m=[39mn[33m==[39m[36mnull[39m[33m?[39m[36mvoid[39m [35m0[39m[33m:[39mn[33m.[39mformName[33m;[39m[36mreturn[39m{onClick[33m:[39m()[33m=>[39m{a(e[33m.[39mprops[33m.[39mtext[33m,[39m[32m"User clicked on FollowUpItem: "[39m[33m+[39me[33m.[39mprops[33m.[39mtext[33m,[39mi)}}}}[33m,[39m[33mButtonGroup[39m[33m:[39m{component[33m:[39m[33mY[39m([33mBc[39m)[33m,[39mschema[33m:[39m[33mGe[39m[33m,[39misBaseComponent[33m:[39m[33m![39m[35m0[39m}[33m,[39m[33mCardHeader[39m[33m:[39m{component[33m:[39m[33mY[39m([33mOn[39m)[33m,[39mschema[33m:[39mwt[33m,[39misBaseComponent[33m:[39m[33m![39m[35m0[39m[33m,[39mdeprecated[33m:[39m[33m![39m[35m0[39m}[33m,[39m[33mHeader[39m[33m:[39m{component[33m:[39m[33mY[39m([33mOn[39m)[33m,[39mschema[33m:[39mmn[33m,[39misBaseComponent[33m:[39m[33m![39m[35m0[39m}[33m,[39m[33mIcon[39m[33m:[39m{component[33m:[39mde[33m,[39mschema[33m:[39mke[33m,[39misBaseComponent[33m:[39m[33m![39m[35m0[39m[33m,[39m[33mExtraProps[39m[33m:[39me[33m=>[39m({size[33m:[39m[35m14[39m})}[33m,[39m[33mIconButton[39m[33m:[39m{component[33m:[39m[33mY[39m(ie)[33m,[39mschema[33m:[39man[33m,[39misBaseComponent[33m:[39m[33m![39m[35m0[39m[33m,[39m[33mExtraProps[39m[33m:[39me[33m=>[39m{[36mvar[39m o[33m;[39m[36mconst[39m{onAction[33m:[39ma[33m,[39mformContext[33m:[39mn}[33m=[39me[33m.[39mhooks[33m||[39m{}[33m,[39mi[33m=[39mn[33m==[39m[36mnull[39m[33m?[39m[36mvoid[39m [35m0[39m[33m:[39mn[33m.[39mformName[33m;[39m[36mreturn[39m{onClick[33m:[39m((o[33m=[39me[33m.[39mprops)[33m==[39m[36mnull[39m[33m?[39m[36mvoid[39m [35m0[39m[33m:[39mo[33m.[39monClick)[33m||[39m(()[33m=>[39m{[36mvar[39m s[33m,[39ml[33m;[39m[36mreturn[39m a(e[33m.[39mprops[33m.[39mname[33m,[39m[32m"User clicked on IconButton: "[39m[33m+[39me[33m.[39mprops[33m.[39mname[33m,[39mi[33m,[39m{type[33m:[39m(s[33m=[39me[33m.[39mprops[33m.[39maction)[33m==[39m[36mnull[39m[33m?[39m[36mvoid[39m [35m0[39m[33m:[39ms[33m.[39mtype[33m,[39mparams[33m:[39m((l[33m=[39me[33m.[39mprops[33m.[39maction)[33m==[39m[36mnull[39m[33m?[39m[36mvoid[39m [35m0[39m[33m:[39ml[33m.[39mprops)[33m?[39m[33m?[39m{}})})}}}[33m,[39m[33mImage[39m[33m:[39m{component[33m:[39mut[33m,[39mschema[33m:[39m[33mAe[39m[33m,[39misBaseComponent[33m:[39m[33m![39m[35m0[39m}[33m,[39m[33mImageGallery[39m[33m:[39m{component[33m:[39mfh[33m,[39mschema[33m:[39mlr[33m,[39misBaseComponent[33m:[39m[33m![39m[35m0[39m}[33m,[39m[33mInput[39m[33m:[39m{component[33m:[39m[33mY[39m([33mOt[39m)[33m,[39mschema[33m:[39m[33mPo[39m[33m,[39misBaseComponent[33m:[39m[33m![39m[35m0[39m[33m,[39m[33mExtraProps[39m[33m:[39me[33m=>[39m{[36mconst[39m{updateContext[33m:[39ma[33m,[39mgetFormFieldValue[33m:[39mn[33m,[39mformContext[33m:[39mi}[33m=[39me[33m.[39mhooks[33m,[39mo[33m=[39mi[33m==[39m[36mnull[39m[33m?[39m[36mvoid[39m [35m0[39m[33m:[39mi[33m.[39mformName[33m,[39ms[33m=[39me[33m.[39mprops[33m.[39mname[33m,[39ml[33m=[39me[33m.[39mprops[33m.[39mdefaultValue[33m,[39mc[33m=[39mn(o[33m,[39ms)[33m,[39md[33m=[39mc[33m?[39m[33m?[39ml[33m;[39m[36mreturn[39m [33mKe[39m({formName[33m:[39mo[33m,[39mcomponentType[33m:[39m[32m"Input"[39m[33m,[39mname[33m:[39ms[33m,[39mexistingValue[33m:[39mc[33m,[39mdefaultValue[33m:[39ml})[33m,[39m{size[33m:[39m[32m"large"[39m[33m,[39mdefaultValue[33m:[39md[33m,[39monChange[33m:[39mm[33m=>[39m{i[33m!=[39m[36mnull[39m[33m&&[39mi[33m.[39mvalidateField[33m&&[39me[33m.[39mprops[33m.[39mrules[33m&&[39mi[33m.[39mvalidateField(s[33m,[39mm[33m.[39mtarget[33m.[39mvalue[33m,[39me[33m.[39mprops[33m.[39mrules)}[33m,[39monBlur[33m:[39mm[33m=>[39m{m[33m.[39mtarget[33m.[39mvalue[33m!==[39md[33m&&[39m(a(o[33m,[39m[32m"Input"[39m[33m,[39ms[33m,[39mm[33m.[39mtarget[33m.[39mvalue)[33m,[39mi[33m!=[39m[36mnull[39m[33m&&[39mi[33m.[39mvalidateField[33m&&[39me[33m.[39mprops[33m.[39mrules[33m&&[39mi[33m.[39mvalidateField(s[33m,[39mm[33m.[39mtarget[33m.[39mvalue[33m,[39me[33m.[39mprops[33m.[39mrules))}}}}[33m,[39m[33mListBlock[39m[33m:[39m{component[33m:[39m[33mMp[39m[33m,[39mschema[33m:[39m[33mHt[39m[33m,[39misBaseComponent[33m:[39m[33m![39m[35m0[39m[33m,[39mdeprecated[33m:[39m[33m![39m[35m0[39m}[33m,[39m[33mListItem[39m[33m:[39m{component[33m:[39m[33mY[39m(zc)[33m,[39mschema[33m:[39m[33mOp[39m[33m,[39misBaseComponent[33m:[39m[33m![39m[35m1[39m[33m,[39mdeprecated[33m:[39m[33m![39m[35m0[39m}[33m,[39m[33mList[39m[33m:[39m{component[33m:[39me[33m=>[39m{[36mconst[39m{heading[33m:[39ma[33m,[39mdescription[33m:[39mn[33m,[39mitems[33m:[39mi[33m,[39mvariant[33m:[39mo}[33m=[39me[33m,[39ms[33m=[39mi[33m==[39m[36mnull[39m[33m?[39m[36mvoid[39m [35m0[39m[33m:[39mi[33m.[39msome(c[33m=>[39mc[33m.[39msubtitle)[33m,[39ml[33m=[39mar()[33m;[39m[36mreturn[39m p([32m"div"[39m[33m,[39m{className[33m:[39m[32m"c1-list"[39m[33m,[39mchildren[33m:[39m[(a[33m||[39mn)[33m&&[39mt([33mIt[39m[33m,[39m{heading[33m:[39ma[33m,[39mdescription[33m:[39mn})[33m,[39mt([32m"div"[39m[33m,[39m{className[33m:[39m[32m"c1-list-items"[39m[33m,[39mchildren[33m:[39mi[33m==[39m[36mnull[39m[33m?[39m[36mvoid[39m [35m0[39m[33m:[39mi[33m.[39mmap((c[33m,[39md)[33m=>[39mt([33mIp[39m[33m,[39m{title[33m:[39mc[33m.[39mtitle[33m,[39msubtitle[33m:[39mc[33m.[39msubtitle[33m,[39mvariant[33m:[39mo[33m,[39miconName[33m:[39mc[33m.[39miconName[33m,[39miconCategory[33m:[39mc[33m.[39miconCategory[33m,[39mimage[33m:[39mc[33m.[39mimage[33m,[39mindex[33m:[39md[33m,[39mlistHasSubtitle[33m:[39ms[33m,[39mitemAction[33m:[39mc[33m.[39mitemAction}[33m,[39m[32m`list-item-${l}-${d}`[39m))})]})}[33m,[39mschema[33m:[39m[33mVt[39m[33m,[39misBaseComponent[33m:[39m[33m![39m[35m0[39m}[33m,[39m[33mRadioGroup[39m[33m:[39m{component[33m:[39mup[33m,[39mschema[33m:[39m[33mAo[39m[33m,[39misBaseComponent[33m:[39m[33m![39m[35m0[39m[33m,[39m[33mExtraProps[39m[33m:[39me[33m=>[39m{[36mconst[39m{updateContext[33m:[39ma[33m,[39mgetFormFieldValue[33m:[39mn[33m,[39mformContext[33m:[39mi}[33m=[39me[33m.[39mhooks[33m,[39mo[33m=[39mi[33m==[39m[36mnull[39m[33m?[39m[36mvoid[39m [35m0[39m[33m:[39mi[33m.[39mformName[33m,[39ms[33m=[39me[33m.[39mprops[33m.[39mname[33m,[39ml[33m=[39me[33m.[39mprops[33m.[39mdefaultValue[33m,[39mc[33m=[39mn(o[33m,[39ms)[33m;[39m[33mKe[39m({formName[33m:[39mo[33m,[39mcomponentType[33m:[39m[32m"RadioGroup"[39m[33m,[39mname[33m:[39ms[33m,[39mexistingValue[33m:[39mc[33m,[39mdefaultValue[33m:[39ml})[33m;[39m[36mconst[39m d[33m=[39mc[33m?[39m[33m?[39ml[33m;[39m[36mreturn[39m{value[33m:[39md[33m,[39morientation[33m:[39m[32m"vertical"[39m[33m,[39mvariant[33m:[39m[32m"clear"[39m[33m,[39monValueChange[33m:[39mm[33m=>[39m{m[33m!==[39md[33m&&[39m(a(o[33m,[39m[32m"RadioGroup"[39m[33m,[39ms[33m,[39mm)[33m,[39mi[33m!=[39m[36mnull[39m[33m&&[39mi[33m.[39mvalidateField[33m&&[39me[33m.[39mprops[33m.[39mrules[33m&&[39mi[33m.[39mvalidateField(s[33m,[39mm[33m,[39me[33m.[39mprops[33m.[39mrules))}}}}[33m,[39m[33mRadioItem[39m[33m:[39m{component[33m:[39m[33mY[39m([33mOc[39m)[33m,[39mschema[33m:[39m[33mIo[39m[33m,[39misBaseComponent[33m:[39m[33m![39m[35m1[39m}[33m,[39m[33mSelect[39m[33m:[39m{component[33m:[39myp[33m,[39mschema[33m:[39m[33mOo[39m[33m,[39misBaseComponent[33m:[39m[33m![39m[35m0[39m[33m,[39m[33mExtraProps[39m[33m:[39me[33m=>[39m{[36mconst[39m{updateContext[33m:[39ma[33m,[39mgetFormFieldValue[33m:[39mn[33m,[39mformContext[33m:[39mi}[33m=[39me[33m.[39mhooks[33m,[39mo[33m=[39mi[33m==[39m[36mnull[39m[33m?[39m[36mvoid[39m [35m0[39m[33m:[39mi[33m.[39mformName[33m,[39ms[33m=[39me[33m.[39mprops[33m.[39mname[33m,[39ml[33m=[39me[33m.[39mprops[33m.[39mdefaultValue[33m,[39mc[33m=[39mn(o[33m,[39ms)[33m;[39m[33mKe[39m({formName[33m:[39mo[33m,[39mcomponentType[33m:[39m[32m"Select"[39m[33m,[39mname[33m:[39ms[33m,[39mexistingValue[33m:[39mc[33m,[39mdefaultValue[33m:[39ml})[33m;[39m[36mconst[39m d[33m=[39mc[33m?[39m[33m?[39ml[33m;[39m[36mreturn[39m{size[33m:[39m[32m"lg"[39m[33m,[39mvalue[33m:[39md[33m,[39monValueChange[33m:[39mm[33m=>[39m{m[33m!==[39md[33m&&[39m(a(o[33m,[39m[32m"Select"[39m[33m,[39ms[33m,[39mm)[33m,[39mi[33m!=[39m[36mnull[39m[33m&&[39mi[33m.[39mvalidateField[33m&&[39me[33m.[39mprops[33m.[39mrules[33m&&[39mi[33m.[39mvalidateField(s[33m,[39mm[33m,[39me[33m.[39mprops[33m.[39mrules))}}}}[33m,[39m[33mSelectItem[39m[33m:[39m{component[33m:[39m[33mQt[39m[33m,[39mschema[33m:[39m$o[33m,[39misBaseComponent[33m:[39m[33m![39m[35m1[39m}[33m,[39m[33mSelectLabel[39m[33m:[39m{component[33m:[39m[33mLc[39m[33m,[39mschema[33m:[39m[33mLo[39m[33m,[39misBaseComponent[33m:[39m[33m![39m[35m1[39m}[33m,[39m[33mSelectSeparator[39m[33m:[39m{component[33m:[39m[33mAc[39m[33m,[39mschema[33m:[39m[33mMo[39m[33m,[39misBaseComponent[33m:[39m[33m![39m[35m1[39m}[33m,[39m[33mSwitchGroup[39m[33m:[39m{component[33m:[39mop[33m,[39mschema[33m:[39m[33mRo[39m[33m,[39misBaseComponent[33m:[39m[33m![39m[35m0[39m[33m,[39m[33mExtraProps[39m[33m:[39me[33m=>[39m({variant[33m:[39m[32m"clear"[39m})}[33m,[39m[33mSwitchItem[39m[33m:[39m{component[33m:[39m[33mY[39m([33mGr[39m)[33m,[39mschema[33m:[39m[33mBo[39m[33m,[39misBaseComponent[33m:[39m[33m![39m[35m1[39m[33m,[39m[33mExtraProps[39m[33m:[39me[33m=>[39m{[36mconst[39m{getFormFieldValue[33m:[39ma[33m,[39mformContext[33m:[39mn}[33m=[39me[33m.[39mhooks[33m,[39mi[33m=[39mn[33m==[39m[36mnull[39m[33m?[39m[36mvoid[39m [35m0[39m[33m:[39mn[33m.[39mformName[33m,[39mo[33m=[39me[33m.[39mprops[33m.[39mname[33m,[39ms[33m=[39me[33m.[39mprops[33m.[39mdefaultChecked[33m?[39m[33m?[39m[33m![39m[35m1[39m[33m,[39ml[33m=[39ma(i[33m,[39mo)[33m;[39m[36mreturn[39m [33mKe[39m({formName[33m:[39mi[33m,[39mcomponentType[33m:[39m[32m"SwitchItem"[39m[33m,[39mname[33m:[39mo[33m,[39mexistingValue[33m:[39ml[33m,[39mdefaultValue[33m:[39ms})[33m,[39m{checked[33m:[39ml[33m?[39m[33m?[39ms}}}[33m,[39m[33mTileOptionBlock[39m[33m:[39m{component[33m:[39m[33mVo[39m[33m,[39mschema[33m:[39m[33mFo[39m[33m,[39misBaseComponent[33m:[39m[33m![39m[35m0[39m}[33m,[39m[33mTabs[39m[33m:[39m{component[33m:[39m[33mHh[39m[33m,[39mschema[33m:[39mun[33m,[39misBaseComponent[33m:[39m[33m![39m[35m0[39m}[33m,[39m[33mTag[39m[33m:[39m{component[33m:[39m[33mY[39m(bt)[33m,[39mschema[33m:[39m[33mWo[39m[33m,[39misBaseComponent[33m:[39m[33m![39m[35m1[39m}[33m,[39m[33mTagBlock[39m[33m:[39m{component[33m:[39m[33mKo[39m[33m,[39mschema[33m:[39mpt[33m,[39misBaseComponent[33m:[39m[33m![39m[35m0[39m}[33m,[39m[33mTextArea[39m[33m:[39m{component[33m:[39m[33mY[39m($c)[33m,[39mschema[33m:[39m[33mDo[39m[33m,[39misBaseComponent[33m:[39m[33m![39m[35m0[39m[33m,[39m[33mExtraProps[39m[33m:[39me[33m=>[39m{[36mconst[39m{updateContext[33m:[39ma[33m,[39mgetFormFieldValue[33m:[39mn[33m,[39mformContext[33m:[39mi}[33m=[39me[33m.[39mhooks[33m,[39mo[33m=[39mi[33m==[39m[36mnull[39m[33m?[39m[36mvoid[39m [35m0[39m[33m:[39mi[33m.[39mformName[33m,[39ms[33m=[39me[33m.[39mprops[33m.[39mname[33m,[39ml[33m=[39me[33m.[39mprops[33m.[39mdefaultValue[33m,[39mc[33m=[39mn(o[33m,[39ms)[33m;[39m[33mKe[39m({formName[33m:[39mo[33m,[39mcomponentType[33m:[39m[32m"TextArea"[39m[33m,[39mname[33m:[39ms[33m,[39mexistingValue[33m:[39mc[33m,[39mdefaultValue[33m:[39ml})[33m;[39m[36mconst[39m d[33m=[39mc[33m?[39m[33m?[39ml[33m;[39m[36mreturn[39m{defaultValue[33m:[39md[33m,[39monChange[33m:[39mm[33m=>[39m{i[33m!=[39m[36mnull[39m[33m&&[39mi[33m.[39mvalidateField[33m&&[39me[33m.[39mprops[33m.[39mrules[33m&&[39mi[33m.[39mvalidateField(s[33m,[39mm[33m.[39mtarget[33m.[39mvalue[33m,[39me[33m.[39mprops[33m.[39mrules)}[33m,[39monBlur[33m:[39mm[33m=>[39m{m[33m.[39mtarget[33m.[39mvalue[33m!==[39md[33m&&[39m(a(o[33m,[39m[32m"TextArea"[39m[33m,[39ms[33m,[39mm[33m.[39mtarget[33m.[39mvalue)[33m,[39mi[33m!=[39m[36mnull[39m[33m&&[39mi[33m.[39mvalidateField[33m&&[39me[33m.[39mprops[33m.[39mrules[33m&&[39mi[33m.[39mvalidateField(s[33m,[39mm[33m.[39mtarget[33m.[39mvalue[33m,[39me[33m.[39mprops[33m.[39mrules))}}}}[33m,[39m[33mTextContent[39m[33m:[39m{component[33m:[39moh[33m,[39mschema[33m:[39m[33mDe[39m[33m,[39misBaseComponent[33m:[39m[33m![39m[35m0[39m}[33m,[39m[33mTable[39m[33m:[39m{component[33m:[39m[33mFh[39m[33m,[39mschema[33m:[39mua[33m,[39misBaseComponent[33m:[39m[33m![39m[35m0[39m}[33m,[39m[33mEditableTable[39m[33m:[39m{component[33m:[39me[33m=>[39m{[36mconst[39m{data[33m:[39ma[33m,[39mcolumns[33m:[39mn[33m,[39m[33m...[39mi}[33m=[39me[33m,[39mo[33m=[39m[33mRt[39m()[33m,[39ms[33m=[39m[33mBt[39m()[33m,[39ml[33m=[39m[33mDt[39m()[33m,[39mc[33m=[39m$e()[33m,[39md[33m=[39ms(e[33m.[39mname[33m,[39me[33m.[39mname)[33m,[39mm[33m=[39mne(()[33m=>[39mn[33m.[39mmap(k[33m=>[39mk[33m.[39mkey)[33m,[39m[n])[33m,[39mh[33m=[39m$(k[33m=>[39mk[33m.[39mmap([33mS[39m[33m=>[39m({[33m...[39mm[33m.[39mreduce(([33mP[39m[33m,[39m[33mI[39m[33m,[39m[33mL[39m)[33m=>[39m([33mP[39m[[33mI[39m][33m=[39m[33mS[39m[33m.[39mvalues[[33mL[39m][33m,[39m[33mP[39m)[33m,[39m{})[33m,[39mid[33m:[39m[33mS[39m[33m.[39mid}))[33m,[39m[m])[33m,[39mu[33m=[39m$(k[33m=>[39mk[33m.[39mmap([33mS[39m[33m=>[39m({id[33m:[39m[33mS[39m[33m.[39mid[33m,[39mvalues[33m:[39mm[33m.[39mmap(w[33m=>[39m[33mS[39m[w])}))[33m,[39m[m])[33m,[39mg[33m=[39m[33mD[39m([36mvoid[39m [35m0[39m)[33m,[39m[b[33m,[39mf][33m=[39m[33mF[39m(()[33m=>[39mh(d[33m||[39ma))[33m,[39m[y[33m,[39m_][33m=[39m[33mF[39m([35m0[39m)[33m;[39m[33mV[39m(()[33m=>[39m{f(h(d[33m||[39ma))}[33m,[39m[d[33m,[39ma[33m,[39mh])[33m,[39m[33mV[39m(()[33m=>[39m{c[33m||[39mg[33m.[39mcurrent[33m!==[39m[36mvoid[39m [35m0[39m[33m||[39m(g[33m.[39mcurrent[33m=[39m[36mnew[39m [33mMap[39m(h(d[33m||[39ma)[33m.[39mmap(k[33m=>[39m[k[33m.[39mid[33m,[39mk])))}[33m,[39m[c[33m,[39md[33m,[39ma[33m,[39mh])[33m;[39m[36mconst[39m v[33m=[39m$((k[33m,[39m[33mS[39m)[33m=>[39m{[36mif[39m([33m![39m[33mS[39m)[36mreturn[39m [36mvoid[39m _([35m0[39m)[33m;[39m[36mlet[39m w[33m=[39m[35m0[39m[33m;[39m[36mconst[39m [33mP[39m[33m=[39m[36mnew[39m [33mMap[39m(k[33m.[39mmap([33mI[39m[33m=>[39m{[36mconst[39m{id[33m:[39m[33mL[39m[33m,[39m[33m...[39m[33mR[39m}[33m=[39m[33mI[39m[33m;[39m[36mreturn[39m[[33mL[39m[33m,[39m[33mR[39m]}))[33m;[39m[33mS[39m[33m.[39mforEach(([33mI[39m[33m,[39m[33mL[39m)[33m=>[39m{[36mconst[39m [33mR[39m[33m=[39m[33mP[39m[33m.[39m[36mget[39m([33mL[39m)[33m;[39m[36mif[39m([33mR[39m)[36mfor[39m([36mconst[39m [33mH[39m [36mof[39m m)[33mR[39m[[33mH[39m][33m!==[39m[33mI[39m[[33mH[39m][33m&&[39mw[33m++[39m})[33m,[39m_(w)}[33m,[39m[m])[33m,[39m[33mN[39m[33m=[39m$(k[33m=>[39m{v(k[33m,[39mg[33m.[39mcurrent)[33m,[39mf(k)}[33m,[39m[v])[33m,[39mx[33m=[39m$(()[33m=>[39m{_([35m0[39m)[33m,[39mg[33m.[39mcurrent[33m&&[39mf([33mArray[39m[33m.[39m[36mfrom[39m(g[33m.[39mcurrent[33m.[39mvalues()))}[33m,[39m[])[33m,[39m[33mC[39m[33m=[39m$(()[33m=>[39m{o(e[33m.[39mname[33m,[39m[32m"EditableTable"[39m[33m,[39me[33m.[39mname[33m,[39mu(b))[33m,[39ml([32m"Save Changes"[39m[33m,[39m[32m"User wants to save the table changes"[39m[33m,[39me[33m.[39mname)[33m,[39m_([35m0[39m)[33m,[39mg[33m.[39mcurrent[33m=[39m[36mnew[39m [33mMap[39m(b[33m.[39mmap(k[33m=>[39m[k[33m.[39mid[33m,[39mk]))}[33m,[39m[e[33m.[39mname[33m,[39mb[33m,[39mu[33m,[39mo[33m,[39ml])[33m;[39m[36mreturn[39m p([33mQ[39m[33m,[39m{children[33m:[39m[t(nu[33m,[39m{data[33m:[39mb[33m,[39mcolumns[33m:[39mn[33m,[39monDataChange[33m:[39m[33mN[39m[33m,[39m[33m...[39mi})[33m,[39my[33m>[39m[35m0[39m[33m&&[39mp([32m"div"[39m[33m,[39m{className[33m:[39m[32m"c1-editable-table-changes-container"[39m[33m,[39mchildren[33m:[39m[p([32m"div"[39m[33m,[39m{className[33m:[39m[32m"c1-editable-table-changes-count"[39m[33m,[39mchildren[33m:[39m[y[33m,[39m[32m" changes made"[39m]})[33m,[39mp([32m"div"[39m[33m,[39m{className[33m:[39m[32m"c1-editable-table-changes-buttons"[39m[33m,[39mchildren[33m:[39m[t(we[33m,[39m{onClick[33m:[39mx[33m,[39mvariant[33m:[39m[32m"secondary"[39m[33m,[39msize[33m:[39m[32m"small"[39m[33m,[39miconLeft[33m:[39mt([33mQc[39m[33m,[39m{size[33m:[39m[35m16[39m})[33m,[39mchildren[33m:[39m[32m"Reset"[39m})[33m,[39mt(we[33m,[39m{onClick[33m:[39m[33mC[39m[33m,[39mvariant[33m:[39m[32m"primary"[39m[33m,[39msize[33m:[39m[32m"small"[39m[33m,[39miconLeft[33m:[39mt([33mYe[39m[33m,[39m{size[33m:[39m[35m16[39m})[33m,[39mchildren[33m:[39m[32m"Save Changes"[39m})]})]})]})}[33m,[39mschema[33m:[39m[36mas[39m[33m,[39misBaseComponent[33m:[39m[33m![39m[35m0[39m}[33m,[39m[33mSlider[39m[33m:[39m{component[33m:[39me[33m=>[39m{[36mconst[39m{label[33m:[39ma[33m,[39mname[33m:[39mn[33m,[39mvariant[33m:[39mi[33m,[39mmin[33m:[39mo[33m=[39m[35m0[39m[33m,[39mmax[33m:[39ms[33m=[39m[35m100[39m[33m,[39mstep[33m:[39ml[33m,[39mdefaultValue[33m:[39mc[33m,[39m[33m...[39md}[33m=[39me[33m,[39m[m[33m,[39mh][33m=[39m[33mF[39m(c[33m?[39m[33m?[39m[o])[33m,[39m{min[33m:[39mu[33m,[39mmax[33m:[39mg}[33m=[39mne(()[33m=>[39m{[36mconst[39m[k[33m,[39m[33mS[39m][33m=[39mm[33m,[39mw[33m=[39m[33mI[39m[33m=>[39misNaN([33mI[39m)[33m?[39m[32m"Invalid number"[39m[33m:[39m[33mI[39m[33m<[39m[33mo[39m[33m||[39m[33mI[39m[33m>[39ms[33m?[39m[32m`Value must be between ${o} and ${s}`[39m[33m:[39m[32m""[39m[33m,[39m[33mP[39m[33m=[39m{min[33m:[39mw(k)[33m,[39mmax[33m:[39mw([33mS[39m)}[33m;[39m[36mreturn[39m m[33m.[39mlength[33m>[39m[35m1[39m[33m&&[39mk[33m>[39m[33mS[39m[33m&&[39m([33mP[39m[33m.[39mmin[33m=[39m[32m"Min must be less than max"[39m)[33m,[39m[33mP[39m}[33m,[39m[m[33m,[39mo[33m,[39ms])[33m,[39mb[33m=[39m[33mD[39m(d[33m==[39m[36mnull[39m[33m?[39m[36mvoid[39m [35m0[39m[33m:[39md[33m.[39monValueCommit)[33m;[39mb[33m.[39mcurrent[33m=[39md[33m.[39monValueCommit[33m;[39m[36mconst[39m f[33m=[39mne(()[33m=>[39mpd(k[33m=>[39m{[36mvar[39m [33mS[39m[33m;[39m([33mS[39m[33m=[39mb[33m.[39mcurrent)[33m==[39m[36mnull[39m[33m||[39m[33mS[39m[33m.[39mcall(b[33m,[39mk)}[33m,[39m[35m200[39m)[33m,[39m[])[33m;[39m[33mV[39m(()[33m=>[39m()[33m=>[39m{f[33m.[39mflush()}[33m,[39m[f])[33m;[39m[36mconst[39m y[33m=[39m$(k[33m=>[39m{h(k)[33m,[39mf(k)}[33m,[39m[f])[33m;[39m[33mV[39m(()[33m=>[39m{h(c[33m?[39m[33m?[39m[o])}[33m,[39m[c[33m,[39mo])[33m;[39m[36mconst[39m _[33m=[39mm[33m.[39mlength[33m>[39m[35m1[39m[33m,[39mv[33m=[39mi[33m===[39m[32m"discrete"[39m[33m,[39m[33mN[39m[33m=[39mv[33m?[39ml[33m?[39m[33m?[39m[35m1[39m[33m:[39m[33mMath[39m[33m.[39mmax([35m1[39m[33m,[39ml[33m?[39m[33m?[39m[35m1[39m)[33m,[39mx[33m=[39mne(()[33m=>[39m{[36mif[39m(v){[36mconst[39m k[33m=[39m[33mArray[39m[33m.[39m[36mfrom[39m({length[33m:[39m[33mMath[39m[33m.[39mfloor((s[33m-[39mo)[33m/[39m[33mN[39m)[33m+[39m[35m1[39m}[33m,[39m([33mS[39m[33m,[39mw)[33m=>[39mo[33m+[39mw[33m*[39m[33mN[39m)[33m;[39m[36mreturn[39m t([32m"div"[39m[33m,[39m_[33m?[39m{className[33m:[39m[32m"c1-slider-block__controls is-range"[39m[33m,[39mchildren[33m:[39mp([32m"div"[39m[33m,[39m{className[33m:[39m[32m"c1-slider-block__validated-select-container"[39m[33m,[39mchildren[33m:[39m[p(ea[33m,[39m{value[33m:[39m[33mString[39m(m[[35m0[39m])[33m,[39monValueChange[33m:[39m[33mS[39m[33m=>[39my([[33mNumber[39m([33mS[39m)[33m,[39mm[[35m1[39m][33m?[39m[33m?[39ms][33m.[39msort((w[33m,[39m[33mP[39m)[33m=>[39mw[33m-[39m[33mP[39m))[33m,[39mchildren[33m:[39m[t([33mPa[39m[33m,[39m{children[33m:[39mt([33mIa[39m[33m,[39m{})})[33m,[39mt(ta[33m,[39m{children[33m:[39mk[33m.[39mfilter([33mS[39m[33m=>[39m[33mS[39m[33m<[39m(m[[35m1[39m][33m?[39m[33m?[39ms))[33m.[39mmap([33mS[39m[33m=>[39mt([33mQt[39m[33m,[39m{value[33m:[39m[33mString[39m([33mS[39m)[33m,[39mchildren[33m:[39m[33mS[39m}[33m,[39m[33mS[39m))})]})[33m,[39mt([32m"div"[39m[33m,[39m{className[33m:[39m[32m"c1-slider-block__separator"[39m})[33m,[39mp(ea[33m,[39m{value[33m:[39m[33mString[39m(m[[35m1[39m])[33m,[39monValueChange[33m:[39m[33mS[39m[33m=>[39my([m[[35m0[39m][33m?[39m[33m?[39mo[33m,[39m[33mNumber[39m([33mS[39m)][33m.[39msort((w[33m,[39m[33mP[39m)[33m=>[39mw[33m-[39m[33mP[39m))[33m,[39mchildren[33m:[39m[t([33mPa[39m[33m,[39m{children[33m:[39mt([33mIa[39m[33m,[39m{})})[33m,[39mt(ta[33m,[39m{children[33m:[39mk[33m.[39mfilter([33mS[39m[33m=>[39m[33mS[39m[33m>[39m(m[[35m0[39m][33m?[39m[33m?[39mo))[33m.[39mmap([33mS[39m[33m=>[39mt([33mQt[39m[33m,[39m{value[33m:[39m[33mString[39m([33mS[39m)[33m,[39mchildren[33m:[39m[33mS[39m}[33m,[39m[33mS[39m))})]})]})}[33m:[39m{className[33m:[39m[32m"c1-slider-block__controls is-single"[39m[33m,[39mchildren[33m:[39mp(ea[33m,[39m{value[33m:[39m[33mString[39m(m[[35m0[39m])[33m,[39monValueChange[33m:[39m[33mS[39m[33m=>[39my([[33mNumber[39m([33mS[39m)])[33m,[39mchildren[33m:[39m[t([33mPa[39m[33m,[39m{children[33m:[39mt([33mIa[39m[33m,[39m{})})[33m,[39mt(ta[33m,[39m{children[33m:[39mk[33m.[39mmap([33mS[39m[33m=>[39mt([33mQt[39m[33m,[39m{value[33m:[39m[33mString[39m([33mS[39m)[33m,[39mchildren[33m:[39m[33mS[39m}[33m,[39m[33mS[39m))})]})})}[36mreturn[39m p([32m"div"[39m[33m,[39m_[33m?[39m{className[33m:[39m[32m"c1-slider-block__controls c1-slider-block__controls--inputs is-range"[39m[33m,[39mchildren[33m:[39m[p([32m"div"[39m[33m,[39m{className[33m:[39m[32m"c1-slider-block__validated-input-container"[39m[33m,[39mchildren[33m:[39m[t(kr[33m,[39m{value[33m:[39mm[[35m0[39m][33m?[39m[33m?[39mo[33m,[39monChange[33m:[39mk[33m=>[39my([k[33m,[39mm[[35m1[39m][33m?[39m[33m?[39ms])[33m,[39merror[33m:[39mu})[33m,[39mt([32m"div"[39m[33m,[39m{className[33m:[39m[32m"c1-slider-block__separator"[39m})[33m,[39mt(kr[33m,[39m{value[33m:[39mm[[35m1[39m][33m?[39m[33m?[39ms[33m,[39monChange[33m:[39mk[33m=>[39my([m[[35m0[39m][33m?[39m[33m?[39mo[33m,[39mk])[33m,[39merror[33m:[39mg})]})[33m,[39m(u[33m||[39mg)[33m&&[39mp([32m"div"[39m[33m,[39m{className[33m:[39m[32m"c1-slider-block__error-message"[39m[33m,[39mchildren[33m:[39m[t(sa[33m,[39m{size[33m:[39m[35m14[39m})[33m,[39m[32m" "[39m[33m,[39mu[33m||[39mg]})]}[33m:[39m{className[33m:[39m[32m"c1-slider-block__controls c1-slider-block__controls--inputs is-single"[39m[33m,[39mchildren[33m:[39m[t(kr[33m,[39m{value[33m:[39mm[[35m0[39m][33m?[39m[33m?[39mo[33m,[39monChange[33m:[39mk[33m=>[39my([k])[33m,[39merror[33m:[39mu})[33m,[39mu[33m&&[39mp([32m"div"[39m[33m,[39m{className[33m:[39m[32m"c1-slider-block__error-message"[39m[33m,[39mchildren[33m:[39m[t(sa[33m,[39m{size[33m:[39m[35m14[39m})[33m,[39mu]})]})}[33m,[39m[v[33m,[39m_[33m,[39mm[33m,[39mo[33m,[39ms[33m,[39m[33mN[39m[33m,[39mu[33m,[39mg[33m,[39my])[33m;[39m[36mreturn[39m p([32m"div"[39m[33m,[39m{className[33m:[39m[32m"c1-slider-block"[39m[33m,[39mchildren[33m:[39m[p([32m"div"[39m[33m,[39m{className[33m:[39m[33mT[39m([32m"c1-slider-block__header"[39m[33m,[39m{[32m"c1-slider-block__header--with-error"[39m[33m:[39m[33m![39mv[33m&&[39m(_[33m?[39m[33m![39m[33m![39m(u[33m||[39mg)[33m:[39m[33m![39m[33m![39mu)})[33m,[39mchildren[33m:[39m[t([32m"span"[39m[33m,[39m{className[33m:[39m[32m"c1-slider-block__label"[39m[33m,[39mchildren[33m:[39ma})[33m,[39mx]})[33m,[39mt([32m"div"[39m[33m,[39m{className[33m:[39m[32m"c1-slider-block__content"[39m[33m,[39mchildren[33m:[39mt(xc[33m,[39m{[33m...[39md[33m,[39mvalue[33m:[39mm[33m,[39monValueChange[33m:[39mk[33m=>[39m{y([[33m...[39mk][33m.[39msort(([33mS[39m[33m,[39mw)[33m=>[39m[33mS[39m[33m-[39mw))}[33m,[39mmin[33m:[39mo[33m,[39mmax[33m:[39ms[33m,[39mstep[33m:[39m[33mN[39m[33m,[39mvariant[33m:[39mi[33m,[39mname[33m:[39mn})})]})}[33m,[39mschema[33m:[39mzo[33m,[39misBaseComponent[33m:[39m[33m![39m[35m0[39m[33m,[39m[33mExtraProps[39m[33m:[39me[33m=>[39m{[36mconst[39m{updateContext[33m:[39ma[33m,[39mgetFormFieldValue[33m:[39mn[33m,[39mformContext[33m:[39mi}[33m=[39me[33m.[39mhooks[33m,[39mo[33m=[39mi[33m==[39m[36mnull[39m[33m?[39m[36mvoid[39m [35m0[39m[33m:[39mi[33m.[39mformName[33m,[39ms[33m=[39me[33m.[39mprops[33m.[39mname[33m,[39ml[33m=[39me[33m.[39mprops[33m.[39mdefaultValue[33m,[39mc[33m=[39mn(o[33m,[39ms)[33m;[39m[33mKe[39m({formName[33m:[39mo[33m,[39mcomponentType[33m:[39m[32m"Slider"[39m[33m,[39mname[33m:[39ms[33m,[39mexistingValue[33m:[39mc[33m,[39mdefaultValue[33m:[39ml})[33m;[39m[36mconst[39m d[33m=[39mc[33m!==[39m[36mvoid[39m [35m0[39m[33m?[39mc[33m:[39ml[33m.[39mlength[33m===[39m[35m0[39m[33m?[39m[36mvoid[39m [35m0[39m[33m:[39ml[33m;[39m[36mreturn[39m{[33m...[39md[33m&&[39m{defaultValue[33m:[39md}[33m,[39monValueCommit[33m:[39mm[33m=>[39m{aa(m[33m,[39md)[33m||[39m(a(o[33m,[39m[32m"Slider"[39m[33m,[39ms[33m,[39mm)[33m,[39mi[33m!=[39m[36mnull[39m[33m&&[39mi[33m.[39mvalidateField[33m&&[39me[33m.[39mprops[33m.[39mrules[33m&&[39mi[33m.[39mvalidateField(s[33m,[39mm[33m,[39me[33m.[39mprops[33m.[39mrules))}}}}[33m,[39m[33mLineChart[39m[33m:[39m{deprecated[33m:[39m[33m![39m[35m0[39m[33m,[39mcomponent[33m:[39m[33mY[39m([33mHc[39m)[33m,[39mschema[33m:[39m[33mJa[39m[33m,[39misBaseComponent[33m:[39m[33m![39m[35m0[39m[33m,[39m[33mExtraProps[39m[33m:[39me[33m=>[39m{[36mconst[39m{isStreaming[33m:[39ma}[33m=[39me[33m.[39mhooks[33m||[39m{}[33m;[39m[36mreturn[39m{isAnimationActive[33m:[39ma[33m,[39mtheme[33m:[39m[32m"vivid"[39m}}}[33m,[39m[33mPieChart[39m[33m:[39m{deprecated[33m:[39m[33m![39m[35m0[39m[33m,[39mcomponent[33m:[39m[33mY[39m(zn)[33m,[39mschema[33m:[39m[33mQa[39m[33m,[39misBaseComponent[33m:[39m[33m![39m[35m0[39m[33m,[39m[33mExtraProps[39m[33m:[39me[33m=>[39m{[36mconst[39m{isStreaming[33m:[39ma}[33m=[39me[33m.[39mhooks[33m||[39m{}[33m;[39m[36mreturn[39m{isAnimationActive[33m:[39ma[33m,[39mtheme[33m:[39m[32m"vivid"[39m}}}[33m,[39m[33mRadarChart[39m[33m:[39m{deprecated[33m:[39m[33m![39m[35m0[39m[33m,[39mcomponent[33m:[39m[33mY[39m(xm)[33m,[39mschema[33m:[39mer[33m,[39misBaseComponent[33m:[39m[33m![39m[35m0[39m[33m,[39m[33mExtraProps[39m[33m:[39me[33m=>[39m{[36mconst[39m{isStreaming[33m:[39ma}[33m=[39me[33m.[39mhooks[33m||[39m{}[33m;[39m[36mreturn[39m{isAnimationActive[33m:[39ma[33m,[39mtheme[33m:[39m[32m"vivid"[39m}}}[33m,[39m[33mRadialChart[39m[33m:[39m{deprecated[33m:[39m[33m![39m[35m0[39m[33m,[39mcomponent[33m:[39m[33mY[39m([33mCm[39m)[33m,[39mschema[33m:[39mtr[33m,[39misBaseComponent[33m:[39m[33m![39m[35m0[39m[33m,[39m[33mExtraProps[39m[33m:[39me[33m=>[39m{[36mconst[39m{isStreaming[33m:[39ma}[33m=[39me[33m.[39mhooks[33m||[39m{}[33m;[39m[36mreturn[39m{isAnimationActive[33m:[39ma[33m,[39mtheme[33m:[39m[32m"vivid"[39m}}}[33m,[39m[33mBarChart[39m[33m:[39m{deprecated[33m:[39m[33m![39m[35m0[39m[33m,[39mcomponent[33m:[39m[33mY[39m([33mVc[39m)[33m,[39mschema[33m:[39m[33mGa[39m[33m,[39misBaseComponent[33m:[39m[33m![39m[35m0[39m[33m,[39m[33mExtraProps[39m[33m:[39me[33m=>[39m{[36mconst[39m{isStreaming[33m:[39ma}[33m=[39me[33m.[39mhooks[33m||[39m{}[33m;[39m[36mreturn[39m{isAnimationActive[33m:[39ma[33m,[39mtheme[33m:[39m[32m"sunset"[39m}}}[33m,[39m[33mAreaChart[39m[33m:[39m{deprecated[33m:[39m[33m![39m[35m0[39m[33m,[39mcomponent[33m:[39m[33mY[39m(jc)[33m,[39mschema[33m:[39m[33mYa[39m[33m,[39misBaseComponent[33m:[39m[33m![39m[35m0[39m[33m,[39m[33mExtraProps[39m[33m:[39me[33m=>[39m{[36mconst[39m{isStreaming[33m:[39ma}[33m=[39me[33m.[39mhooks[33m||[39m{}[33m;[39m[36mreturn[39m{isAnimationActive[33m:[39ma[33m,[39mtheme[33m:[39m[32m"vivid"[39m}}}[33m,[39m[33mLineChartV2[39m[33m:[39m{component[33m:[39mot([33mGm[39m[33m,[39m[32m"2d"[39m[33m,[39m[32m"LineChartV2"[39m)[33m,[39mschema[33m:[39mfo[33m,[39misBaseComponent[33m:[39m[33m![39m[35m0[39m[33m,[39m[33mExtraProps[39m[33m:[39me[33m=>[39m{[36mconst[39m{isStreaming[33m:[39ma}[33m=[39me[33m.[39mhooks[33m||[39m{}[33m;[39m[36mreturn[39m{isAnimationActive[33m:[39ma[33m,[39mtheme[33m:[39m[32m"vivid"[39m[33m,[39mcategoryKey[33m:[39m[32m"category"[39m}}}[33m,[39m[33mPieChartV2[39m[33m:[39m{component[33m:[39mot(zn[33m,[39m[32m"1d"[39m[33m,[39m[32m"PieChartV2"[39m)[33m,[39mschema[33m:[39mbo[33m,[39misBaseComponent[33m:[39m[33m![39m[35m0[39m[33m,[39m[33mExtraProps[39m[33m:[39me[33m=>[39m{[36mconst[39m{isStreaming[33m:[39ma}[33m=[39me[33m.[39mhooks[33m||[39m{}[33m;[39m[36mreturn[39m{isAnimationActive[33m:[39ma[33m,[39mtheme[33m:[39m[32m"vivid"[39m[33m,[39mdataKey[33m:[39m[32m"value"[39m[33m,[39mcategoryKey[33m:[39m[32m"category"[39m}}}[33m,[39m[33mRadarChartV2[39m[33m:[39m{component[33m:[39mot([33mQm[39m[33m,[39m[32m"2d"[39m[33m,[39m[32m"RadarChartV2"[39m)[33m,[39mschema[33m:[39myo[33m,[39misBaseComponent[33m:[39m[33m![39m[35m0[39m[33m,[39m[33mExtraProps[39m[33m:[39me[33m=>[39m{[36mconst[39m{isStreaming[33m:[39ma}[33m=[39me[33m.[39mhooks[33m||[39m{}[33m;[39m[36mreturn[39m{isAnimationActive[33m:[39ma[33m,[39mtheme[33m:[39m[32m"vivid"[39m[33m,[39mcategoryKey[33m:[39m[32m"category"[39m}}}[33m,[39m[33mRadialChartV2[39m[33m:[39m{component[33m:[39mot(tp[33m,[39m[32m"1d"[39m[33m,[39m[32m"RadialChartV2"[39m)[33m,[39mschema[33m:[39mvo[33m,[39misBaseComponent[33m:[39m[33m![39m[35m0[39m[33m,[39m[33mExtraProps[39m[33m:[39me[33m=>[39m{[36mconst[39m{isStreaming[33m:[39ma}[33m=[39me[33m.[39mhooks[33m||[39m{}[33m;[39m[36mreturn[39m{isAnimationActive[33m:[39ma[33m,[39mtheme[33m:[39m[32m"vivid"[39m[33m,[39mdataKey[33m:[39m[32m"value"[39m[33m,[39mcategoryKey[33m:[39m[32m"category"[39m}}}[33m,[39m[33mBarChartV2[39m[33m:[39m{component[33m:[39mot([33mZm[39m[33m,[39m[32m"2d"[39m[33m,[39m[32m"BarChartV2"[39m)[33m,[39mschema[33m:[39m_o[33m,[39misBaseComponent[33m:[39m[33m![39m[35m0[39m[33m,[39m[33mExtraProps[39m[33m:[39me[33m=>[39m{[36mconst[39m{isStreaming[33m:[39ma}[33m=[39me[33m.[39mhooks[33m||[39m{}[33m;[39m[36mreturn[39m{isAnimationActive[33m:[39ma[33m,[39mtheme[33m:[39m[32m"sunset"[39m[33m,[39mcategoryKey[33m:[39m[32m"category"[39m}}}[33m,[39m[33mAreaChartV2[39m[33m:[39m{component[33m:[39mot([33mKm[39m[33m,[39m[32m"2d"[39m[33m,[39m[32m"AreaChartV2"[39m)[33m,[39mschema[33m:[39mgo[33m,[39misBaseComponent[33m:[39m[33m![39m[35m0[39m[33m,[39m[33mExtraProps[39m[33m:[39me[33m=>[39m{[36mconst[39m{isStreaming[33m:[39ma}[33m=[39me[33m.[39mhooks[33m||[39m{}[33m;[39m[36mreturn[39m{isAnimationActive[33m:[39ma[33m,[39mtheme[33m:[39m[32m"vivid"[39m[33m,[39mcategoryKey[33m:[39m[32m"category"[39m}}}[33m,[39m[33mSingleStackedBarChart[39m[33m:[39m{component[33m:[39mot(ko[33m,[39m[32m"1d"[39m[33m,[39m[32m"SingleStackedBarChart"[39m)[33m,[39mschema[33m:[39mxo[33m,[39misBaseComponent[33m:[39m[33m![39m[35m0[39m[33m,[39m[33mExtraProps[39m[33m:[39me[33m=>[39m{[36mconst[39m{isStreaming[33m:[39ma}[33m=[39me[33m.[39mhooks[33m||[39m{}[33m;[39m[36mreturn[39m{isAnimationActive[33m:[39ma[33m,[39mtheme[33m:[39m[32m"vivid"[39m[33m,[39mcategoryKey[33m:[39m[32m"category"[39m[33m,[39mdataKey[33m:[39m[32m"value"[39m}}}[33m,[39m[33mScatterChart[39m[33m:[39m{component[33m:[39mot([33mUc[39m[33m,[39m[32m"scatter"[39m[33m,[39m[32m"ScatterChart"[39m)[33m,[39mschema[33m:[39mwo[33m,[39misBaseComponent[33m:[39m[33m![39m[35m0[39m[33m,[39m[33mExtraProps[39m[33m:[39me[33m=>[39m{[36mconst[39m{isStreaming[33m:[39ma}[33m=[39me[33m.[39mhooks[33m||[39m{}[33m;[39m[36mreturn[39m{isAnimationActive[33m:[39ma[33m,[39mshape[33m:[39m[32m"square"[39m[33m,[39mtheme[33m:[39m[32m"vivid"[39m[33m,[39mcategoryKey[33m:[39m[32m"category"[39m}}}[33m,[39m[33mDatePicker[39m[33m:[39m{component[33m:[39m[33mY[39m([33mEi[39m)[33m,[39mschema[33m:[39m[33mEo[39m[33m,[39misBaseComponent[33m:[39m[33m![39m[35m0[39m[33m,[39m[33mExtraProps[39m[33m:[39me[33m=>[39m{[36mconst[39m{updateContext[33m:[39ma[33m,[39mformContext[33m:[39mn}[33m=[39me[33m.[39mhooks[33m||[39m{}[33m,[39mi[33m=[39mn[33m==[39m[36mnull[39m[33m?[39m[36mvoid[39m [35m0[39m[33m:[39mn[33m.[39mformName[33m,[39mo[33m=[39me[33m.[39mprops[33m.[39mname[33m;[39m[36mlet[39m s[33m;[39me[33m.[39mprops[33m.[39mmode[33m===[39m[32m"single"[39m[33m&&[39me[33m.[39mprops[33m.[39msingleDefaultDate[33m&&[39m(s[33m=[39m{date[33m:[39me[33m.[39mprops[33m.[39msingleDefaultDate[33m,[39mmode[33m:[39m[32m"single"[39m})[33m,[39me[33m.[39mprops[33m.[39mmode[33m===[39m[32m"range"[39m[33m&&[39me[33m.[39mprops[33m.[39mrangeDefaultDates[33m&&[39me[33m.[39mprops[33m.[39mrangeDefaultDates[33m.[39mlength[33m===[39m[35m2[39m[33m&&[39m(s[33m=[39m{dateRange[33m:[39me[33m.[39mprops[33m.[39mrangeDefaultDates[33m,[39mmode[33m:[39m[32m"range"[39m})[33m;[39m[36mconst[39m l[33m=[39me[33m.[39mhooks[33m.[39mgetFormFieldValue(i[33m,[39mo)[33m,[39mc[33m=[39m{}[33m;[39m[36mif[39m(l[33m||[39ms){[36mconst[39m d[33m=[39ml[33m||[39ms[33m;[39md[33m.[39mmode[33m===[39m[32m"single"[39m[33m&&[39md[33m.[39mdate[33m&&[39m(c[33m.[39mselectedSingleDate[33m=[39md[33m.[39mdate)[33m,[39md[33m.[39mmode[33m===[39m[32m"range"[39m[33m&&[39md[33m.[39mdateRange[33m&&[39md[33m.[39mdateRange[33m.[39mlength[33m===[39m[35m2[39m[33m&&[39m(c[33m.[39mselectedRangeDates[33m=[39m{[36mfrom[39m[33m:[39m[36mnew[39m [33mDate[39m(d[33m.[39mdateRange[[35m0[39m])[33m,[39mto[33m:[39m[36mnew[39m [33mDate[39m(d[33m.[39mdateRange[[35m1[39m])})}[36mreturn[39m [33mKe[39m({formName[33m:[39mi[33m,[39mcomponentType[33m:[39m[32m"DatePicker"[39m[33m,[39mname[33m:[39mo[33m,[39mexistingValue[33m:[39ml[33m,[39mdefaultValue[33m:[39ms})[33m,[39m{[33m...[39mc[33m,[39msetSelectedSingleDate[33m:[39md[33m=>[39m{[36mconst[39m m[33m=[39m{mode[33m:[39m[32m"single"[39m[33m,[39mdate[33m:[39md[33m.[39mtoString()}[33m;[39ma(i[33m,[39m[32m"DatePicker"[39m[33m,[39me[33m.[39mprops[33m.[39mname[33m,[39mm)[33m,[39mn[33m!=[39m[36mnull[39m[33m&&[39mn[33m.[39mvalidateField[33m&&[39me[33m.[39mprops[33m.[39mrules[33m&&[39mn[33m.[39mvalidateField(o[33m,[39mm[33m,[39me[33m.[39mprops[33m.[39mrules)}[33m,[39msetSelectedRangeDates[33m:[39md[33m=>[39m{[36mvar[39m h[33m,[39mu[33m;[39m[36mconst[39m m[33m=[39m{mode[33m:[39m[32m"range"[39m[33m,[39mdateRange[33m:[39m[(h[33m=[39md[33m==[39m[36mnull[39m[33m?[39m[36mvoid[39m [35m0[39m[33m:[39md[33m.[39m[36mfrom[39m)[33m==[39m[36mnull[39m[33m?[39m[36mvoid[39m [35m0[39m[33m:[39mh[33m.[39mtoString()[33m,[39m(u[33m=[39md[33m==[39m[36mnull[39m[33m?[39m[36mvoid[39m [35m0[39m[33m:[39md[33m.[39mto)[33m==[39m[36mnull[39m[33m?[39m[36mvoid[39m [35m0[39m[33m:[39mu[33m.[39mtoString()]}[33m;[39ma(i[33m,[39m[32m"DatePickerRange"[39m[33m,[39me[33m.[39mprops[33m.[39mname[33m,[39mm)[33m,[39mn[33m!=[39m[36mnull[39m[33m&&[39mn[33m.[39mvalidateField[33m&&[39me[33m.[39mprops[33m.[39mrules[33m&&[39mn[33m.[39mvalidateField(o[33m,[39mm[33m,[39me[33m.[39mprops[33m.[39mrules)}}}}[33m,[39m[33mFormControl[39m[33m:[39m{component[33m:[39msp[33m,[39mschema[33m:[39m[33mSp[39m[33m,[39misBaseComponent[33m:[39m[33m![39m[35m1[39m}[33m,[39m[33mForm[39m[33m:[39m{component[33m:[39mkh[33m,[39mschema[33m:[39mvt[33m,[39misBaseComponent[33m:[39m[33m![39m[35m0[39m}[33m,[39m[33mCarousel[39m[33m:[39m{component[33m:[39m[33mY[39m([33mXr[39m)[33m,[39mschema[33m:[39mpn[33m,[39misBaseComponent[33m:[39m[33m![39m[35m0[39m[33m,[39mdeprecated[33m:[39m[33m![39m[35m0[39m}[33m,[39m[33mCarouselItem[39m[33m:[39m{component[33m:[39m[33mY[39m([33mYr[39m)[33m,[39mschema[33m:[39m[33mGo[39m[33m,[39misBaseComponent[33m:[39m[33m![39m[35m1[39m[33m,[39mdeprecated[33m:[39m[33m![39m[35m0[39m}[33m,[39m[33mCarouselContent[39m[33m:[39m{component[33m:[39m[33mY[39m([33mZr[39m)[33m,[39mschema[33m:[39m[33mJo[39m[33m,[39misBaseComponent[33m:[39m[33m![39m[35m1[39m[33m,[39mdeprecated[33m:[39m[33m![39m[35m0[39m}[33m,[39m[33mCarouselPrevious[39m[33m:[39m{component[33m:[39m[33mY[39m(wi)[33m,[39mschema[33m:[39mes[33m,[39misBaseComponent[33m:[39m[33m![39m[35m1[39m[33m,[39mdeprecated[33m:[39m[33m![39m[35m0[39m}[33m,[39m[33mCarouselNext[39m[33m:[39m{component[33m:[39m[33mY[39m(vi)[33m,[39mschema[33m:[39mts[33m,[39misBaseComponent[33m:[39m[33m![39m[35m1[39m[33m,[39mdeprecated[33m:[39m[33m![39m[35m0[39m}[33m,[39m[33mCarouselV2[39m[33m:[39m{component[33m:[39mdh[33m,[39mschema[33m:[39msr[33m,[39misBaseComponent[33m:[39m[33m![39m[35m0[39m}[33m,[39m[33mSteps[39m[33m:[39m{component[33m:[39me[33m=>[39m{[36mconst[39m{children[33m:[39ma[33m,[39mheader[33m:[39mn[33m,[39m[33m...[39mi}[33m=[39me[33m;[39m[36mreturn[39m p([32m"div"[39m[33m,[39m{className[33m:[39m[32m"c1-steps-wrapper"[39m[33m,[39mchildren[33m:[39m[n[33m&&[39mt([33mK[39m[33m,[39m{[33m...[39mn[33m,[39mcomponent[33m:[39m[32m"InlineHeader"[39m})[33m,[39mt([33mLr[39m[33m,[39m{[33m...[39mi[33m,[39mchildren[33m:[39ma[33m==[39m[36mnull[39m[33m?[39m[36mvoid[39m [35m0[39m[33m:[39ma[33m.[39mmap((o[33m,[39ms)[33m=>[39mt([33mMr[39m[33m,[39m{title[33m:[39mt([33mEe[39m[33m,[39m{content[33m:[39mo[33m.[39mprops[33m.[39mtitle})[33m,[39mdetails[33m:[39mt([33mK[39m[33m,[39m{[33m...[39mo[33m.[39mprops[33m.[39mdetails})}[33m,[39ms))})]})}[33m,[39mschema[33m:[39mxt[33m,[39misBaseComponent[33m:[39m[33m![39m[35m0[39m}[33m,[39m[33mStepsItem[39m[33m:[39m{component[33m:[39m[33mY[39m(qc)[33m,[39mschema[33m:[39mcs[33m,[39misBaseComponent[33m:[39m[33m![39m[35m1[39m}[33m,[39m[33mCallout[39m[33m:[39m{component[33m:[39me[33m=>[39m{[36mconst[39m{variant[33m:[39ma[33m=[39m[32m"neutral"[39m[33m,[39mtitle[33m:[39mn[33m,[39mdescription[33m:[39mi[33m,[39m[33m...[39mo}[33m=[39me[33m;[39m[36mreturn[39m t(bi[33m,[39m{variant[33m:[39ma[33m,[39mtitle[33m:[39mn[33m,[39mdescription[33m:[39mi[33m,[39micon[33m:[39mt([33mK[39m[33m,[39m{component[33m:[39m[32m"Icon"[39m[33m,[39mprops[33m:[39m{name[33m:[39m{neutral[33m:[39m[32m"info"[39m[33m,[39minfo[33m:[39m[32m"info"[39m[33m,[39mwarning[33m:[39m[32m"circle-alert"[39m[33m,[39msuccess[33m:[39m[32m"circle-check"[39m}[a]}})[33m,[39m[33m...[39mo})}[33m,[39mschema[33m:[39mdn[33m,[39misBaseComponent[33m:[39m[33m![39m[35m0[39m[33m,[39mdeprecated[33m:[39m[33m![39m[35m0[39m}[33m,[39m[33mCalloutV2[39m[33m:[39m{component[33m:[39m[33mY[39m(e[33m=>[39m{[36mconst[39m{title[33m:[39ma[33m,[39mdescription[33m:[39mn[33m,[39mvariant[33m:[39mi[33m,[39m[33m...[39mo}[33m=[39me[33m;[39m[36mreturn[39m p([32m"div"[39m[33m,[39m{className[33m:[39m[33mT[39m([32m"c1-callout-v2"[39m[33m,[39m[33mRh[39m[i])[33m,[39m[33m...[39mo[33m,[39mchildren[33m:[39m[t([32m"span"[39m[33m,[39m{className[33m:[39m[32m"c1-callout-v2-title"[39m[33m,[39mchildren[33m:[39mt([33mEe[39m[33m,[39m{content[33m:[39ma})})[33m,[39mt([32m"span"[39m[33m,[39m{className[33m:[39m[32m"c1-callout-v2-description"[39m[33m,[39mchildren[33m:[39mt([33mEe[39m[33m,[39m{content[33m:[39mn})})]})})[33m,[39mschema[33m:[39mor[33m,[39misBaseComponent[33m:[39m[33m![39m[35m0[39m}[33m,[39m[33mMiniChart[39m[33m:[39m{component[33m:[39m[33mY[39m([33mNh[39m)[33m,[39mschema[33m:[39mns[33m,[39misBaseComponent[33m:[39m[33m![39m[35m0[39m[33m,[39m[33mExtraProps[39m[33m:[39me[33m=>[39m{[36mconst[39m{isStreaming[33m:[39ma}[33m=[39me[33m.[39mhooks[33m||[39m{}[33m;[39m[36mreturn[39m{isAnimationActive[33m:[39ma[33m,[39mtheme[33m:[39m[32m"sunset"[39m}}}[33m,[39m[33mMiniCard[39m[33m:[39m{component[33m:[39m[33mY[39m(e[33m=>[39m{[36mconst[39m{lhs[33m:[39ma[33m,[39mrhs[33m:[39mn[33m,[39m[33m...[39mi}[33m=[39me[33m;[39m[36mreturn[39m p([32m"div"[39m[33m,[39m{className[33m:[39m[32m"c1-mini-card"[39m[33m,[39m[33m...[39mi[33m,[39mchildren[33m:[39m[a[33m&&[39mt([32m"div"[39m[33m,[39m{className[33m:[39m[32m"c1-mini-card-lhs"[39m[33m,[39mchildren[33m:[39ma})[33m,[39mn[33m&&[39mt([32m"div"[39m[33m,[39m{className[33m:[39m[32m"c1-mini-card-rhs"[39m[33m,[39mchildren[33m:[39mn})]})})[33m,[39mschema[33m:[39mls[33m,[39misBaseComponent[33m:[39m[33m![39m[35m0[39m}[33m,[39m[33mProfileTile[39m[33m:[39m{component[33m:[39m[33mY[39m(e[33m=>[39m{[36mconst[39m{title[33m:[39ma[33m,[39mlabel[33m:[39mn[33m,[39mchild[33m:[39mi[33m,[39m[33m...[39mo}[33m=[39me[33m,[39ms[33m=[39mi[33m==[39m[36mnull[39m[33m?[39m[36mvoid[39m [35m0[39m[33m:[39mi[33m.[39mprops[33m,[39ml[33m=[39m[33mT[39m([32m"c1-profile-tile"[39m[33m,[39m{[32m"c1-profile-tile-with-image"[39m[33m:[39m(s[33m==[39m[36mnull[39m[33m?[39m[36mvoid[39m [35m0[39m[33m:[39ms[33m.[39mcomponent)[33m===[39m[32m"Image"[39m[33m,[39m[32m"c1-profile-tile-with-icon"[39m[33m:[39m(s[33m==[39m[36mnull[39m[33m?[39m[36mvoid[39m [35m0[39m[33m:[39ms[33m.[39mcomponent)[33m===[39m[32m"Icon"[39m})[33m;[39m[36mreturn[39m p([32m"div"[39m[33m,[39m{className[33m:[39ml[33m,[39m[33m...[39mo[33m,[39mchildren[33m:[39m[t([32m"div"[39m[33m,[39m{className[33m:[39m[32m"c1-profile-tile-tag-image-container"[39m[33m,[39mchildren[33m:[39m(()[33m=>[39m{[36mif[39m([33m![39mi)[36mreturn[39m [36mnull[39m[33m;[39m[36mif[39m(s[33m.[39mcomponent[33m===[39m[32m"Image"[39m){[36mconst[39m c[33m=[39ms[33m.[39mprops[33m;[39m[36mreturn[39m t([32m"div"[39m[33m,[39m{className[33m:[39m[32m"c1-profile-tile-profile-image"[39m[33m,[39mchildren[33m:[39mt(ut[33m,[39m{src[33m:[39mc[33m.[39msrc[33m,[39malt[33m:[39mc[33m.[39malt[33m,[39maspectRatio[33m:[39m[32m"1:1"[39m})})}[36mif[39m(s[33m.[39mcomponent[33m===[39m[32m"Icon"[39m){[36mconst[39m c[33m=[39ms[33m.[39mprops[33m;[39m[36mreturn[39m t([32m"div"[39m[33m,[39m{className[33m:[39m[32m"c1-profile-tile-icon"[39m[33m,[39mchildren[33m:[39mt(de[33m,[39m{name[33m:[39mc[33m.[39mname[33m,[39mcategory[33m:[39mc[33m.[39mcategory})})}[36mreturn[39m [36mnull[39m})()})[33m,[39mt(gt[33m,[39m{tooltipHeading[33m:[39ma[33m,[39mtooltipContent[33m:[39mn[33m,[39mshowOnlyWhenTruncated[33m:[39m[33m![39m[35m0[39m[33m,[39mchildren[33m:[39mp([32m"div"[39m[33m,[39m{className[33m:[39m[32m"c1-profile-tile-content-container"[39m[33m,[39mchildren[33m:[39m[t([32m"div"[39m[33m,[39m{className[33m:[39m[32m"c1-profile-tile-title"[39m[33m,[39mchildren[33m:[39mt([33mEe[39m[33m,[39m{content[33m:[39ma})})[33m,[39mt([32m"div"[39m[33m,[39m{className[33m:[39m[32m"c1-profile-tile-label"[39m[33m,[39mchildren[33m:[39mt([33mEe[39m[33m,[39m{content[33m:[39mn})})]})})]})})[33m,[39mschema[33m:[39mos[33m,[39misBaseComponent[33m:[39m[33m![39m[35m0[39m}[33m,[39m[33mStats[39m[33m:[39m{component[33m:[39m[33mY[39m(e[33m=>[39m{[36mconst[39m{number[33m:[39ma[33m,[39mlabel[33m:[39mn[33m,[39m[33m...[39mi}[33m=[39me[33m;[39m[36mreturn[39m t(gt[33m,[39m{tooltipHeading[33m:[39ma[33m,[39mtooltipContent[33m:[39mn[33m,[39mshowOnlyWhenTruncated[33m:[39m[33m![39m[35m0[39m[33m,[39mchildren[33m:[39mp([32m"div"[39m[33m,[39m{className[33m:[39m[32m"c1-stats-card"[39m[33m,[39m[33m...[39mi[33m,[39mchildren[33m:[39m[t([32m"div"[39m[33m,[39m{className[33m:[39m[32m"c1-stats-card-revenue"[39m[33m,[39mchildren[33m:[39mt([33mEe[39m[33m,[39m{content[33m:[39ma})})[33m,[39mt([32m"div"[39m[33m,[39m{className[33m:[39m[32m"c1-stats-card-percentage"[39m[33m,[39mchildren[33m:[39mt([33mEe[39m[33m,[39m{content[33m:[39mn})})]})})})[33m,[39mschema[33m:[39mss[33m,[39misBaseComponent[33m:[39m[33m![39m[35m0[39m}[33m,[39m[33mDataTile[39m[33m:[39m{component[33m:[39m[33mY[39m(e[33m=>[39m{[36mconst[39m{amount[33m:[39ma[33m,[39mdescription[33m:[39mn[33m,[39mchild[33m:[39mi[33m,[39m[33m...[39mo}[33m=[39me[33m;[39m[36mreturn[39m p([32m"div"[39m[33m,[39m{className[33m:[39m[32m"c1-data-tile-card"[39m[33m,[39m[33m...[39mo[33m,[39mchildren[33m:[39m[t([32m"div"[39m[33m,[39m{className[33m:[39m[32m"c1-data-tile-card-content"[39m[33m,[39mchildren[33m:[39m(()[33m=>[39m{[36mif[39m([33m![39mi)[36mreturn[39m [36mnull[39m[33m;[39m[36mconst[39m s[33m=[39mi[33m.[39mprops[33m;[39m[36mif[39m(s[33m.[39mcomponent[33m===[39m[32m"Image"[39m){[36mconst[39m l[33m=[39ms[33m.[39mprops[33m;[39m[36mreturn[39m t([32m"div"[39m[33m,[39m{className[33m:[39m[32m"c1-data-tile-card-profile-image"[39m[33m,[39mchildren[33m:[39mt(ut[33m,[39m{src[33m:[39ml[33m.[39msrc[33m,[39malt[33m:[39ml[33m.[39malt[33m,[39maspectRatio[33m:[39m[32m"1:1"[39m})})}[36mif[39m(s[33m.[39mcomponent[33m===[39m[32m"Tag"[39m){[36mconst[39m l[33m=[39ms[33m.[39mprops[33m;[39m[36mreturn[39m t([32m"div"[39m[33m,[39m{className[33m:[39m[32m"c1-data-tile-card-tag"[39m[33m,[39mchildren[33m:[39mt(bt[33m,[39m{text[33m:[39ml[33m.[39mtext[33m,[39micon[33m:[39ml[33m.[39miconName[33m?[39mt(de[33m,[39m{name[33m:[39ml[33m.[39miconName[33m,[39mcategory[33m:[39ml[33m.[39miconCategory})[33m:[39m[36mvoid[39m [35m0[39m[33m,[39msize[33m:[39m[32m"sm"[39m[33m,[39mvariant[33m:[39ml[33m.[39mvariant})})}[36mif[39m(s[33m.[39mcomponent[33m===[39m[32m"Icon"[39m){[36mconst[39m l[33m=[39ms[33m.[39mprops[33m;[39m[36mreturn[39m t([32m"div"[39m[33m,[39m{className[33m:[39m[32m"c1-data-tile-card-icon"[39m[33m,[39mchildren[33m:[39mt(de[33m,[39m{name[33m:[39ml[33m.[39mname[33m,[39mcategory[33m:[39ml[33m.[39mcategory})})}[36mreturn[39m [36mnull[39m})()})[33m,[39mt(gt[33m,[39m{tooltipHeading[33m:[39ma[33m,[39mtooltipContent[33m:[39mn[33m,[39mshowOnlyWhenTruncated[33m:[39m[33m![39m[35m0[39m[33m,[39mchildren[33m:[39mp([32m"div"[39m[33m,[39m{className[33m:[39m[32m"c1-data-tile-card-amount-container"[39m[33m,[39mchildren[33m:[39m[t([32m"div"[39m[33m,[39m{className[33m:[39m[32m"c1-data-tile-card-amount"[39m[33m,[39mchildren[33m:[39mt([33mEe[39m[33m,[39m{content[33m:[39ma})})[33m,[39mt([32m"div"[39m[33m,[39m{className[33m:[39m[32m"c1-data-tile-card-description"[39m[33m,[39mchildren[33m:[39mt([33mEe[39m[33m,[39m{content[33m:[39mn})})]})})]})})[33m,[39mschema[33m:[39mis[33m,[39misBaseComponent[33m:[39m[33m![39m[35m0[39m}[33m,[39m[33mSection[39m[33m:[39m{component[33m:[39me[33m=>[39m{[36mconst[39m{icon[33m:[39ma[33m,[39mtitle[33m:[39mn}[33m=[39me[33m;[39m[36mreturn[39m t([32m"div"[39m[33m,[39m{className[33m:[39m[32m"c1-section"[39m[33m,[39mchildren[33m:[39mp([32m"div"[39m[33m,[39m{className[33m:[39m[32m"c1-section-wrapper"[39m[33m,[39mchildren[33m:[39m[t([33mOe[39m[33m,[39m{orientation[33m:[39m[32m"horizontal"[39m})[33m,[39mp([32m"div"[39m[33m,[39m{className[33m:[39m[32m"c1-section-header"[39m[33m,[39mchildren[33m:[39m[a[33m&&[39mt([32m"div"[39m[33m,[39m{className[33m:[39m[32m"c1-section-header-icon"[39m[33m,[39mchildren[33m:[39mt(de[33m,[39m{name[33m:[39ma[33m,[39msize[33m:[39m[35m18[39m})})[33m,[39mt([32m"div"[39m[33m,[39m{className[33m:[39m[32m"c1-section-header-title"[39m[33m,[39mchildren[33m:[39mn})]})]})})}[33m,[39mschema[33m:[39mps[33m,[39misBaseComponent[33m:[39m[33m![39m[35m0[39m[33m,[39mdeprecated[33m:[39m[33m![39m[35m0[39m}[33m,[39m[33mSectionBlock[39m[33m:[39m{component[33m:[39me[33m=>[39m{[36mconst[39m{sections[33m:[39ma[33m=[39m[][33m,[39misFoldable[33m:[39mn[33m=[39m[33m![39m[35m0[39m[33m,[39m[33m...[39mi}[33m=[39me[33m,[39mo[33m=[39mne(()[33m=>[39ma[33m||[39m[][33m,[39m[a])[33m,[39ms[33m=[39mne(()[33m=>[39m{[36mvar[39m b[33m;[39m[36mreturn[39m(b[33m=[39mo[[35m0[39m])[33m==[39m[36mnull[39m[33m?[39m[36mvoid[39m [35m0[39m[33m:[39mb[33m.[39mvalue}[33m,[39m[o[33m.[39mlength[33m>[39m[35m0[39m])[33m,[39ml[33m=[39m$e()[33m,[39m[c[33m,[39md][33m=[39m[33mF[39m([])[33m,[39mm[33m=[39m[33mD[39m([33m![39m[35m1[39m)[33m,[39mh[33m=[39m[33mD[39m([35m0[39m)[33m,[39mu[33m=[39m[33mD[39m(l)[33m;[39m[33mV[39m(()[33m=>[39m{[36mif[39m(o[33m.[39mlength[33m!==[39m[35m0[39m){[36mif[39m(l[33m&&[39mo[33m.[39mlength[33m>[39mh[33m.[39mcurrent[33m&&[39m[33m![39mm[33m.[39mcurrent){[36mconst[39m b[33m=[39mo[o[33m.[39mlength[33m-[39m[35m1[39m][33m;[39mb[33m!=[39m[36mnull[39m[33m&&[39mb[33m.[39mvalue[33m&&[39m[33m![39mc[33m.[39mincludes(b[33m.[39mvalue)[33m&&[39md(f[33m=>[39m[[33m...[39mf[33m,[39mb[33m.[39mvalue])}[36melse[39m c[33m.[39mlength[33m===[39m[35m0[39m[33m&&[39md(s[33m?[39m[s][33m:[39m[])[33m;[39mh[33m.[39mcurrent[33m=[39mo[33m.[39mlength}}[33m,[39m[o[33m,[39ml])[33m,[39m[33mV[39m(()[33m=>[39m{u[33m.[39mcurrent[33m&&[39m[33m![39ml[33m&&[39m[33m![39mm[33m.[39mcurrent[33m&&[39mo[33m.[39mlength[33m>[39m[35m0[39m[33m&&[39md(s[33m?[39m[s][33m:[39m[])[33m,[39mu[33m.[39mcurrent[33m=[39ml}[33m,[39m[l])[33m;[39m[36mconst[39m g[33m=[39m$(b[33m=>[39m{m[33m.[39mcurrent[33m=[39m[33m![39m[35m0[39m[33m,[39md(b[33m||[39m[])}[33m,[39m[])[33m;[39m[36mreturn[39m n[33m?[39mt([33mWh[39m[33m,[39m{type[33m:[39m[32m"multiple"[39m[33m,[39mvalue[33m:[39mc[33m,[39monValueChange[33m:[39mg[33m,[39m[33m...[39mi[33m,[39mchildren[33m:[39mo[33m.[39mmap((b[33m,[39mf)[33m=>[39m{[36mvar[39m y[33m;[39m[36mreturn[39m p([33mKh[39m[33m,[39m{value[33m:[39mb[33m.[39mvalue[33m,[39mchildren[33m:[39m[t([33mXh[39m[33m,[39m{text[33m:[39mb[33m.[39mtrigger})[33m,[39mt([33mZh[39m[33m,[39m{children[33m:[39m(y[33m=[39mb[33m.[39mcontent)[33m==[39m[36mnull[39m[33m?[39m[36mvoid[39m [35m0[39m[33m:[39my[33m.[39mmap((_[33m,[39mv)[33m=>[39mt([33mK[39m[33m,[39m{[33m...[39m_[33m,[39moverridesProps[33m:[39m[33mXn[39m}[33m,[39m[32m`content-${f}-${v}`[39m))})]}[33m,[39mf)})})[33m:[39mt([33mQ[39m[33m,[39m{children[33m:[39mo[33m.[39mmap((b[33m,[39mf)[33m=>[39m{[36mvar[39m _[33m;[39m[36mif[39m([33m![39mb)[36mreturn[39m [36mnull[39m[33m;[39m[36mconst[39m y[33m=[39m((_[33m=[39mb[33m.[39mcontent)[33m==[39m[36mnull[39m[33m?[39m[36mvoid[39m [35m0[39m[33m:[39m_[33m.[39mmap((v[33m,[39m[33mN[39m)[33m=>[39mt([33mK[39m[33m,[39m{[33m...[39mv[33m,[39moverridesProps[33m:[39m[33mXn[39m}[33m,[39m[32m`content-${f}-${N}`[39m)))[33m?[39m[33m?[39m[36mnull[39m[33m;[39m[36mreturn[39m t([33mYh[39m[33m,[39m{trigger[33m:[39mb[33m.[39mtrigger[33m?[39m[33m?[39m[32m""[39m[33m,[39mchildren[33m:[39my}[33m,[39mf)})})}[33m,[39mschema[33m:[39mhs[33m,[39misBaseComponent[33m:[39m[33m![39m[35m0[39m}[33m,[39m[33mMiniCardBlock[39m[33m:[39m{component[33m:[39m[33mY[39m(e[33m=>[39m{[36mconst[39m{children[33m:[39ma[33m,[39m[33m...[39mn}[33m=[39me[33m;[39m[36mreturn[39m t([32m"div"[39m[33m,[39m{className[33m:[39m[32m"c1-mini-card-block"[39m[33m,[39m[33m...[39mn[33m,[39mchildren[33m:[39ma})})[33m,[39mschema[33m:[39mcr[33m,[39misBaseComponent[33m:[39m[33m![39m[35m0[39m}[33m,[39m[33mLayout[39m[33m:[39m{component[33m:[39m({children[33m:[39me})[33m=>[39m{[36mif[39m([33m![39me)[36mreturn[39m [36mnull[39m[33m;[39m[36mconst[39m{variant[33m:[39ma[33m,[39mrows[33m:[39mn}[33m=[39me[33m;[39m[36mreturn[39m t([32m"div"[39m[33m,[39m{className[33m:[39m[32m"c1-layout-container"[39m[33m,[39mchildren[33m:[39mn[33m.[39mmap((i[33m,[39mo)[33m=>[39m((s[33m,[39ml)[33m=>[39m{[36mswitch[39m(a){[36mcase[39m[32m"L-S"[39m[33m:[39m[36mreturn[39m t(yh[33m,[39m{[33m...[39ms}[33m,[39ml)[33m;[39m[36mcase[39m[32m"S-L"[39m[33m:[39m[36mreturn[39m t(wh[33m,[39m{[33m...[39ms}[33m,[39ml)[33m;[39m[36mcase[39m[32m"M-M"[39m[33m:[39m[36mreturn[39m t(vh[33m,[39m{[33m...[39ms}[33m,[39ml)[33m;[39m[36mdefault[39m[33m:[39m[36mreturn[39m [36mnull[39m}})(i[33m,[39mo))})}[33m,[39mschema[33m:[39mhn[33m,[39misBaseComponent[33m:[39m[33m![39m[35m0[39m}[33m,[39m[33mInlineHeader[39m[33m:[39m{component[33m:[39m[33mIt[39m[33m,[39mschema[33m:[39mbe[33m,[39misBaseComponent[33m:[39m[33m![39m[35m0[39m}[33m,[39m[33mExploreButton[39m[33m:[39m{component[33m:[39miu[33m,[39mschema[33m:[39mnr[33m,[39misBaseComponent[33m:[39m[33m![39m[35m0[39m[33m,[39m[33mExtraProps[39m[33m:[39me[33m=>[39m{[36mconst[39m{onAction[33m:[39ma[33m,[39mformContext[33m:[39mn}[33m=[39me[33m.[39mhooks[33m||[39m{}[33m,[39mi[33m=[39mn[33m==[39m[36mnull[39m[33m?[39m[36mvoid[39m [35m0[39m[33m:[39mn[33m.[39mformName[33m;[39m[36mreturn[39m{onClick[33m:[39m()[33m=>[39m{[36mvar[39m o[33m,[39ms[33m,[39ml[33m,[39mc[33m;[39ma(e[33m.[39mprops[33m.[39mactionLabel[33m,[39m[32m`User clicked on ExploreButton: ${e.props.actionLabel} for option: ${e.props.parentValue}`[39m[33m,[39mi[33m,[39m{type[33m:[39m(s[33m=[39m(o[33m=[39me[33m.[39mprops)[33m==[39m[36mnull[39m[33m?[39m[36mvoid[39m [35m0[39m[33m:[39mo[33m.[39maction)[33m==[39m[36mnull[39m[33m?[39m[36mvoid[39m [35m0[39m[33m:[39ms[33m.[39mtype[33m,[39mparams[33m:[39m((c[33m=[39m(l[33m=[39me[33m.[39mprops)[33m==[39m[36mnull[39m[33m?[39m[36mvoid[39m [35m0[39m[33m:[39ml[33m.[39maction)[33m==[39m[36mnull[39m[33m?[39m[36mvoid[39m [35m0[39m[33m:[39mc[33m.[39mprops)[33m?[39m[33m?[39m{}})}}}}}[33m,[39mus[33m=[39m[36mnew[39m [33mMap[39m([33mObject[39m[33m.[39mkeys([33mMt[39m)[33m.[39mmap(e[33m=>[39m[e[33m.[39mtoLowerCase()[33m,[39me]))[33m,[39msu[33m=[39mgn([33mMt[39m[33m,[39m[32m"Card"[39m[33m,[39m[33m![39m[35m1[39m[33m,[39m[33m![39m[35m1[39m)[33m;[39m[36mvar[39m ra[33m=[39m(e[33m=>[39m(e[33m.[39m[33mPRESENTATION[39m[33m=[39m[32m"presentation"[39m[33m,[39me[33m.[39m[33mREPORT[39m[33m=[39m[32m"report"[39m[33m,[39me[33m.[39m[33mDEFAULT[39m[33m=[39m[32m"default"[39m[33m,[39me))(ra[33m||[39m{})[33m;[39m[36mconst[39m gs[33m=[39m[33mPe[39m[33m.[39mcreateContext({type[33m:[39m[32m"default"[39m[33m,[39mcomponentLibrary[33m:[39m[33mMt[39m})[33m;[39m[36mvar[39m [33mSe[39m[33m=[39m(e[33m=>[39m(e[33m.[39m[33mCARD[39m[33m=[39m[32m"Card"[39m[33m,[39me[33m.[39m[33mPRESENTATION[39m[33m=[39m[32m"Presentation"[39m[33m,[39me[33m.[39m[33mREPORT[39m[33m=[39m[32m"Report"[39m[33m,[39me))([33mSe[39m[33m||[39m{})[33m;[39m[36mconst[39m lu[33m=[39m[33mSd[39m()([33mEd[39m(e[33m=>[39m({activeArtifact[33m:[39m[36mnull[39m[33m,[39museArtifactCounter[33m:[39m[35m0[39m[33m,[39martifacts[33m:[39m{}[33m,[39msetActiveArtifact[33m:[39m(a[33m,[39mn)[33m=>[39m{e(i[33m=>[39m{[36mvar[39m s[33m;[39m[36mconst[39m o[33m=[39m(s[33m=[39mi[33m.[39martifacts[a])[33m==[39m[36mnull[39m[33m?[39m[36mvoid[39m [35m0[39m[33m:[39ms[33m.[39mfind(l[33m=>[39ml[33m.[39mversion[33m===[39mn)[33m;[39mo[33m?[39mi[33m.[39mactiveArtifact[33m=[39m{[33m...[39mo[33m,[39martifactId[33m:[39ma}[33m:[39mconsole[33m.[39merror([32m`Artifact ${a} version ${n} not found`[39m)})}[33m,[39mclearActiveArtifact[33m:[39m()[33m=>[39m{e({activeArtifact[33m:[39m[36mnull[39m})}[33m,[39mregisterArtifact[33m:[39m(a[33m,[39mn[33m,[39mi)[33m=>[39m{e(o[33m=>[39m{[36mconst[39m s[33m=[39m{version[33m:[39mn[33m,[39martifactType[33m:[39mi}[33m;[39mo[33m.[39martifacts[a][33m?[39mo[33m.[39martifacts[a][33m.[39mfind(l[33m=>[39ml[33m.[39mversion[33m===[39mn)[33m||[39mo[33m.[39martifacts[a][33m.[39mpush(s)[33m:[39mo[33m.[39martifacts[a][33m=[39m[s]})}[33m,[39munregisterArtifact[33m:[39m(a[33m,[39mn)[33m=>[39m{e(i[33m=>[39m{i[33m.[39martifacts[a][33m&&[39m(i[33m.[39martifacts[a][33m=[39mi[33m.[39martifacts[a][33m.[39mfilter(o[33m=>[39mo[33m.[39mversion[33m!==[39mn)[33m,[39mi[33m.[39martifacts[a][33m.[39mlength[33m===[39m[35m0[39m[33m&&[39m[36mdelete[39m i[33m.[39martifacts[a])})}[33m,[39mupdateUseArtifactCounter[33m:[39ma[33m=>[39m{e(n[33m=>[39m{n[33m.[39museArtifactCounter[33m+=[39ma})}[33m,[39msetArtifactHTMLNode[33m:[39ma[33m=>[39m{e({artifactHTMLNode[33m:[39ma})}[33m,[39martifactHTMLNode[33m:[39m[36mnull[39m})))[33m,[39mdr[33m=[39me[33m=>[39m[33mTd[39m(lu[33m,[39mda(e))[33m,[39mmr[33m=[39m()[33m=>[39m{[36mconst[39m{isArtifactActive[33m:[39me[33m,[39mupdateUseArtifactCounter[33m:[39ma[33m,[39mactiveArtifact[33m:[39mn}[33m=[39mdr(i[33m=>[39m({isArtifactActive[33m:[39m[33m![39m[33m![39mi[33m.[39mactiveArtifact[33m,[39mupdateUseArtifactCounter[33m:[39mi[33m.[39mupdateUseArtifactCounter[33m,[39mactiveArtifact[33m:[39mi[33m.[39mactiveArtifact}))[33m;[39m[36mreturn[39m [33mV[39m(()[33m=>[39m(a([35m1[39m)[33m,[39m()[33m=>[39m{a([33m-[39m[35m1[39m)})[33m,[39m[a])[33m,[39m{isArtifactActive[33m:[39me[33m,[39mrenderArtifact[33m:[39m$(()[33m=>[39mt(cu[33m,[39m{})[33m,[39m[])[33m,[39mactiveArtifact[33m:[39mn}}[33m,[39m_s[33m=[39m({artifactId[33m:[39me[33m,[39mversion[33m:[39ma})[33m=>[39m{[36mconst[39m{setArtifactActiveInternal[33m:[39mn[33m,[39misArtifactActive[33m:[39mi[33m,[39msetArtifactInactive[33m:[39mo}[33m=[39mdr(c[33m=>[39m{[36mvar[39m d[33m,[39mm[33m;[39m[36mreturn[39m{setArtifactActiveInternal[33m:[39mc[33m.[39msetActiveArtifact[33m,[39msetArtifactInactive[33m:[39mc[33m.[39mclearActiveArtifact[33m,[39misArtifactActive[33m:[39m((d[33m=[39mc[33m.[39mactiveArtifact)[33m==[39m[36mnull[39m[33m?[39m[36mvoid[39m [35m0[39m[33m:[39md[33m.[39martifactId)[33m===[39me[33m&&[39m((m[33m=[39mc[33m.[39mactiveArtifact)[33m==[39m[36mnull[39m[33m?[39m[36mvoid[39m [35m0[39m[33m:[39mm[33m.[39mversion)[33m===[39ma}})[33m,[39ms[33m=[39m$(()[33m=>[39m{n(e[33m,[39ma)}[33m,[39m[e[33m,[39ma[33m,[39mn])[33m,[39ml[33m=[39m[33mD[39m(i)[33m;[39m[36mreturn[39m l[33m.[39mcurrent[33m=[39mi[33m,[39m[33mV[39m(()[33m=>[39m()[33m=>[39m{l[33m.[39mcurrent[33m&&[39mo()}[33m,[39m[o])[33m,[39m{closeArtifact[33m:[39mo[33m,[39mopenArtifact[33m:[39ms[33m,[39misArtifactActive[33m:[39mi}}[33m,[39mcu[33m=[39mq(()[33m=>[39m{[36mconst[39m{activeArtifact[33m:[39me[33m,[39msetArtifactHTMLNodeInternal[33m:[39ma}[33m=[39mdr(i[33m=>[39m({activeArtifact[33m:[39mi[33m.[39mactiveArtifact[33m,[39msetArtifactHTMLNodeInternal[33m:[39mi[33m.[39msetArtifactHTMLNode}))[33m,[39mn[33m=[39m$(i[33m=>[39m{a(i[33m===[39m[36mnull[39m[33m?[39m[36mnull[39m[33m:[39mi[33m.[39mparentElement)}[33m,[39m[a])[33m;[39m[36mreturn[39m e[33m?[39mt([32m"div"[39m[33m,[39m{ref[33m:[39mn[33m,[39mstyle[33m:[39m{display[33m:[39m[32m"none"[39m}})[33m:[39m[36mnull[39m})[33m,[39mfs[33m=[39m({artifactId[33m:[39me[33m,[39mversion[33m:[39ma[33m,[39martifactType[33m:[39mn[33m,[39m[33mComponent[39m[33m:[39mi[33m,[39m[33m...[39mo})[33m=>[39m{[36mconst[39m{registerArtifact[33m:[39ms[33m,[39munregisterArtifact[33m:[39ml[33m,[39misArtifactActive[33m:[39mc[33m,[39mshouldRenderBySelf[33m:[39md[33m,[39martifactHTMLNode[33m:[39mm}[33m=[39mdr(u[33m=>[39m{[36mvar[39m g[33m,[39mb[33m;[39m[36mreturn[39m{shouldRenderBySelf[33m:[39mu[33m.[39museArtifactCounter[33m===[39m[35m0[39m[33m,[39mregisterArtifact[33m:[39mu[33m.[39mregisterArtifact[33m,[39munregisterArtifact[33m:[39mu[33m.[39munregisterArtifact[33m,[39misArtifactActive[33m:[39m((g[33m=[39mu[33m.[39mactiveArtifact)[33m==[39m[36mnull[39m[33m?[39m[36mvoid[39m [35m0[39m[33m:[39mg[33m.[39martifactId)[33m===[39me[33m&&[39m((b[33m=[39mu[33m.[39mactiveArtifact)[33m==[39m[36mnull[39m[33m?[39m[36mvoid[39m [35m0[39m[33m:[39mb[33m.[39mversion)[33m===[39ma[33m,[39martifactHTMLNode[33m:[39mu[33m.[39martifactHTMLNode}})[33m,[39mh[33m=[39mda(u[33m=>[39mu)(o)[33m;[39m[36mreturn[39m [33mV[39m(()[33m=>[39m(s(e[33m,[39ma[33m,[39mn)[33m,[39m()[33m=>[39m{l(e[33m,[39ma)})[33m,[39m[e[33m,[39ma[33m,[39mn[33m,[39ms[33m,[39ml])[33m,[39m(d[33m||[39mm)[33m&&[39mc[33m?[39mt(i[33m,[39m{renderInsideHTMLNode[33m:[39mm[33m,[39m[33m...[39mh})[33m:[39m[36mnull[39m}[33m;[39m[36mvar[39m $t[33m=[39m(e[33m=>[39m(e[33m.[39m[33mAUTO_OPEN[39m[33m=[39m[32m"AUTO_OPEN"[39m[33m,[39me[33m.[39m[33mOPEN_ON_MOUNT[39m[33m=[39m[32m"OPEN_ON_MOUNT"[39m[33m,[39me[33m.[39m[33mOVERVIEW[39m[33m=[39m[32m"OVERVIEW"[39m[33m,[39me))($t[33m||[39m{})[33m;[39m[36mconst[39m bs[33m=[39m[33mIe[39m([36mnull[39m)[33m,[39mdu[33m=[39m({children[33m:[39me[33m,[39mprint[33m:[39ma})[33m=>[39m{[33mV[39m(()[33m=>[39m{window[pu][33m=[39m[32m"true"[39m}[33m,[39m[])[33m;[39m[36mconst[39m n[33m=[39mda(()[33m=>[39ma)([36mvoid[39m [35m0[39m)[33m;[39m[36mreturn[39m p(bs[33m.[39m[33mProvider[39m[33m,[39m{value[33m:[39mn[33m,[39mchildren[33m:[39m[t([32m"style"[39m[33m,[39m{children[33m:[39m[32m`[39m
 [90m   |[39m                                                                                                                                                                                                                                                                                                                                                                                                                                                                                                                                                                                                                                                                                                                                                                                                                                                                                                                                                                                                                                                                                                                                                                                                                                                                                                                                                                                                                                                                                                                                                                                                                                                                                                                                                                                                                                                                                                                                                                                                                                                                                                                                                                                                                                                                                                                                                                                                                                                                                                                                                                                                                                                                                                                                                                                                                                                                                                                                                                                                                                                                                                                                                                                                                                                                                                                                                                                                                                                                                                                                                                                                                                                                                                                                                                                                                                                                                                                                                                                                                                                                                                                                                                                                                                                                                                                                                                                                                                                                                                                                                                                                                                                                                                                                                                                                                                                                                                                    [31m[1m^[22m[39m[31m[1m^[22m[39m[31m[1m^[22m[39m[31m[1m^[22m[39m[31m[1m^[22m[39m[31m[1m^[22m[39m[31m[1m^[22m[39m[31m[1m^[22m[39m[31m[1m^[22m[39m[31m[1m^[22m[39m[31m[1m^[22m[39m[31m[1m^[22m[39m[31m[1m^[22m[39m[31m[1m^[22m[39m[31m[1m^[22m[39m[31m[1m^[22m[39m[31m[1m^[22m[39m[31m[1m^[22m[39m[31m[1m^[22m[39m[31m[1m^[22m[39m[31m[1m^[22m[39m[31m[1m^[22m[39m[31m[1m^[22m[39m[31m[1m^[22m[39m[31m[1m^[22m[39m[31m[1m^[22m[39m[31m[1m^[22m[39m[31m[1m^[22m[39m[31m[1m^[22m[39m[31m[1m^[22m[39m[31m[1m^[22m[39m[31m[1m^[22m[39m[31m[1m^[22m[39m[31m[1m^[22m[39m[31m[1m^[22m[39m[31m[1m^[22m[39m[31m[1m^[22m[39m[31m[1m^[22m[39m[31m[1m^[22m[39m[31m[1m^[22m[39m[31m[1m^[22m[39m[31m[1m^[22m[39m[31m[1m^[22m[39m[31m[1m^[22m[39m[31m[1m^[22m[39m[31m[1m^[22m[39m[31m[1m^[22m[39m[31m[1m^[22m[39m[31m[1m^[22m[39m[31m[1m^[22m[39m
 [90m 2 |[39m [32m        body>:not(.${_n}) {[39m
 [90m 3 |[39m [32m          display: none;[39m
 [90m 4 |[39m [32m        }[39m[0m



Import trace:
  Server Component:
    ./node_modules/@thesysai/genui-sdk/dist/index.js
    ./src/app/c1thesys/page.tsx

https://nextjs.org/docs/messages/module-not-found


./node_modules/@crayonai/react-core/dist/hooks/useMessage.js:6:19
Module not found: Can't resolve 'zustand/react/shallow'
[0m [90m 4 |[39m [36mconst[39m jsx_runtime_1 [33m=[39m require([32m"react/jsx-runtime"[39m)[33m;[39m
 [90m 5 |[39m [36mconst[39m react_1 [33m=[39m require([32m"react"[39m)[33m;[39m
[31m[1m>[22m[39m[90m 6 |[39m [36mconst[39m shallow_1 [33m=[39m require([32m"zustand/react/shallow"[39m)[33m;[39m
 [90m   |[39m                   [31m[1m^[22m[39m[31m[1m^[22m[39m[31m[1m^[22m[39m[31m[1m^[22m[39m[31m[1m^[22m[39m[31m[1m^[22m[39m[31m[1m^[22m[39m[31m[1m^[22m[39m[31m[1m^[22m[39m[31m[1m^[22m[39m[31m[1m^[22m[39m[31m[1m^[22m[39m[31m[1m^[22m[39m[31m[1m^[22m[39m[31m[1m^[22m[39m[31m[1m^[22m[39m[31m[1m^[22m[39m[31m[1m^[22m[39m[31m[1m^[22m[39m[31m[1m^[22m[39m[31m[1m^[22m[39m[31m[1m^[22m[39m[31m[1m^[22m[39m[31m[1m^[22m[39m[31m[1m^[22m[39m[31m[1m^[22m[39m[31m[1m^[22m[39m[31m[1m^[22m[39m[31m[1m^[22m[39m[31m[1m^[22m[39m[31m[1m^[22m[39m[31m[1m^[22m[39m
 [90m 7 |[39m [90m/**[39m
 [90m 8 |[39m [90m * @category Contexts[39m
 [90m 9 |[39m [90m */[39m[0m



Import trace:
  Server Component:
    ./node_modules/@crayonai/react-core/dist/hooks/useMessage.js
    ./node_modules/@crayonai/react-core/dist/index.js
    ./node_modules/@thesysai/genui-sdk/dist/index.js
    ./src/app/c1thesys/page.tsx

https://nextjs.org/docs/messages/module-not-found


./node_modules/@crayonai/react-core/dist/hooks/useThreadManagerSelector.js:5:19
Module not found: Can't resolve 'zustand/react/shallow'
[0m [90m 3 |[39m exports[33m.[39museThreadManagerSelector [33m=[39m [36mvoid[39m [35m0[39m[33m;[39m
 [90m 4 |[39m [36mconst[39m zustand_1 [33m=[39m require([32m"zustand"[39m)[33m;[39m
[31m[1m>[22m[39m[90m 5 |[39m [36mconst[39m shallow_1 [33m=[39m require([32m"zustand/react/shallow"[39m)[33m;[39m
 [90m   |[39m                   [31m[1m^[22m[39m[31m[1m^[22m[39m[31m[1m^[22m[39m[31m[1m^[22m[39m[31m[1m^[22m[39m[31m[1m^[22m[39m[31m[1m^[22m[39m[31m[1m^[22m[39m[31m[1m^[22m[39m[31m[1m^[22m[39m[31m[1m^[22m[39m[31m[1m^[22m[39m[31m[1m^[22m[39m[31m[1m^[22m[39m[31m[1m^[22m[39m[31m[1m^[22m[39m[31m[1m^[22m[39m[31m[1m^[22m[39m[31m[1m^[22m[39m[31m[1m^[22m[39m[31m[1m^[22m[39m[31m[1m^[22m[39m[31m[1m^[22m[39m[31m[1m^[22m[39m[31m[1m^[22m[39m[31m[1m^[22m[39m[31m[1m^[22m[39m[31m[1m^[22m[39m[31m[1m^[22m[39m[31m[1m^[22m[39m[31m[1m^[22m[39m[31m[1m^[22m[39m
 [90m 6 |[39m [36mconst[39m [33mChatContext_1[39m [33m=[39m require([32m"../internal/ChatContext"[39m)[33m;[39m
 [90m 7 |[39m [90m/**[39m
 [90m 8 |[39m [90m * @typeParam R - The type of the value to be extracted from the {@link ThreadManager} instance. For example, `boolean | undefined`:[39m[0m



Import trace:
  Server Component:
    ./node_modules/@crayonai/react-core/dist/hooks/useThreadManagerSelector.js
    ./node_modules/@crayonai/react-core/dist/index.js
    ./node_modules/@thesysai/genui-sdk/dist/index.js
    ./src/app/c1thesys/page.tsx

https://nextjs.org/docs/messages/module-not-found


./node_modules/@crayonai/react-ui/dist/components/Shell/store.js:4:1
Module not found: Can't resolve 'zustand/react/shallow'
[0m [90m 2 |[39m [36mimport[39m { createContext[33m,[39m useContext[33m,[39m useEffect[33m,[39m useMemo } [36mfrom[39m [32m"react"[39m[33m;[39m
 [90m 3 |[39m [36mimport[39m { create } [36mfrom[39m [32m"zustand"[39m[33m;[39m
[31m[1m>[22m[39m[90m 4 |[39m [36mimport[39m { useShallow } [36mfrom[39m [32m"zustand/react/shallow"[39m[33m;[39m
 [90m   |[39m [31m[1m^[22m[39m[31m[1m^[22m[39m[31m[1m^[22m[39m[31m[1m^[22m[39m[31m[1m^[22m[39m[31m[1m^[22m[39m[31m[1m^[22m[39m[31m[1m^[22m[39m[31m[1m^[22m[39m[31m[1m^[22m[39m[31m[1m^[22m[39m[31m[1m^[22m[39m[31m[1m^[22m[39m[31m[1m^[22m[39m[31m[1m^[22m[39m[31m[1m^[22m[39m[31m[1m^[22m[39m[31m[1m^[22m[39m[31m[1m^[22m[39m[31m[1m^[22m[39m[31m[1m^[22m[39m[31m[1m^[22m[39m[31m[1m^[22m[39m[31m[1m^[22m[39m[31m[1m^[22m[39m[31m[1m^[22m[39m[31m[1m^[22m[39m[31m[1m^[22m[39m[31m[1m^[22m[39m[31m[1m^[22m[39m[31m[1m^[22m[39m[31m[1m^[22m[39m[31m[1m^[22m[39m[31m[1m^[22m[39m[31m[1m^[22m[39m[31m[1m^[22m[39m[31m[1m^[22m[39m[31m[1m^[22m[39m[31m[1m^[22m[39m[31m[1m^[22m[39m[31m[1m^[22m[39m[31m[1m^[22m[39m[31m[1m^[22m[39m[31m[1m^[22m[39m[31m[1m^[22m[39m[31m[1m^[22m[39m[31m[1m^[22m[39m[31m[1m^[22m[39m[31m[1m^[22m[39m[31m[1m^[22m[39m[31m[1m^[22m[39m
 [90m 5 |[39m [36mexport[39m [36mconst[39m createShellStore [33m=[39m ({ logoUrl[33m,[39m agentName }) [33m=>[39m create(([36mset[39m) [33m=>[39m ({
 [90m 6 |[39m     isSidebarOpen[33m:[39m [36mtrue[39m[33m,[39m
 [90m 7 |[39m     agentName[33m:[39m agentName[33m,[39m[0m



Import trace:
  Server Component:
    ./node_modules/@crayonai/react-ui/dist/components/Shell/store.js
    ./node_modules/@crayonai/react-ui/dist/components/Shell/ThreadList.js
    ./node_modules/@thesysai/genui-sdk/dist/index.js
    ./src/app/c1thesys/page.tsx

https://nextjs.org/docs/messages/module-not-found


./node_modules/@crayonai/react-ui/dist/components/ThemeProvider/ThemeProvider.js:3:1
Module not found: Can't resolve 'zustand/react/shallow'
[0m [90m 1 |[39m [36mimport[39m { jsx [36mas[39m _jsx[33m,[39m jsxs [36mas[39m _jsxs } [36mfrom[39m [32m"react/jsx-runtime"[39m[33m;[39m
 [90m 2 |[39m [36mimport[39m { createContext[33m,[39m useContext[33m,[39m useMemo } [36mfrom[39m [32m"react"[39m[33m;[39m
[31m[1m>[22m[39m[90m 3 |[39m [36mimport[39m { useShallow } [36mfrom[39m [32m"zustand/react/shallow"[39m[33m;[39m
 [90m   |[39m [31m[1m^[22m[39m[31m[1m^[22m[39m[31m[1m^[22m[39m[31m[1m^[22m[39m[31m[1m^[22m[39m[31m[1m^[22m[39m[31m[1m^[22m[39m[31m[1m^[22m[39m[31m[1m^[22m[39m[31m[1m^[22m[39m[31m[1m^[22m[39m[31m[1m^[22m[39m[31m[1m^[22m[39m[31m[1m^[22m[39m[31m[1m^[22m[39m[31m[1m^[22m[39m[31m[1m^[22m[39m[31m[1m^[22m[39m[31m[1m^[22m[39m[31m[1m^[22m[39m[31m[1m^[22m[39m[31m[1m^[22m[39m[31m[1m^[22m[39m[31m[1m^[22m[39m[31m[1m^[22m[39m[31m[1m^[22m[39m[31m[1m^[22m[39m[31m[1m^[22m[39m[31m[1m^[22m[39m[31m[1m^[22m[39m[31m[1m^[22m[39m[31m[1m^[22m[39m[31m[1m^[22m[39m[31m[1m^[22m[39m[31m[1m^[22m[39m[31m[1m^[22m[39m[31m[1m^[22m[39m[31m[1m^[22m[39m[31m[1m^[22m[39m[31m[1m^[22m[39m[31m[1m^[22m[39m[31m[1m^[22m[39m[31m[1m^[22m[39m[31m[1m^[22m[39m[31m[1m^[22m[39m[31m[1m^[22m[39m[31m[1m^[22m[39m[31m[1m^[22m[39m[31m[1m^[22m[39m[31m[1m^[22m[39m[31m[1m^[22m[39m
 [90m 4 |[39m [36mimport[39m { useId } [36mfrom[39m [32m"../../polyfills"[39m[33m;[39m
 [90m 5 |[39m [90m// Update the context to include both theme and mode[39m
 [90m 6 |[39m [36mexport[39m [36mconst[39m [33mThemeContext[39m [33m=[39m createContext({})[33m;[39m[0m



Import trace:
  Server Component:
    ./node_modules/@crayonai/react-ui/dist/components/ThemeProvider/ThemeProvider.js
    ./node_modules/@thesysai/genui-sdk/dist/index.js
    ./src/app/c1thesys/page.tsx

https://nextjs.org/docs/messages/module-not-found


./node_modules/@thesysai/genui-sdk/dist/index.js:1:4618
Module not found: Can't resolve 'zustand/react/shallow'
[0m[31m[1m>[22m[39m[90m 1 |[39m [36mvar[39m [33mJl[39m[33m=[39m[33mObject[39m[33m.[39mdefineProperty[33m;[39m[36mvar[39m [33mQl[39m[33m=[39m(e[33m,[39ma[33m,[39mn)[33m=>[39ma [36min[39m e[33m?[39m[33mJl[39m(e[33m,[39ma[33m,[39m{enumerable[33m:[39m[33m![39m[35m0[39m[33m,[39mconfigurable[33m:[39m[33m![39m[35m0[39m[33m,[39mwritable[33m:[39m[33m![39m[35m0[39m[33m,[39mvalue[33m:[39mn})[33m:[39me[a][33m=[39mn[33m;[39m[36mvar[39m yr[33m=[39m(e[33m,[39ma[33m,[39mn)[33m=>[39m[33mQl[39m(e[33m,[39m[36mtypeof[39m a[33m!=[39m[32m"symbol"[39m[33m?[39ma[33m+[39m[32m""[39m[33m:[39ma[33m,[39mn)[33m;[39m[36mimport[39m[32m"./genui-sdk.css"[39m[33m;[39m[36mimport[39m{jsx [36mas[39m t[33m,[39mjsxs [36mas[39m p[33m,[39m[33mFragment[39m [36mas[39m [33mQ[39m}[36mfrom[39m[32m"react/jsx-runtime"[39m[33m;[39m[36mimport[39m{useThreadListState [36mas[39m pi[33m,[39museMessage [36mas[39m ia[33m,[39museThreadActions [36mas[39m hi[33m,[39museThreadState [36mas[39m mt[33m,[39museThreadListManager [36mas[39m [33mUr[39m[33m,[39museThreadManager [36mas[39m qr[33m,[39mprocessStreamedMessage [36mas[39m ec[33m,[39m[33mChatProvider[39m [36mas[39m ui}[36mfrom[39m[32m"@crayonai/react-core"[39m[33m;[39m[36mimport[39m{useThreadListManager [36mas[39m $y}[36mfrom[39m[32m"@crayonai/react-core"[39m[33m;[39m[36mimport[39m [33mPe[39m[33m,[39m{createContext [36mas[39m [33mIe[39m[33m,[39museContext [36mas[39m [33mNe[39m[33m,[39museRef [36mas[39m [33mD[39m[33m,[39museState [36mas[39m [33mF[39m[33m,[39museMemo [36mas[39m ne[33m,[39museEffect [36mas[39m [33mV[39m[33m,[39museCallback [36mas[39m $[33m,[39mmemo [36mas[39m q[33m,[39museLayoutEffect [36mas[39m qe[33m,[39misValidElement [36mas[39m gi[33m,[39mcloneElement [36mas[39m tc[33m,[39mforwardRef [36mas[39m qa[33m,[39m[33mFragment[39m [36mas[39m ac[33m,[39museReducer [36mas[39m rc[33m,[39m[33mComponent[39m [36mas[39m nc[33m,[39m[33mChildren[39m [36mas[39m ic}[36mfrom[39m[32m"react"[39m[33m;[39m[36mimport[39m ct [36mfrom[39m[32m"tiny-invariant"[39m[33m;[39m[36mimport[39m{w [36mas[39m $a[33m,[39m[33mA[39m [36mas[39m ft[33m,[39m[33mM[39m [36mas[39m lt[33m,[39mp [36mas[39m _i[33m,[39mr [36mas[39m oc[33m,[39ma [36mas[39m [33mAr[39m[33m,[39ms [36mas[39m sc[33m,[39mc [36mas[39m lc}[36mfrom[39m[32m"./xmlParser-B5C8tiiX.js"[39m[33m;[39m[36mimport[39m{produce [36mas[39m oa}[36mfrom[39m[32m"immer"[39m[33m;[39m[36mimport[39m{[33mAccordion[39m [36mas[39m cc[33m,[39m[33mAccordionItem[39m [36mas[39m dc[33m,[39m[33mAccordionTrigger[39m [36mas[39m mc[33m,[39m[33mAccordionContent[39m [36mas[39m pc[33m,[39m[33mIconButton[39m [36mas[39m ie[33m,[39m[33mMarkDownRenderer[39m [36mas[39m [33mWa[39m[33m,[39m[33mAreaChart[39m [36mas[39m hc[33m,[39m[33mAreaChartCondensed[39m [36mas[39m [33mWr[39m[33m,[39m[33mHorizontalBarChart[39m [36mas[39m [33mOa[39m[33m,[39m[33mBarChart[39m [36mas[39m fi[33m,[39m[33mBarChartCondensed[39m [36mas[39m [33mKa[39m[33m,[39m[33mLineChart[39m [36mas[39m uc[33m,[39m[33mLineChartCondensed[39m [36mas[39m [33mKr[39m[33m,[39m[33mCheckBoxGroup[39m [36mas[39m gc[33m,[39m[33mSwitchGroup[39m [36mas[39m _c[33m,[39m[33mFormControl[39m [36mas[39m fc[33m,[39m[33mLabel[39m [36mas[39m bc[33m,[39m[33mHint[39m [36mas[39m yc[33m,[39m[33mRadioGroup[39m [36mas[39m vc[33m,[39m[33mSelect[39m [36mas[39m ea[33m,[39m[33mSelectTrigger[39m [36mas[39m [33mPa[39m[33m,[39m[33mSelectValue[39m [36mas[39m [33mIa[39m[33m,[39m[33mSelectContent[39m [36mas[39m ta[33m,[39m[33mSelectGroup[39m [36mas[39m wc[33m,[39m[33mSelectItem[39m [36mas[39m [33mQt[39m[33m,[39m[33mSlider[39m [36mas[39m xc[33m,[39m[33mInput[39m [36mas[39m [33mOt[39m[33m,[39m[33mImage[39m [36mas[39m kc[33m,[39m[33mListBlock[39m [36mas[39m [33mNc[39m[33m,[39m[33mTagBlock[39m [36mas[39m [33mXa[39m[33m,[39m[33mTag[39m [36mas[39m bt[33m,[39m[33mCallout[39m [36mas[39m bi[33m,[39m[33mCarousel[39m [36mas[39m [33mXr[39m[33m,[39m[33mCarouselContent[39m [36mas[39m [33mZr[39m[33m,[39m[33mCarouselItem[39m [36mas[39m [33mYr[39m[33m,[39m[33mCard[39m [36mas[39m yi[33m,[39m[33mCarouselNext[39m [36mas[39m vi[33m,[39m[33mCarouselPrevious[39m [36mas[39m wi[33m,[39m[33mImageGallery[39m [36mas[39m [33mCc[39m[33m,[39m[33mSeparator[39m [36mas[39m [33mOe[39m[33m,[39m[33mSteps[39m [36mas[39m [33mLr[39m[33m,[39m[33mStepsItem[39m [36mas[39m [33mMr[39m[33m,[39m[33mTable[39m [36mas[39m xi[33m,[39m[33mTableHeader[39m [36mas[39m ki[33m,[39m[33mTableRow[39m [36mas[39m za[33m,[39m[33mTableHead[39m [36mas[39m [33mNi[39m[33m,[39m[33mTableBody[39m [36mas[39m [33mCi[39m[33m,[39m[33mTableCell[39m [36mas[39m $r[33m,[39m[33mTabs[39m [36mas[39m [33mSc[39m[33m,[39m[33mTabsList[39m [36mas[39m [33mTc[39m[33m,[39m[33mTabsTrigger[39m [36mas[39m [33mEc[39m[33m,[39m[33mTabsContent[39m [36mas[39m [33mPc[39m[33m,[39m[33mFollowUpBlock[39m [36mas[39m [33mIc[39m[33m,[39m[33mButton[39m [36mas[39m we[33m,[39m[33mSelectSeparator[39m [36mas[39m [33mAc[39m[33m,[39m[33mSelectLabel[39m [36mas[39m [33mLc[39m[33m,[39m[33mCheckBoxItem[39m [36mas[39m [33mMc[39m[33m,[39m[33mTextArea[39m [36mas[39m $c[33m,[39m[33mSwitchItem[39m [36mas[39m [33mGr[39m[33m,[39m[33mRadioItem[39m [36mas[39m [33mOc[39m[33m,[39m[33mListItem[39m [36mas[39m zc[33m,[39m[33mCardHeader[39m [36mas[39m [33mOn[39m[33m,[39m[33mButtons[39m [36mas[39m [33mBc[39m[33m,[39m[33mFollowUpItem[39m [36mas[39m [33mRc[39m[33m,[39m[33mPrintContextProvider[39m [36mas[39m [33mDc[39m[33m,[39m[33mRadialChart[39m [36mas[39m [33mFc[39m[33m,[39m[33mPieChart[39m [36mas[39m [33mSi[39m[33m,[39m[33mThemeProvider[39m [36mas[39m [33mBa[39m[33m,[39museLayoutContext [36mas[39m [33mTi[39m}[36mfrom[39m[32m"@crayonai/react-ui"[39m[33m;[39m[36mimport[39m{[33mAreaChart[39m [36mas[39m jc}[36mfrom[39m[32m"@crayonai/react-ui/Charts/AreaChart"[39m[33m;[39m[36mimport[39m{[33mBarChart[39m [36mas[39m [33mVc[39m}[36mfrom[39m[32m"@crayonai/react-ui/Charts/BarChart"[39m[33m;[39m[36mimport[39m{[33mLineChart[39m [36mas[39m [33mHc[39m}[36mfrom[39m[32m"@crayonai/react-ui/Charts/LineChart"[39m[33m;[39m[36mimport[39m{[33mPieChart[39m [36mas[39m zn}[36mfrom[39m[32m"@crayonai/react-ui/Charts/PieChart"[39m[33m;[39m[36mimport[39m{[33mScatterChart[39m [36mas[39m [33mUc[39m}[36mfrom[39m[32m"@crayonai/react-ui/Charts/ScatterChart"[39m[33m;[39m[36mimport[39m{[33mDatePicker[39m [36mas[39m [33mEi[39m}[36mfrom[39m[32m"@crayonai/react-ui/DatePicker"[39m[33m;[39m[36mimport[39m{[33mStepsItem[39m [36mas[39m qc}[36mfrom[39m[32m"@crayonai/react-ui/Steps"[39m[33m;[39m[36mimport[39m aa [36mfrom[39m[32m"lodash/isEqual"[39m[33m;[39m[36mimport[39m{z [36mas[39m r}[36mfrom[39m[32m"zod"[39m[33m;[39m[36mimport[39m{[33mRadarChart[39m [36mas[39m [33mPi[39m}[36mfrom[39m[32m"@crayonai/react-ui/Charts/RadarChart"[39m[33m;[39m[36mimport[39m{[33mRadialChart[39m [36mas[39m [33mRa[39m}[36mfrom[39m[32m"@crayonai/react-ui/Charts/RadialChart"[39m[33m;[39m[36mimport[39m{useTheme [36mas[39m [33mCe[39m[33m,[39m[33mThemeProvider[39m [36mas[39m [33mIi[39m}[36mfrom[39m[32m"@crayonai/react-ui/ThemeProvider"[39m[33m;[39m[36mimport[39m [33mT[39m[33m,[39m{clsx [36mas[39m fe}[36mfrom[39m[32m"clsx"[39m[33m;[39m[36mimport[39m [33mZa[39m [36mfrom[39m[32m"remark-breaks"[39m[33m;[39m[36mimport[39m[33m*[39m[36mas[39m he [36mfrom[39m[32m"@radix-ui/react-tooltip"[39m[33m;[39m[36mimport[39m [33mWc[39m [36mfrom[39m[32m"lucide-react/dynamicIconImports.mjs"[39m[33m;[39m[36mimport[39m{visit [36mas[39m [33mAi[39m}[36mfrom[39m[32m"unist-util-visit"[39m[33m;[39m[36mimport[39m{[33mX[39m [36mas[39m yt[33m,[39m[33mMaximize2[39m [36mas[39m [33mKc[39m[33m,[39m[33mCheck[39m [36mas[39m [33mYe[39m[33m,[39m[33mCopy[39m [36mas[39m [33mLi[39m[33m,[39m[33mMaximize[39m [36mas[39m [33mXc[39m[33m,[39m[33mAlertCircle[39m [36mas[39m sa[33m,[39m[33mChevronLeft[39m [36mas[39m la[33m,[39m[33mChevronRight[39m [36mas[39m [33mAt[39m[33m,[39m[33mMoreHorizontal[39m [36mas[39m [33mZc[39m[33m,[39m[33mLink[39m [36mas[39m [33mJr[39m[33m,[39m[33mInfo[39m [36mas[39m [33mMi[39m[33m,[39m[33mType[39m [36mas[39m [33mYc[39m[33m,[39m[33mList[39m [36mas[39m [33mGc[39m[33m,[39m[33mCalendarDays[39m [36mas[39m [33mJc[39m[33m,[39m[33mRotateCcw[39m [36mas[39m [33mQc[39m[33m,[39m[33mDownload[39m [36mas[39m ed[33m,[39m[33mPlayIcon[39m [36mas[39m td[33m,[39m[33mArrowLeft[39m [36mas[39m $i[33m,[39m[33mArrowRight[39m [36mas[39m [33mOi[39m[33m,[39m[33mEdit2[39m [36mas[39m zi[33m,[39m[33mPresentationIcon[39m [36mas[39m ad[33m,[39m[33mPlay[39m [36mas[39m [33mBi[39m[33m,[39m[33mSearch[39m [36mas[39m rd[33m,[39m[33mChevronUp[39m [36mas[39m nd[33m,[39m[33mChevronDown[39m [36mas[39m [33mRi[39m[33m,[39m[33mFileText[39m [36mas[39m id[33m,[39m[33mLoader2[39m [36mas[39m od[33m,[39m[33mShare[39m [36mas[39m sd[33m,[39m[33mShare2[39m [36mas[39m [33mBn[39m[33m,[39m[33mThumbsUpIcon[39m [36mas[39m ld[33m,[39m[33mThumbsDownIcon[39m [36mas[39m cd[33m,[39m[33mShareIcon[39m [36mas[39m dd}[36mfrom[39m[32m"lucide-react"[39m[33m;[39m[36mimport[39m[33m*[39m[36mas[39m [33mMe[39m [36mfrom[39m[32m"@radix-ui/react-dialog"[39m[33m;[39m[36mimport[39m{[33mSingleStackedBar[39m [36mas[39m md}[36mfrom[39m[32m"@crayonai/react-ui/Charts/SingleStackedBarChart"[39m[33m;[39m[36mimport[39m pd [36mfrom[39m[32m"lodash/debounce"[39m[33m;[39m[36mimport[39m[32m"katex/dist/katex.min.css"[39m[33m;[39m[36mimport[39m [33mDi[39m [36mfrom[39m[32m"rehype-katex"[39m[33m;[39m[36mimport[39m [33mQr[39m [36mfrom[39m[32m"remark-gfm"[39m[33m;[39m[36mimport[39m [33mFi[39m [36mfrom[39m[32m"remark-math"[39m[33m;[39m[36mimport[39m{findAndReplace [36mas[39m ji}[36mfrom[39m[32m"mdast-util-find-and-replace"[39m[33m;[39m[36mimport[39m{[33mMiniAreaChart[39m [36mas[39m [33mVi[39m}[36mfrom[39m[32m"@crayonai/react-ui/Charts/MiniAreaChart"[39m[33m;[39m[36mimport[39m{[33mMiniBarChart[39m [36mas[39m [33mHi[39m}[36mfrom[39m[32m"@crayonai/react-ui/Charts/MiniBarChart"[39m[33m;[39m[36mimport[39m{[33mMiniLineChart[39m [36mas[39m [33mUi[39m}[36mfrom[39m[32m"@crayonai/react-ui/Charts/MiniLineChart"[39m[33m;[39m[36mimport[39m[33m*[39m[36mas[39m ca [36mfrom[39m[32m"@radix-ui/react-accordion"[39m[33m;[39m[36mimport[39m{createColumnHelper [36mas[39m hd[33m,[39museReactTable [36mas[39m ud[33m,[39mgetCoreRowModel [36mas[39m gd[33m,[39mflexRender [36mas[39m [33mRn[39m}[36mfrom[39m[32m"@tanstack/react-table"[39m[33m;[39m[36mimport[39m{[33mSelect[39m [36mas[39m _d[33m,[39m[33mSelectTrigger[39m [36mas[39m fd[33m,[39m[33mSelectValue[39m [36mas[39m bd[33m,[39m[33mSelectContent[39m [36mas[39m yd[33m,[39m[33mSelectItem[39m [36mas[39m vd}[36mfrom[39m[32m"@crayonai/react-ui/Select"[39m[33m;[39m[36mimport[39m wd [36mfrom[39m[32m"lodash/cloneDeep"[39m[33m;[39m[36mimport[39m{[33mRadialChart[39m [36mas[39m xd[33m,[39m[33mPieChart[39m [36mas[39m kd[33m,[39m[33mLineChart[39m [36mas[39m [33mNd[39m[33m,[39m[33mAreaChart[39m [36mas[39m [33mCd[39m}[36mfrom[39m[32m"@crayonai/react-ui/Charts"[39m[33m;[39m[36mimport[39m{useShallow [36mas[39m da}[36mfrom[39m[32m"zustand/react/shallow"[39m[33m;[39m[36mimport[39m{createStore [36mas[39m [33mSd[39m[33m,[39museStore [36mas[39m [33mTd[39m}[36mfrom[39m[32m"zustand"[39m[33m;[39m[36mimport[39m{immer [36mas[39m [33mEd[39m}[36mfrom[39m[32m"zustand/middleware/immer"[39m[33m;[39m[36mimport[39m{createPortal [36mas[39m dt}[36mfrom[39m[32m"react-dom"[39m[33m;[39m[36mimport[39m{[33mResponsiveContainer[39m [36mas[39m qi}[36mfrom[39m[32m"recharts"[39m[33m;[39m[36mimport[39m [33mWi[39m [36mfrom[39m[32m"@tiptap/extension-placeholder"[39m[33m;[39m[36mimport[39m{useEditor [36mas[39m [33mKi[39m[33m,[39m[33mEditorContent[39m [36mas[39m [33mXi[39m}[36mfrom[39m[32m"@tiptap/react"[39m[33m;[39m[36mimport[39m [33mZi[39m [36mfrom[39m[32m"@tiptap/starter-kit"[39m[33m;[39m[36mimport[39m{useFloating [36mas[39m [33mYi[39m[33m,[39mflip [36mas[39m [33mGi[39m[33m,[39mautoUpdate [36mas[39m [33mJi[39m}[36mfrom[39m[32m"@floating-ui/react-dom"[39m[33m;[39m[36mimport[39m [33mOr[39m [36mfrom[39m[32m"lodash/get"[39m[33m;[39m[36mimport[39m en [36mfrom[39m[32m"lodash/set"[39m[33m;[39m[36mimport[39m{[33mSelectTrigger[39m [36mas[39m [33mPd[39m}[36mfrom[39m[32m"@radix-ui/react-select"[39m[33m;[39m[36mimport[39m{[33mTrigger[39m [36mas[39m [33mId[39m[33m,[39m[33mContainer[39m [36mas[39m [33mAd[39m[33m,[39m[33mThreadContainer[39m [36mas[39m [33mLd[39m[33m,[39m[33mHeader[39m [36mas[39m [33mMd[39m[33m,[39m[33mScrollArea[39m [36mas[39m $d[33m,[39m[33mMessages[39m [36mas[39m [33mOd[39m[33m,[39m[33mMessageLoading[39m [36mas[39m zd[33m,[39m[33mComposer[39m [36mas[39m [33mBd[39m[33m,[39m[33mWelcomeScreen[39m [36mas[39m [33mDn[39m[33m,[39m[33mConversationStarter[39m [36mas[39m [33mRd[39m}[36mfrom[39m[32m"@crayonai/react-ui/BottomTray"[39m[33m;[39m[36mimport[39m{isChatEmpty [36mas[39m zt[33m,[39misWelcomeComponent [36mas[39m tn}[36mfrom[39m[32m"@crayonai/react-ui/CrayonChat"[39m[33m;[39m[36mimport[39m{[33mContainer[39m [36mas[39m [33mQi[39m[33m,[39m[33mThreadContainer[39m [36mas[39m [33mDd[39m[33m,[39m[33mHeader[39m [36mas[39m [33mFd[39m[33m,[39m[33mScrollArea[39m [36mas[39m eo[33m,[39m[33mMessages[39m [36mas[39m to[33m,[39m[33mMessageLoading[39m [36mas[39m jd[33m,[39m[33mComposer[39m [36mas[39m [33mVd[39m[33m,[39m[33mWelcomeScreen[39m [36mas[39m [33mFn[39m[33m,[39m[33mConversationStarter[39m [36mas[39m [33mHd[39m}[36mfrom[39m[32m"@crayonai/react-ui/CopilotShell"[39m[33m;[39m[36mimport[39m{[33mContainer[39m [36mas[39m ao[33m,[39m[33mSidebarContainer[39m [36mas[39m [33mUd[39m[33m,[39m[33mSidebarHeader[39m [36mas[39m qd[33m,[39m[33mSidebarContent[39m [36mas[39m [33mWd[39m[33m,[39m[33mNewChatButton[39m [36mas[39m [33mKd[39m[33m,[39m[33mSidebarSeparator[39m [36mas[39m [33mXd[39m[33m,[39m[33mThreadList[39m [36mas[39m [33mZd[39m[33m,[39m[33mThreadContainer[39m [36mas[39m [33mYd[39m[33m,[39m[33mMobileHeader[39m [36mas[39m [33mGd[39m[33m,[39m[33mScrollArea[39m [36mas[39m ro[33m,[39m[33mMessages[39m [36mas[39m no[33m,[39m[33mMessageLoading[39m [36mas[39m [33mJd[39m[33m,[39m[33mComposer[39m [36mas[39m [33mQd[39m[33m,[39m[33mWelcomeScreen[39m [36mas[39m jn[33m,[39m[33mConversationStarter[39m [36mas[39m em}[36mfrom[39m[32m"@crayonai/react-ui/Shell"[39m[33m;[39m[36mconst[39m io[33m=[39m[33mIe[39m([36mvoid[39m [35m0[39m)[33m,[39mxe[33m=[39m()[33m=>[39m{[36mconst[39m e[33m=[39m[33mNe[39m(io)[33m;[39m[36mif[39m(e[33m===[39m[36mvoid[39m [35m0[39m)[36mthrow[39m [36mnew[39m [33mError[39m([32m"useC1Context must be used within a C1Provider"[39m)[33m;[39m[36mreturn[39m e}[33m;[39m[36mvar[39m [33mRe[39m[33m=[39m(e[33m=>[39m(e[e[33m.[39m[33mINCOMPLETE_RESPONSE[39m[33m=[39m[35m1[39m][33m=[39m[32m"INCOMPLETE_RESPONSE"[39m[33m,[39me[e[33m.[39m[33mINCOMPLETE_JSON[39m[33m=[39m[35m2[39m][33m=[39m[32m"INCOMPLETE_JSON"[39m[33m,[39me[e[33m.[39m[33mINVALID_JSON[39m[33m=[39m[35m3[39m][33m=[39m[32m"INVALID_JSON"[39m[33m,[39me[e[33m.[39m[33mINVALID_JSON_STRUCTURE[39m[33m=[39m[35m4[39m][33m=[39m[32m"INVALID_JSON_STRUCTURE"[39m[33m,[39me[e[33m.[39m[33mRENDER_ERROR[39m[33m=[39m[35m5[39m][33m=[39m[32m"RENDER_ERROR"[39m[33m,[39me[e[33m.[39m[33mUNKNOWN_ERROR_1[39m[33m=[39m[35m6[39m][33m=[39m[32m"UNKNOWN_ERROR_1"[39m[33m,[39me[e[33m.[39m[33mINVALID_CONTEXT[39m[33m=[39m[35m7[39m][33m=[39m[32m"INVALID_CONTEXT"[39m[33m,[39me[e[33m.[39m[33mINVALID_ARTIFACT_DIFF[39m[33m=[39m[35m8[39m][33m=[39m[32m"INVALID_ARTIFACT_DIFF"[39m[33m,[39me[e[33m.[39m[33mINVALID_ARTIFACT_ID[39m[33m=[39m[35m9[39m][33m=[39m[32m"INVALID_ARTIFACT_ID"[39m[33m,[39me))([33mRe[39m[33m||[39m{})[33m;[39m[36mconst[39m [33mBt[39m[33m=[39m()[33m=>[39m{[36mvar[39m a[33m;[39m[36mreturn[39m((a[33m=[39mxe()[33m.[39mformContext)[33m==[39m[36mnull[39m[33m?[39m[36mvoid[39m [35m0[39m[33m:[39ma[33m.[39museGetFieldValue())[33m||[39m(()[33m=>[39m[36mnull[39m)}[33m,[39m[33mRt[39m[33m=[39m()[33m=>[39m{[36mvar[39m a[33m;[39m[36mreturn[39m((a[33m=[39mxe()[33m.[39mformContext)[33m==[39m[36mnull[39m[33m?[39m[36mvoid[39m [35m0[39m[33m:[39ma[33m.[39museSetFieldValue())[33m||[39m(()[33m=>[39m[36mnull[39m)}[33m,[39m[33mDt[39m[33m=[39m()[33m=>[39mxe()[33m.[39museOnAction()[33m||[39m(()[33m=>[39m[36mnull[39m)[33m,[39m$e[33m=[39m()[33m=>[39mxe()[33m.[39museIsStreaming()[33m,[39m[33mKe[39m[33m=[39m({formName[33m:[39me[33m,[39mcomponentType[33m:[39ma[33m,[39mname[33m:[39mn[33m,[39mexistingValue[33m:[39mi[33m,[39mdefaultValue[33m:[39mo})[33m=>[39m{[36mconst[39m s[33m=[39m[33mRt[39m()[33m,[39ml[33m=[39m$e()[33m;[39m[33mV[39m(()[33m=>[39m{l[33m||[39mi[33m!==[39m[36mvoid[39m [35m0[39m[33m||[39mo[33m===[39m[36mvoid[39m [35m0[39m[33m||[39ms(e[33m,[39ma[33m,[39mn[33m,[39mo[33m,[39m[33m![39m[35m1[39m)}[33m,[39m[i[33m,[39mo[33m,[39ml[33m,[39ms])}[33m,[39moo[33m=[39m[33mIe[39m([36mnull[39m)[33m,[39m[33mFt[39m[33m=[39m()[33m=>[39m[33mNe[39m(oo)[33m,[39mtm[33m=[39m[[32m"required"[39m[33m,[39m[32m"minLength"[39m[33m,[39m[32m"maxLength"[39m[33m,[39m[32m"min"[39m[33m,[39m[32m"max"[39m][33m,[39mam[33m=[39m{required[33m:[39m(e[33m,[39ma)[33m=>[39m{[36mif[39m(a){[36mif[39m(e[33m===[39m[32m""[39m[33m||[39me[33m==[39m[36mnull[39m[33m||[39me[33m===[39m[33m![39m[35m1[39m)[36mreturn[39m[32m"This field is required"[39m[33m;[39m[36mif[39m([36mtypeof[39m e[33m==[39m[32m"object"[39m){[36mconst[39m n[33m=[39me[33m==[39m[36mnull[39m[33m?[39m[36mvoid[39m [35m0[39m[33m:[39me[33m.[39mmode[33m;[39m[36mif[39m(n[33m===[39m[32m"single"[39m)[36mreturn[39m(e[33m==[39m[36mnull[39m[33m?[39m[36mvoid[39m [35m0[39m[33m:[39me[33m.[39mdate)[33m?[39m[36mvoid[39m [35m0[39m[33m:[39m[32m"This field is required"[39m[33m;[39m[36mif[39m(n[33m===[39m[32m"range"[39m){[36mconst[39m o[33m=[39me[33m==[39m[36mnull[39m[33m?[39m[36mvoid[39m [35m0[39m[33m:[39me[33m.[39mdateRange[33m;[39m[36mreturn[39m [33mArray[39m[33m.[39misArray(o)[33m&&[39m(o[[35m0[39m][33m||[39mo[[35m1[39m])[33m?[39m[36mvoid[39m [35m0[39m[33m:[39m[32m"This field is required"[39m}[36mconst[39m i[33m=[39m[33mObject[39m[33m.[39mvalues(e)[33m;[39m[36mreturn[39m i[33m.[39mevery(o[33m=>[39m[36mtypeof[39m o[33m==[39m[32m"boolean"[39m[33m||[39mo[33m===[39m[36mvoid[39m [35m0[39m)[33m?[39mi[33m.[39msome([33mBoolean[39m)[33m?[39m[36mvoid[39m [35m0[39m[33m:[39m[32m"This field is required"[39m[33m:[39m[36mvoid[39m [35m0[39m}}}[33m,[39mminLength[33m:[39m(e[33m,[39ma)[33m=>[39m{[36mif[39m([36mtypeof[39m e[33m==[39m[32m"string"[39m[33m&&[39me[33m.[39mlength[33m<[39m[33ma[39m)[36mreturn[39m[32m`Must be at least ${a} characters`[39m}[33m,[39mmaxLength[33m:[39m(e[33m,[39ma)[33m=>[39m{[36mif[39m([36mtypeof[39m e[33m==[39m[32m"string"[39m[33m&&[39me[33m.[39mlength[33m>[39ma)[36mreturn[39m[32m`Must be less than ${a} characters`[39m}[33m,[39mmin[33m:[39m(e[33m,[39ma)[33m=>[39m{[36mif[39m(e[33m!=[39m[36mnull[39m[33m&&[39me[33m!==[39m[32m""[39m){e[33m=[39m[33mArray[39m[33m.[39misArray(e)[33m?[39me[33m:[39m[e][33m;[39m[36mfor[39m([36mconst[39m n [36mof[39m e){[36mconst[39m i[33m=[39m[33mNumber[39m(n)[33m;[39m[36mif[39m(isNaN(i)[33m||[39mi[33m<[39m[33ma[39m)[36mreturn[39m[32m`Must be at least ${a}`[39m}}}[33m,[39mmax[33m:[39m(e[33m,[39ma)[33m=>[39m{[36mif[39m(e[33m!=[39m[36mnull[39m[33m&&[39me[33m!==[39m[32m""[39m){e[33m=[39m[33mArray[39m[33m.[39misArray(e)[33m?[39me[33m:[39m[e][33m;[39m[36mfor[39m([36mconst[39m n [36mof[39m e){[36mconst[39m i[33m=[39m[33mNumber[39m(n)[33m;[39m[36mif[39m(isNaN(i)[33m||[39mi[33m>[39ma)[36mreturn[39m[32m`Must be no more than ${a}`[39m}}}}[33m,[39m[33mK[39m[33m=[39mq(({overridesProps[33m:[39me[33m=[39m{}[33m,[39m[33m...[39ma})[33m=>[39m{[36mvar[39m y[33m;[39m[36mconst[39m n[33m=[39m[33mRt[39m()[33m,[39mi[33m=[39m[33mDt[39m()[33m,[39mo[33m=[39m$e()[33m,[39ms[33m=[39m[33mBt[39m()[33m,[39ml[33m=[39m[33mFt[39m()[33m,[39mc[33m=[39mxe()[33m.[39mcustomComponents[33m,[39md[33m=[39mxe()[33m.[39m[33mWisdomVisualisationComponent[39m[33m,[39m{type[33m:[39mm[33m,[39mcomponentLibrary[33m:[39mh}[33m=[39m[33mNe[39m(gs)[33m;[39m[36mif[39m([33m![39ma[33m||[39m[36mtypeof[39m a[33m!=[39m[32m"object"[39m)[36mreturn[39m [36mnull[39m[33m;[39m[36mif[39m(a[33m.[39mcomponent[33m===[39m[32m"Visualization"[39m[33m&&[39mm[33m!==[39mra[33m.[39m[33mDEFAULT[39m[33m&&[39md)[36mreturn[39m t(d[33m,[39m{[33m...[39ma[33m.[39mprops})[33m;[39m[36mif[39m(c[33m&&[39mc[a[33m.[39mcomponent]){[36mconst[39m _[33m=[39mc[a[33m.[39mcomponent][33m;[39m[36mreturn[39m t(_[33m,[39m{[33m...[39ma[33m.[39mprops})}[36mconst[39m{component[33m:[39mu[33m,[39m[33mExtraProps[39m[33m:[39mg}[33m=[39mh[a[33m.[39mcomponent][33m||[39mh[us[33m.[39m[36mget[39m((y[33m=[39ma[33m.[39mcomponent)[33m==[39m[36mnull[39m[33m?[39m[36mvoid[39m [35m0[39m[33m:[39my[33m.[39mtoLowerCase())[33m||[39m[32m""[39m][33m||[39m{}[33m;[39m[36mif[39m([33m![39mu)[36mreturn[39m [36mnull[39m[33m;[39m[36mconst[39m b[33m=[39mg[33m?[39mg({props[33m:[39ma[33m.[39mprops[33m,[39mhooks[33m:[39m{updateContext[33m:[39mn[33m,[39monAction[33m:[39mi[33m,[39misStreaming[33m:[39mo[33m,[39mgetFormFieldValue[33m:[39ms[33m,[39mformContext[33m:[39ml}})[33m:[39m{}[33m,[39mf[33m=[39m[33mObject[39m[33m.[39massign({}[33m,[39ma[33m.[39mprops[33m,[39mb[33m,[39me[a[33m.[39mcomponent])[33m;[39m[36mreturn[39m t(u[33m,[39m{[33m...[39mf})})[33m,[39mz[33m=[39mr[33m.[39mobject({component[33m:[39mr[33m.[39mstring()})[33m,[39m[33mA[39m[33m=[39mr[33m.[39mobject({})[33m;[39m[36mvar[39m ma[33m=[39m(e[33m=>[39m(e[33m.[39m[33mContinueConversation[39m[33m=[39m[32m"continue_conversation"[39m[33m,[39me[33m.[39m[33mOpenUrl[39m[33m=[39m[32m"open_url"[39m[33m,[39me))(ma[33m||[39m{})[33m;[39m[36mconst[39m rm[33m=[39mr[33m.[39mobject({type[33m:[39mr[33m.[39mliteral([32m"continue_conversation"[39m)[33m,[39mprops[33m:[39mr[33m.[39mobject({})[33m.[39moptional()})[33m.[39mdescribe([32m"$ref:continueConversationAction"[39m)[33m,[39mnm[33m=[39mr[33m.[39mobject({type[33m:[39mr[33m.[39mliteral([32m"open_url"[39m)[33m,[39mprops[33m:[39mr[33m.[39mobject({url[33m:[39mr[33m.[39mstring()})})[33m.[39mdescribe([32m"$ref:openUrlAction"[39m)[33m,[39mim[33m=[39mr[33m.[39mobject({type[33m:[39mr[33m.[39mstring()[33m,[39mprops[33m:[39mr[33m.[39mrecord(r[33m.[39many())[33m.[39moptional()})[33m.[39mdescribe([32m"$exclude:customAction"[39m)[33m,[39mha[33m=[39mr[33m.[39munion([im[33m,[39mrm[33m,[39mnm])[33m.[39mdescribe([32m"$ref:actionSchema"[39m)[33m.[39moptional()[33m,[39mso[33m=[39m[33mA[39m[33m.[39mextend({name[33m:[39mr[33m.[39mstring()[33m,[39mcategory[33m:[39mr[33m.[39mstring()[33m.[39moptional()})[33m,[39mke[33m=[39mz[33m.[39mextend({component[33m:[39mr[33m.[39mliteral([32m"Icon"[39m)[33m,[39mprops[33m:[39mso})[33m,[39mom[33m=[39mr[33m.[39m[36menum[39m([[32m"primary"[39m[33m,[39m[32m"secondary"[39m[33m,[39m[32m"tertiary"[39m])[33m,[39msm[33m=[39mr[33m.[39m[36menum[39m([[32m"small"[39m[33m,[39m[32m"medium"[39m[33m,[39m[32m"large"[39m])[33m,[39mlm[33m=[39m[33mA[39m[33m.[39mextend({children[33m:[39mr[33m.[39mstring()[33m.[39m[36mdefault[39m([32m""[39m)[33m,[39mname[33m:[39mr[33m.[39mstring()[33m.[39m[36mdefault[39m([32m""[39m)[33m,[39mvariant[33m:[39mom[33m.[39moptional()[33m,[39msize[33m:[39msm[33m.[39moptional()[33m,[39miconLeft[33m:[39mke[33m.[39moptional()[33m,[39miconRight[33m:[39mke[33m.[39moptional()[33m,[39maction[33m:[39mha})[33m,[39m[33mLt[39m[33m=[39mz[33m.[39mextend({component[33m:[39mr[33m.[39mliteral([32m"Button"[39m)[33m,[39mprops[33m:[39mlm})[33m,[39mcm[33m=[39mr[33m.[39m[36menum[39m([[32m"primary"[39m[33m,[39m[32m"secondary"[39m[33m,[39m[32m"tertiary"[39m])[33m,[39mdm[33m=[39mr[33m.[39m[36menum[39m([[32m"extra-small"[39m[33m,[39m[32m"small"[39m[33m,[39m[32m"medium"[39m[33m,[39m[32m"large"[39m])[33m,[39mmm[33m=[39mr[33m.[39m[36menum[39m([[32m"square"[39m[33m,[39m[32m"circle"[39m])[33m,[39mpm[33m=[39m[33mA[39m[33m.[39mextend({icon[33m:[39mke[33m,[39mvariant[33m:[39mcm[33m.[39moptional()[33m,[39msize[33m:[39mdm[33m.[39moptional()[33m,[39mshape[33m:[39mmm[33m.[39moptional()[33m,[39mname[33m:[39mr[33m.[39mstring()[33m,[39maction[33m:[39mha})[33m,[39man[33m=[39mz[33m.[39mextend({component[33m:[39mr[33m.[39mliteral([32m"IconButton"[39m)[33m,[39mprops[33m:[39mpm})[33m,[39mhm[33m=[39m[33mA[39m[33m.[39mextend({variant[33m:[39mr[33m.[39m[36menum[39m([[32m"vertical"[39m[33m,[39m[32m"horizontal"[39m])[33m.[39moptional()[33m,[39mchildren[33m:[39mr[33m.[39marray(r[33m.[39munion([[33mLt[39m[33m,[39man]))[33m.[39m[36mdefault[39m([])})[33m,[39m[33mGe[39m[33m=[39mz[33m.[39mextend({component[33m:[39mr[33m.[39mliteral([32m"ButtonGroup"[39m)[33m,[39mprops[33m:[39mhm})[33m,[39mum[33m=[39mr[33m.[39marray(r[33m.[39mrecord(r[33m.[39munion([r[33m.[39mstring()[33m,[39mr[33m.[39mnumber()])))[33m,[39mgm[33m=[39m[33mA[39m[33m.[39mextend({categoryKey[33m:[39mr[33m.[39mstring()[33m,[39mdata[33m:[39mum})[33m,[39m[33mYa[39m[33m=[39mz[33m.[39mextend({component[33m:[39mr[33m.[39mliteral([32m"AreaChart"[39m)[33m,[39mprops[33m:[39mgm})[33m,[39m_m[33m=[39mr[33m.[39marray(r[33m.[39mrecord(r[33m.[39munion([r[33m.[39mstring()[33m,[39mr[33m.[39mnumber()])))[33m,[39mfm[33m=[39m[33mA[39m[33m.[39mextend({categoryKey[33m:[39mr[33m.[39mstring()[33m,[39mdata[33m:[39m_m})[33m,[39m[33mGa[39m[33m=[39mz[33m.[39mextend({component[33m:[39mr[33m.[39mliteral([32m"BarChart"[39m)[33m,[39mprops[33m:[39mfm})[33m,[39mbm[33m=[39mr[33m.[39marray(r[33m.[39mrecord(r[33m.[39munion([r[33m.[39mstring()[33m,[39mr[33m.[39mnumber()])))[33m,[39mym[33m=[39m[33mA[39m[33m.[39mextend({categoryKey[33m:[39mr[33m.[39mstring()[33m,[39mdata[33m:[39mbm})[33m,[39m[33mJa[39m[33m=[39mz[33m.[39mextend({component[33m:[39mr[33m.[39mliteral([32m"LineChart"[39m)[33m,[39mprops[33m:[39mym})[33m,[39mvm[33m=[39mr[33m.[39marray(r[33m.[39mrecord(r[33m.[39munion([r[33m.[39mstring()[33m,[39mr[33m.[39mnumber()])))[33m,[39mwm[33m=[39m[33mA[39m[33m.[39mextend({categoryKey[33m:[39mr[33m.[39mstring()[33m,[39mdata[33m:[39mvm[33m,[39mdataKey[33m:[39mr[33m.[39mstring()})[33m,[39m[33mQa[39m[33m=[39mz[33m.[39mextend({component[33m:[39mr[33m.[39mliteral([32m"PieChart"[39m)[33m,[39mprops[33m:[39mwm})[33m,[39mxm[33m=[39mq(e[33m=>[39m{[36mconst[39m{categoryKey[33m:[39ma[33m,[39mdata[33m:[39mn[33m,[39m[33m...[39mi}[33m=[39me[33m;[39m[36mreturn[39m[33m![39ma[33m||[39m[33m![39mn[33m||[39mn[33m.[39mlength[33m===[39m[35m0[39m[33m||[39m[33mObject[39m[33m.[39mkeys(n[[35m0[39m])[33m.[39mlength[33m<[39m[35m2[39m[33m?[39m[36mnull[39m[33m:[39mt([33mPi[39m[33m,[39m{categoryKey[33m:[39ma[33m,[39mdata[33m:[39mn[33m,[39m[33m...[39mi})})[33m,[39mkm[33m=[39mr[33m.[39marray(r[33m.[39mrecord(r[33m.[39munion([r[33m.[39mstring()[33m,[39mr[33m.[39mnumber()])))[33m,[39m[33mNm[39m[33m=[39m[33mA[39m[33m.[39mextend({categoryKey[33m:[39mr[33m.[39mstring()[33m,[39mdata[33m:[39mkm})[33m,[39mer[33m=[39mz[33m.[39mextend({component[33m:[39mr[33m.[39mliteral([32m"RadarChart"[39m)[33m,[39mprops[33m:[39m[33mNm[39m})[33m,[39m[33mCm[39m[33m=[39mq(e[33m=>[39m{[36mconst[39m{categoryKey[33m:[39ma[33m,[39mdata[33m:[39mn[33m,[39mdataKey[33m:[39mi[33m,[39m[33m...[39mo}[33m=[39me[33m,[39ms[33m=[39m[33mD[39m([36mnull[39m)[33m;[39m[36mif[39m([33m![39ma[33m||[39m[33m![39mn[33m||[39mn[33m.[39mlength[33m===[39m[35m0[39m[33m||[39mn[n[33m.[39mlength[33m-[39m[35m1[39m][a][33m===[39m[36mvoid[39m [35m0[39m[33m||[39mn[n[33m.[39mlength[33m-[39m[35m1[39m][i][33m===[39m[36mvoid[39m [35m0[39m){[36mif[39m(s[33m.[39mcurrent){[36mconst[39m{categoryKey[33m:[39ml[33m,[39mdata[33m:[39mc[33m,[39mdataKey[33m:[39md[33m,[39m[33m...[39mm}[33m=[39ms[33m.[39mcurrent[33m;[39m[36mreturn[39m t([33mRa[39m[33m,[39m{categoryKey[33m:[39ml[33m,[39mdata[33m:[39mc[33m,[39mdataKey[33m:[39md[33m,[39m[33m...[39mm})}[36mreturn[39m [36mnull[39m}[36mreturn[39m s[33m.[39mcurrent[33m=[39me[33m,[39mt([33mRa[39m[33m,[39m{categoryKey[33m:[39ma[33m,[39mdata[33m:[39mn[33m,[39mdataKey[33m:[39mi[33m,[39m[33m...[39mo})})[33m,[39m[33mSm[39m[33m=[39mr[33m.[39marray(r[33m.[39mrecord(r[33m.[39munion([r[33m.[39mstring()[33m,[39mr[33m.[39mnumber()])))[33m,[39m[33mTm[39m[33m=[39m[33mA[39m[33m.[39mextend({categoryKey[33m:[39mr[33m.[39mstring()[33m,[39mdataKey[33m:[39mr[33m.[39mstring()[33m,[39mdata[33m:[39m[33mSm[39m})[33m,[39mtr[33m=[39mz[33m.[39mextend({component[33m:[39mr[33m.[39mliteral([32m"RadialChart"[39m)[33m,[39mprops[33m:[39m[33mTm[39m})[33m,[39mrn[33m=[39me[33m=>[39m{e[33m&&[39mwindow[33m.[39mopen(e[33m,[39m[32m"_blank"[39m[33m,[39m[32m"noopener,noreferrer"[39m)}[33m,[39mlo[33m=[39m[33mIe[39m([36mvoid[39m [35m0[39m)[33m,[39m[33mEm[39m[33m=[39me[33m=>[39m{[36mtry[39m{[36mreturn[39m e[33m?[39m[32m`https://www.google.com/s2/favicons?sz=128&domain=${new URL(e).hostname}`[39m[33m:[39m[32m""[39m}[36mcatch[39m{[36mreturn[39m[32m""[39m}}[33m,[39m[33mPm[39m[33m=[39m({sources[33m:[39me[33m,[39mchildren[33m:[39ma})[33m=>[39m{[36mconst[39m n[33m=[39mne(()[33m=>[39m(e[33m==[39m[36mnull[39m[33m?[39m[36mvoid[39m [35m0[39m[33m:[39me[33m.[39mmap(i[33m=>[39m({[33m...[39mi[33m,[39mfaviconUrl[33m:[39m[33mEm[39m(i[33m.[39murl)})))[33m?[39m[33m?[39m[][33m,[39m[e])[33m;[39m[36mreturn[39m t(lo[33m.[39m[33mProvider[39m[33m,[39m{value[33m:[39mn[33m,[39mchildren[33m:[39ma})}[33m,[39mco[33m=[39m()[33m=>[39m[33mNe[39m(lo)[33m?[39m[33m?[39m[][33m;[39m[36mfunction[39m [33mIm[39m(e){[36mreturn[39m e[33m<[39m[35m480[39m[33m?[39m[32m"mobile"[39m[33m:[39me[33m<[39m[35m800[39m[33m?[39m[32m"tablet"[39m[33m:[39m[32m"desktop"[39m}[36mfunction[39m nn(e){[36mconst[39m[a[33m,[39mn][33m=[39m[33mF[39m({width[33m:[39m[35m0[39m[33m,[39mheight[33m:[39m[35m0[39m[33m,[39mbreakpoint[33m:[39m[32m"mobile"[39m})[33m,[39m[i[33m,[39mo][33m=[39m[33mF[39m([36mnull[39m)[33m;[39m[36mreturn[39m qe(()[33m=>[39m{[36mconst[39m s[33m=[39me[33m.[39mcurrent[33m;[39ms[33m!==[39mi[33m&&[39mo(s)})[33m,[39mqe(()[33m=>[39m{[36mif[39m([33m![39mi)[36mreturn[39m[33m;[39m[36mconst[39m s[33m=[39m()[33m=>[39m{[36mconst[39m c[33m=[39mi[33m.[39mclientWidth[33m,[39md[33m=[39mi[33m.[39mclientHeight[33m;[39mn({width[33m:[39mc[33m,[39mheight[33m:[39md[33m,[39mbreakpoint[33m:[39m[33mIm[39m(c)})}[33m,[39ml[33m=[39m[36mnew[39m [33mResizeObserver[39m(()[33m=>[39mrequestAnimationFrame(s))[33m;[39m[36mreturn[39m l[33m.[39mobserve(i)[33m,[39ms()[33m,[39m()[33m=>[39m{l[33m.[39mdisconnect()}}[33m,[39m[i])[33m,[39ma}[36mconst[39m ar[33m=[39m()[33m=>[39mne(()[33m=>[39mcrypto[33m.[39mrandomUUID()[33m,[39m[])[33m,[39mvr[33m=[39m[32m"c1-pinnable-tooltip-open"[39m[33m,[39m[33mAm[39m[33m=[39m[32m"c1-pinnable-tooltip-global"[39m[33m;[39m[36mfunction[39m on(e[33m=[39m{}){[36mconst[39m{groupId[33m:[39ma[33m=[39m[33mAm[39m[33m,[39mcloseDelay[33m:[39mn[33m=[39m[35m200[39m[33m,[39monOpenChange[33m:[39mi}[33m=[39me[33m,[39m[o[33m,[39ms][33m=[39m[33mF[39m([33m![39m[35m1[39m)[33m,[39m[l[33m,[39mc][33m=[39m[33mF[39m([33m![39m[35m1[39m)[33m,[39m[d[33m,[39mm][33m=[39m[33mF[39m([33m![39m[35m1[39m)[33m,[39mh[33m=[39m[33mD[39m([36mnull[39m)[33m,[39mu[33m=[39mar()[33m,[39mg[33m=[39m$(()[33m=>[39m{h[33m.[39mcurrent[33m!==[39m[36mnull[39m[33m&&[39m(window[33m.[39mclearTimeout(h[33m.[39mcurrent)[33m,[39mh[33m.[39mcurrent[33m=[39m[36mnull[39m)}[33m,[39m[])[33m,[39mb[33m=[39m$(()[33m=>[39m{g()[33m,[39ml[33m||[39m(d[33m&&[39mm([33m![39m[35m1[39m)[33m,[39ms([33m![39m[35m0[39m))}[33m,[39m[g[33m,[39ml[33m,[39md])[33m,[39mf[33m=[39m$(()[33m=>[39m{d[33m&&[39mm([33m![39m[35m1[39m)[33m,[39ml[33m||[39m(h[33m.[39mcurrent[33m=[39mwindow[33m.[39msetTimeout(()[33m=>[39m{s([33m![39m[35m1[39m)[33m,[39mh[33m.[39mcurrent[33m=[39m[36mnull[39m}[33m,[39mn))}[33m,[39m[l[33m,[39md[33m,[39mn])[33m,[39my[33m=[39m$(()[33m=>[39m{g()[33m,[39mc(x[33m=>[39m{[36mconst[39m [33mC[39m[33m=[39m[33m![39mx[33m;[39m[36mreturn[39m s([33mC[39m)[33m,[39m[33mC[39m[33m||[39mm([33m![39m[35m0[39m)[33m,[39m[33mC[39m})}[33m,[39m[g])[33m,[39m_[33m=[39m$(()[33m=>[39m{g()[33m,[39mc([33m![39m[35m1[39m)[33m,[39mm([33m![39m[35m0[39m)[33m,[39ms([33m![39m[35m1[39m)}[33m,[39m[g])[33m,[39mv[33m=[39m$(()[33m=>[39m{_()}[33m,[39m[_])[33m,[39m[33mN[39m[33m=[39m$(x[33m=>[39m[33mC[39m[33m=>[39m{[36mvar[39m k[33m;[39m(k[33m=[39m[33mC[39m[33m.[39mtarget)[33m!=[39m[36mnull[39m[33m&&[39mk[33m.[39mclosest(x)[33m||[39m_()}[33m,[39m[_])[33m;[39m[36mreturn[39m [33mV[39m(()[33m=>[39m()[33m=>[39m{g()}[33m,[39m[g])[33m,[39m[33mV[39m(()[33m=>[39m{i[33m==[39m[36mnull[39m[33m||[39mi(o)}[33m,[39m[o[33m,[39mi])[33m,[39m[33mV[39m(()[33m=>[39m{o[33m&&[39mwindow[33m.[39mdispatchEvent([36mnew[39m [33mCustomEvent[39m(vr[33m,[39m{detail[33m:[39m{id[33m:[39mu[33m,[39mgroupId[33m:[39ma}}))}[33m,[39m[u[33m,[39mo[33m,[39ma])[33m,[39m[33mV[39m(()[33m=>[39m{[36mconst[39m x[33m=[39m[33mC[39m[33m=>[39m{[36mconst[39m k[33m=[39m[33mC[39m[33m.[39mdetail[33m;[39m(k[33m==[39m[36mnull[39m[33m?[39m[36mvoid[39m [35m0[39m[33m:[39mk[33m.[39mgroupId)[33m===[39ma[33m&&[39m(k[33m==[39m[36mnull[39m[33m?[39m[36mvoid[39m [35m0[39m[33m:[39mk[33m.[39mid)[33m!==[39mu[33m&&[39m_()}[33m;[39m[36mreturn[39m window[33m.[39maddEventListener(vr[33m,[39mx)[33m,[39m()[33m=>[39m{window[33m.[39mremoveEventListener(vr[33m,[39mx)}}[33m,[39m[u[33m,[39ma[33m,[39m_])[33m,[39m{isOpen[33m:[39mo[33m,[39misPinned[33m:[39ml[33m,[39mhandleMouseEnter[33m:[39mb[33m,[39mhandleMouseLeave[33m:[39mf[33m,[39mhandleTriggerClick[33m:[39my[33m,[39mhandleContentClick[33m:[39mv[33m,[39mcloseTooltip[33m:[39m_[33m,[39mgetPointerDownOutsideHandler[33m:[39m[33mN[39m}}[36mconst[39m mo[33m=[39me[33m=>[39m{[36mif[39m(e[33m.[39mlength[33m===[39m[35m0[39m)[36mreturn[39m[[]][33m;[39m[36mconst[39m a[33m=[39me[[35m0[39m][33m,[39mn[33m=[39me[33m.[39mslice([35m1[39m)[33m,[39mi[33m=[39mmo(n)[33m,[39mo[33m=[39m[][33m;[39m[36mreturn[39m i[33m.[39mforEach(s[33m=>[39m{[36mfor[39m([36mlet[39m l[33m=[39m[35m0[39m[33m;[39ml[33m<=[39ms[33m.[39mlength[33m;[39ml[33m++[39m){[36mconst[39m c[33m=[39m[[33m...[39ms[33m.[39mslice([35m0[39m[33m,[39ml)[33m,[39ma[33m,[39m[33m...[39ms[33m.[39mslice(l)][33m.[39mfilter(d[33m=>[39md[33m!==[39m[36mvoid[39m [35m0[39m)[33m;[39mo[33m.[39mpush(c)}})[33m,[39mo}[33m,[39m[33mVn[39m[33m=[39m[33mObject[39m[33m.[39mentries([33mWc[39m)[33m.[39mreduce((e[33m,[39m[a[33m,[39mn])[33m=>[39m((i[33m=>[39m{[36mconst[39m o[33m=[39mi[33m.[39mtrim()[33m.[39msplit([35m/-/[39m)[33m.[39mfilter(s[33m=>[39ms[33m.[39mlength[33m>[39m[35m0[39m)[33m;[39m[36mreturn[39m o[33m.[39mlength[33m===[39m[35m0[39m[33m?[39m[[32m""[39m][33m:[39mmo(o)[33m.[39mmap(s[33m=>[39ms[33m.[39mjoin([32m"-"[39m))})(a)[33m.[39mforEach(i[33m=>[39m{e[i][33m=[39mn})[33m,[39me)[33m,[39m{})[33m,[39m[33mEt[39m[33m=[39m[36mnew[39m [33mMap[39m[33m,[39m[33mLm[39m[33m=[39m{accessibility[33m:[39m[32m"accessibility"[39m[33m,[39maccount[33m:[39m[32m"user"[39m[33m,[39manimals[33m:[39m[32m"cat"[39m[33m,[39marrows[33m:[39m[32m"arrow-right"[39m[33m,[39mbrands[33m:[39m[32m"box"[39m[33m,[39mbuildings[33m:[39m[32m"building"[39m[33m,[39mcharts[33m:[39m[32m"chart-line"[39m[33m,[39mcommunication[33m:[39m[32m"message-square"[39m[33m,[39mconnectivity[33m:[39m[32m"wifi"[39m[33m,[39mcursors[33m:[39m[32m"mouse-pointer"[39m[33m,[39mdesign[33m:[39m[32m"palette"[39m[33m,[39mdevelopment[33m:[39m[32m"code"[39m[33m,[39mdevices[33m:[39m[32m"smartphone"[39m[33m,[39memoji[33m:[39m[32m"smile"[39m[33m,[39mfiles[33m:[39m[32m"file"[39m[33m,[39mfinance[33m:[39m[32m"dollar-sign"[39m[33m,[39m[32m"food-beverage"[39m[33m:[39m[32m"cooking-pot"[39m[33m,[39mgaming[33m:[39m[32m"gamepad"[39m[33m,[39mhome[33m:[39m[32m"house"[39m[33m,[39mlayout[33m:[39m[32m"layout"[39m[33m,[39mmail[33m:[39m[32m"mail"[39m[33m,[39mmath[33m:[39m[32m"calculator"[39m[33m,[39mmedical[33m:[39m[32m"heart-pulse"[39m[33m,[39mmultimedia[33m:[39m[32m"music"[39m[33m,[39mnature[33m:[39m[32m"tree-pine"[39m[33m,[39mnavigation[33m:[39m[32m"map-pin"[39m[33m,[39mnotifications[33m:[39m[32m"bell"[39m[33m,[39mpeople[33m:[39m[32m"users"[39m[33m,[39mphotography[33m:[39m[32m"camera"[39m[33m,[39mscience[33m:[39m[32m"microscope"[39m[33m,[39mseasons[33m:[39m[32m"sun"[39m[33m,[39msecurity[33m:[39m[32m"shield"[39m[33m,[39mshapes[33m:[39m[32m"circle"[39m[33m,[39mshopping[33m:[39m[32m"shopping-cart"[39m[33m,[39msocial[33m:[39m[32m"share-2"[39m[33m,[39msports[33m:[39m[32m"trophy"[39m[33m,[39msustainability[33m:[39m[32m"leaf"[39m[33m,[39mtext[33m:[39m[32m"type"[39m[33m,[39mtime[33m:[39m[32m"clock"[39m[33m,[39mtools[33m:[39m[32m"wrench"[39m[33m,[39mtransportation[33m:[39m[32m"car"[39m[33m,[39mtravel[33m:[39m[32m"plane"[39m[33m,[39mweather[33m:[39m[32m"cloud"[39m}[33m,[39mde[33m=[39m({name[33m:[39me[33m,[39mcategory[33m:[39ma[33m,[39m[33m...[39mn})[33m=>[39m{[36mconst[39m[i[33m,[39mo][33m=[39m[33mF[39m(()[33m=>[39m[33mEt[39m[33m.[39m[36mget[39m(e)[33m||[39m[36mnull[39m)[33m;[39m[36mreturn[39m [33mV[39m(()[33m=>[39m{[36mconst[39m s[33m=[39m[36masync[39m l[33m=>[39m{[36mconst[39m c[33m=[39m(d[33m=>[39m{[36mconst[39m m[33m=[39m[33mVn[39m[d][33m;[39m[36mif[39m(m)[36mreturn[39m m[33m;[39m[36mconst[39m h[33m=[39m(u[33m=>[39m{[36mconst[39m g[33m=[39mu[33m.[39msplit([32m"-"[39m)[33m,[39mb[33m=[39m[g[[35m0[39m]][33m;[39m[36mlet[39m f[33m=[39mb[[35m0[39m][33m;[39m[36mfor[39m([36mconst[39m y [36mof[39m g[33m.[39mslice([35m1[39m)){[36mconst[39m _[33m=[39m[32m`${f}-${y}`[39m[33m;[39mf[33m=[39m_[33m,[39mb[33m.[39mpush(_)}[36mreturn[39m b[33m.[39mreverse()})(d)[33m;[39m[36mfor[39m([36mconst[39m u [36mof[39m h){[36mconst[39m g[33m=[39m[33mVn[39m[u][33m;[39m[36mif[39m(g)[36mreturn[39m g}[36mreturn[39m [36mnull[39m})(l)[33m;[39m[36mif[39m([33m![39mc)[36mreturn[39m[33m![39m[35m1[39m[33m;[39m[36mtry[39m{[36mconst[39m d[33m=[39m[36mawait[39m c()[33m;[39m[36mif[39m(d[33m!=[39m[36mnull[39m[33m&&[39md[33m.[39m[36mdefault[39m)[36mreturn[39m [33mEt[39m[33m.[39m[36mset[39m(l[33m,[39md[33m.[39m[36mdefault[39m)[33m,[39mo(()[33m=>[39md[33m.[39m[36mdefault[39m)[33m,[39m[33m![39m[35m0[39m}[36mcatch[39m{[36mreturn[39m[33m![39m[35m1[39m}[36mreturn[39m[33m![39m[35m1[39m}[33m;[39m([36masync[39m()[33m=>[39m{[36mif[39m([33mEt[39m[33m.[39mhas(e))[36mreturn[39m [36mvoid[39m o([33mEt[39m[33m.[39m[36mget[39m(e))[33m;[39m[36mif[39m([33m![39m[36mawait[39m s(e)){[36mconst[39m l[33m=[39m[33mLm[39m[a[33m||[39m[32m""[39m][33m||[39m[32m"circle-dot"[39m[33m;[39m[33mEt[39m[33m.[39mhas(l)[33m?[39mo([33mEt[39m[33m.[39m[36mget[39m(l))[33m:[39m[36mawait[39m s(l)}})()}[33m,[39m[e[33m,[39ma])[33m,[39mi[33m?[39mt(i[33m,[39m{size[33m:[39m[35m14[39m[33m,[39m[33m...[39mn})[33m:[39m[36mnull[39m}[33m,[39m[33mMm[39m[33m=[39m()[33m=>[39me[33m=>[39m{[33mAi[39m(e[33m,[39m[32m"code"[39m[33m,[39m(a[33m,[39mn[33m,[39mi)[33m=>[39m{[36mif[39m(a[33m.[39mlang[33m===[39m[32m"mermaid"[39m[33m&&[39m[36mtypeof[39m a[33m.[39mvalue[33m==[39m[32m"string"[39m){[36mconst[39m o[33m=[39m{type[33m:[39m[32m"customComponent"[39m[33m,[39mdata[33m:[39m{hName[33m:[39m[32m"div"[39m[33m,[39mhProperties[33m:[39m{[32m"data-component-type"[39m[33m:[39m[32m"mermaid"[39m[33m,[39m[32m"data-mermaid-code"[39m[33m:[39mbtoa(encodeURIComponent(a[33m.[39mvalue))}}[33m,[39mchildren[33m:[39m[]}[33m;[39mi[33m&&[39m[36mtypeof[39m n[33m==[39m[32m"number"[39m[33m&&[39m(i[33m.[39mchildren[n][33m=[39mo)}})}[33m,[39m[33mX[39m[33m=[39m(e[33m,[39ma[33m=[39m[32m"#000000"[39m)[33m=>[39m{[36mif[39m([33m![39me)[36mreturn[39m a[33m;[39m[36mif[39m(e[33m.[39mstartsWith([32m"#"[39m))[36mreturn[39m e[33m;[39m[36mif[39m(e[33m.[39mstartsWith([32m"var(--"[39m)){[36mconst[39m n[33m=[39me[33m.[39mmatch([35m/var\(--([^)]+)\)/[39m)[33m;[39m[36mif[39m([33m![39mn)[36mreturn[39m a[33m;[39m[36mconst[39m i[33m=[39m[32m`--${n[1]}`[39m[33m;[39m[36mif[39m([36mtypeof[39m window[33m>[39m[32m"u"[39m)[36mreturn[39m a[33m;[39m[36mconst[39m o[33m=[39mgetComputedStyle(document[33m.[39mdocumentElement)[33m.[39mgetPropertyValue(i)[33m.[39mtrim()[33m;[39m[36mreturn[39m o[33m&&[39m[33mHn[39m(o)[33m||[39ma}[36mreturn[39m [33mHn[39m(e)[33m||[39ma}[33m,[39m[33mHn[39m[33m=[39me[33m=>[39m{[36mif[39m([33m![39me)[36mreturn[39m [36mnull[39m[33m;[39m[36mconst[39m a[33m=[39me[33m.[39mtrim()[33m;[39m[36mif[39m(a[33m.[39mstartsWith([32m"#"[39m))[36mreturn[39m a[33m.[39mlength[33m===[39m[35m4[39m[33m?[39m[32m`#${a[1]}${a[1]}${a[2]}${a[2]}${a[3]}${a[3]}`[39m[33m:[39ma[33m;[39m[36mconst[39m n[33m=[39ms[33m=>[39m[33mMath[39m[33m.[39mmax([35m0[39m[33m,[39m[33mMath[39m[33m.[39mmin([35m255[39m[33m,[39m[33mMath[39m[33m.[39mround(s)))[33m.[39mtoString([35m16[39m)[33m.[39mpadStart([35m2[39m[33m,[39m[32m"0"[39m)[33m,[39mi[33m=[39ma[33m.[39mmatch([35m/rgba?\((\d+),\s*(\d+),\s*(\d+)(?:,\s*([\d.]+))?\)/[39m)[33m;[39m[36mif[39m(i){[36mconst[39m s[33m=[39mparseInt(i[[35m1[39m][33m,[39m[35m10[39m)[33m,[39ml[33m=[39mparseInt(i[[35m2[39m][33m,[39m[35m10[39m)[33m,[39mc[33m=[39mparseInt(i[[35m3[39m][33m,[39m[35m10[39m)[33m,[39md[33m=[39mi[[35m4[39m][33m,[39mm[33m=[39m[32m`#${n(s)}${n(l)}${n(c)}`[39m[33m;[39m[36mif[39m(d){[36mconst[39m h[33m=[39mparseFloat(d)[33m;[39m[36mif[39m(h[33m<[39m[35m1[39m)[36mreturn[39m[32m`${m}${n(255*h)}`[39m}[36mreturn[39m m}[36mconst[39m o[33m=[39ma[33m.[39mmatch([35m/hsla?\((\d+),\s*(\d+)%,\s*(\d+)%(?:,\s*([\d.]+))?\)/[39m)[33m;[39m[36mif[39m(o){[36mconst[39m s[33m=[39mparseInt(o[[35m1[39m][33m,[39m[35m10[39m)[33m/[39m[35m360[39m[33m,[39ml[33m=[39mparseInt(o[[35m2[39m][33m,[39m[35m10[39m)[33m/[39m[35m100[39m[33m,[39mc[33m=[39mparseInt(o[[35m3[39m][33m,[39m[35m10[39m)[33m/[39m[35m100[39m[33m,[39md[33m=[39mo[[35m4[39m][33m,[39mm[33m=[39m([35m1[39m[33m-[39m[33mMath[39m[33m.[39mabs([35m2[39m[33m*[39mc[33m-[39m[35m1[39m))[33m*[39ml[33m,[39mh[33m=[39mm[33m*[39m([35m1[39m[33m-[39m[33mMath[39m[33m.[39mabs([35m6[39m[33m*[39ms[33m%[39m[35m2[39m[33m-[39m[35m1[39m))[33m,[39mu[33m=[39mc[33m-[39mm[33m/[39m[35m2[39m[33m;[39m[36mlet[39m g[33m=[39m[35m0[39m[33m,[39mb[33m=[39m[35m0[39m[33m,[39mf[33m=[39m[35m0[39m[33m;[39ms[33m<[39m[35m1[39m[33m/[39m[35m6[39m[33m?[39m(g[33m=[39mm[33m,[39mb[33m=[39mh[33m,[39mf[33m=[39m[35m0[39m)[33m:[39ms[33m<[39m[35m2[39m[33m/[39m[35m6[39m[33m?[39m(g[33m=[39mh[33m,[39mb[33m=[39mm[33m,[39mf[33m=[39m[35m0[39m)[33m:[39ms[33m<[39m[35m.5[39m[33m?[39m(g[33m=[39m[35m0[39m[33m,[39mb[33m=[39mm[33m,[39mf[33m=[39mh)[33m:[39ms[33m<[39m[35m4[39m[33m/[39m[35m6[39m[33m?[39m(g[33m=[39m[35m0[39m[33m,[39mb[33m=[39mh[33m,[39mf[33m=[39mm)[33m:[39ms[33m<[39m[35m5[39m[33m/[39m[35m6[39m[33m?[39m(g[33m=[39mh[33m,[39mb[33m=[39m[35m0[39m[33m,[39mf[33m=[39mm)[33m:[39m(g[33m=[39mm[33m,[39mb[33m=[39m[35m0[39m[33m,[39mf[33m=[39mh)[33m;[39m[36mconst[39m y[33m=[39m[32m`#${n(255*(g+u))}${n(255*(b+u))}${n(255*(f+u))}`[39m[33m;[39m[36mif[39m(d){[36mconst[39m _[33m=[39mparseFloat(d)[33m;[39m[36mif[39m(_[33m<[39m[35m1[39m)[36mreturn[39m[32m`${y}${n(255*_)}`[39m}[36mreturn[39m y}[36mreturn[39m [36mnull[39m}[33m,[39mpo[33m=[39m({svg[33m:[39me[33m,[39mmermaidCode[33m:[39ma[33m,[39misModal[33m:[39mn[33m=[39m[33m![39m[35m1[39m[33m,[39monClose[33m:[39mi[33m,[39monExpand[33m:[39mo[33m,[39misMobile[33m:[39ms[33m=[39m[33m![39m[35m1[39m})[33m=>[39m{[36mconst[39m[l[33m,[39mc][33m=[39m[33mF[39m([35m1[39m)[33m,[39m[d[33m,[39mm][33m=[39m[33mF[39m({x[33m:[39m[35m0[39m[33m,[39my[33m:[39m[35m0[39m})[33m,[39m[h[33m,[39mu][33m=[39m[33mF[39m([33m![39m[35m1[39m)[33m,[39m[g[33m,[39mb][33m=[39m[33mF[39m([33m![39m[35m1[39m)[33m,[39mf[33m=[39m[33mD[39m({x[33m:[39m[35m0[39m[33m,[39my[33m:[39m[35m0[39m})[33m,[39my[33m=[39m[33mD[39m([36mnull[39m)[33m,[39m_[33m=[39m[33mD[39m([36mnull[39m)[33m,[39mv[33m=[39m[33mD[39m(d)[33m,[39m[33mN[39m[33m=[39m[33mD[39m(l)[33m,[39mx[33m=[39m[33mD[39m([36mnull[39m)[33m,[39m[33mC[39m[33m=[39m[33mD[39m([36mnull[39m)[33m;[39m[33mV[39m(()[33m=>[39m{v[33m.[39mcurrent[33m=[39md}[33m,[39m[d])[33m,[39m[33mV[39m(()[33m=>[39m{[33mN[39m[33m.[39mcurrent[33m=[39ml}[33m,[39m[l])[33m;[39m[36mconst[39m k[33m=[39m$(()[33m=>[39m{[36mif[39m(y[33m.[39mcurrent[33m&&[39m_[33m.[39mcurrent){[36mconst[39m [33mL[39m[33m=[39my[33m.[39mcurrent[33m,[39m[33mR[39m[33m=[39m_[33m.[39mcurrent[33m.[39mquerySelector([32m"svg"[39m)[33m;[39m[36mif[39m([33mR[39m){[36mconst[39m [33mH[39m[33m=[39ms[33m?[39m[35m60[39m[33m:[39m[35m80[39m[33m,[39m[33mM[39m[33m=[39m[33mL[39m[33m.[39mclientWidth[33m-[39m[33mH[39m[33m,[39m[33mE[39m[33m=[39m[33mL[39m[33m.[39mclientHeight[33m-[39m[33mH[39m[33m,[39mj[33m=[39m[33mR[39m[33m.[39mgetBoundingClientRect()[33m,[39m[33mO[39m[33m=[39ml[33m||[39m[35m1[39m[33m,[39m[33mB[39m[33m=[39m[33mM[39m[33m/[39m(j[33m.[39mwidth[33m/[39m[33mO[39m)[33m,[39m[33mW[39m[33m=[39m[33mE[39m[33m/[39m(j[33m.[39mheight[33m/[39m[33mO[39m)[33m,[39m[33mG[39m[33m=[39m[33mMath[39m[33m.[39mmin([33mB[39m[33m,[39m[33mW[39m[33m,[39m[35m4[39m)[33m;[39mc([33mMath[39m[33m.[39mmax([33mG[39m[33m,[39m[35m.1[39m))[33m,[39mm({x[33m:[39m[35m0[39m[33m,[39my[33m:[39m[35m0[39m})}}}[33m,[39m[l[33m,[39ms])[33m,[39m[33mS[39m[33m=[39m$([36masync[39m()[33m=>[39m{[36mconst[39m [33mL[39m[33m=[39ma[33m||[39me[33m;[39m[36mtry[39m{[36mawait[39m navigator[33m.[39mclipboard[33m.[39mwriteText([33mL[39m)[33m,[39mb([33m![39m[35m0[39m)[33m,[39msetTimeout(()[33m=>[39mb([33m![39m[35m1[39m)[33m,[39m[35m2e3[39m)}[36mcatch[39m{[36mconst[39m [33mR[39m[33m=[39mdocument[33m.[39mcreateElement([32m"textarea"[39m)[33m;[39m[33mR[39m[33m.[39mvalue[33m=[39m[33mL[39m[33m,[39mdocument[33m.[39mbody[33m.[39mappendChild([33mR[39m)[33m,[39m[33mR[39m[33m.[39mselect()[33m,[39mdocument[33m.[39mexecCommand([32m"copy"[39m)[33m,[39mdocument[33m.[39mbody[33m.[39mremoveChild([33mR[39m)[33m,[39mb([33m![39m[35m0[39m)[33m,[39msetTimeout(()[33m=>[39mb([33m![39m[35m1[39m)[33m,[39m[35m2e3[39m)}}[33m,[39m[a[33m,[39me])[33m;[39m[33mV[39m(()[33m=>[39m{[36mconst[39m [33mL[39m[33m=[39my[33m.[39mcurrent[33m;[39m[36mif[39m([33m![39m[33mL[39m)[36mreturn[39m[33m;[39m[36mconst[39m [33mR[39m[33m=[39m[33mH[39m[33m=>[39m{[36mif[39m([33mH[39m[33m.[39mctrlKey[33m||[39m[33mH[39m[33m.[39mmetaKey){[33mH[39m[33m.[39mpreventDefault()[33m;[39m[36mconst[39m [33mM[39m[33m=[39m[33mH[39m[33m.[39mdeltaY[33m>[39m[35m0[39m[33m?[39m[33m-[39m[35m.2[39m[33m:[39m[35m.2[39m[33m;[39mc([33mE[39m[33m=>[39m[33mMath[39m[33m.[39mmin([33mMath[39m[33m.[39mmax([33mE[39m[33m+[39m[33mM[39m[33m,[39m[35m.1[39m)[33m,[39m[35m4[39m))}}[33m;[39m[36mreturn[39m [33mL[39m[33m.[39maddEventListener([32m"wheel"[39m[33m,[39m[33mR[39m[33m,[39m{passive[33m:[39m[33m![39m[35m1[39m})[33m,[39m()[33m=>[39m{[33mL[39m[33m.[39mremoveEventListener([32m"wheel"[39m[33m,[39m[33mR[39m)}}[33m,[39m[])[33m,[39m[33mV[39m(()[33m=>[39m{[36mconst[39m [33mL[39m[33m=[39my[33m.[39mcurrent[33m;[39m[36mif[39m([33m![39m[33mL[39m)[36mreturn[39m[33m;[39m[36mconst[39m [33mR[39m[33m=[39m([33mO[39m[33m,[39m[33mB[39m)[33m=>[39m{[36mconst[39m [33mW[39m[33m=[39m[33mB[39m[33m.[39mx[33m-[39m[33mO[39m[33m.[39mx[33m,[39m[33mG[39m[33m=[39m[33mB[39m[33m.[39my[33m-[39m[33mO[39m[33m.[39my[33m;[39m[36mreturn[39m [33mMath[39m[33m.[39msqrt([33mW[39m[33m*[39m[33mW[39m[33m+[39m[33mG[39m[33m*[39m[33mG[39m)}[33m,[39m[33mH[39m[33m=[39m([33mO[39m[33m,[39m[33mB[39m)[33m=>[39m({x[33m:[39m([33mO[39m[33m.[39mx[33m+[39m[33mB[39m[33m.[39mx)[33m/[39m[35m2[39m[33m,[39my[33m:[39m([33mO[39m[33m.[39my[33m+[39m[33mB[39m[33m.[39my)[33m/[39m[35m2[39m})[33m,[39m[33mM[39m[33m=[39m[33mO[39m[33m=>[39m{[36mif[39m([33mO[39m[33m.[39mtouches[33m.[39mlength[33m===[39m[35m0[39m)[36mreturn[39m[33m;[39m[36mconst[39m [33mB[39m[33m=[39m[33mArray[39m[33m.[39m[36mfrom[39m([33mO[39m[33m.[39mtouches)[33m.[39mmap([33mW[39m[33m=>[39m({x[33m:[39m[33mW[39m[33m.[39mclientX[33m,[39my[33m:[39m[33mW[39m[33m.[39mclientY}))[33m;[39m[36mif[39m([33mO[39m[33m.[39mtouches[33m.[39mlength[33m===[39m[35m1[39m[33m&&[39m[33mB[39m[[35m0[39m])[33mC[39m[33m.[39mcurrent[33m=[39m[33mDate[39m[33m.[39mnow()[33m,[39mu([33m![39m[35m0[39m)[33m,[39mf[33m.[39mcurrent[33m=[39m{x[33m:[39m[33mB[39m[[35m0[39m][33m.[39mx[33m-[39mv[33m.[39mcurrent[33m.[39mx[33m,[39my[33m:[39m[33mB[39m[[35m0[39m][33m.[39my[33m-[39mv[33m.[39mcurrent[33m.[39my}[33m,[39mx[33m.[39mcurrent[33m=[39m[36mnull[39m[33m;[39m[36melse[39m [36mif[39m([33mO[39m[33m.[39mtouches[33m.[39mlength[33m===[39m[35m2[39m[33m&&[39m[33mB[39m[[35m0[39m][33m&&[39m[33mB[39m[[35m1[39m]){u([33m![39m[35m1[39m)[33m;[39m[36mconst[39m [33mW[39m[33m=[39m[33mR[39m([33mB[39m[[35m0[39m][33m,[39m[33mB[39m[[35m1[39m])[33m,[39m[33mG[39m[33m=[39m[33mH[39m([33mB[39m[[35m0[39m][33m,[39m[33mB[39m[[35m1[39m])[33m,[39moe[33m=[39m[33mL[39m[33m.[39mgetBoundingClientRect()[33m;[39mx[33m.[39mcurrent[33m=[39m{touches[33m:[39m[33mB[39m[33m,[39mdistance[33m:[39m[33mW[39m[33m,[39mcenter[33m:[39m{x[33m:[39m[33mG[39m[33m.[39mx[33m-[39moe[33m.[39mleft[33m,[39my[33m:[39m[33mG[39m[33m.[39my[33m-[39moe[33m.[39mtop}[33m,[39mzoom[33m:[39m[33mN[39m[33m.[39mcurrent[33m,[39mposition[33m:[39mv[33m.[39mcurrent}}[33mO[39m[33m.[39mtouches[33m.[39mlength[33m>[39m[35m1[39m[33m&&[39m[33mO[39m[33m.[39mpreventDefault()}[33m,[39m[33mE[39m[33m=[39m[33mO[39m[33m=>[39m{[36mif[39m([33mO[39m[33m.[39mtouches[33m.[39mlength[33m===[39m[35m0[39m)[36mreturn[39m[33m;[39m[36mconst[39m [33mB[39m[33m=[39m[33mArray[39m[33m.[39m[36mfrom[39m([33mO[39m[33m.[39mtouches)[33m.[39mmap([33mW[39m[33m=>[39m({x[33m:[39m[33mW[39m[33m.[39mclientX[33m,[39my[33m:[39m[33mW[39m[33m.[39mclientY}))[33m;[39m[36mif[39m([33mO[39m[33m.[39mtouches[33m.[39mlength[33m===[39m[35m1[39m[33m&&[39m[33m![39mx[33m.[39mcurrent[33m&&[39m[33mB[39m[[35m0[39m]){[36mconst[39m [33mW[39m[33m=[39m[33mC[39m[33m.[39mcurrent[33m?[39m[33mDate[39m[33m.[39mnow()[33m-[39m[33mC[39m[33m.[39mcurrent[33m:[39m[35m1[39m[33m/[39m[35m0[39m[33m;[39m[33mW[39m[33m<[39m[35m300[39m[33m?[39m([33mMath[39m[33m.[39mabs([33mB[39m[[35m0[39m][33m.[39mx[33m-[39mf[33m.[39mcurrent[33m.[39mx)[33m>[39m[35m5[39m[33m||[39m[33mMath[39m[33m.[39mabs([33mB[39m[[35m0[39m][33m.[39my[33m-[39mf[33m.[39mcurrent[33m.[39my)[33m>[39m[35m5[39m[33m||[39m[33mW[39m[33m>[39m[35m50[39m)[33m&&[39m[33mO[39m[33m.[39mpreventDefault()[33m:[39m[33mO[39m[33m.[39mpreventDefault()[33m,[39mm({x[33m:[39m[33mB[39m[[35m0[39m][33m.[39mx[33m-[39mf[33m.[39mcurrent[33m.[39mx[33m,[39my[33m:[39m[33mB[39m[[35m0[39m][33m.[39my[33m-[39mf[33m.[39mcurrent[33m.[39my})}[36melse[39m [36mif[39m([33mO[39m[33m.[39mtouches[33m.[39mlength[33m===[39m[35m2[39m[33m&&[39mx[33m.[39mcurrent[33m&&[39m[33mB[39m[[35m0[39m][33m&&[39m[33mB[39m[[35m1[39m]){[33mO[39m[33m.[39mpreventDefault()[33m;[39m[36mconst[39m [33mW[39m[33m=[39m[33mR[39m([33mB[39m[[35m0[39m][33m,[39m[33mB[39m[[35m1[39m])[33m,[39m[33mG[39m[33m=[39m[33mH[39m([33mB[39m[[35m0[39m][33m,[39m[33mB[39m[[35m1[39m])[33m,[39moe[33m=[39m[33mL[39m[33m.[39mgetBoundingClientRect()[33m,[39mse[33m=[39m{x[33m:[39m[33mG[39m[33m.[39mx[33m-[39moe[33m.[39mleft[33m,[39my[33m:[39m[33mG[39m[33m.[39my[33m-[39moe[33m.[39mtop}[33m,[39mve[33m=[39m[33mW[39m[33m/[39mx[33m.[39mcurrent[33m.[39mdistance[33m,[39mle[33m=[39m[33mMath[39m[33m.[39mmin([33mMath[39m[33m.[39mmax(x[33m.[39mcurrent[33m.[39mzoom[33m*[39mve[33m,[39m[35m.1[39m)[33m,[39m[35m4[39m)[33m,[39mge[33m=[39m{x[33m:[39m(x[33m.[39mcurrent[33m.[39mcenter[33m.[39mx[33m-[39mx[33m.[39mcurrent[33m.[39mposition[33m.[39mx)[33m/[39mx[33m.[39mcurrent[33m.[39mzoom[33m,[39my[33m:[39m(x[33m.[39mcurrent[33m.[39mcenter[33m.[39my[33m-[39mx[33m.[39mcurrent[33m.[39mposition[33m.[39my)[33m/[39mx[33m.[39mcurrent[33m.[39mzoom}[33m,[39mce[33m=[39m{x[33m:[39mse[33m.[39mx[33m-[39mge[33m.[39mx[33m*[39mle[33m,[39my[33m:[39mse[33m.[39my[33m-[39mge[33m.[39my[33m*[39mle}[33m;[39mc(le)[33m,[39mm(ce)[33m,[39mx[33m.[39mcurrent[33m=[39m{[33m...[39mx[33m.[39mcurrent[33m,[39mtouches[33m:[39m[33mB[39m[33m,[39mdistance[33m:[39m[33mW[39m[33m,[39mcenter[33m:[39mse[33m,[39mzoom[33m:[39mle[33m,[39mposition[33m:[39mce}}}[33m,[39mj[33m=[39m[33mO[39m[33m=>[39m{[36mif[39m([33mC[39m[33m.[39mcurrent[33m=[39m[36mnull[39m[33m,[39m[33mO[39m[33m.[39mtouches[33m.[39mlength[33m===[39m[35m0[39m)u([33m![39m[35m1[39m)[33m,[39mx[33m.[39mcurrent[33m=[39m[36mnull[39m[33m;[39m[36melse[39m [36mif[39m([33mO[39m[33m.[39mtouches[33m.[39mlength[33m===[39m[35m1[39m){x[33m.[39mcurrent[33m=[39m[36mnull[39m[33m;[39m[36mconst[39m [33mB[39m[33m=[39m[33mO[39m[33m.[39mtouches[[35m0[39m][33m;[39m[33mB[39m[33m&&[39m(u([33m![39m[35m0[39m)[33m,[39mf[33m.[39mcurrent[33m=[39m{x[33m:[39m[33mB[39m[33m.[39mclientX[33m-[39mv[33m.[39mcurrent[33m.[39mx[33m,[39my[33m:[39m[33mB[39m[33m.[39mclientY[33m-[39mv[33m.[39mcurrent[33m.[39my})}}[33m;[39m[36mreturn[39m [33mL[39m[33m.[39maddEventListener([32m"touchstart"[39m[33m,[39m[33mM[39m[33m,[39m{passive[33m:[39m[33m![39m[35m1[39m})[33m,[39m[33mL[39m[33m.[39maddEventListener([32m"touchmove"[39m[33m,[39m[33mE[39m[33m,[39m{passive[33m:[39m[33m![39m[35m1[39m})[33m,[39m[33mL[39m[33m.[39maddEventListener([32m"touchend"[39m[33m,[39mj[33m,[39m{passive[33m:[39m[33m![39m[35m1[39m})[33m,[39m[33mL[39m[33m.[39maddEventListener([32m"touchcancel"[39m[33m,[39mj[33m,[39m{passive[33m:[39m[33m![39m[35m1[39m})[33m,[39m()[33m=>[39m{[33mL[39m[33m.[39mremoveEventListener([32m"touchstart"[39m[33m,[39m[33mM[39m)[33m,[39m[33mL[39m[33m.[39mremoveEventListener([32m"touchmove"[39m[33m,[39m[33mE[39m)[33m,[39m[33mL[39m[33m.[39mremoveEventListener([32m"touchend"[39m[33m,[39mj)[33m,[39m[33mL[39m[33m.[39mremoveEventListener([32m"touchcancel"[39m[33m,[39mj)}}[33m,[39m[])[33m;[39m[36mconst[39m w[33m=[39m$([33mL[39m[33m=>[39m{[33mL[39m[33m.[39mbutton[33m===[39m[35m0[39m[33m&&[39m([33mL[39m[33m.[39mstopPropagation()[33m,[39mu([33m![39m[35m0[39m)[33m,[39mf[33m.[39mcurrent[33m=[39m{x[33m:[39m[33mL[39m[33m.[39mclientX[33m-[39md[33m.[39mx[33m,[39my[33m:[39m[33mL[39m[33m.[39mclientY[33m-[39md[33m.[39my})}[33m,[39m[d])[33m,[39m[33mP[39m[33m=[39m$([33mL[39m[33m=>[39m{h[33m&&[39mm({x[33m:[39m[33mL[39m[33m.[39mclientX[33m-[39mf[33m.[39mcurrent[33m.[39mx[33m,[39my[33m:[39m[33mL[39m[33m.[39mclientY[33m-[39mf[33m.[39mcurrent[33m.[39my})}[33m,[39m[h])[33m,[39m[33mI[39m[33m=[39m$(()[33m=>[39m{u([33m![39m[35m1[39m)}[33m,[39m[])[33m;[39m[36mreturn[39m [33mV[39m(()[33m=>[39m{[36mif[39m([33m![39mn)[36mreturn[39m[33m;[39m[36mconst[39m [33mL[39m[33m=[39m[33mR[39m[33m=>[39m{[33mR[39m[33m.[39mkey[33m===[39m[32m"Escape"[39m[33m&&[39mi[33m&&[39mi()}[33m;[39m[36mreturn[39m window[33m.[39maddEventListener([32m"keydown"[39m[33m,[39m[33mL[39m)[33m,[39m()[33m=>[39mwindow[33m.[39mremoveEventListener([32m"keydown"[39m[33m,[39m[33mL[39m)}[33m,[39m[n[33m,[39mi])[33m,[39mp([32m"div"[39m[33m,[39m{className[33m:[39mfe([32m"c1-mermaid-viewer"[39m[33m,[39m{[32m"c1-mermaid-viewer--mobile"[39m[33m:[39ms})[33m,[39mchildren[33m:[39m[n[33m&&[39mi[33m&&[39mt([32m"div"[39m[33m,[39m{className[33m:[39mfe([32m"c1-mermaid-controls"[39m[33m,[39m[32m"c1-mermaid-controls--top-left"[39m)[33m,[39mchildren[33m:[39mt(ie[33m,[39m{icon[33m:[39mt(yt[33m,[39m{})[33m,[39monClick[33m:[39mi[33m,[39mtitle[33m:[39m[32m"Close (Esc)"[39m[33m,[39msize[33m:[39m[32m"medium"[39m[33m,[39mvariant[33m:[39m[32m"secondary"[39m[33m,[39mshape[33m:[39m[32m"square"[39m})})[33m,[39mp([32m"div"[39m[33m,[39m{className[33m:[39mfe([32m"c1-mermaid-controls"[39m[33m,[39m{[32m"c1-mermaid-controls--top-right-modal"[39m[33m:[39mn[33m,[39m[32m"c1-mermaid-controls--top-right"[39m[33m:[39m[33m![39mn[33m,[39m[32m"c1-mermaid-controls--mobile"[39m[33m:[39ms})[33m,[39mchildren[33m:[39m[t(ie[33m,[39m{icon[33m:[39mt([33mKc[39m[33m,[39m{})[33m,[39monClick[33m:[39mk[33m,[39mtitle[33m:[39m[32m"Fit to View"[39m[33m,[39msize[33m:[39m[32m"medium"[39m[33m,[39mvariant[33m:[39m[32m"secondary"[39m[33m,[39mshape[33m:[39m[32m"square"[39m})[33m,[39mt(ie[33m,[39m{icon[33m:[39mt(g[33m?[39m[33mYe[39m[33m:[39m[33mLi[39m[33m,[39m{})[33m,[39monClick[33m:[39m[33mS[39m[33m,[39mtitle[33m:[39mg[33m?[39m[32m"Copied!"[39m[33m:[39ma[33m?[39m[32m"Copy Mermaid Code"[39m[33m:[39m[32m"Copy SVG"[39m[33m,[39msize[33m:[39m[32m"medium"[39m[33m,[39mvariant[33m:[39m[32m"secondary"[39m[33m,[39mshape[33m:[39m[32m"square"[39m})[33m,[39m[33m![39mn[33m&&[39mo[33m&&[39mt(ie[33m,[39m{icon[33m:[39mt([33mXc[39m[33m,[39m{})[33m,[39monClick[33m:[39mo[33m,[39mtitle[33m:[39m[32m"Fullscreen"[39m[33m,[39msize[33m:[39m[32m"medium"[39m[33m,[39mvariant[33m:[39m[32m"secondary"[39m[33m,[39mshape[33m:[39m[32m"square"[39m})]})[33m,[39mt([32m"div"[39m[33m,[39m{ref[33m:[39my[33m,[39mclassName[33m:[39mfe([32m"c1-mermaid-viewer__canvas"[39m[33m,[39m{[32m"c1-mermaid-viewer__canvas--dragging"[39m[33m:[39mh[33m,[39m[32m"c1-mermaid-viewer__canvas--mobile"[39m[33m:[39ms})[33m,[39monMouseDown[33m:[39mw[33m,[39monMouseMove[33m:[39m[33mP[39m[33m,[39monMouseUp[33m:[39m[33mI[39m[33m,[39monMouseLeave[33m:[39m[33mI[39m[33m,[39mchildren[33m:[39mt([32m"div"[39m[33m,[39m{ref[33m:[39m_[33m,[39mclassName[33m:[39mfe([32m"c1-mermaid-viewer__svg"[39m[33m,[39m[32m"mermaid"[39m[33m,[39m{[32m"c1-mermaid-viewer__svg--animated"[39m[33m:[39m[33m![39mh[33m,[39m[32m"c1-mermaid-viewer__svg--mobile"[39m[33m:[39ms})[33m,[39mdangerouslySetInnerHTML[33m:[39m{__html[33m:[39me}[33m,[39mstyle[33m:[39m{transform[33m:[39m[32m`translate(${d.x}px, ${d.y}px) scale(${l})`[39m}})})[33m,[39mp([32m"div"[39m[33m,[39m{className[33m:[39mfe([32m"c1-mermaid-controls"[39m[33m,[39m{[32m"c1-mermaid-controls--bottom-left-modal"[39m[33m:[39mn[33m,[39m[32m"c1-mermaid-controls--bottom-left"[39m[33m:[39m[33m![39mn[33m,[39m[32m"c1-mermaid-controls--mobile"[39m[33m:[39ms})[33m,[39mchildren[33m:[39m[p([32m"div"[39m[33m,[39m{className[33m:[39mfe([32m"c1-mermaid-badge"[39m[33m,[39m{[32m"c1-mermaid-badge--md"[39m[33m:[39mn[33m,[39m[32m"c1-mermaid-badge--sm"[39m[33m:[39m[33m![39mn[33m,[39m[32m"c1-mermaid-badge--mobile"[39m[33m:[39ms})[33m,[39mchildren[33m:[39m[[33mMath[39m[33m.[39mround([35m100[39m[33m*[39ml)[33m,[39m[32m"%"[39m]})[33m,[39mn[33m&&[39mt([32m"div"[39m[33m,[39m{className[33m:[39mfe([32m"c1-mermaid-help"[39m[33m,[39m{[32m"c1-mermaid-help--mobile"[39m[33m:[39ms})[33m,[39mchildren[33m:[39ms[33m?[39m[32m"Drag to pan • Pinch to zoom"[39m[33m:[39m[32m"Drag to pan • Ctrl+Scroll/Pinch to zoom • Esc to close"[39m})]})]})}[33m,[39m$m[33m=[39m({isOpen[33m:[39me[33m,[39monClose[33m:[39ma[33m,[39msvg[33m:[39mn[33m,[39mmermaidCode[33m:[39mi})[33m=>[39m{[36mconst[39m{portalThemeClassName[33m:[39mo}[33m=[39m[33mCe[39m()[33m,[39ms[33m=[39m[33mD[39m([36mnull[39m)[33m,[39m{breakpoint[33m:[39ml}[33m=[39mnn(s)[33m,[39mc[33m=[39ml[33m===[39m[32m"mobile"[39m[33m;[39m[36mreturn[39m t([33mMe[39m[33m.[39m[33mRoot[39m[33m,[39m{open[33m:[39me[33m,[39monOpenChange[33m:[39ma[33m,[39mchildren[33m:[39mp([33mMe[39m[33m.[39m[33mPortal[39m[33m,[39m{children[33m:[39m[t([33mMe[39m[33m.[39m[33mOverlay[39m[33m,[39m{className[33m:[39mfe([32m"c1-mermaid-modal__overlay"[39m[33m,[39mo)})[33m,[39mp([33mMe[39m[33m.[39m[33mContent[39m[33m,[39m{ref[33m:[39ms[33m,[39mclassName[33m:[39mfe([32m"c1-mermaid-modal__content"[39m[33m,[39mo[33m,[39m{[32m"c1-mermaid-modal__content--mobile"[39m[33m:[39mc})[33m,[39monPointerDownOutside[33m:[39ma[33m,[39monEscapeKeyDown[33m:[39ma[33m,[39mchildren[33m:[39m[t([33mMe[39m[33m.[39m[33mTitle[39m[33m,[39m{className[33m:[39m[32m"c1-mermaid-modal__title"[39m[33m,[39mchildren[33m:[39m[32m"Mermaid Diagram"[39m})[33m,[39mt([33mMe[39m[33m.[39m[33mDescription[39m[33m,[39m{className[33m:[39m[32m"c1-mermaid-modal__description"[39m[33m,[39mchildren[33m:[39m[32m"This is a mermaid diagram."[39m})[33m,[39mt(po[33m,[39m{svg[33m:[39mn[33m,[39mmermaidCode[33m:[39mi[33m,[39misModal[33m:[39m[33m![39m[35m0[39m[33m,[39monClose[33m:[39ma[33m,[39misMobile[33m:[39mc})]})]})})}[33m,[39m[33mYt[39m[33m=[39m[36mnew[39m [33mMap[39m[33m;[39m[36mlet[39m [33mGt[39m[33m=[39m[36mnull[39m[33m,[39m[33mUn[39m[33m=[39m[36mnull[39m[33m;[39m[36mconst[39m [33mOm[39m[33m=[39mq(({node[33m:[39me[33m,[39mchildren[33m:[39ma[33m,[39m[33m...[39mn})[33m=>[39m{[36mconst[39m{mode[33m:[39mi[33m,[39mtheme[33m:[39mo}[33m=[39m[33mCe[39m()[33m,[39ms[33m=[39m[33mD[39m([36mnull[39m)[33m,[39m{breakpoint[33m:[39ml}[33m=[39mnn(s)[33m,[39mc[33m=[39ml[33m===[39m[32m"mobile"[39m[33m,[39md[33m=[39m(e[33m==[39m[36mnull[39m[33m?[39m[36mvoid[39m [35m0[39m[33m:[39me[33m.[39mproperties)[33m?[39m[33m?[39m{}[33m,[39mm[33m=[39md[[32m"data-component-type"[39m][33m,[39mh[33m=[39md[[32m"data-mermaid-code"[39m][33m,[39m[u[33m,[39mg][33m=[39m[33mF[39m([36mnull[39m)[33m,[39m[b[33m,[39mf][33m=[39m[33mF[39m([33m![39m[35m1[39m)[33m,[39my[33m=[39m[33mD[39m([36mnull[39m)[33m,[39m_[33m=[39m[33mD[39m([36mnull[39m)[33m,[39mv[33m=[39mh[33m?[39m(x[33m=>[39m{[36mtry[39m{[36mreturn[39m decodeURIComponent(atob(x))}[36mcatch[39m{[36mreturn[39m [36mnull[39m}})(h)[33m:[39m[36mnull[39m[33m,[39m[33mN[39m[33m=[39mv[33m?[39m[32m`${v}|${i}`[39m[33m:[39m[36mnull[39m[33m;[39m[36mreturn[39m [33mV[39m(()[33m=>[39m{[36mif[39m(m[33m!==[39m[32m"mermaid"[39m[33m||[39m[33m![39m[33mN[39m)[36mreturn[39m[33m;[39m[36mconst[39m x[33m=[39m[33mYt[39m[33m.[39m[36mget[39m([33mN[39m)[33m;[39m[36mreturn[39m x[33m?[39m(g(x)[33m,[39m[36mvoid[39m(_[33m.[39mcurrent[33m=[39m[33mN[39m))[33m:[39m[36mvoid[39m [35m0[39m}[33m,[39m[m[33m,[39m[33mN[39m])[33m,[39m[33mV[39m(()[33m=>[39m{[36mif[39m(m[33m===[39m[32m"mermaid"[39m[33m&&[39m(v[33m!=[39m[36mnull[39m[33m&&[39mv[33m.[39mtrim())[33m&&[39m[33mN[39m[33m&&[39m(_[33m.[39mcurrent[33m!==[39m[33mN[39m[33m||[39m[33m![39m[33mYt[39m[33m.[39mhas([33mN[39m)))[36mreturn[39m y[33m.[39mcurrent[33m&&[39mclearTimeout(y[33m.[39mcurrent)[33m,[39my[33m.[39mcurrent[33m=[39msetTimeout([36masync[39m()[33m=>[39m{[36mif[39m(_[33m.[39mcurrent[33m!==[39m[33mN[39m[33m||[39m[33m![39m[33mYt[39m[33m.[39mhas([33mN[39m))[36mtry[39m{[36mconst[39m x[33m=[39m[36mawait[39m([36masync[39m(w[33m,[39m[33mP[39m)[33m=>[39m{[36mconst[39m [33mI[39m[33m=[39m[33mJSON[39m[33m.[39mstringify({mode[33m:[39m[33mP[39m[33m,[39mcontainerFills[33m:[39mw[33m.[39mcontainerFills[33m,[39mprimaryText[33m:[39mw[33m.[39mprimaryText[33m,[39mstrokeDefault[33m:[39mw[33m.[39mstrokeDefault})[33m;[39m[36mif[39m([33mUn[39m[33m===[39m[33mI[39m[33m&&[39m[33mGt[39m)[36mreturn[39m [33mGt[39m[33m;[39m[36mtry[39m{[36mreturn[39m [33mGt[39m[33m=[39m([36mawait[39m [36mimport[39m([32m"mermaid"[39m))[33m.[39m[36mdefault[39m[33m,[39m[33mGt[39m[33m.[39minitialize({startOnLoad[33m:[39m[33m![39m[35m1[39m[33m,[39mtheme[33m:[39m[32m"base"[39m[33m,[39msecurityLevel[33m:[39m[32m"loose"[39m[33m,[39mthemeVariables[33m:[39m{darkMode[33m:[39m[33mP[39m[33m===[39m[32m"dark"[39m[33m,[39mprimaryColor[33m:[39m[33mX[39m(w[33m.[39minteractiveDefault)[33m,[39mprimaryTextColor[33m:[39m[33mX[39m(w[33m.[39mprimaryText)[33m,[39mprimaryBorderColor[33m:[39m[33mX[39m(w[33m.[39mstrokeInteractiveEl)[33m,[39msecondaryColor[33m:[39m[33mX[39m(w[33m.[39minteractiveDefault)[33m,[39msecondaryTextColor[33m:[39m[33mX[39m(w[33m.[39mprimaryText)[33m,[39msecondaryBorderColor[33m:[39m[33mX[39m(w[33m.[39mstrokeInteractiveEl)[33m,[39mtertiaryColor[33m:[39m[33mX[39m(w[33m.[39minteractiveDefault)[33m,[39mtertiaryBorderColor[33m:[39m[33mX[39m(w[33m.[39mstrokeInteractiveEl)[33m,[39mtertiaryTextColor[33m:[39m[33mX[39m(w[33m.[39mprimaryText)[33m,[39mbackground[33m:[39m[33mX[39m(w[33m.[39mcontainerFills)[33m,[39mmainBkg[33m:[39m[33mX[39m(w[33m.[39minteractiveDefault)[33m,[39mtextColor[33m:[39m[33mX[39m(w[33m.[39mprimaryText)[33m,[39mborder1[33m:[39m[33mX[39m(w[33m.[39mstrokeInteractiveEl)[33m,[39mborder2[33m:[39m[33mX[39m(w[33m.[39mstrokeInteractiveEl)[33m,[39mlineColor[33m:[39m[33mX[39m(w[33m.[39mstrokeInteractiveEl)[33m,[39merrorBkgColor[33m:[39m[33mX[39m(w[33m.[39minteractiveDefault)[33m,[39merrorTextColor[33m:[39m[33mX[39m(w[33m.[39mprimaryText)[33m,[39mnodeBkg[33m:[39m[33mX[39m(w[33m.[39minteractiveDefault)[33m,[39mnodeBorder[33m:[39m[33mX[39m(w[33m.[39mstrokeInteractiveEl)[33m,[39mnodeTextColor[33m:[39m[33mX[39m(w[33m.[39mprimaryText)[33m,[39mclusterBkg[33m:[39m[33mX[39m(w[33m.[39minteractiveDefault)[33m,[39mclusterBorder[33m:[39m[33mX[39m(w[33m.[39mstrokeInteractiveEl)[33m,[39mdefaultLinkColor[33m:[39m[33mX[39m(w[33m.[39mstrokeInteractiveEl)[33m,[39mtitleColor[33m:[39m[33mX[39m(w[33m.[39mprimaryText)[33m,[39mactorBorder[33m:[39m[33mX[39m(w[33m.[39mstrokeInteractiveEl)[33m,[39mactorBkg[33m:[39m[33mX[39m(w[33m.[39minteractiveDefault)[33m,[39mactorTextColor[33m:[39m[33mX[39m(w[33m.[39mprimaryText)[33m,[39mactorLineColor[33m:[39m[33mX[39m(w[33m.[39mstrokeInteractiveEl)[33m,[39msignalColor[33m:[39m[33mX[39m(w[33m.[39mprimaryText)[33m,[39msignalTextColor[33m:[39m[33mX[39m(w[33m.[39mprimaryText)[33m,[39mlabelBoxBkgColor[33m:[39m[33mX[39m(w[33m.[39minteractiveDefault)[33m,[39mlabelBoxBorderColor[33m:[39m[33mX[39m(w[33m.[39mstrokeInteractiveEl)[33m,[39mlabelTextColor[33m:[39m[33mX[39m(w[33m.[39mprimaryText)[33m,[39mloopTextColor[33m:[39m[33mX[39m(w[33m.[39mprimaryText)[33m,[39mactivationBkgColor[33m:[39m[33mX[39m(w[33m.[39minteractiveDefault)[33m,[39mactivationBorderColor[33m:[39m[33mX[39m(w[33m.[39mstrokeInteractiveEl)[33m,[39msequenceNumberColor[33m:[39m[33mX[39m(w[33m.[39mprimaryText)[33m,[39msectionBkgColor[33m:[39m[33mX[39m(w[33m.[39msunkFills)[33m,[39maltSectionBkgColor[33m:[39m[33mX[39m(w[33m.[39mcontainerFills)[33m,[39msectionBkgColor2[33m:[39m[33mX[39m(w[33m.[39msunkFills)[33m,[39mlabelColor[33m:[39m[33mX[39m(w[33m.[39mprimaryText)[33m,[39maltBackground[33m:[39m[33mX[39m(w[33m.[39minteractiveDefault)[33m,[39mfillType0[33m:[39m[33mX[39m(w[33m.[39minteractiveDefault)[33m,[39mfillType1[33m:[39m[33mX[39m(w[33m.[39minteractiveDefault)[33m,[39mfillType2[33m:[39m[33mX[39m(w[33m.[39minteractiveDefault)[33m,[39mfillType3[33m:[39m[33mX[39m(w[33m.[39minteractiveDefault)[33m,[39mfillType4[33m:[39m[33mX[39m(w[33m.[39minteractiveDefault)[33m,[39mfillType5[33m:[39m[33mX[39m(w[33m.[39minteractiveDefault)[33m,[39mfillType6[33m:[39m[33mX[39m(w[33m.[39minteractiveDefault)[33m,[39mfillType7[33m:[39m[33mX[39m(w[33m.[39minteractiveDefault)[33m,[39mjourneyTextColor[33m:[39m[32m"#000000"[39m[33m,[39mnoteBkgColor[33m:[39m[33mX[39m(w[33m.[39mcontainerFills)[33m,[39mnoteTextColor[33m:[39m[33mX[39m(w[33m.[39mprimaryText)[33m,[39mnoteBorderColor[33m:[39m[33mX[39m(w[33m.[39mstrokeDefault)[33m,[39mc4LabelColor[33m:[39m[33mX[39m(w[33m.[39mprimaryText)[33m,[39mfontFamily[33m:[39mw[33m.[39mfontPrimary[33m||[39mw[33m.[39mfontBody[33m||[39m[32m'"Open Sans", sans-serif'[39m[33m,[39mfontSize[33m:[39m[32m"14px"[39m}[33m,[39mflowchart[33m:[39m{htmlLabels[33m:[39m[33m![39m[35m0[39m[33m,[39museMaxWidth[33m:[39m[33m![39m[35m1[39m}[33m,[39msequence[33m:[39m{useMaxWidth[33m:[39m[33m![39m[35m1[39m}[33m,[39mgantt[33m:[39m{useMaxWidth[33m:[39m[33m![39m[35m1[39m}[33m,[39msuppressErrorRendering[33m:[39m[33m![39m[35m0[39m})[33m,[39m[33mUn[39m[33m=[39m[33mI[39m[33m,[39m[33mGt[39m}[36mcatch[39m{[36mreturn[39m [36mnull[39m}})(o[33m,[39mi)[33m;[39m[36mif[39m([33m![39mx)[36mreturn[39m[33m;[39mx[33m.[39mparseError[33m;[39m[36mconst[39m [33mC[39m[33m=[39m[36mawait[39m x[33m.[39mparse(v[33m,[39m{suppressErrors[33m:[39m[33m![39m[35m0[39m})[33m;[39m[36mif[39m([33m![39m[33mC[39m[33m||[39m[33m![39m[33mC[39m[33m.[39mdiagramType)[36mreturn[39m [36mvoid[39m(_[33m.[39mcurrent[33m&&[39mg([33mYt[39m[33m.[39m[36mget[39m(_[33m.[39mcurrent)[33m?[39m[33m?[39m[36mnull[39m))[33m;[39m[36mconst[39m{svg[33m:[39mk}[33m=[39m[36mawait[39m x[33m.[39mrender([32m`mermaid-${Date.now()}-${Math.random().toString(36).slice(2,9)}`[39m[33m,[39mv)[33m;[39m[36mif[39m(k[33m.[39mincludes([32m"NaN"[39m))[36mreturn[39m[33m;[39m[36mconst[39m [33mS[39m[33m=[39m(w[33m=>[39mw[33m.[39mreplace([35m/<span class="nodeLabel[^"]*">\s*<p>/g[39m[33m,[39m[32m'<span class="nodeLabel">'[39m)[33m.[39mreplace([35m/<\/p>\s*<\/span>/g[39m[33m,[39m[32m"</span>"[39m)[33m.[39mreplace([35m/<foreignObject/g[39m[33m,[39m[32m'<foreignObject style="overflow: visible;"'[39m))(k)[33m;[39m[33mYt[39m[33m.[39m[36mset[39m([33mN[39m[33m,[39m[33mS[39m)[33m,[39mg([33mS[39m)[33m,[39m_[33m.[39mcurrent[33m=[39m[33mN[39m}[36mcatch[39m{}}[33m,[39m[35m50[39m)[33m,[39m()[33m=>[39m{y[33m.[39mcurrent[33m&&[39mclearTimeout(y[33m.[39mcurrent)}}[33m,[39m[m[33m,[39mv[33m,[39m[33mN[39m[33m,[39mi[33m,[39mo])[33m,[39mm[33m!==[39m[32m"mermaid"[39m[33m?[39mt([32m"div"[39m[33m,[39m{[33m...[39mn[33m,[39mchildren[33m:[39ma})[33m:[39mu[33m?[39mp([33mQ[39m[33m,[39m{children[33m:[39m[t([32m"div"[39m[33m,[39m{[33m...[39mn[33m,[39mref[33m:[39ms[33m,[39mclassName[33m:[39mfe([32m"c1-mermaid-container"[39m[33m,[39m{[32m"c1-mermaid-container--mobile"[39m[33m:[39mc})[33m,[39mchildren[33m:[39mt(po[33m,[39m{svg[33m:[39mu[33m,[39mmermaidCode[33m:[39mv[33m||[39m[36mvoid[39m [35m0[39m[33m,[39misModal[33m:[39m[33m![39m[35m1[39m[33m,[39monExpand[33m:[39m()[33m=>[39mf([33m![39m[35m0[39m)[33m,[39misMobile[33m:[39mc})})[33m,[39mt($m[33m,[39m{isOpen[33m:[39mb[33m,[39monClose[33m:[39m()[33m=>[39mf([33m![39m[35m1[39m)[33m,[39msvg[33m:[39mu[33m,[39mmermaidCode[33m:[39mv[33m||[39m[36mvoid[39m [35m0[39m})]})[33m:[39m[36mnull[39m})[33m,[39msn[33m=[39mq(({height[33m:[39me[33m,[39mwidth[33m:[39ma[33m,[39murl[33m:[39mn[33m,[39malt[33m:[39mi})[33m=>[39m{[36mconst[39m o[33m=[39m[33mD[39m([36mnull[39m)[33m,[39m[s[33m,[39ml][33m=[39m[33mF[39m([33m![39m[35m1[39m)[33m;[39m[36mreturn[39m s[33m||[39m[33m![39mn[33m?[39mt(de[33m,[39m{name[33m:[39m[32m"globe"[39m[33m,[39msize[33m:[39m[33mMath[39m[33m.[39mmax(e[33m,[39ma)})[33m:[39mt([32m"img"[39m[33m,[39m{ref[33m:[39mo[33m,[39msrc[33m:[39mn[33m,[39malt[33m:[39mi[33m,[39mheight[33m:[39me[33m,[39mwidth[33m:[39ma[33m,[39monLoad[33m:[39m()[33m=>[39m{[36mconst[39m c[33m=[39mo[33m.[39mcurrent[33m;[39mc[33m&&[39mc[33m.[39mnaturalWidth[33m<=[39m[35m16[39m[33m&&[39mc[33m.[39mnaturalHeight[33m<=[39m[35m16[39m[33m?[39ml([33m![39m[35m0[39m)[33m:[39ml([33m![39m[35m1[39m)}[33m,[39monError[33m:[39m()[33m=>[39m{l([33m![39m[35m0[39m)}[33m,[39mclassName[33m:[39m[32m"c1-source-favicon-image"[39m})})[33m,[39mzm[33m=[39mq(e[33m=>[39m{[36mconst[39m{title[33m:[39ma[33m,[39msourceName[33m:[39mn[33m,[39monClick[33m:[39mi[33m,[39mfaviconUrl[33m:[39mo[33m,[39murl[33m:[39ms}[33m=[39me[33m,[39ml[33m=[39ms[33m&&[39ms[33m.[39mtrim()[33m!==[39m[32m""[39m[33m;[39m[36mreturn[39m p([32m"button"[39m[33m,[39m{className[33m:[39m[33mT[39m([32m"c1-citation-item"[39m[33m,[39m{[32m"c1-citation-item--has-url"[39m[33m:[39ml})[33m,[39monClick[33m:[39m()[33m=>[39m{rn(s)[33m,[39mi[33m==[39m[36mnull[39m[33m||[39mi()}[33m,[39mtype[33m:[39m[32m"button"[39m[33m,[39mchildren[33m:[39m[t([32m"div"[39m[33m,[39m{className[33m:[39m[32m"c1-citation-item__logo"[39m[33m,[39mchildren[33m:[39mt(sn[33m,[39m{url[33m:[39mo[33m,[39malt[33m:[39mn[33m,[39mwidth[33m:[39m[35m24[39m[33m,[39mheight[33m:[39m[35m24[39m})})[33m,[39mp([32m"div"[39m[33m,[39m{className[33m:[39m[32m"c1-citation-item__content"[39m[33m,[39mchildren[33m:[39m[t([32m"div"[39m[33m,[39m{className[33m:[39m[32m"c1-citation-item__title"[39m[33m,[39mchildren[33m:[39ma})[33m,[39mt([32m"div"[39m[33m,[39m{className[33m:[39m[32m"c1-citation-item__source"[39m[33m,[39mchildren[33m:[39mn})]})]})})[33m,[39m[33mBm[39m[33m=[39mq(e[33m=>[39m{[36mconst[39m{sources[33m:[39ma}[33m=[39me[33m,[39m{portalThemeClassName[33m:[39mn}[33m=[39m[33mCe[39m()[33m,[39m{isOpen[33m:[39mi[33m,[39mhandleMouseEnter[33m:[39mo[33m,[39mhandleMouseLeave[33m:[39ms[33m,[39mhandleTriggerClick[33m:[39ml[33m,[39mhandleContentClick[33m:[39mc[33m,[39mcloseTooltip[33m:[39md[33m,[39mgetPointerDownOutsideHandler[33m:[39mm}[33m=[39mon()[33m;[39m[36mreturn[39m t([32m"span"[39m[33m,[39m{className[33m:[39m[32m"c1-citation-container"[39m[33m,[39mchildren[33m:[39mt(he[33m.[39m[33mProvider[39m[33m,[39m{children[33m:[39mp(he[33m.[39m[33mRoot[39m[33m,[39m{open[33m:[39mi[33m,[39mchildren[33m:[39m[t(he[33m.[39m[33mTrigger[39m[33m,[39m{asChild[33m:[39m[33m![39m[35m0[39m[33m,[39mchildren[33m:[39mt([32m"button"[39m[33m,[39m{type[33m:[39m[32m"button"[39m[33m,[39mclassName[33m:[39m[32m"c1-citation"[39m[33m,[39m[32m"aria-label"[39m[33m:[39m[32m"Citations"[39m[33m,[39monClick[33m:[39ml[33m,[39monMouseEnter[33m:[39mo[33m,[39monMouseLeave[33m:[39ms[33m,[39mchildren[33m:[39mt(de[33m,[39m{name[33m:[39m[32m"globe"[39m[33m,[39msize[33m:[39m[35m12[39m})})})[33m,[39mt(he[33m.[39m[33mPortal[39m[33m,[39m{children[33m:[39mt(he[33m.[39m[33mContent[39m[33m,[39m{side[33m:[39m[32m"bottom"[39m[33m,[39malign[33m:[39m[32m"start"[39m[33m,[39msideOffset[33m:[39m[35m4[39m[33m,[39malignOffset[33m:[39m[33m-[39m[35m8[39m[33m,[39mclassName[33m:[39m[33mT[39m([32m"c1-citation-tooltip"[39m[33m,[39mn)[33m,[39monMouseEnter[33m:[39mo[33m,[39monMouseLeave[33m:[39ms[33m,[39monClick[33m:[39mc[33m,[39monPointerDownOutside[33m:[39mm([32m".c1-citation"[39m)[33m,[39mchildren[33m:[39mt([32m"div"[39m[33m,[39m{className[33m:[39m[32m"c1-citation-tooltip__content"[39m[33m,[39mchildren[33m:[39ma[33m.[39mmap((h[33m,[39mu)[33m=>[39m{[36mconst[39m{key[33m:[39mg[33m,[39m[33m...[39mb}[33m=[39mh[33m;[39m[36mreturn[39m t(zm[33m,[39m{[33m...[39mb[33m,[39monClick[33m:[39md}[33m,[39mu)})})})})]})})})})[33m,[39m[33mRm[39m[33m=[39mq(e[33m=>[39m{[36mconst[39m{sources[33m:[39ma}[33m=[39me[33m;[39m[36mreturn[39m a[33m&&[39ma[33m.[39mlength[33m!==[39m[35m0[39m[33m?[39mt([33mBm[39m[33m,[39m{[33m...[39me})[33m:[39m[36mnull[39m})[33m,[39mho[33m=[39m({node[33m:[39me[33m,[39mchildren[33m:[39ma[33m,[39m[33m...[39mn})[33m=>[39m{[36mconst[39m i[33m=[39mco()[33m,[39mo[33m=[39m(e[33m==[39m[36mnull[39m[33m?[39m[36mvoid[39m [35m0[39m[33m:[39me[33m.[39mproperties)[33m?[39m[33m?[39m{}[33m,[39ms[33m=[39mo[[32m"data-component-type"[39m][33m,[39ml[33m=[39mo[[32m"data-citation-indices"[39m][33m;[39m[36mif[39m(s[33m!==[39m[32m"citation"[39m[33m||[39m[33m![39ml)[36mreturn[39m t([32m"span"[39m[33m,[39m{[33m...[39mn[33m,[39mchildren[33m:[39ma})[33m;[39m[36mif[39m([33m![39mi[33m.[39mlength)[36mreturn[39m [36mnull[39m[33m;[39m[36mconst[39m c[33m=[39ml[33m.[39msplit([32m","[39m)[33m.[39mmap([33mNumber[39m)[33m.[39mmap(d[33m=>[39mi[d[33m-[39m[35m1[39m])[33m.[39mfilter(d[33m=>[39md[33m!==[39m[36mvoid[39m [35m0[39m)[33m.[39mfilter(d[33m=>[39md[33m.[39msourceName[33m&&[39md[33m.[39mtitle[33m&&[39md[33m.[39msourceName[33m.[39mtrim()[33m!==[39m[32m""[39m[33m&&[39md[33m.[39mtitle[33m.[39mtrim()[33m!==[39m[32m""[39m)[33m;[39m[36mreturn[39m c[33m.[39mlength[33m===[39m[35m0[39m[33m?[39m[36mnull[39m[33m:[39mt([33mRm[39m[33m,[39m{sources[33m:[39mc})}[33m,[39mqn[33m=[39m[35m/(\[\d+\]\s*)+/g[39m[33m,[39m[33mWn[39m[33m=[39m[35m/\[(\d+)\]/g[39m[33m,[39muo[33m=[39m()[33m=>[39me[33m=>[39m{[33mAi[39m(e[33m,[39m[32m"text"[39m[33m,[39m(a[33m,[39mn[33m,[39mi)[33m=>[39m{[36mif[39m([36mtypeof[39m a[33m.[39mvalue[33m!=[39m[32m"string"[39m)[36mreturn[39m[33m;[39m[36mconst[39m o[33m=[39m[][33m;[39m[36mlet[39m s[33m,[39ml[33m=[39m[35m0[39m[33m;[39m[36mfor[39m([33m;[39m(s[33m=[39mqn[33m.[39mexec(a[33m.[39mvalue))[33m!==[39m[36mnull[39m[33m;[39m){s[33m.[39mindex[33m>[39ml[33m&&[39mo[33m.[39mpush({type[33m:[39m[32m"text"[39m[33m,[39mvalue[33m:[39ma[33m.[39mvalue[33m.[39mslice(l[33m,[39ms[33m.[39mindex)})[33m;[39m[36mconst[39m c[33m=[39ms[[35m0[39m][33m,[39md[33m=[39m[][33m;[39m[36mlet[39m m[33m;[39m[36mfor[39m([33m;[39m(m[33m=[39m[33mWn[39m[33m.[39mexec(c))[33m!==[39m[36mnull[39m[33m;[39m)d[33m.[39mpush(m[[35m1[39m][33m?[39m[33m?[39m[32m""[39m)[33m;[39m[33mWn[39m[33m.[39mlastIndex[33m=[39m[35m0[39m[33m,[39md[33m.[39mlength[33m>[39m[35m0[39m[33m&&[39mo[33m.[39mpush({type[33m:[39m[32m"customComponent"[39m[33m,[39mdata[33m:[39m{hName[33m:[39m[32m"span"[39m[33m,[39mhProperties[33m:[39m{[32m"data-component-type"[39m[33m:[39m[32m"citation"[39m[33m,[39m[32m"data-citation-indices"[39m[33m:[39md[33m.[39mjoin([32m","[39m)}}[33m,[39mchildren[33m:[39m[{type[33m:[39m[32m"text"[39m[33m,[39mvalue[33m:[39mc[33m.[39mtrim()}]})[33m,[39ml[33m=[39ms[33m.[39mindex[33m+[39mc[33m.[39mlength}[36mreturn[39m qn[33m.[39mlastIndex[33m=[39m[35m0[39m[33m,[39ml[33m<[39m[33ma[39m[33m.[39mvalue[33m.[39mlength[33m&&[39mo[33m.[39mpush({type[33m:[39m[32m"text"[39m[33m,[39mvalue[33m:[39ma[33m.[39mvalue[33m.[39mslice(l)})[33m,[39mo[33m.[39mlength[33m>[39m[35m0[39m[33m&&[39mi[33m&&[39m[36mtypeof[39m n[33m==[39m[32m"number"[39m[33m?[39m(i[33m.[39mchildren[33m.[39msplice(n[33m,[39m[35m1[39m[33m,[39m[33m...[39mo)[33m,[39mn[33m+[39mo[33m.[39mlength)[33m:[39m[36mvoid[39m [35m0[39m})}[33m,[39m[33mUe[39m[33m=[39m({children[33m:[39me})[33m=>[39me[33m,[39m[33mEe[39m[33m=[39mq(({content[33m:[39me[33m,[39mclassName[33m:[39ma})[33m=>[39m{[36mconst[39m{mode[33m:[39mn}[33m=[39m[33mCe[39m()[33m;[39m[36mreturn[39m e[33m?[39mt([32m"span"[39m[33m,[39m{className[33m:[39mfe([32m"c1-inline-markdown-renderer"[39m[33m,[39ma[33m,[39m{[32m"c1-inline-markdown-renderer--dark"[39m[33m:[39mn[33m===[39m[32m"dark"[39m})[33m,[39mchildren[33m:[39mt([33mWa[39m[33m,[39m{textMarkdown[33m:[39me[33m,[39moptions[33m:[39m{remarkPlugins[33m:[39m[uo[33m,[39m[[33mZa[39m[33m,[39m{breaks[33m:[39m[33m![39m[35m1[39m}]][33m,[39mcomponents[33m:[39m{span[33m:[39mho[33m,[39mp[33m:[39m[33mUe[39m[33m,[39mh1[33m:[39m[33mUe[39m[33m,[39mh2[33m:[39m[33mUe[39m[33m,[39mh3[33m:[39m[33mUe[39m[33m,[39mh4[33m:[39m[33mUe[39m[33m,[39mh5[33m:[39m[33mUe[39m[33m,[39mh6[33m:[39m[33mUe[39m[33m,[39mul[33m:[39m[33mUe[39m[33m,[39mol[33m:[39m[33mUe[39m[33m,[39mli[33m:[39m[33mUe[39m}}})})[33m:[39m[36mnull[39m})[33m;[39m[33mEe[39m[33m.[39mdisplayName[33m=[39m[32m"InlineMarkdownRenderer"[39m[33m;[39m[36mconst[39m [33mIt[39m[33m=[39me[33m=>[39m{[36mconst[39m{heading[33m:[39ma[33m,[39mdescription[33m:[39mn}[33m=[39me[33m;[39m[36mreturn[39m(a[33m||[39mn)[33m&&[39mp([32m"div"[39m[33m,[39m{className[33m:[39m[32m"c1-inline-header"[39m[33m,[39mchildren[33m:[39m[a[33m&&[39mt([32m"div"[39m[33m,[39m{className[33m:[39m[32m"c1-inline-header-heading"[39m[33m,[39mchildren[33m:[39mt([33mEe[39m[33m,[39m{content[33m:[39ma})})[33m,[39mn[33m&&[39mt([32m"div"[39m[33m,[39m{className[33m:[39m[32m"c1-inline-header-description"[39m[33m,[39mchildren[33m:[39mt([33mEe[39m[33m,[39m{content[33m:[39mn})})]})}[33m,[39m[33mDm[39m[33m=[39m[33mA[39m[33m.[39mextend({heading[33m:[39mr[33m.[39mstring()[33m,[39mdescription[33m:[39mr[33m.[39mstring()[33m.[39moptional()})[33m,[39mbe[33m=[39mz[33m.[39mextend({component[33m:[39mr[33m.[39mliteral([32m"InlineHeader"[39m)[33m,[39mprops[33m:[39m[33mDm[39m})[33m,[39mln[33m=[39m[[32m"k"[39m[33m,[39m[32m"m"[39m[33m,[39m[32m"b"[39m[33m,[39m[32m"t"[39m][33m,[39mwr[33m=[39m{k[33m:[39m[35m1e3[39m[33m,[39mm[33m:[39m[35m1e6[39m[33m,[39mb[33m:[39m[35m1e9[39m[33m,[39mt[33m:[39m[35m1e12[39m}[33m,[39mot[33m=[39m(e[33m,[39ma[33m,[39mn)[33m=>[39ma[33m===[39m[32m"1d"[39m[33m?[39m((i[33m,[39mo)[33m=>[39mq(s[33m=>[39m{[36mconst[39m{chartData[33m:[39ml[33m,[39m[33m...[39mc}[33m=[39ms[33m,[39m{data[33m:[39md[33m,[39munit[33m:[39mm[33m,[39mheader[33m:[39mh}[33m=[39ml[33m,[39mu[33m=[39mm[33m==[39m[36mnull[39m[33m?[39m[36mvoid[39m [35m0[39m[33m:[39mm[33m.[39mtoLowerCase()[33m,[39mg[33m=[39mu[33m?[39mwr[u][33m:[39m[35m1[39m[33m,[39mb[33m=[39md[33m.[39mmap(y[33m=>[39m({[33m...[39my[33m,[39mvalue[33m:[39my[33m.[39mvalue[33m*[39mg}))[33m,[39mf[33m=[39mxr({component[33m:[39mo[33m,[39mprops[33m:[39ms})[33m;[39m[36mreturn[39m p([32m"div"[39m[33m,[39m{className[33m:[39m[32m"c1-chart-wrapper"[39m[33m,[39mchildren[33m:[39m[h[33m&&[39mt([33mIt[39m[33m,[39m{heading[33m:[39mh[33m.[39mprops[33m.[39mheading[33m,[39mdescription[33m:[39mh[33m.[39mprops[33m.[39mdescription})[33m,[39mf()[33m,[39mt(i[33m,[39m{[33m...[39mc[33m,[39mdata[33m:[39mb})]})}))(e[33m,[39mn)[33m:[39ma[33m===[39m[32m"scatter"[39m[33m?[39m((i[33m,[39mo)[33m=>[39mq(s[33m=>[39m{[36mconst[39m{chartData[33m:[39ml[33m,[39m[33m...[39mc}[33m=[39ms[33m,[39m{data[33m:[39md[33m,[39munit[33m:[39mm[33m,[39mheader[33m:[39mh}[33m=[39ml[33m,[39mu[33m=[39mm[33m==[39m[36mnull[39m[33m?[39m[36mvoid[39m [35m0[39m[33m:[39mm[33m.[39mtoLowerCase()[33m,[39mg[33m=[39mu[33m?[39mwr[u][33m:[39m[35m1[39m[33m,[39mb[33m=[39md[33m.[39mmap(y[33m=>[39m({[33m...[39my[33m,[39mdata[33m:[39my[33m.[39mseries[33m.[39mmap(_[33m=>[39m({[33m...[39m_[33m,[39mx[33m:[39m_[33m.[39mx[33m*[39mg[33m,[39my[33m:[39m_[33m.[39my[33m*[39mg[33m,[39m[33m...[39m_[33m.[39mz[33m!==[39m[36mvoid[39m [35m0[39m[33m&&[39m{z[33m:[39m_[33m.[39mz[33m*[39mg}}))}))[33m,[39mf[33m=[39mxr({component[33m:[39mo[33m,[39mprops[33m:[39ms})[33m;[39m[36mreturn[39m p([32m"div"[39m[33m,[39m{className[33m:[39m[32m"c1-chart-wrapper"[39m[33m,[39mchildren[33m:[39m[h[33m&&[39mt([33mIt[39m[33m,[39m{heading[33m:[39mh[33m.[39mprops[33m.[39mheading[33m,[39mdescription[33m:[39mh[33m.[39mprops[33m.[39mdescription})[33m,[39mf()[33m,[39mt(i[33m,[39m{[33m...[39mc[33m,[39mdata[33m:[39mb})]})}))(e[33m,[39mn)[33m:[39m((i[33m,[39mo)[33m=>[39mq(s[33m=>[39m{[36mconst[39m{chartData[33m:[39ml[33m,[39m[33m...[39mc}[33m=[39ms[33m,[39m{data[33m:[39md[33m,[39munit[33m:[39mm[33m,[39mheader[33m:[39mh}[33m=[39ml[33m,[39mu[33m=[39mm[33m==[39m[36mnull[39m[33m?[39m[36mvoid[39m [35m0[39m[33m:[39mm[33m.[39mtoLowerCase()[33m,[39mg[33m=[39mu[33m?[39mwr[u][33m:[39m[35m1[39m[33m,[39mb[33m=[39md[33m.[39mlabels[33m.[39mmap((y[33m,[39m_)[33m=>[39m{[36mconst[39m v[33m=[39m{}[33m;[39m[36mreturn[39m d[33m.[39mseries[33m.[39mforEach([33mN[39m[33m=>[39m{[36mconst[39m x[33m=[39m[33mN[39m[33m.[39mvalues[_][33m||[39m[35m0[39m[33m;[39mv[[33mN[39m[33m.[39mcategory][33m=[39mx[33m*[39mg})[33m,[39m{category[33m:[39my[33m,[39m[33m...[39mv}})[33m,[39mf[33m=[39mxr({component[33m:[39mo[33m,[39mprops[33m:[39ms})[33m;[39m[36mreturn[39m p([32m"div"[39m[33m,[39m{className[33m:[39m[32m"c1-chart-wrapper"[39m[33m,[39mchildren[33m:[39m[h[33m&&[39mt([33mIt[39m[33m,[39m{heading[33m:[39mh[33m.[39mprops[33m.[39mheading[33m,[39mdescription[33m:[39mh[33m.[39mprops[33m.[39mdescription})[33m,[39mf()[33m,[39mt(i[33m,[39m{[33m...[39mc[33m,[39mdata[33m:[39mb})]})}))(e[33m,[39mn)[33m,[39mxr[33m=[39m({props[33m:[39me[33m,[39mcomponent[33m:[39ma})[33m=>[39m{[36mconst[39m{[33mExperimentalChartOptionsComponent[39m[33m:[39mn[33m,[39museIsStreaming[33m:[39mi}[33m=[39mxe()[33m,[39mo[33m=[39mi()[33m,[39ms[33m=[39m[33mD[39m({component[33m:[39ma[33m,[39mprops[33m:[39me})[33m;[39ms[33m.[39mcurrent[33m=[39m{component[33m:[39ma[33m,[39mprops[33m:[39me}[33m;[39m[36mconst[39m l[33m=[39m$(()[33m=>[39m{[36mconst[39m{component[33m:[39mc[33m,[39mprops[33m:[39md}[33m=[39ms[33m.[39mcurrent[33m;[39m[36mreturn[39m $a([33mJSON[39m[33m.[39mstringify({component[33m:[39m{component[33m:[39m[32m"Card"[39m[33m,[39mprops[33m:[39m{children[33m:[39m[{component[33m:[39mc[33m,[39mprops[33m:[39md}]}}[33m,[39merror[33m:[39m[36mnull[39m}))}[33m,[39m[])[33m;[39m[36mreturn[39m()[33m=>[39m[33m![39mn[33m||[39mo[33m?[39m[36mnull[39m[33m:[39mt([32m"div"[39m[33m,[39m{className[33m:[39m[32m"c1-chart-wrapper-options"[39m[33m,[39mchildren[33m:[39mt(n[33m,[39m{getChartResponse[33m:[39ml})})}[33m,[39m[33mFm[39m[33m=[39mr[33m.[39marray(r[33m.[39mobject({category[33m:[39mr[33m.[39mstring()[33m,[39mvalue[33m:[39mr[33m.[39mnumber()[33m.[39m[36mdefault[39m([35m0[39m)}))[33m,[39mcn[33m=[39mr[33m.[39mobject({header[33m:[39mbe[33m.[39moptional()[33m,[39munit[33m:[39mr[33m.[39m[36menum[39m(ln)[33m.[39moptional()[33m,[39mdata[33m:[39m[33mFm[39m})[33m.[39mdescribe([32m"$ref:chart1DProps"[39m)[33m,[39mjm[33m=[39mr[33m.[39mobject({labels[33m:[39mr[33m.[39marray(r[33m.[39mstring())[33m,[39mseries[33m:[39mr[33m.[39marray(r[33m.[39mobject({category[33m:[39mr[33m.[39mstring()[33m,[39mvalues[33m:[39mr[33m.[39marray(r[33m.[39mnumber())}))[33m.[39m[36mdefault[39m([])})[33m,[39mrr[33m=[39mr[33m.[39mobject({header[33m:[39mbe[33m.[39moptional()[33m,[39munit[33m:[39mr[33m.[39m[36menum[39m(ln)[33m.[39moptional()[33m,[39mdata[33m:[39mjm})[33m.[39mdescribe([32m"$ref:chart2DProps"[39m)[33m,[39m[33mVm[39m[33m=[39mr[33m.[39mobject({x[33m:[39mr[33m.[39mnumber()[33m,[39my[33m:[39mr[33m.[39mnumber()[33m,[39mz[33m:[39mr[33m.[39mnumber()[33m.[39moptional()})[33m,[39m[33mHm[39m[33m=[39mr[33m.[39mobject({name[33m:[39mr[33m.[39mstring()[33m,[39mseries[33m:[39mr[33m.[39marray([33mVm[39m)})[33m,[39m[33mUm[39m[33m=[39mr[33m.[39marray([33mHm[39m)[33m,[39mqm[33m=[39mr[33m.[39mobject({header[33m:[39mbe[33m.[39moptional()[33m,[39munit[33m:[39mr[33m.[39m[36menum[39m(ln)[33m.[39moptional()[33m,[39mdata[33m:[39m[33mUm[39m})[33m.[39mdescribe([32m"$ref:scatterChartDataProps"[39m)[33m;[39m[36mvar[39m zr[33m=[39m(e[33m=>[39m(e[33m.[39m[33mNORMAL[39m[33m=[39m[32m"normal"[39m[33m,[39me[33m.[39m[33mCONDENSED_NORMAL[39m[33m=[39m[32m"condensedNormal"[39m[33m,[39me))(zr[33m||[39m{})[33m;[39m[36mconst[39m [33mWm[39m[33m=[39m[33mA[39m[33m.[39mextend({type[33m:[39mr[33m.[39m[36menum[39m([[32m"normal"[39m[33m,[39m[32m"condensedNormal"[39m])[33m.[39moptional()[33m,[39mvariant[33m:[39mr[33m.[39m[36menum[39m([[32m"linear"[39m[33m,[39m[32m"natural"[39m])[33m.[39moptional()[33m,[39mchartData[33m:[39mrr[33m,[39mxAxisLabel[33m:[39mr[33m.[39mstring()[33m.[39moptional()[33m,[39myAxisLabel[33m:[39mr[33m.[39mstring()[33m.[39moptional()})[33m,[39mgo[33m=[39mz[33m.[39mextend({component[33m:[39mr[33m.[39mliteral([32m"AreaChartV2"[39m)[33m,[39mprops[33m:[39m[33mWm[39m})[33m,[39m[33mKm[39m[33m=[39mq(e[33m=>[39m{[36mswitch[39m(e[33m.[39mtype){[36mcase[39m zr[33m.[39m[33mCONDENSED_NORMAL[39m[33m:[39m[36mreturn[39m t([33mWr[39m[33m,[39m{[33m...[39me[33m,[39mtickVariant[33m:[39m[32m"angled"[39m})[33m;[39m[36mcase[39m zr[33m.[39m[33mNORMAL[39m[33m:[39m[36mdefault[39m[33m:[39m[36mreturn[39m t(hc[33m,[39m{[33m...[39me})}})[33m;[39m[36mvar[39m [33mAa[39m[33m=[39m(e[33m=>[39m(e[33m.[39m[33mNORMAL[39m[33m=[39m[32m"normal"[39m[33m,[39me[33m.[39m[33mHORIZONTAL[39m[33m=[39m[32m"horizontal"[39m[33m,[39me[33m.[39m[33mCONDENSED_NORMAL[39m[33m=[39m[32m"condensedNormal"[39m[33m,[39me))([33mAa[39m[33m||[39m{})[33m;[39m[36mconst[39m [33mXm[39m[33m=[39m[33mA[39m[33m.[39mextend({variant[33m:[39mr[33m.[39m[36menum[39m([[32m"grouped"[39m[33m,[39m[32m"stacked"[39m])[33m.[39moptional()[33m,[39misHorizontal[33m:[39mr[33m.[39mboolean()[33m.[39moptional()[33m.[39mdescribe([32m"$exclude:isHorizontal"[39m)[33m,[39mtype[33m:[39mr[33m.[39m[36menum[39m([[32m"normal"[39m[33m,[39m[32m"horizontal"[39m[33m,[39m[32m"condensedNormal"[39m])[33m.[39moptional()[33m,[39mchartData[33m:[39mrr[33m,[39mxAxisLabel[33m:[39mr[33m.[39mstring()[33m.[39moptional()[33m,[39myAxisLabel[33m:[39mr[33m.[39mstring()[33m.[39moptional()})[33m,[39m_o[33m=[39mz[33m.[39mextend({component[33m:[39mr[33m.[39mliteral([32m"BarChartV2"[39m)[33m,[39mprops[33m:[39m[33mXm[39m})[33m,[39m[33mZm[39m[33m=[39mq(e[33m=>[39m{[36mif[39m(e[33m.[39misHorizontal)[36mreturn[39m t([33mOa[39m[33m,[39m{[33m...[39me})[33m;[39m[36mswitch[39m(e[33m.[39mtype){[36mcase[39m [33mAa[39m[33m.[39m[33mHORIZONTAL[39m[33m:[39m[36mreturn[39m t([33mOa[39m[33m,[39m{[33m...[39me})[33m;[39m[36mcase[39m [33mAa[39m[33m.[39m[33mCONDENSED_NORMAL[39m[33m:[39m[36mreturn[39m t([33mKa[39m[33m,[39m{[33m...[39me[33m,[39mtickVariant[33m:[39m[32m"angled"[39m})[33m;[39m[36mcase[39m [33mAa[39m[33m.[39m[33mNORMAL[39m[33m:[39m[36mdefault[39m[33m:[39m[36mreturn[39m t(fi[33m,[39m{[33m...[39me})}})[33m;[39m[36mvar[39m [33mBr[39m[33m=[39m(e[33m=>[39m(e[33m.[39m[33mNORMAL[39m[33m=[39m[32m"normal"[39m[33m,[39me[33m.[39m[33mCONDENSED_NORMAL[39m[33m=[39m[32m"condensedNormal"[39m[33m,[39me))([33mBr[39m[33m||[39m{})[33m;[39m[36mconst[39m [33mYm[39m[33m=[39m[33mA[39m[33m.[39mextend({type[33m:[39mr[33m.[39m[36menum[39m([[32m"normal"[39m[33m,[39m[32m"condensedNormal"[39m])[33m.[39moptional()[33m,[39mvariant[33m:[39mr[33m.[39m[36menum[39m([[32m"linear"[39m[33m,[39m[32m"natural"[39m])[33m.[39moptional()[33m,[39mchartData[33m:[39mrr[33m,[39mxAxisLabel[33m:[39mr[33m.[39mstring()[33m.[39moptional()[33m,[39myAxisLabel[33m:[39mr[33m.[39mstring()[33m.[39moptional()})[33m,[39mfo[33m=[39mz[33m.[39mextend({component[33m:[39mr[33m.[39mliteral([32m"LineChartV2"[39m)[33m,[39mprops[33m:[39m[33mYm[39m})[33m,[39m[33mGm[39m[33m=[39mq(e[33m=>[39m{[36mswitch[39m(e[33m.[39mtype){[36mcase[39m [33mBr[39m[33m.[39m[33mCONDENSED_NORMAL[39m[33m:[39m[36mreturn[39m t([33mKr[39m[33m,[39m{[33m...[39me[33m,[39mtickVariant[33m:[39m[32m"angled"[39m})[33m;[39m[36mcase[39m [33mBr[39m[33m.[39m[33mNORMAL[39m[33m:[39m[36mdefault[39m[33m:[39m[36mreturn[39m t(uc[33m,[39m{[33m...[39me})}})[33m,[39m[33mJm[39m[33m=[39m[33mA[39m[33m.[39mextend({variant[33m:[39mr[33m.[39m[36menum[39m([[32m"pie"[39m[33m,[39m[32m"donut"[39m])[33m.[39moptional()[33m.[39m[36mdefault[39m([32m"pie"[39m)[33m,[39mchartData[33m:[39mcn})[33m,[39mbo[33m=[39mz[33m.[39mextend({component[33m:[39mr[33m.[39mliteral([32m"PieChartV2"[39m)[33m,[39mprops[33m:[39m[33mJm[39m})[33m,[39m[33mQm[39m[33m=[39mq(e[33m=>[39m{[36mconst[39m{categoryKey[33m:[39ma[33m,[39mdata[33m:[39mn[33m,[39m[33m...[39mi}[33m=[39me[33m;[39m[36mreturn[39m[33m![39ma[33m||[39m[33m![39mn[33m||[39mn[33m.[39mlength[33m===[39m[35m0[39m[33m||[39m[33mObject[39m[33m.[39mkeys(n[[35m0[39m])[33m.[39mlength[33m<[39m[35m2[39m[33m?[39m[36mnull[39m[33m:[39mt([33mPi[39m[33m,[39m{categoryKey[33m:[39ma[33m,[39mdata[33m:[39mn[33m,[39m[33m...[39mi})})[33m,[39mep[33m=[39m[33mA[39m[33m.[39mextend({chartData[33m:[39mrr})[33m,[39myo[33m=[39mz[33m.[39mextend({component[33m:[39mr[33m.[39mliteral([32m"RadarChartV2"[39m)[33m,[39mprops[33m:[39mep})[33m,[39mtp[33m=[39mq(e[33m=>[39m{[36mconst[39m{categoryKey[33m:[39ma[33m,[39mdata[33m:[39mn[33m,[39mdataKey[33m:[39mi[33m,[39m[33m...[39mo}[33m=[39me[33m,[39ms[33m=[39m[33mD[39m([36mnull[39m)[33m;[39m[36mif[39m([33m![39ma[33m||[39m[33m![39mn[33m||[39mn[33m.[39mlength[33m===[39m[35m0[39m[33m||[39mn[n[33m.[39mlength[33m-[39m[35m1[39m][a][33m===[39m[36mvoid[39m [35m0[39m[33m||[39mn[n[33m.[39mlength[33m-[39m[35m1[39m][i][33m===[39m[36mvoid[39m [35m0[39m){[36mif[39m(s[33m.[39mcurrent){[36mconst[39m{categoryKey[33m:[39ml[33m,[39mdata[33m:[39mc[33m,[39mdataKey[33m:[39md[33m,[39m[33m...[39mm}[33m=[39ms[33m.[39mcurrent[33m;[39m[36mreturn[39m t([33mRa[39m[33m,[39m{categoryKey[33m:[39ml[33m,[39mdata[33m:[39mc[33m,[39mdataKey[33m:[39md[33m,[39m[33m...[39mm})}[36mreturn[39m [36mnull[39m}[36mreturn[39m s[33m.[39mcurrent[33m=[39me[33m,[39mt([33mRa[39m[33m,[39m{categoryKey[33m:[39ma[33m,[39mdata[33m:[39mn[33m,[39mdataKey[33m:[39mi[33m,[39m[33m...[39mo})})[33m,[39map[33m=[39m[33mA[39m[33m.[39mextend({chartData[33m:[39mcn})[33m,[39mvo[33m=[39mz[33m.[39mextend({component[33m:[39mr[33m.[39mliteral([32m"RadialChartV2"[39m)[33m,[39mprops[33m:[39map})[33m,[39mrp[33m=[39m[33mA[39m[33m.[39mextend({chartData[33m:[39mqm[33m,[39mxAxisLabel[33m:[39mr[33m.[39mstring()[33m.[39moptional()[33m,[39myAxisLabel[33m:[39mr[33m.[39mstring()[33m.[39moptional()})[33m,[39mwo[33m=[39mz[33m.[39mextend({component[33m:[39mr[33m.[39mliteral([32m"ScatterChart"[39m)[33m,[39mprops[33m:[39mrp})[33m,[39mnp[33m=[39m[33mA[39m[33m.[39mextend({chartData[33m:[39mcn})[33m,[39mxo[33m=[39mz[33m.[39mextend({component[33m:[39mr[33m.[39mliteral([32m"SingleStackedBarChart"[39m)[33m,[39mprops[33m:[39mnp})[33m,[39mko[33m=[39mq(e[33m=>[39m{[36mconst[39m{categoryKey[33m:[39ma[33m,[39mdata[33m:[39mn[33m,[39mdataKey[33m:[39mi[33m,[39m[33m...[39mo}[33m=[39me[33m;[39m[36mreturn[39m t(md[33m,[39m{categoryKey[33m:[39ma[33m,[39mdata[33m:[39mn[33m,[39mdataKey[33m:[39mi[33m,[39mlegendVariant[33m:[39m(n[33m==[39m[36mnull[39m[33m?[39m[36mvoid[39m [35m0[39m[33m:[39mn[33m.[39mlength)[33m<[39m[35m6[39m[33m?[39m[32m"stacked"[39m[33m:[39m[32m"default"[39m[33m,[39m[33m...[39mo})})[33m;[39mko[33m.[39mdisplayName[33m=[39m[32m"SingleStackedBarChart"[39m[33m;[39m[36mconst[39m jt[33m=[39mr[33m.[39munion([go[33m,[39m_o[33m,[39mfo[33m,[39myo[33m,[39mvo[33m,[39mbo[33m,[39mxo[33m,[39mwo])[33m.[39mdescribe([32m"$ref:chartV2Component"[39m)[33m,[39m[33mNo[39m[33m=[39m(e[33m,[39ma)[33m=>[39mn[33m=>[39m{[36mconst[39m{children[33m:[39mi}[33m=[39me[33m,[39mo[33m=[39m{}[33m;[39m[36mreturn[39m i[33m.[39mforEach(s[33m=>[39m{o[s[33m.[39mprops[33m.[39mname][33m=[39ma(n[33m,[39ms[33m.[39mprops[33m.[39mname)})[33m,[39mo}[33m,[39mip[33m=[39mq(e[33m=>[39m{[36mconst[39m{children[33m:[39ma[33m,[39m[33m...[39mn}[33m=[39me[33m,[39mi[33m=[39m[33mRt[39m()[33m,[39mo[33m=[39m[33mFt[39m()[33m,[39ms[33m=[39m[33mBt[39m()[33m,[39ml[33m=[39m[33mNo[39m(e[33m,[39ms)[33m;[39m[36mreturn[39m t(gc[33m,[39m{[33m...[39mn[33m,[39mchildren[33m:[39ma[33m==[39m[36mnull[39m[33m?[39m[36mvoid[39m [35m0[39m[33m:[39ma[33m.[39mmap(c[33m=>[39m{[36mconst[39m{exploreButton[33m:[39md[33m,[39m[33m...[39mm}[33m=[39mc[33m.[39mprops[33m;[39m[36mreturn[39m t([33mK[39m[33m,[39m{component[33m:[39mc[33m.[39mcomponent[33m,[39mprops[33m:[39m{[33m...[39mm[33m,[39mlabel[33m:[39mp([32m"div"[39m[33m,[39m{className[33m:[39m[32m"c1-check-box-item-label"[39m[33m,[39mchildren[33m:[39m[c[33m.[39mprops[33m.[39mlabel[33m,[39md[33m&&[39mt([33mK[39m[33m,[39m{component[33m:[39md[33m.[39mcomponent[33m,[39mprops[33m:[39m{[33m...[39md[33m.[39mprops[33m,[39mparentValue[33m:[39mc[33m.[39mprops[33m.[39mlabel}})]})[33m,[39monChange[33m:[39m(h[33m=[39mc[33m.[39mprops[33m.[39mname[33m,[39mu[33m=>[39m{[36mif[39m(i(o[33m==[39m[36mnull[39m[33m?[39m[36mvoid[39m [35m0[39m[33m:[39mo[33m.[39mformName[33m,[39m[32m"CheckBoxItem"[39m[33m,[39mh[33m,[39mu)[33m,[39m(o[33m==[39m[36mnull[39m[33m?[39m[36mvoid[39m [35m0[39m[33m:[39mo[33m.[39mvalidateField)[33m&&[39mn[33m.[39mrules){[36mconst[39m g[33m=[39m{[33m...[39ml(o[33m==[39m[36mnull[39m[33m?[39m[36mvoid[39m [35m0[39m[33m:[39mo[33m.[39mformName)[33m,[39m[h][33m:[39mu}[33m;[39mo[33m.[39mvalidateField(n[33m.[39mname[33m,[39mg[33m,[39mn[33m.[39mrules)}})}}[33m,[39mc[33m.[39mprops[33m.[39mname)[33m;[39m[36mvar[39m h})})})[33m,[39m[33mCo[39m[33m=[39m(e[33m,[39ma)[33m=>[39mn[33m=>[39m{[36mconst[39m{children[33m:[39mi}[33m=[39me[33m,[39mo[33m=[39m{}[33m;[39m[36mreturn[39m i[33m.[39mforEach(s[33m=>[39m{o[s[33m.[39mprops[33m.[39mname][33m=[39ma(n[33m,[39ms[33m.[39mprops[33m.[39mname)})[33m,[39mo}[33m,[39mop[33m=[39mq(e[33m=>[39m{[36mconst[39m{children[33m:[39ma[33m,[39m[33m...[39mn}[33m=[39me[33m,[39mi[33m=[39m[33mRt[39m()[33m,[39mo[33m=[39m[33mFt[39m()[33m,[39ms[33m=[39m[33mBt[39m()[33m,[39ml[33m=[39m[33mCo[39m(e[33m,[39ms)[33m;[39m[36mreturn[39m t(_c[33m,[39m{[33m...[39mn[33m,[39mchildren[33m:[39ma[33m==[39m[36mnull[39m[33m?[39m[36mvoid[39m [35m0[39m[33m:[39ma[33m.[39mmap(c[33m=>[39m{[36mconst[39m{exploreButton[33m:[39md[33m,[39m[33m...[39mm}[33m=[39mc[33m.[39mprops[33m;[39m[36mreturn[39m t([33mK[39m[33m,[39m{component[33m:[39mc[33m.[39mcomponent[33m,[39mprops[33m:[39m{[33m...[39mm[33m,[39mlabel[33m:[39mp([32m"div"[39m[33m,[39m{className[33m:[39m[32m"c1-switch-item-label"[39m[33m,[39mchildren[33m:[39m[c[33m.[39mprops[33m.[39mlabel[33m,[39md[33m&&[39mt([33mK[39m[33m,[39m{component[33m:[39md[33m.[39mcomponent[33m,[39mprops[33m:[39m{[33m...[39md[33m.[39mprops[33m,[39mparentValue[33m:[39mc[33m.[39mprops[33m.[39mlabel}})]})[33m,[39monChange[33m:[39m(h[33m=[39mc[33m.[39mprops[33m.[39mname[33m,[39mu[33m=>[39m{[36mif[39m(i(o[33m==[39m[36mnull[39m[33m?[39m[36mvoid[39m [35m0[39m[33m:[39mo[33m.[39mformName[33m,[39m[32m"SwitchItem"[39m[33m,[39mh[33m,[39mu)[33m,[39m(o[33m==[39m[36mnull[39m[33m?[39m[36mvoid[39m [35m0[39m[33m:[39mo[33m.[39mvalidateField)[33m&&[39mn[33m.[39mrules){[36mconst[39m g[33m=[39m{[33m...[39ml(o[33m==[39m[36mnull[39m[33m?[39m[36mvoid[39m [35m0[39m[33m:[39mo[33m.[39mformName)[33m,[39m[h][33m:[39mu}[33m;[39mo[33m.[39mvalidateField(n[33m.[39mname[33m,[39mg[33m,[39mn[33m.[39mrules)}})}}[33m,[39mc[33m.[39mprops[33m.[39mname)[33m;[39m[36mvar[39m h})})})[33m,[39msp[33m=[39mq(e[33m=>[39m{[36mvar[39m b[33m;[39m[36mconst[39m{label[33m:[39ma[33m,[39mhint[33m:[39mn}[33m=[39me[33m,[39m{component[33m:[39mi[33m,[39mprops[33m:[39mo}[33m=[39me[33m.[39mchildren[33m,[39ms[33m=[39mi[33m===[39m[32m"Slider"[39m[33m,[39ml[33m=[39m[33mFt[39m()[33m,[39mc[33m=[39m[33mBt[39m()[33m,[39md[33m=[39m$e()[33m,[39mm[33m=[39mo[33m.[39mname[33m,[39mh[33m=[39ml[33m&&[39mm[33m?[39ml[33m.[39merrors[m][33m:[39m[36mvoid[39m [35m0[39m[33m,[39mu[33m=[39m[33m![39m[33m![39m((b[33m=[39mo[33m==[39m[36mnull[39m[33m?[39m[36mvoid[39m [35m0[39m[33m:[39mo[33m.[39mrules)[33m!=[39m[36mnull[39m[33m&&[39mb[33m.[39mrequired)[33m;[39m[33mV[39m(()[33m=>[39m{[33m![39md[33m&&[39mo[33m.[39mrules[33m&&[39m(l[33m==[39m[36mnull[39m[33m||[39ml[33m.[39mregisterField(m[33m,[39mo[33m.[39mrules[33m,[39mlp(i[33m,[39mo[33m,[39mc)))}[33m,[39m[d[33m,[39ml[33m==[39m[36mnull[39m[33m?[39m[36mvoid[39m [35m0[39m[33m:[39ml[33m.[39mregisterField])[33m;[39m[36mconst[39m g[33m=[39ms[33m?[39m{[33m...[39mo[33m,[39mlabel[33m:[39ma}[33m:[39mo[33m;[39m[36mreturn[39m p(fc[33m,[39m{hasError[33m:[39ms[33m?[39m[36mvoid[39m [35m0[39m[33m:[39m[33m![39m[33m![39mh[33m,[39mchildren[33m:[39m[a[33m&&[39m[33m![39ms[33m&&[39mt(bc[33m,[39m{required[33m:[39mu[33m,[39mchildren[33m:[39ma})[33m,[39mi[33m&&[39mt([33mK[39m[33m,[39m{component[33m:[39mi[33m,[39mprops[33m:[39mg})[33m,[39m[33m![39ms[33m&&[39m(h[33m||[39mn)[33m&&[39mp(yc[33m,[39m{children[33m:[39m[h[33m?[39mt(sa[33m,[39m{size[33m:[39m[35m14[39m})[33m:[39m[36mnull[39m[33m,[39mh[33m||[39mn]})]})})[33m,[39mlp[33m=[39m(e[33m,[39ma[33m,[39mn)[33m=>[39m{[36mswitch[39m(e){[36mcase[39m[32m"SwitchGroup"[39m[33m:[39m[36mreturn[39m [33mCo[39m(a[33m,[39mn)[33m;[39m[36mcase[39m[32m"CheckBoxGroup"[39m[33m:[39m[36mreturn[39m [33mNo[39m(a[33m,[39mn)[33m;[39m[36mdefault[39m[33m:[39m[36mreturn[39m n}}[33m,[39mcp[33m=[39m[33mA[39m[33m.[39mextend({icon[33m:[39mke[33m,[39mactionLabel[33m:[39mr[33m.[39mstring()[33m,[39maction[33m:[39mha})[33m,[39mnr[33m=[39mz[33m.[39mextend({component[33m:[39mr[33m.[39mliteral([32m"ExploreButton"[39m)[33m,[39mprops[33m:[39mcp})[33m,[39mdp[33m=[39m[33mA[39m[33m.[39mextend({label[33m:[39mr[33m.[39mstring()[33m,[39mdescription[33m:[39mr[33m.[39mstring()[33m.[39moptional()[33m,[39mname[33m:[39mr[33m.[39mstring()[33m.[39m[36mdefault[39m([32m"default"[39m)[33m,[39mdefaultChecked[33m:[39mr[33m.[39mboolean()[33m.[39moptional()[33m,[39mexploreButton[33m:[39mnr[33m.[39moptional()})[33m,[39m[33mSo[39m[33m=[39mz[33m.[39mextend({component[33m:[39mr[33m.[39mliteral([32m"CheckBoxItem"[39m)[33m,[39mprops[33m:[39mdp})[33m,[39mmp[33m=[39m[33mA[39m[33m.[39mextend({children[33m:[39mr[33m.[39marray([33mSo[39m)[33m,[39mname[33m:[39mr[33m.[39mstring()[33m.[39m[36mdefault[39m([32m""[39m)[33m,[39mrules[33m:[39mr[33m.[39mobject({required[33m:[39mr[33m.[39mboolean()[33m.[39moptional()})[33m.[39moptional()})[33m,[39m[33mTo[39m[33m=[39mz[33m.[39mextend({component[33m:[39mr[33m.[39mliteral([32m"CheckBoxGroup"[39m)[33m,[39mprops[33m:[39mmp})[33m,[39mpp[33m=[39m[33mA[39m[33m.[39mextend({mode[33m:[39mr[33m.[39m[36menum[39m([[32m"single"[39m[33m,[39m[32m"range"[39m])[33m.[39moptional()[33m,[39mname[33m:[39mr[33m.[39mstring()[33m.[39m[36mdefault[39m([32m""[39m)[33m,[39msingleDefaultDate[33m:[39mr[33m.[39mstring()[33m.[39moptional()[33m,[39mrangeDefaultDates[33m:[39mr[33m.[39marray(r[33m.[39mstring())[33m.[39moptional()[33m,[39mrules[33m:[39mr[33m.[39mobject({required[33m:[39mr[33m.[39mboolean()[33m.[39moptional()})[33m.[39moptional()})[33m,[39m[33mEo[39m[33m=[39mz[33m.[39mextend({component[33m:[39mr[33m.[39mliteral([32m"DatePicker"[39m)[33m,[39mprops[33m:[39mpp})[33m,[39mhp[33m=[39m[33mA[39m[33m.[39mextend({name[33m:[39mr[33m.[39mstring()[33m.[39m[36mdefault[39m([32m""[39m)[33m,[39mplaceholder[33m:[39mr[33m.[39mstring()[33m.[39moptional()[33m,[39mtype[33m:[39mr[33m.[39mstring()[33m.[39moptional()[33m,[39mdefaultValue[33m:[39mr[33m.[39mstring()[33m.[39moptional()[33m,[39mrules[33m:[39mr[33m.[39mobject({required[33m:[39mr[33m.[39mboolean()[33m.[39moptional()[33m,[39mminLength[33m:[39mr[33m.[39mnumber()[33m.[39moptional()[33m,[39mmaxLength[33m:[39mr[33m.[39mnumber()[33m.[39moptional()[33m,[39mmin[33m:[39mr[33m.[39mnumber()[33m.[39moptional()[33m,[39mmax[33m:[39mr[33m.[39mnumber()[33m.[39moptional()})[33m.[39moptional()})[33m,[39m[33mPo[39m[33m=[39mz[33m.[39mextend({component[33m:[39mr[33m.[39mliteral([32m"Input"[39m)[33m,[39mprops[33m:[39mhp})[33m,[39mup[33m=[39mq(e[33m=>[39m{[36mconst[39m{children[33m:[39ma[33m,[39m[33m...[39mn}[33m=[39me[33m;[39m[36mreturn[39m t(vc[33m,[39m{[33m...[39mn[33m,[39mchildren[33m:[39ma[33m==[39m[36mnull[39m[33m?[39m[36mvoid[39m [35m0[39m[33m:[39ma[33m.[39mmap(i[33m=>[39m{[36mconst[39m{exploreButton[33m:[39mo[33m,[39m[33m...[39ms}[33m=[39mi[33m.[39mprops[33m;[39m[36mreturn[39m t([33mK[39m[33m,[39m{component[33m:[39mi[33m.[39mcomponent[33m,[39mprops[33m:[39m{[33m...[39ms[33m,[39mlabel[33m:[39mp([32m"div"[39m[33m,[39m{className[33m:[39m[32m"c1-radio-item-label"[39m[33m,[39mchildren[33m:[39m[i[33m.[39mprops[33m.[39mlabel[33m,[39mo[33m&&[39mt([33mK[39m[33m,[39m{component[33m:[39mo[33m.[39mcomponent[33m,[39mprops[33m:[39m{[33m...[39mo[33m.[39mprops[33m,[39mparentValue[33m:[39mi[33m.[39mprops[33m.[39mlabel}})]})}}[33m,[39mi[33m.[39mprops[33m.[39mvalue)})})})[33m,[39mgp[33m=[39m[33mA[39m[33m.[39mextend({label[33m:[39mr[33m.[39mstring()[33m,[39mdescription[33m:[39mr[33m.[39mstring()[33m.[39moptional()[33m,[39mvalue[33m:[39mr[33m.[39mstring()[33m.[39m[36mdefault[39m([32m""[39m)[33m,[39mexploreButton[33m:[39mnr[33m.[39moptional()})[33m,[39m[33mIo[39m[33m=[39mz[33m.[39mextend({component[33m:[39mr[33m.[39mliteral([32m"RadioItem"[39m)[33m,[39mprops[33m:[39mgp})[33m,[39m_p[33m=[39m[33mA[39m[33m.[39mextend({name[33m:[39mr[33m.[39mstring()[33m.[39m[36mdefault[39m([32m""[39m)[33m,[39mchildren[33m:[39mr[33m.[39marray([33mIo[39m)[33m,[39mdefaultValue[33m:[39mr[33m.[39mstring()[33m.[39moptional()[33m,[39mrules[33m:[39mr[33m.[39mobject({required[33m:[39mr[33m.[39mboolean()[33m.[39moptional()})[33m.[39moptional()})[33m,[39m[33mAo[39m[33m=[39mz[33m.[39mextend({component[33m:[39mr[33m.[39mliteral([32m"RadioGroup"[39m)[33m,[39mprops[33m:[39m_p})[33m,[39m[33mLo[39m[33m=[39mz[33m.[39mextend({component[33m:[39mr[33m.[39mliteral([32m"SelectLabel"[39m)[33m,[39mprops[33m:[39m[33mA[39m[33m.[39mextend({text[33m:[39mr[33m.[39mstring()})})[33m,[39m[33mMo[39m[33m=[39mz[33m.[39mextend({component[33m:[39mr[33m.[39mliteral([32m"SelectSeparator"[39m)})[33m,[39m$o[33m=[39mz[33m.[39mextend({component[33m:[39mr[33m.[39mliteral([32m"SelectItem"[39m)[33m,[39mprops[33m:[39m[33mA[39m[33m.[39mextend({value[33m:[39mr[33m.[39mstring()[33m,[39mchildren[33m:[39mr[33m.[39mstring()})})[33m,[39mfp[33m=[39mr[33m.[39munion([[33mLo[39m[33m,[39m[33mMo[39m[33m,[39m$o])[33m,[39mbp[33m=[39m[33mA[39m[33m.[39mextend({placeholder[33m:[39mr[33m.[39mstring()[33m.[39moptional()[33m,[39mchildren[33m:[39mr[33m.[39marray(fp)[33m.[39moptional()[33m,[39mdefaultValue[33m:[39mr[33m.[39mstring()[33m.[39moptional()[33m,[39mname[33m:[39mr[33m.[39mstring()[33m.[39m[36mdefault[39m([32m""[39m)[33m,[39mrules[33m:[39mr[33m.[39mobject({required[33m:[39mr[33m.[39mboolean()[33m.[39moptional()})[33m.[39moptional()})[33m,[39m[33mOo[39m[33m=[39mz[33m.[39mextend({component[33m:[39mr[33m.[39mliteral([32m"Select"[39m)[33m,[39mprops[33m:[39mbp})[33m,[39myp[33m=[39mq(e[33m=>[39m{[36mconst[39m{placeholder[33m:[39ma[33m,[39mchildren[33m:[39mn[33m,[39m[33m...[39mi}[33m=[39me[33m;[39m[36mreturn[39m p(ea[33m,[39m{[33m...[39mi[33m,[39mchildren[33m:[39m[t([33mPa[39m[33m,[39m{size[33m:[39m[32m"lg"[39m[33m,[39mchildren[33m:[39mt([33mIa[39m[33m,[39m{placeholder[33m:[39ma})})[33m,[39mt(ta[33m,[39m{children[33m:[39mt(wc[33m,[39m{children[33m:[39mn[33m==[39m[36mnull[39m[33m?[39m[36mvoid[39m [35m0[39m[33m:[39mn[33m.[39mmap((o[33m,[39ms)[33m=>[39mt([33mK[39m[33m,[39m{[33m...[39mo}[33m,[39m[32m`select-item-${s}`[39m))})})]})})[33m,[39mvp[33m=[39m[33mA[39m[33m.[39mextend({variant[33m:[39mr[33m.[39m[36menum[39m([[32m"continuous"[39m[33m,[39m[32m"discrete"[39m])[33m,[39mmin[33m:[39mr[33m.[39mnumber()[33m.[39m[36mdefault[39m([35m0[39m)[33m,[39mmax[33m:[39mr[33m.[39mnumber()[33m.[39m[36mdefault[39m([35m100[39m)[33m,[39mstep[33m:[39mr[33m.[39mnumber()[33m.[39moptional()[33m,[39mdefaultValue[33m:[39mr[33m.[39marray(r[33m.[39mnumber())[33m,[39mname[33m:[39mr[33m.[39mstring()[33m.[39m[36mdefault[39m([32m""[39m)[33m,[39mrules[33m:[39mr[33m.[39mobject({required[33m:[39mr[33m.[39mboolean()[33m.[39moptional()[33m,[39mmin[33m:[39mr[33m.[39mnumber()[33m.[39moptional()[33m,[39mmax[33m:[39mr[33m.[39mnumber()[33m.[39moptional()})[33m.[39moptional()})[33m,[39mzo[33m=[39mz[33m.[39mextend({component[33m:[39mr[33m.[39mliteral([32m"Slider"[39m)[33m,[39mprops[33m:[39mvp})[33m,[39mkr[33m=[39m({value[33m:[39me[33m,[39monChange[33m:[39ma[33m,[39merror[33m:[39mn})[33m=>[39m{[36mconst[39m[i[33m,[39mo][33m=[39m[33mF[39m(e)[33m,[39m[s[33m,[39ml][33m=[39m[33mF[39m([33m![39m[35m1[39m)[33m;[39m[36mreturn[39m [33mV[39m(()[33m=>[39m{s[33m||[39mo(e)}[33m,[39m[e[33m,[39ms])[33m,[39mt([32m"div"[39m[33m,[39m{className[33m:[39m[32m"c1-slider-block__validated-input"[39m[33m,[39mchildren[33m:[39mt([33mOt[39m[33m,[39m{type[33m:[39m[32m"text"[39m[33m,[39mvalue[33m:[39mi[33m,[39monChange[33m:[39mc[33m=>[39m{[36mconst[39m{value[33m:[39md}[33m=[39mc[33m.[39mtarget[33m;[39mo(d)[33m,[39misNaN([33mNumber[39m(d))[33m||[39ma([33mNumber[39m(d))}[33m,[39mclassName[33m:[39m[33mT[39m([32m"c1-slider-block__input"[39m[33m,[39m{[32m"c1-slider-block__input-error"[39m[33m:[39mn})[33m,[39monFocus[33m:[39m()[33m=>[39ml([33m![39m[35m0[39m)[33m,[39monBlur[33m:[39m()[33m=>[39ml([33m![39m[35m1[39m)})})}[33m,[39mwp[33m=[39m[33mA[39m[33m.[39mextend({label[33m:[39mr[33m.[39mstring()[33m,[39mdescription[33m:[39mr[33m.[39mstring()[33m.[39moptional()[33m,[39mname[33m:[39mr[33m.[39mstring()[33m.[39m[36mdefault[39m([32m""[39m)[33m,[39mdefaultChecked[33m:[39mr[33m.[39mboolean()[33m.[39moptional()[33m,[39mexploreButton[33m:[39mnr[33m.[39moptional()})[33m,[39m[33mBo[39m[33m=[39mz[33m.[39mextend({component[33m:[39mr[33m.[39mliteral([32m"SwitchItem"[39m)[33m,[39mprops[33m:[39mwp})[33m,[39mxp[33m=[39m[33mA[39m[33m.[39mextend({children[33m:[39mr[33m.[39marray([33mBo[39m)[33m,[39mname[33m:[39mr[33m.[39mstring()[33m.[39m[36mdefault[39m([32m""[39m)[33m,[39mrules[33m:[39mr[33m.[39mobject({required[33m:[39mr[33m.[39mboolean()[33m.[39moptional()})[33m.[39moptional()})[33m,[39m[33mRo[39m[33m=[39mz[33m.[39mextend({component[33m:[39mr[33m.[39mliteral([32m"SwitchGroup"[39m)[33m,[39mprops[33m:[39mxp})[33m,[39mkp[33m=[39m[33mA[39m[33m.[39mextend({placeholder[33m:[39mr[33m.[39mstring()[33m.[39moptional()[33m,[39mrows[33m:[39mr[33m.[39mnumber()[33m.[39moptional()[33m,[39mdefaultValue[33m:[39mr[33m.[39mstring()[33m.[39moptional()[33m,[39mname[33m:[39mr[33m.[39mstring()[33m.[39m[36mdefault[39m([32m""[39m)[33m,[39mrules[33m:[39mr[33m.[39mobject({required[33m:[39mr[33m.[39mboolean()[33m.[39moptional()[33m,[39mminLength[33m:[39mr[33m.[39mnumber()[33m.[39moptional()[33m,[39mmaxLength[33m:[39mr[33m.[39mnumber()[33m.[39moptional()})[33m.[39moptional()})[33m,[39m[33mDo[39m[33m=[39mz[33m.[39mextend({component[33m:[39mr[33m.[39mliteral([32m"TextArea"[39m)[33m,[39mprops[33m:[39mkp})[33m,[39m[33mNp[39m[33m=[39m[33mA[39m[33m.[39mextend({label[33m:[39mr[33m.[39mstring()[33m,[39mvalue[33m:[39mr[33m.[39mstring()[33m.[39m[36mdefault[39m([32m""[39m)[33m,[39mname[33m:[39mr[33m.[39mstring()[33m.[39m[36mdefault[39m([32m"default"[39m)[33m,[39mdefaultChecked[33m:[39mr[33m.[39mboolean()[33m.[39moptional()[33m,[39micon[33m:[39mso[33m.[39moptional()})[33m,[39m[33mCp[39m[33m=[39m[33mA[39m[33m.[39mextend({name[33m:[39mr[33m.[39mstring()[33m.[39m[36mdefault[39m([32m""[39m)[33m,[39mmultiselect[33m:[39mr[33m.[39mboolean()[33m.[39m[36mdefault[39m([33m![39m[35m1[39m)[33m,[39mvariant[33m:[39mr[33m.[39m[36menum[39m([[32m"icon"[39m[33m,[39m[32m"letter"[39m[33m,[39m[32m"number"[39m])[33m,[39mdefaultValue[33m:[39mr[33m.[39mstring()[33m.[39moptional()[33m,[39mrules[33m:[39mr[33m.[39mobject({required[33m:[39mr[33m.[39mboolean()[33m.[39moptional()})[33m.[39moptional()[33m,[39mchildren[33m:[39mr[33m.[39marray([33mNp[39m)})[33m,[39m[33mFo[39m[33m=[39mz[33m.[39mextend({component[33m:[39mr[33m.[39mliteral([32m"TileOptionBlock"[39m)[33m,[39mprops[33m:[39m[33mCp[39m})[33m,[39mjo[33m=[39mq(e[33m=>[39m{[36mconst[39m{label[33m:[39ma[33m,[39mvariant[33m:[39mn[33m,[39mchecked[33m:[39mi[33m,[39mindex[33m:[39mo[33m,[39monChange[33m:[39ms}[33m=[39me[33m,[39ml[33m=[39mn[33m===[39m[32m"icon"[39m[33m?[39m[32m"icon"[39m[33m:[39m[32m"letter"[39m[33m;[39m[36mreturn[39m p([32m"div"[39m[33m,[39m{className[33m:[39m[32m"c1-tile-option-item "[39m[33m+[39m(i[33m?[39m[32m"c1-tile-option-item-selected"[39m[33m:[39m[32m""[39m)[33m,[39monClick[33m:[39ms[33m,[39mrole[33m:[39me[33m.[39mmultiselect[33m?[39m[32m"checkbox"[39m[33m:[39m[32m"radio"[39m[33m,[39m[32m"aria-checked"[39m[33m:[39mi[33m,[39mtabIndex[33m:[39m[35m0[39m[33m,[39monKeyDown[33m:[39md[33m=>[39m{d[33m.[39mkey[33m!==[39m[32m"Enter"[39m[33m&&[39md[33m.[39mkey[33m!==[39m[32m" "[39m[33m||[39m(d[33m.[39mpreventDefault()[33m,[39ms())}[33m,[39mchildren[33m:[39m[p([32m"div"[39m[33m,[39m{className[33m:[39m[32m`c1-tile-option-item-indicator c1-tile-option-item-indicator-${l}`[39m[33m,[39mchildren[33m:[39m[n[33m===[39m[32m"letter"[39m[33m&&[39mt([32m"span"[39m[33m,[39m{className[33m:[39m[32m"c1-tile-option-item-letter"[39m[33m,[39mchildren[33m:[39m(c[33m=[39mo[33m,[39m[33mString[39m[33m.[39mfromCharCode([35m65[39m[33m+[39mc))})[33m,[39mn[33m===[39m[32m"number"[39m[33m&&[39mt([32m"span"[39m[33m,[39m{className[33m:[39m[32m"c1-tile-option-item-letter"[39m[33m,[39mchildren[33m:[39m(d[33m=>[39m(d[33m+[39m[35m1[39m)[33m.[39mtoString())(o)})[33m,[39mn[33m===[39m[32m"icon"[39m[33m&&[39me[33m.[39micon[33m&&[39mt(de[33m,[39m{name[33m:[39me[33m.[39micon[33m.[39mname[33m,[39mcategory[33m:[39me[33m.[39micon[33m.[39mcategory[33m||[39m[32m"core"[39m[33m,[39msize[33m:[39m[35m16[39m})]})[33m,[39mt([32m"div"[39m[33m,[39m{className[33m:[39m[32m"c1-tile-option-item-label"[39m[33m,[39mchildren[33m:[39ma})]})[33m;[39m[36mvar[39m c})[33m;[39mjo[33m.[39mdisplayName[33m=[39m[32m"TileOptionItem"[39m[33m;[39m[36mconst[39m [33mVo[39m[33m=[39mq(e[33m=>[39m{[36mconst[39m{children[33m:[39ma[33m,[39mmultiselect[33m:[39mn[33m=[39m[33m![39m[35m1[39m[33m,[39mvariant[33m:[39mi[33m,[39m[33m...[39mo}[33m=[39me[33m,[39ms[33m=[39m[33mRt[39m()[33m,[39ml[33m=[39m[33mFt[39m()[33m,[39mc[33m=[39m[33mBt[39m()[33m,[39md[33m=[39m((y[33m,[39m_[33m,[39mv)[33m=>[39m[33mN[39m[33m=>[39m{[36mif[39m(v){[36mconst[39m{children[33m:[39mx}[33m=[39my[33m,[39m[33mC[39m[33m=[39m{}[33m;[39m[36mreturn[39m x[33m.[39mforEach(k[33m=>[39m{[36mconst[39m [33mS[39m[33m=[39mk[33m.[39mvalue[33m||[39mk[33m.[39mname[33m;[39m[33mC[39m[[33mS[39m][33m=[39m_([33mN[39m[33m,[39m[33mS[39m)})[33m,[39m[33mC[39m}{[36mconst[39m{name[33m:[39mx}[33m=[39my[33m;[39m[36mreturn[39m _([33mN[39m[33m,[39mx)}})(e[33m,[39mc[33m,[39mn)[33m,[39mm[33m=[39ml[33m==[39m[36mnull[39m[33m?[39m[36mvoid[39m [35m0[39m[33m:[39ml[33m.[39mformName[33m,[39mh[33m=[39mo[33m.[39mname[33m,[39mu[33m=[39mo[33m.[39mdefaultValue[33m,[39mg[33m=[39mn[33m?[39m[36mvoid[39m [35m0[39m[33m:[39mc(m[33m,[39mh)[33m;[39m[33mKe[39m({formName[33m:[39mm[33m,[39mcomponentType[33m:[39m[32m"TileOptionBlock"[39m[33m,[39mname[33m:[39mh[33m,[39mexistingValue[33m:[39mg[33m,[39mdefaultValue[33m:[39mn[33m?[39m[36mvoid[39m [35m0[39m[33m:[39mu})[33m;[39m[36mconst[39m b[33m=[39mn[33m?[39md((l[33m==[39m[36mnull[39m[33m?[39m[36mvoid[39m [35m0[39m[33m:[39ml[33m.[39mformName)[33m||[39m[32m""[39m)[33m:[39mc((l[33m==[39m[36mnull[39m[33m?[39m[36mvoid[39m [35m0[39m[33m:[39ml[33m.[39mformName)[33m||[39m[32m""[39m[33m,[39mo[33m.[39mname)[33m?[39m[33m?[39mo[33m.[39mdefaultValue[33m,[39mf[33m=[39mar()[33m;[39m[36mreturn[39m t([32m"div"[39m[33m,[39m{className[33m:[39m[32m"c1-tile-option-block"[39m[33m,[39mchildren[33m:[39ma[33m==[39m[36mnull[39m[33m?[39m[36mvoid[39m [35m0[39m[33m:[39ma[33m.[39mmap((y[33m,[39m_)[33m=>[39m{[36mconst[39m v[33m=[39my[33m.[39mvalue[33m||[39my[33m.[39mname[33m,[39m[33mN[39m[33m=[39m[32m`${f}-${_}`[39m[33m,[39mx[33m=[39mn[33m?[39m(b[33m==[39m[36mnull[39m[33m?[39m[36mvoid[39m [35m0[39m[33m:[39mb[v])[33m?[39m[33m?[39my[33m.[39mdefaultChecked[33m?[39m[33m?[39m[33m![39m[35m1[39m[33m:[39mb[33m===[39my[33m.[39mvalue[33m;[39m[36mreturn[39m t(jo[33m,[39m{[33m...[39my[33m,[39mchecked[33m:[39mx[33m,[39mindex[33m:[39m_[33m,[39mmultiselect[33m:[39mn[33m,[39mvariant[33m:[39mi[33m,[39monChange[33m:[39mn[33m&&[39mv[33m?[39m()[33m=>[39m{[36mreturn[39m([33mC[39m[33m=[39mv[33m,[39mk[33m=>[39m{[36mif[39m(s(l[33m==[39m[36mnull[39m[33m?[39m[36mvoid[39m [35m0[39m[33m:[39ml[33m.[39mformName[33m,[39m[32m"TileOptionItem"[39m[33m,[39m[33mC[39m[33m,[39mk)[33m,[39m(l[33m==[39m[36mnull[39m[33m?[39m[36mvoid[39m [35m0[39m[33m:[39ml[33m.[39mvalidateField)[33m&&[39mo[33m.[39mrules){[36mconst[39m [33mS[39m[33m=[39m{[33m...[39md(l[33m==[39m[36mnull[39m[33m?[39m[36mvoid[39m [35m0[39m[33m:[39ml[33m.[39mformName)[33m,[39m[[33mC[39m][33m:[39mk}[33m;[39ml[33m.[39mvalidateField(o[33m.[39mname[33m,[39m[33mS[39m[33m,[39mo[33m.[39mrules)}})([33m![39mx)[33m;[39m[36mvar[39m [33mC[39m}[33m:[39m()[33m=>[39m{[36mreturn[39m [33mC[39m[33m=[39my[33m.[39mvalue[33m||[39m[32m""[39m[33m,[39ml[33m!=[39m[36mnull[39m[33m&&[39ml[33m.[39mvalidateField[33m&&[39mo[33m.[39mrules[33m&&[39ml[33m.[39mvalidateField(o[33m.[39mname[33m,[39m[33mC[39m[33m,[39mo[33m.[39mrules)[33m,[39m[36mvoid[39m s(l[33m==[39m[36mnull[39m[33m?[39m[36mvoid[39m [35m0[39m[33m:[39ml[33m.[39mformName[33m,[39m[32m"TileOptionBlock"[39m[33m,[39mo[33m.[39mname[33m,[39m[33mC[39m)[33m;[39m[36mvar[39m [33mC[39m}}[33m,[39m[33mN[39m)})})})[33m;[39m[33mVo[39m[33m.[39mdisplayName[33m=[39m[32m"TileOptionBlockWrapper"[39m[33m;[39m[36mconst[39m [33mHo[39m[33m=[39m[33mA[39m[33m.[39mextend({children[33m:[39mr[33m.[39munion([[33mPo[39m[33m,[39m[33mDo[39m[33m,[39m[33mOo[39m[33m,[39m[33mTo[39m[33m,[39m[33mAo[39m[33m,[39m[33mEo[39m[33m,[39mzo[33m,[39m[33mRo[39m[33m,[39m[33mFo[39m])[33m,[39mlabel[33m:[39mr[33m.[39mstring()[33m.[39m[36mdefault[39m([32m""[39m)[33m,[39mhint[33m:[39mr[33m.[39mstring()[33m.[39moptional()})[33m,[39m[33mSp[39m[33m=[39mz[33m.[39mextend({component[33m:[39mr[33m.[39mliteral([32m"FormControl"[39m)[33m,[39mprops[33m:[39m[33mHo[39m})[33m,[39m[33mTp[39m[33m=[39m[33mA[39m[33m.[39mextend({children[33m:[39mr[33m.[39marray([33mHo[39m)[33m,[39mbuttons[33m:[39m[33mGe[39m[33m.[39moptional()[33m,[39mname[33m:[39mr[33m.[39mstring()[33m.[39m[36mdefault[39m([32m"form"[39m)})[33m,[39mvt[33m=[39mz[33m.[39mextend({component[33m:[39mr[33m.[39mliteral([32m"Form"[39m)[33m,[39mprops[33m:[39m[33mTp[39m})[33m,[39m[33mEp[39m[33m=[39m({src[33m:[39me[33m,[39malt[33m:[39ma[33m,[39mclassName[33m:[39mn[33m,[39mimageLoading[33m:[39mi})[33m=>[39m{[36mconst[39m[o[33m,[39ms][33m=[39m[33mF[39m(i[33m||[39m[33m![39m[35m0[39m)[33m,[39m[l[33m,[39mc][33m=[39m[33mF[39m([33m![39m[35m1[39m)[33m,[39md[33m=[39m[33mD[39m([36mnull[39m)[33m,[39m{breakpoint[33m:[39mm}[33m=[39mnn(d)[33m,[39mh[33m=[39mm[33m===[39m[32m"mobile"[39m[33m;[39m[36mreturn[39m t([33mQ[39m[33m,[39m{children[33m:[39me[33m&&[39mp([32m"div"[39m[33m,[39m{ref[33m:[39md[33m,[39mclassName[33m:[39mfe([32m"c1-image-block-wrapper"[39m[33m,[39m{[32m"c1-image-block-wrapper--mobile"[39m[33m:[39mh[33m,[39m[32m"c1-image-block-wrapper--error"[39m[33m:[39ml}[33m,[39mn)[33m,[39mstyle[33m:[39me[33m&&[39m[33m![39ml[33m?[39m{[32m"--bg-image"[39m[33m:[39m[32m`url(${e})`[39m}[33m:[39m[36mvoid[39m [35m0[39m[33m,[39mchildren[33m:[39m[t([32m"img"[39m[33m,[39m{src[33m:[39me[33m,[39malt[33m:[39ma[33m,[39mclassName[33m:[39mfe([32m"c1-image-block-image"[39m[33m,[39m{[32m"c1-image-block-image--mobile"[39m[33m:[39mh[33m,[39m[32m"c1-image-block-image--error"[39m[33m:[39ml})[33m,[39monLoad[33m:[39m()[33m=>[39m{s([33m![39m[35m1[39m)[33m,[39mc([33m![39m[35m1[39m)}[33m,[39monError[33m:[39m()[33m=>[39m{s([33m![39m[35m1[39m)[33m,[39mc([33m![39m[35m0[39m)}})[33m,[39mo[33m&&[39mt([32m"div"[39m[33m,[39m{className[33m:[39m[32m"c1-image-loader"[39m})]})})}[33m,[39m[33mNr[39m[33m=[39m[36mnew[39m [33mMap[39m[33m,[39m[33mNa[39m[33m=[39m[36mnew[39m [33mMap[39m[33m,[39m[33mRr[39m[33m=[39m[36masync[39m(e[33m,[39ma)[33m=>[39m([33mNr[39m[33m.[39mhas(e)[33m||[39m([33mNa[39m[33m.[39mhas(e)[33m||[39m[33mNa[39m[33m.[39m[36mset[39m(e[33m,[39ma(e)[33m.[39mthen(({url[33m:[39mn[33m,[39mthumbnailUrl[33m:[39mi})[33m=>[39m{[36mconst[39m o[33m=[39m{url[33m:[39mn[33m,[39mthumbnailUrl[33m:[39mi[33m||[39mn}[33m;[39m[36mreturn[39m [33mNr[39m[33m.[39m[36mset[39m(e[33m,[39mo)[33m,[39m[33mNa[39m[33m.[39m[36mdelete[39m(e)[33m,[39mo}))[33m,[39m[36mawait[39m [33mNa[39m[33m.[39m[36mget[39m(e))[33m,[39m[33mNr[39m[33m.[39m[36mget[39m(e))[33m,[39mut[33m=[39mq(e[33m=>[39m{[36mconst[39m a[33m=[39me[33m.[39malt[33m,[39mn[33m=[39me[33m.[39msrc[33m,[39mi[33m=[39mn[33m||[39ma[33m,[39mo[33m=[39me[33m.[39mthumbnailOnly[33m,[39ms[33m=[39me[33m.[39mvariant[33m,[39m{searchImage[33m:[39ml}[33m=[39mxe()[33m;[39m[36mlet[39m c[33m;[39mc[33m=[39mn[33m?[39m[36masync[39m _[33m=>[39m({url[33m:[39m_[33m,[39mthumbnailUrl[33m:[39m[36mvoid[39m [35m0[39m})[33m:[39ml[33m;[39m[36mconst[39m d[33m=[39m$e()[33m,[39m[m[33m,[39mh][33m=[39m[33mF[39m([36mnull[39m)[33m,[39m[u[33m,[39mg][33m=[39m[33mF[39m([33m![39m[35m0[39m)[33m,[39mb[33m=[39m[33mD[39m([36mnull[39m)[33m,[39mf[33m=[39m[33mD[39m([35m0[39m)[33m,[39my[33m=[39m[36masync[39m _[33m=>[39m{[36mif[39m([33m![39m_)[36mreturn[39m[33m;[39m[36mconst[39m{url[33m:[39mv[33m,[39mthumbnailUrl[33m:[39m[33mN[39m}[33m=[39m[36mawait[39m [33mRr[39m(_[33m,[39mc)[33m;[39mh([33mN[39m[33m||[39mv)[33m,[39mo[33m||[39mv[33m===[39m([33mN[39m[33m||[39mv)[33m||[39m[36mawait[39m([36masync[39m x[33m=>[39m{[36mconst[39m [33mC[39m[33m=[39m[36mnew[39m [33mImage[39m[33m;[39m[33mC[39m[33m.[39msrc[33m=[39mx[33m,[39m[33mC[39m[33m.[39monload[33m=[39m()[33m=>[39m{h(x)}})(v)}[33m;[39m[36mreturn[39m [33mV[39m(()[33m=>[39m{c[33m&&[39mi[33m&&[39m[33m![39mm[33m&&[39m(d[33m&&[39mf[33m.[39mcurrent[33m!==[39m[33m-[39m[35m1[39m[33m?[39mb[33m.[39mcurrent[33m!==[39mi[33m?[39m(b[33m.[39mcurrent[33m=[39mi[33m,[39mf[33m.[39mcurrent[33m=[39m[35m1[39m)[33m:[39m(f[33m.[39mcurrent[33m+=[39m[35m1[39m[33m,[39mf[33m.[39mcurrent[33m>=[39m[35m3[39m[33m&&[39m(y(i)[33m,[39mf[33m.[39mcurrent[33m=[39m[33m-[39m[35m1[39m))[33m:[39md[33m||[39my(i))}[33m,[39m[d[33m,[39mi[33m,[39mf[33m.[39mcurrent])[33m,[39mc[33m&&[39m(e[33m.[39malt[33m||[39me[33m.[39msrc)[33m?[39mt([33mQ[39m[33m,[39m{children[33m:[39ms[33m===[39m[32m"ImageBlock"[39m[33m?[39mt([33mQ[39m[33m,[39m{children[33m:[39mm[33m&&[39mt([33mEp[39m[33m,[39m{src[33m:[39mm[33m,[39malt[33m:[39ma[33m,[39mimageLoading[33m:[39mu})})[33m:[39mp([32m"div"[39m[33m,[39m{className[33m:[39m[32m"c1-image-wrapper"[39m[33m,[39mchildren[33m:[39m[m[33m&&[39mt(kc[33m,[39m{src[33m:[39mm[33m,[39malt[33m:[39ma[33m,[39maspectRatio[33m:[39me[33m.[39maspectRatio[33m,[39mclassName[33m:[39m[32m`c1-image ${e.className||""}`[39m[33m,[39mscale[33m:[39m[32m"fill"[39m[33m,[39monLoad[33m:[39m()[33m=>[39m{g([33m![39m[35m1[39m)}})[33m,[39mu[33m&&[39mt([32m"div"[39m[33m,[39m{className[33m:[39m[32m"c1-image-loader"[39m})]})})[33m:[39m[36mnull[39m})[33m,[39m[33mPp[39m[33m=[39m[33mA[39m[33m.[39mextend({src[33m:[39mr[33m.[39mstring()[33m.[39moptional()[33m,[39malt[33m:[39mr[33m.[39mstring()[33m,[39maspectRatio[33m:[39mr[33m.[39mstring()[33m.[39moptional()})[33m,[39m[33mAe[39m[33m=[39mz[33m.[39mextend({component[33m:[39mr[33m.[39mliteral([32m"Image"[39m)[33m,[39mprops[33m:[39m[33mPp[39m})[33m,[39m[33mIp[39m[33m=[39me[33m=>[39m{[36mconst[39m{title[33m:[39ma[33m,[39msubtitle[33m:[39mn[33m,[39mvariant[33m:[39mi[33m,[39miconName[33m:[39mo[33m,[39miconCategory[33m:[39ms[33m,[39mimage[33m:[39ml[33m,[39mindex[33m:[39mc[33m=[39m[35m0[39m[33m,[39mlistHasSubtitle[33m:[39md[33m,[39mitemAction[33m:[39mm}[33m=[39me[33m,[39mh[33m=[39m[33mDt[39m()[33m,[39mu[33m=[39mm[33m==[39m[36mnull[39m[33m?[39m[36mvoid[39m [35m0[39m[33m:[39mm[33m.[39mlabel[33m,[39mg[33m=[39mm[33m==[39m[36mnull[39m[33m?[39m[36mvoid[39m [35m0[39m[33m:[39mm[33m.[39micon[33m,[39mb[33m=[39m[33m![39m[33m![39m(m[33m!=[39m[36mnull[39m[33m&&[39mm[33m.[39maction)[33m;[39m[36mreturn[39m t([32m"div"[39m[33m,[39m{className[33m:[39mfe([32m"c1-list-item-wrapper"[39m[33m,[39mb[33m&&[39m[32m"c1-list-item-wrapper-with-action"[39m)[33m,[39mchildren[33m:[39mp([32m"div"[39m[33m,[39m{className[33m:[39mfe([32m"c1-list-item"[39m[33m,[39mb[33m&&[39m[32m"c1-list-item-clickable"[39m)[33m,[39monClick[33m:[39mb[33m?[39m()[33m=>[39m{m[33m!=[39m[36mnull[39m[33m&&[39mm[33m.[39maction[33m&&[39mh[33m&&[39mh(a[33m,[39m[32m"User clicked on ListItem: "[39m[33m+[39ma[33m,[39m[36mvoid[39m [35m0[39m[33m,[39m{type[33m:[39mm[33m.[39maction[33m.[39mtype[33m,[39mparams[33m:[39mm[33m.[39maction[33m.[39mprops[33m?[39m[33m?[39m{}})}[33m:[39m[36mvoid[39m [35m0[39m[33m,[39mrole[33m:[39mb[33m?[39m[32m"button"[39m[33m:[39m[36mvoid[39m [35m0[39m[33m,[39mtabIndex[33m:[39mb[33m?[39m[35m0[39m[33m:[39m[36mvoid[39m [35m0[39m[33m,[39mchildren[33m:[39m[p([32m"div"[39m[33m,[39m{className[33m:[39mfe([32m"c1-list-item-indicator"[39m[33m,[39m[33m![39md[33m&&[39m[32m"c1-list-item-indicator-no-subtitle"[39m[33m,[39mb[33m&&[39m[32m"c1-list-item-indicator-clickable"[39m)[33m,[39mchildren[33m:[39m[i[33m===[39m[32m"number"[39m[33m&&[39mt([32m"div"[39m[33m,[39m{className[33m:[39m[32m"c1-list-item-indicator-number"[39m[33m,[39mchildren[33m:[39mc[33m+[39m[35m1[39m})[33m,[39mi[33m===[39m[32m"icon"[39m[33m&&[39mo[33m&&[39mt(de[33m,[39m{name[33m:[39mo[33m,[39mcategory[33m:[39ms[33m,[39msize[33m:[39m[35m16[39m})[33m,[39mi[33m===[39m[32m"image"[39m[33m&&[39ml[33m&&[39m(l[33m.[39msrc[33m||[39ml[33m.[39malt)[33m&&[39mt([32m"div"[39m[33m,[39m{className[33m:[39m[32m"c1-list-item-indicator-image"[39m[33m,[39mchildren[33m:[39mt(ut[33m,[39m{alt[33m:[39ml[33m.[39malt[33m,[39msrc[33m:[39ml[33m.[39msrc[33m,[39maspectRatio[33m:[39m[32m"1:1"[39m[33m,[39mthumbnailOnly[33m:[39m[33m![39m[35m0[39m[33m,[39mwidth[33m:[39m[35m40[39m[33m,[39mheight[33m:[39m[35m40[39m})})]})[33m,[39mp([32m"div"[39m[33m,[39m{className[33m:[39m[32m"c1-list-item-content-wrapper"[39m[33m,[39mchildren[33m:[39m[p([32m"div"[39m[33m,[39m{className[33m:[39m[32m"c1-list-item-content"[39m[33m,[39mchildren[33m:[39m[t([32m"div"[39m[33m,[39m{className[33m:[39m[32m"c1-list-item-title"[39m[33m,[39mchildren[33m:[39mt([33mEe[39m[33m,[39m{content[33m:[39ma})})[33m,[39mn[33m&&[39mt([32m"div"[39m[33m,[39m{className[33m:[39m[32m"c1-list-item-subtitle"[39m[33m,[39mchildren[33m:[39mt([33mEe[39m[33m,[39m{content[33m:[39mn})})]})[33m,[39mb[33m&&[39mp([32m"div"[39m[33m,[39m{className[33m:[39m[32m"c1-list-item-action-button"[39m[33m,[39mchildren[33m:[39m[u[33m&&[39mt([32m"div"[39m[33m,[39m{className[33m:[39m[32m"c1-list-item-action-label"[39m[33m,[39mchildren[33m:[39mu})[33m,[39mg[33m&&[39mt([32m"div"[39m[33m,[39m{className[33m:[39m[32m"c1-list-item-action-icon"[39m[33m,[39mchildren[33m:[39mt(de[33m,[39m{name[33m:[39mg[33m.[39mprops[33m.[39mname[33m,[39mcategory[33m:[39mg[33m.[39mprops[33m.[39mcategory[33m,[39msize[33m:[39m[35m16[39m})})]})]})]})})}[33m,[39m[33mAp[39m[33m=[39mr[33m.[39mobject({action[33m:[39mha[33m,[39mlabel[33m:[39mr[33m.[39mstring()[33m.[39moptional()[33m,[39micon[33m:[39mke[33m.[39moptional()})[33m,[39m[33mUo[39m[33m=[39m[33mA[39m[33m.[39mextend({title[33m:[39mr[33m.[39mstring()[33m,[39msubtitle[33m:[39mr[33m.[39mstring()[33m.[39moptional()[33m,[39miconName[33m:[39mr[33m.[39mstring()[33m.[39moptional()[33m,[39miconCategory[33m:[39mr[33m.[39mstring()[33m.[39moptional()[33m,[39mimage[33m:[39mr[33m.[39mobject({src[33m:[39mr[33m.[39mstring()[33m.[39moptional()[33m,[39malt[33m:[39mr[33m.[39mstring()})[33m.[39moptional()[33m,[39mitemAction[33m:[39m[33mAp[39m[33m.[39moptional()})[33m;[39mz[33m.[39mextend({component[33m:[39mr[33m.[39mliteral([32m"ListItem"[39m)[33m,[39mprops[33m:[39m[33mUo[39m})[33m;[39m[36mconst[39m [33mLp[39m[33m=[39m[33mA[39m[33m.[39mextend({heading[33m:[39mr[33m.[39mstring()[33m.[39moptional()[33m,[39mdescription[33m:[39mr[33m.[39mstring()[33m.[39moptional()[33m,[39mvariant[33m:[39mr[33m.[39m[36menum[39m([[32m"icon"[39m[33m,[39m[32m"image"[39m[33m,[39m[32m"number"[39m])[33m.[39m[36mdefault[39m([32m"number"[39m)[33m,[39mitems[33m:[39mr[33m.[39marray([33mUo[39m)})[33m,[39m[33mVt[39m[33m=[39mz[33m.[39mextend({component[33m:[39mr[33m.[39mliteral([32m"List"[39m)[33m,[39mprops[33m:[39m[33mLp[39m})[33m,[39m[33mMp[39m[33m=[39mq(e[33m=>[39m{[36mconst[39m{items[33m:[39ma[33m,[39m[33m...[39mn}[33m=[39me[33m,[39mi[33m=[39m[33mDt[39m()[33m;[39m[36mreturn[39m t([33mNc[39m[33m,[39m{[33m...[39mn[33m,[39mchildren[33m:[39ma[33m.[39mmap((o[33m,[39ms)[33m=>[39m{[36mvar[39m g[33m,[39mb[33m;[39m[36mconst[39m{imageAlt[33m:[39ml[33m,[39mimageSrc[33m:[39mc[33m,[39mtitle[33m:[39md[33m,[39msubtitle[33m:[39mm}[33m=[39mo[33m,[39mh[33m=[39mc[33m||[39ml[33m?[39mt(ut[33m,[39m{alt[33m:[39ml[33m,[39msrc[33m:[39mc[33m,[39maspectRatio[33m:[39m[32m"1:1"[39m[33m,[39mthumbnailOnly[33m:[39m[33m![39m[35m0[39m})[33m:[39m[36mvoid[39m [35m0[39m[33m,[39mu[33m=[39m(b[33m=[39m(g[33m=[39mo[33m.[39mdecorativeIcon)[33m==[39m[36mnull[39m[33m?[39m[36mvoid[39m [35m0[39m[33m:[39mg[33m.[39mprops)[33m!=[39m[36mnull[39m[33m&&[39mb[33m.[39mname[33m?[39mt(de[33m,[39m{name[33m:[39mo[33m.[39mdecorativeIcon[33m.[39mprops[33m.[39mname})[33m:[39m[36mvoid[39m [35m0[39m[33m;[39m[36mreturn[39m p([32m"div"[39m[33m,[39m{className[33m:[39m[32m"crayon-list-item c1-list-item"[39m[33m,[39monClick[33m:[39m()[33m=>[39m{i[33m&&[39mi(d[33m,[39m[32m"User clicked on ListItem: "[39m[33m+[39md[33m,[39m[36mvoid[39m [35m0[39m)}[33m,[39mchildren[33m:[39m[h[33m&&[39mt([32m"div"[39m[33m,[39m{className[33m:[39m[32m"c1-list-item-image-wrapper"[39m[33m,[39mchildren[33m:[39mh})[33m,[39mp([32m"div"[39m[33m,[39m{className[33m:[39m[32m"crayon-list-item-content"[39m[33m,[39mchildren[33m:[39m[u[33m&&[39mu[33m,[39md[33m&&[39mt([32m"div"[39m[33m,[39m{className[33m:[39m[32m"crayon-list-item-title"[39m[33m,[39mchildren[33m:[39md})[33m,[39mm[33m&&[39mt([32m"div"[39m[33m,[39m{className[33m:[39m[32m"crayon-list-item-subtitle"[39m[33m,[39mchildren[33m:[39mm})]})]}[33m,[39m[32m`list-item-${s}`[39m)})})})[33m,[39m$p[33m=[39m[33mA[39m[33m.[39mextend({decorativeIcon[33m:[39mke[33m.[39moptional()[33m,[39mtitle[33m:[39mr[33m.[39mstring()[33m,[39msubtitle[33m:[39mr[33m.[39mstring()[33m.[39moptional()[33m,[39mimage[33m:[39m[33mAe[39m[33m.[39moptional()})[33m,[39m[33mOp[39m[33m=[39mz[33m.[39mextend({component[33m:[39mr[33m.[39mliteral([32m"ListItem"[39m)[33m,[39mprops[33m:[39m$p})[33m,[39mzp[33m=[39m[33mA[39m[33m.[39mextend({items[33m:[39mr[33m.[39marray(r[33m.[39mobject({decorativeIcon[33m:[39mke[33m.[39moptional()[33m,[39mimageAlt[33m:[39mr[33m.[39mstring()[33m.[39moptional()[33m,[39mimageSrc[33m:[39mr[33m.[39mstring()[33m.[39moptional()[33m,[39mtitle[33m:[39mr[33m.[39mstring()[33m.[39m[36mdefault[39m([32m""[39m)[33m,[39msubtitle[33m:[39mr[33m.[39mstring()[33m.[39moptional()}))})[33m,[39m[33mHt[39m[33m=[39mz[33m.[39mextend({component[33m:[39mr[33m.[39mliteral([32m"ListBlock"[39m)[33m,[39mprops[33m:[39mzp})[33m,[39mqo[33m=[39m[33mA[39m[33m.[39mextend({text[33m:[39mr[33m.[39mstring()[33m.[39m[36mdefault[39m([32m""[39m)[33m,[39miconName[33m:[39mr[33m.[39mstring()[33m.[39moptional()[33m,[39miconCategory[33m:[39mr[33m.[39mstring()[33m.[39moptional()[33m,[39mvariant[33m:[39mr[33m.[39m[36menum[39m([[32m"neutral"[39m[33m,[39m[32m"info"[39m[33m,[39m[32m"success"[39m[33m,[39m[32m"warning"[39m[33m,[39m[32m"danger"[39m])[33m.[39m[36mdefault[39m([32m"neutral"[39m)})[33m,[39m[33mWo[39m[33m=[39mz[33m.[39mextend({component[33m:[39mr[33m.[39mliteral([32m"Tag"[39m)[33m,[39mprops[33m:[39mqo})[33m,[39m[33mBp[39m[33m=[39m[33mA[39m[33m.[39mextend({children[33m:[39mr[33m.[39marray(qo)})[33m,[39mpt[33m=[39mz[33m.[39mextend({component[33m:[39mr[33m.[39mliteral([32m"TagBlock"[39m)[33m,[39mprops[33m:[39m[33mBp[39m})[33m,[39m[33mKo[39m[33m=[39mq(e[33m=>[39m{[36mconst[39m{children[33m:[39ma[33m,[39msize[33m:[39mn[33m,[39m[33m...[39mi}[33m=[39me[33m;[39m[36mreturn[39m t([33mXa[39m[33m,[39m{[33m...[39mi[33m,[39mchildren[33m:[39ma[33m.[39mmap((o[33m,[39ms)[33m=>[39mt(bt[33m,[39m{text[33m:[39mo[33m.[39mtext[33m,[39micon[33m:[39mo[33m.[39miconName[33m?[39mt(de[33m,[39m{name[33m:[39mo[33m.[39miconName[33m,[39mcategory[33m:[39mo[33m.[39miconCategory})[33m:[39m[36mvoid[39m [35m0[39m[33m,[39msize[33m:[39mn[33m,[39mvariant[33m:[39mo[33m.[39mvariant}[33m,[39m[32m`tag-${s}`[39m))})})[33m,[39m[33mRp[39m[33m=[39m[33mA[39m[33m.[39mextend({children[33m:[39mr[33m.[39mstring()[33m.[39m[36mdefault[39m([32m""[39m)[33m,[39micon[33m:[39mke[33m.[39moptional()[33m,[39mtype[33m:[39mr[33m.[39m[36menum[39m([[32m"string"[39m[33m,[39m[32m"number"[39m[33m,[39m[32m"action"[39m])[33m.[39m[36mdefault[39m([32m"string"[39m)})[33m,[39m[33mXo[39m[33m=[39m[33mA[39m[33m.[39mextend({rows[33m:[39mr[33m.[39marray([33mRp[39m)})[33m;[39mz[33m.[39mextend({component[33m:[39mr[33m.[39mliteral([32m"TableHeader"[39m)[33m,[39mprops[33m:[39m[33mXo[39m})[33m;[39m[36mconst[39m [33mDp[39m[33m=[39mr[33m.[39mobject({label[33m:[39mr[33m.[39mstring()[33m,[39mleftIcon[33m:[39mke[33m.[39moptional()[33m,[39mrightIcon[33m:[39mke[33m.[39moptional()[33m,[39maction[33m:[39mha})[33m,[39m[33mFp[39m[33m=[39mr[33m.[39marray([33mDp[39m)[33m,[39mjp[33m=[39mr[33m.[39munion([r[33m.[39mstring()[33m.[39m[36mdefault[39m([32m""[39m)[33m,[39mpt[33m,[39m[33mFp[39m])[33m,[39m[33mVp[39m[33m=[39m[33mA[39m[33m.[39mextend({children[33m:[39mr[33m.[39marray(jp)})[33m,[39m[33mZo[39m[33m=[39m[33mA[39m[33m.[39mextend({rows[33m:[39mr[33m.[39marray([33mVp[39m)})[33m;[39mz[33m.[39mextend({component[33m:[39mr[33m.[39mliteral([32m"TableBody"[39m)[33m,[39mprops[33m:[39m[33mZo[39m})[33m;[39m[36mconst[39m [33mHp[39m[33m=[39m[33mA[39m[33m.[39mextend({tableHeader[33m:[39m[33mXo[39m[33m,[39mtableBody[33m:[39m[33mZo[39m})[33m,[39mua[33m=[39mz[33m.[39mextend({component[33m:[39mr[33m.[39mliteral([32m"Table"[39m)[33m,[39mprops[33m:[39m[33mHp[39m})[33m,[39m[33mUp[39m[33m=[39m[33mA[39m[33m.[39mextend({header[33m:[39mbe[33m.[39moptional()[33m,[39mvariant[33m:[39mr[33m.[39m[36menum[39m([[32m"clear"[39m[33m,[39m[32m"card"[39m[33m,[39m[32m"sunk"[39m])[33m.[39moptional()[33m,[39mtextMarkdown[33m:[39mr[33m.[39mstring()[33m.[39m[36mdefault[39m([32m""[39m)})[33m,[39m[33mDe[39m[33m=[39mz[33m.[39mextend({component[33m:[39mr[33m.[39mliteral([32m"TextContent"[39m)[33m,[39mprops[33m:[39m[33mUp[39m})[33m,[39mqp[33m=[39m[33mA[39m[33m.[39mextend({value[33m:[39mr[33m.[39mstring()[33m,[39mtrigger[33m:[39mr[33m.[39mobject({text[33m:[39mr[33m.[39mstring()[33m,[39micon[33m:[39mke[33m.[39moptional()})[33m,[39mcontent[33m:[39mr[33m.[39marray(r[33m.[39munion([[33mGe[39m[33m,[39m[33mDe[39m[33m,[39mjt[33m,[39mvt[33m,[39m[33mVt[39m[33m,[39mpt[33m,[39m[33mAe[39m[33m,[39mua[33m,[39m[33mYa[39m[33m,[39m[33mGa[39m[33m,[39m[33mJa[39m[33m,[39mtr[33m,[39mer[33m,[39m[33mQa[39m[33m,[39m[33mHt[39m]))[33m.[39moptional()})[33m,[39m[33mWp[39m[33m=[39m[33mA[39m[33m.[39mextend({header[33m:[39mbe[33m.[39moptional()[33m,[39mchildren[33m:[39mr[33m.[39marray(qp)})[33m,[39mir[33m=[39mz[33m.[39mextend({component[33m:[39mr[33m.[39mliteral([32m"Accordion"[39m)[33m,[39mprops[33m:[39m[33mWp[39m})[33m,[39m[33mKp[39m[33m=[39m[33mA[39m[33m.[39mextend({variant[33m:[39mr[33m.[39m[36menum[39m([[32m"neutral"[39m[33m,[39m[32m"info"[39m[33m,[39m[32m"warning"[39m[33m,[39m[32m"success"[39m])[33m.[39m[36mdefault[39m([32m"neutral"[39m)[33m,[39mtitle[33m:[39mr[33m.[39mstring()[33m.[39m[36mdefault[39m([32m""[39m)[33m,[39mdescription[33m:[39mr[33m.[39mstring()[33m.[39m[36mdefault[39m([32m""[39m)})[33m,[39mdn[33m=[39mz[33m.[39mextend({component[33m:[39mr[33m.[39mliteral([32m"Callout"[39m)[33m,[39mprops[33m:[39m[33mKp[39m})[33m,[39m[33mXp[39m[33m=[39mq(e[33m=>[39m{[36mconst[39m{title[33m:[39ma[33m,[39msourceName[33m:[39mn[33m,[39monClick[33m:[39mi[33m,[39mfaviconUrl[33m:[39mo[33m,[39murl[33m:[39ms[33m,[39msourceId[33m:[39ml}[33m=[39me[33m,[39mc[33m=[39ms[33m&&[39ms[33m.[39mtrim()[33m!==[39m[32m""[39m[33m;[39m[36mreturn[39m p([32m"button"[39m[33m,[39m{className[33m:[39m[33mT[39m([32m"c1-condensed-source-item"[39m[33m,[39m{[32m"c1-condensed-source-item--has-url"[39m[33m:[39mc})[33m,[39monClick[33m:[39m()[33m=>[39m{rn(s)[33m,[39mi[33m==[39m[36mnull[39m[33m||[39mi()}[33m,[39mtype[33m:[39m[32m"button"[39m[33m,[39m[32m"aria-label"[39m[33m:[39m[32m`Open source ${l??""}`[39m[33m.[39mtrim()[33m,[39m[32m"data-source-id"[39m[33m:[39ml[33m,[39mchildren[33m:[39m[t([32m"div"[39m[33m,[39m{className[33m:[39m[32m"c1-condensed-source-item__logo"[39m[33m,[39mchildren[33m:[39mt(sn[33m,[39m{url[33m:[39mo[33m,[39malt[33m:[39mn[33m,[39mwidth[33m:[39m[35m24[39m[33m,[39mheight[33m:[39m[35m24[39m})})[33m,[39mp([32m"div"[39m[33m,[39m{className[33m:[39m[32m"c1-condensed-source-item__content"[39m[33m,[39mchildren[33m:[39m[l[33m!==[39m[36mvoid[39m [35m0[39m[33m&&[39mt([32m"span"[39m[33m,[39m{className[33m:[39m[32m"c1-source-id-badge"[39m[33m,[39m[32m"aria-hidden"[39m[33m:[39m[32m"true"[39m[33m,[39mchildren[33m:[39ml})[33m,[39mp([32m"div"[39m[33m,[39m{className[33m:[39m[32m"c1-condensed-source-item__text"[39m[33m,[39mchildren[33m:[39m[t([32m"div"[39m[33m,[39m{className[33m:[39m[32m"c1-condensed-source-item__title"[39m[33m,[39mchildren[33m:[39ma})[33m,[39mt([32m"div"[39m[33m,[39m{className[33m:[39m[32m"c1-condensed-source-item__source"[39m[33m,[39mchildren[33m:[39mn})]})]})]})})[33m,[39m[33mZp[39m[33m=[39mq(e[33m=>[39m{[36mconst[39m{title[33m:[39ma[33m,[39msourceName[33m:[39mn[33m,[39monClick[33m:[39mi[33m,[39mfaviconUrl[33m:[39mo[33m,[39murl[33m:[39ms[33m,[39msourceId[33m:[39ml}[33m=[39me[33m,[39mc[33m=[39m()[33m=>[39m{rn(s)[33m,[39mi[33m==[39m[36mnull[39m[33m||[39mi()}[33m,[39md[33m=[39ms[33m&&[39ms[33m.[39mtrim()[33m!==[39m[32m""[39m[33m;[39m[36mreturn[39m p([32m"div"[39m[33m,[39m{className[33m:[39m[33mT[39m([32m"c1-listed-source-item"[39m[33m,[39m{[32m"c1-listed-source-item--has-url"[39m[33m:[39md})[33m,[39monClick[33m:[39mc[33m,[39mrole[33m:[39m[32m"button"[39m[33m,[39mtabIndex[33m:[39m[35m0[39m[33m,[39m[32m"data-source-id"[39m[33m:[39ml[33m,[39monKeyDown[33m:[39mm[33m=>[39m{m[33m.[39mkey[33m!==[39m[32m"Enter"[39m[33m&&[39mm[33m.[39mkey[33m!==[39m[32m" "[39m[33m||[39m(m[33m.[39mpreventDefault()[33m,[39mc())}[33m,[39mchildren[33m:[39m[p([32m"div"[39m[33m,[39m{className[33m:[39m[32m"c1-listed-source-item__header"[39m[33m,[39mchildren[33m:[39m[t([32m"div"[39m[33m,[39m{className[33m:[39m[32m"c1-listed-source-item__logo"[39m[33m,[39mchildren[33m:[39mt(sn[33m,[39m{url[33m:[39mo[33m,[39malt[33m:[39mn[33m,[39mwidth[33m:[39m[35m20[39m[33m,[39mheight[33m:[39m[35m20[39m})})[33m,[39mt([32m"span"[39m[33m,[39m{className[33m:[39m[32m"c1-listed-source-item__source-name"[39m[33m,[39mchildren[33m:[39mn})]})[33m,[39mt([32m"div"[39m[33m,[39m{className[33m:[39m[32m"c1-listed-source-item__title"[39m[33m,[39mchildren[33m:[39ma})]})})[33m,[39m[33mYp[39m[33m=[39mq(e[33m=>[39m{[36mconst[39m{sources[33m:[39ma}[33m=[39me[33m,[39m{portalThemeClassName[33m:[39mn}[33m=[39m[33mCe[39m()[33m,[39mi[33m=[39m[33mD[39m([36mnull[39m)[33m,[39m{isOpen[33m:[39mo[33m,[39mhandleMouseEnter[33m:[39ms[33m,[39mhandleMouseLeave[33m:[39ml[33m,[39mhandleTriggerClick[33m:[39mc[33m,[39mhandleContentClick[33m:[39md[33m,[39mcloseTooltip[33m:[39mm}[33m=[39mon()[33m;[39m[36mreturn[39m t([32m"div"[39m[33m,[39m{className[33m:[39m[32m"c1-condensed-sources-container"[39m[33m,[39mchildren[33m:[39mt(he[33m.[39m[33mProvider[39m[33m,[39m{children[33m:[39mp(he[33m.[39m[33mRoot[39m[33m,[39m{open[33m:[39mo[33m,[39mchildren[33m:[39m[t(he[33m.[39m[33mTrigger[39m[33m,[39m{asChild[33m:[39m[33m![39m[35m0[39m[33m,[39mchildren[33m:[39mp([32m"button"[39m[33m,[39m{ref[33m:[39mi[33m,[39mtype[33m:[39m[32m"button"[39m[33m,[39mclassName[33m:[39m[33mT[39m([32m"c1-condensed-sources-button"[39m[33m,[39mo[33m&&[39m[32m"c1-condensed-sources-button--is-open"[39m)[33m,[39m[32m"aria-label"[39m[33m:[39m[32m"Sources"[39m[33m,[39monClick[33m:[39mc[33m,[39monMouseEnter[33m:[39ms[33m,[39monMouseLeave[33m:[39ml[33m,[39mchildren[33m:[39m[[32m"Sources"[39m[33m,[39mt([32m"span"[39m[33m,[39m{className[33m:[39m[32m"c1-condensed-sources-item__count"[39m[33m,[39mchildren[33m:[39ma[33m.[39mlength})]})})[33m,[39mt(he[33m.[39m[33mPortal[39m[33m,[39m{children[33m:[39mt(he[33m.[39m[33mContent[39m[33m,[39m{side[33m:[39m[32m"bottom"[39m[33m,[39malign[33m:[39m[32m"start"[39m[33m,[39msideOffset[33m:[39m[35m4[39m[33m,[39malignOffset[33m:[39m[33m-[39m[35m8[39m[33m,[39mclassName[33m:[39m[33mT[39m([32m"c1-condensed-sources-tooltip"[39m[33m,[39mn)[33m,[39monMouseEnter[33m:[39ms[33m,[39monMouseLeave[33m:[39ml[33m,[39monClick[33m:[39md[33m,[39monPointerDownOutside[33m:[39mh[33m=>[39m{[36mvar[39m u[33m;[39m(u[33m=[39mi[33m.[39mcurrent)[33m!=[39m[36mnull[39m[33m&&[39mu[33m.[39mcontains(h[33m.[39mtarget)[33m||[39mm()}[33m,[39mchildren[33m:[39mt([32m"div"[39m[33m,[39m{className[33m:[39m[32m"c1-condensed-sources-tooltip__content"[39m[33m,[39mchildren[33m:[39ma[33m.[39mmap((h[33m,[39mu)[33m=>[39m{[36mconst[39m{key[33m:[39mg[33m,[39m[33m...[39mb}[33m=[39mh[33m;[39m[36mreturn[39m t([33mXp[39m[33m,[39m{[33m...[39mb[33m,[39msourceId[33m:[39mu[33m,[39monClick[33m:[39mm}[33m,[39mh[33m.[39murl[33m?[39m[33m?[39mu)})})})})]})})})})[33m;[39mq(e[33m=>[39m{[36mconst[39m{sources[33m:[39ma}[33m=[39me[33m;[39m[36mreturn[39m a[33m&&[39ma[33m.[39mlength[33m!==[39m[35m0[39m[33m?[39mt([33mYp[39m[33m,[39m{[33m...[39me})[33m:[39m[36mnull[39m})[33m;[39m[36mconst[39m [33mGp[39m[33m=[39mq(e[33m=>[39m{[36mconst[39m{sources[33m:[39ma}[33m=[39me[33m,[39mn[33m=[39m[33mD[39m([36mnull[39m)[33m,[39m[i[33m,[39mo][33m=[39m[33mF[39m({left[33m:[39m[33m![39m[35m1[39m[33m,[39mright[33m:[39m[33m![39m[35m1[39m})[33m,[39ms[33m=[39m$(d[33m=>[39m{o(m[33m=>[39m({[33m...[39mm[33m,[39mleft[33m:[39md}))}[33m,[39m[])[33m,[39ml[33m=[39m$(d[33m=>[39m{o(m[33m=>[39m({[33m...[39mm[33m,[39mright[33m:[39md}))}[33m,[39m[])[33m;[39m[36mif[39m([33m![39ma[33m.[39mlength)[36mreturn[39m [36mnull[39m[33m;[39m[36mconst[39m c[33m=[39mi[33m.[39mleft[33m||[39mi[33m.[39mright[33m;[39m[36mreturn[39m p([32m"div"[39m[33m,[39m{className[33m:[39m[32m"c1-listed-sources"[39m[33m,[39mchildren[33m:[39m[p([32m"div"[39m[33m,[39m{className[33m:[39m[32m"c1-listed-sources-header"[39m[33m,[39mchildren[33m:[39m[t([32m"span"[39m[33m,[39m{className[33m:[39m[32m"c1-listed-sources-header__title"[39m[33m,[39mchildren[33m:[39m[32m"Sources"[39m})[33m,[39mc[33m&&[39mp([32m"div"[39m[33m,[39m{className[33m:[39m[32m"c1-listed-sources-header__buttons"[39m[33m,[39mchildren[33m:[39m[t(ie[33m,[39m{variant[33m:[39m[32m"secondary"[39m[33m,[39msize[33m:[39m[32m"small"[39m[33m,[39monClick[33m:[39m()[33m=>[39m{[36mvar[39m d[33m;[39m[36mreturn[39m(d[33m=[39mn[33m.[39mcurrent)[33m==[39m[36mnull[39m[33m?[39m[36mvoid[39m [35m0[39m[33m:[39md[33m.[39mscroll([32m"left"[39m)}[33m,[39mdisabled[33m:[39m[33m![39mi[33m.[39mleft[33m,[39micon[33m:[39mt(la[33m,[39m{})})[33m,[39mt(ie[33m,[39m{variant[33m:[39m[32m"secondary"[39m[33m,[39msize[33m:[39m[32m"small"[39m[33m,[39monClick[33m:[39m()[33m=>[39m{[36mvar[39m d[33m;[39m[36mreturn[39m(d[33m=[39mn[33m.[39mcurrent)[33m==[39m[36mnull[39m[33m?[39m[36mvoid[39m [35m0[39m[33m:[39md[33m.[39mscroll([32m"right"[39m)}[33m,[39mdisabled[33m:[39m[33m![39mi[33m.[39mright[33m,[39micon[33m:[39mt([33mAt[39m[33m,[39m{})})]})]})[33m,[39mt([33mXr[39m[33m,[39m{variant[33m:[39m[32m"sunk"[39m[33m,[39mref[33m:[39mn[33m,[39mshowButtons[33m:[39m[33m![39m[35m1[39m[33m,[39monScrollLeftEnabled[33m:[39ms[33m,[39monScrollRightEnabled[33m:[39ml[33m,[39mchildren[33m:[39mt([33mZr[39m[33m,[39m{children[33m:[39ma[33m.[39mmap((d[33m,[39mm)[33m=>[39m{[36mconst[39m{key[33m:[39mh[33m,[39m[33m...[39mu}[33m=[39md[33m;[39m[36mreturn[39m t([33mYr[39m[33m,[39m{className[33m:[39m[33mT[39m([32m"c1-listed-sources-item-container"[39m[33m,[39m{[32m"c1-listed-sources-item-container--has-url"[39m[33m:[39md[33m.[39murl})[33m,[39mchildren[33m:[39mt([33mZp[39m[33m,[39m{[33m...[39mu[33m,[39msourceId[33m:[39mm})}[33m,[39md[33m.[39murl[33m?[39m[33m?[39mm)})})})]})})[33m,[39m[33mJp[39m[33m=[39mq(()[33m=>[39m{[36mconst[39m e[33m=[39mco()[33m;[39m[36mreturn[39m e[33m.[39mlength[33m?[39mt([33mGp[39m[33m,[39m{sources[33m:[39me})[33m:[39m[36mnull[39m})[33m,[39m[33mQp[39m[33m=[39m{[33mImage[39m[33m:[39m{variant[33m:[39m[32m"ImageBlock"[39m}}[33m,[39meh[33m=[39m[33mA[39m[33m.[39mextend({variant[33m:[39mr[33m.[39m[36menum[39m([[32m"neutral"[39m[33m,[39m[32m"danger"[39m[33m,[39m[32m"info"[39m[33m,[39m[32m"warning"[39m[33m,[39m[32m"success"[39m])[33m.[39m[36mdefault[39m([32m"neutral"[39m)[33m,[39mtitle[33m:[39mr[33m.[39mstring()[33m.[39m[36mdefault[39m([32m""[39m)[33m,[39mdescription[33m:[39mr[33m.[39mstring()[33m.[39m[36mdefault[39m([32m""[39m)})[33m,[39mor[33m=[39mz[33m.[39mextend({component[33m:[39mr[33m.[39mliteral([32m"CalloutV2"[39m)[33m,[39mprops[33m:[39meh})[33m,[39m[33mYo[39m[33m=[39m[33mA[39m[33m.[39mextend({title[33m:[39mr[33m.[39mstring()[33m,[39msubtitle[33m:[39mr[33m.[39mstring()[33m.[39moptional()[33m,[39mactions[33m:[39mr[33m.[39marray(r[33m.[39munion([[33mLt[39m[33m,[39man]))[33m.[39moptional()})[33m,[39mwt[33m=[39mz[33m.[39mextend({component[33m:[39mr[33m.[39mliteral([32m"CardHeader"[39m)[33m,[39mprops[33m:[39m[33mYo[39m})[33m,[39mmn[33m=[39mz[33m.[39mextend({component[33m:[39mr[33m.[39mliteral([32m"Header"[39m)[33m,[39mprops[33m:[39m[33mYo[39m})[33m,[39mth[33m=[39m{[35m100[39m[33m:[39m[32m"💯"[39m[33m,[39m[35m1234[39m[33m:[39m[32m"🔢"[39m[33m,[39mgrinning[33m:[39m[32m"😀"[39m[33m,[39mgrimacing[33m:[39m[32m"😬"[39m[33m,[39mgrin[33m:[39m[32m"😁"[39m[33m,[39mjoy[33m:[39m[32m"😂"[39m[33m,[39mrofl[33m:[39m[32m"🤣"[39m[33m,[39mpartying[33m:[39m[32m"🥳"[39m[33m,[39msmiley[33m:[39m[32m"😃"[39m[33m,[39msmile[33m:[39m[32m"😄"[39m[33m,[39msweat_smile[33m:[39m[32m"😅"[39m[33m,[39mlaughing[33m:[39m[32m"😆"[39m[33m,[39minnocent[33m:[39m[32m"😇"[39m[33m,[39mwink[33m:[39m[32m"😉"[39m[33m,[39mblush[33m:[39m[32m"😊"[39m[33m,[39mslightly_smiling_face[33m:[39m[32m"🙂"[39m[33m,[39mupside_down_face[33m:[39m[32m"🙃"[39m[33m,[39mrelaxed[33m:[39m[32m"☺️"[39m[33m,[39myum[33m:[39m[32m"😋"[39m[33m,[39mrelieved[33m:[39m[32m"😌"[39m[33m,[39mheart_eyes[33m:[39m[32m"😍"[39m[33m,[39msmiling_face_with_three_hearts[33m:[39m[32m"🥰"[39m[33m,[39mkissing_heart[33m:[39m[32m"😘"[39m[33m,[39mkissing[33m:[39m[32m"😗"[39m[33m,[39mkissing_smiling_eyes[33m:[39m[32m"😙"[39m[33m,[39mkissing_closed_eyes[33m:[39m[32m"😚"[39m[33m,[39mstuck_out_tongue_winking_eye[33m:[39m[32m"😜"[39m[33m,[39mzany[33m:[39m[32m"🤪"[39m[33m,[39mraised_eyebrow[33m:[39m[32m"🤨"[39m[33m,[39mmonocle[33m:[39m[32m"🧐"[39m[33m,[39mstuck_out_tongue_closed_eyes[33m:[39m[32m"😝"[39m[33m,[39mstuck_out_tongue[33m:[39m[32m"😛"[39m[33m,[39mmoney_mouth_face[33m:[39m[32m"🤑"[39m[33m,[39mnerd_face[33m:[39m[32m"🤓"[39m[33m,[39msunglasses[33m:[39m[32m"😎"[39m[33m,[39mstar_struck[33m:[39m[32m"🤩"[39m[33m,[39mclown_face[33m:[39m[32m"🤡"[39m[33m,[39mcowboy_hat_face[33m:[39m[32m"🤠"[39m[33m,[39mhugs[33m:[39m[32m"🤗"[39m[33m,[39msmirk[33m:[39m[32m"😏"[39m[33m,[39mno_mouth[33m:[39m[32m"😶"[39m[33m,[39mneutral_face[33m:[39m[32m"😐"[39m[33m,[39mexpressionless[33m:[39m[32m"😑"[39m[33m,[39munamused[33m:[39m[32m"😒"[39m[33m,[39mroll_eyes[33m:[39m[32m"🙄"[39m[33m,[39mthinking[33m:[39m[32m"🤔"[39m[33m,[39mlying_face[33m:[39m[32m"🤥"[39m[33m,[39mhand_over_mouth[33m:[39m[32m"🤭"[39m[33m,[39mshushing[33m:[39m[32m"🤫"[39m[33m,[39msymbols_over_mouth[33m:[39m[32m"🤬"[39m[33m,[39mexploding_head[33m:[39m[32m"🤯"[39m[33m,[39mflushed[33m:[39m[32m"😳"[39m[33m,[39mdisappointed[33m:[39m[32m"😞"[39m[33m,[39mworried[33m:[39m[32m"😟"[39m[33m,[39mangry[33m:[39m[32m"😠"[39m[33m,[39mrage[33m:[39m[32m"😡"[39m[33m,[39mpensive[33m:[39m[32m"😔"[39m[33m,[39mconfused[33m:[39m[32m"😕"[39m[33m,[39mslightly_frowning_face[33m:[39m[32m"🙁"[39m[33m,[39mfrowning_face[33m:[39m[32m"☹"[39m[33m,[39mpersevere[33m:[39m[32m"😣"[39m[33m,[39mconfounded[33m:[39m[32m"😖"[39m[33m,[39mtired_face[33m:[39m[32m"😫"[39m[33m,[39mweary[33m:[39m[32m"😩"[39m[33m,[39mpleading[33m:[39m[32m"🥺"[39m[33m,[39mtriumph[33m:[39m[32m"😤"[39m[33m,[39mopen_mouth[33m:[39m[32m"😮"[39m[33m,[39mscream[33m:[39m[32m"😱"[39m[33m,[39mfearful[33m:[39m[32m"😨"[39m[33m,[39mcold_sweat[33m:[39m[32m"😰"[39m[33m,[39mhushed[33m:[39m[32m"😯"[39m[33m,[39mfrowning[33m:[39m[32m"😦"[39m[33m,[39manguished[33m:[39m[32m"😧"[39m[33m,[39mcry[33m:[39m[32m"😢"[39m[33m,[39mdisappointed_relieved[33m:[39m[32m"😥"[39m[33m,[39mdrooling_face[33m:[39m[32m"🤤"[39m[33m,[39msleepy[33m:[39m[32m"😪"[39m[33m,[39msweat[33m:[39m[32m"😓"[39m[33m,[39mhot[33m:[39m[32m"🥵"[39m[33m,[39mcold[33m:[39m[32m"🥶"[39m[33m,[39msob[33m:[39m[32m"😭"[39m[33m,[39mdizzy_face[33m:[39m[32m"😵"[39m[33m,[39mastonished[33m:[39m[32m"😲"[39m[33m,[39mzipper_mouth_face[33m:[39m[32m"🤐"[39m[33m,[39mnauseated_face[33m:[39m[32m"🤢"[39m[33m,[39msneezing_face[33m:[39m[32m"🤧"[39m[33m,[39mvomiting[33m:[39m[32m"🤮"[39m[33m,[39mmask[33m:[39m[32m"😷"[39m[33m,[39mface_with_thermometer[33m:[39m[32m"🤒"[39m[33m,[39mface_with_head_bandage[33m:[39m[32m"🤕"[39m[33m,[39mwoozy[33m:[39m[32m"🥴"[39m[33m,[39msleeping[33m:[39m[32m"😴"[39m[33m,[39mzzz[33m:[39m[32m"💤"[39m[33m,[39mpoop[33m:[39m[32m"💩"[39m[33m,[39msmiling_imp[33m:[39m[32m"😈"[39m[33m,[39mimp[33m:[39m[32m"👿"[39m[33m,[39mjapanese_ogre[33m:[39m[32m"👹"[39m[33m,[39mjapanese_goblin[33m:[39m[32m"👺"[39m[33m,[39mskull[33m:[39m[32m"💀"[39m[33m,[39mghost[33m:[39m[32m"👻"[39m[33m,[39malien[33m:[39m[32m"👽"[39m[33m,[39mrobot[33m:[39m[32m"🤖"[39m[33m,[39msmiley_cat[33m:[39m[32m"😺"[39m[33m,[39msmile_cat[33m:[39m[32m"😸"[39m[33m,[39mjoy_cat[33m:[39m[32m"😹"[39m[33m,[39mheart_eyes_cat[33m:[39m[32m"😻"[39m[33m,[39msmirk_cat[33m:[39m[32m"😼"[39m[33m,[39mkissing_cat[33m:[39m[32m"😽"[39m[33m,[39mscream_cat[33m:[39m[32m"🙀"[39m[33m,[39mcrying_cat_face[33m:[39m[32m"😿"[39m[33m,[39mpouting_cat[33m:[39m[32m"😾"[39m[33m,[39mpalms_up[33m:[39m[32m"🤲"[39m[33m,[39mraised_hands[33m:[39m[32m"🙌"[39m[33m,[39mclap[33m:[39m[32m"👏"[39m[33m,[39mwave[33m:[39m[32m"👋"[39m[33m,[39mcall_me_hand[33m:[39m[32m"🤙"[39m[33m,[39m[32m"+1"[39m[33m:[39m[32m"👍"[39m[33m,[39m[32m"-1"[39m[33m:[39m[32m"👎"[39m[33m,[39mfacepunch[33m:[39m[32m"👊"[39m[33m,[39mfist[33m:[39m[32m"✊"[39m[33m,[39mfist_left[33m:[39m[32m"🤛"[39m[33m,[39mfist_right[33m:[39m[32m"🤜"[39m[33m,[39mv[33m:[39m[32m"✌"[39m[33m,[39mok_hand[33m:[39m[32m"👌"[39m[33m,[39mraised_hand[33m:[39m[32m"✋"[39m[33m,[39mraised_back_of_hand[33m:[39m[32m"🤚"[39m[33m,[39mopen_hands[33m:[39m[32m"👐"[39m[33m,[39mmuscle[33m:[39m[32m"💪"[39m[33m,[39mpray[33m:[39m[32m"🙏"[39m[33m,[39mfoot[33m:[39m[32m"🦶"[39m[33m,[39mleg[33m:[39m[32m"🦵"[39m[33m,[39mhandshake[33m:[39m[32m"🤝"[39m[33m,[39mpoint_up[33m:[39m[32m"☝"[39m[33m,[39mpoint_up_2[33m:[39m[32m"👆"[39m[33m,[39mpoint_down[33m:[39m[32m"👇"[39m[33m,[39mpoint_left[33m:[39m[32m"👈"[39m[33m,[39mpoint_right[33m:[39m[32m"👉"[39m[33m,[39mfu[33m:[39m[32m"🖕"[39m[33m,[39mraised_hand_with_fingers_splayed[33m:[39m[32m"🖐"[39m[33m,[39mlove_you[33m:[39m[32m"🤟"[39m[33m,[39mmetal[33m:[39m[32m"🤘"[39m[33m,[39mcrossed_fingers[33m:[39m[32m"🤞"[39m[33m,[39mvulcan_salute[33m:[39m[32m"🖖"[39m[33m,[39mwriting_hand[33m:[39m[32m"✍"[39m[33m,[39mselfie[33m:[39m[32m"🤳"[39m[33m,[39mnail_care[33m:[39m[32m"💅"[39m[33m,[39mlips[33m:[39m[32m"👄"[39m[33m,[39mtooth[33m:[39m[32m"🦷"[39m[33m,[39mtongue[33m:[39m[32m"👅"[39m[33m,[39mear[33m:[39m[32m"👂"[39m[33m,[39mnose[33m:[39m[32m"👃"[39m[33m,[39meye[33m:[39m[32m"👁"[39m[33m,[39meyes[33m:[39m[32m"👀"[39m[33m,[39mbrain[33m:[39m[32m"🧠"[39m[33m,[39mbust_in_silhouette[33m:[39m[32m"👤"[39m[33m,[39mbusts_in_silhouette[33m:[39m[32m"👥"[39m[33m,[39mspeaking_head[33m:[39m[32m"🗣"[39m[33m,[39mbaby[33m:[39m[32m"👶"[39m[33m,[39mchild[33m:[39m[32m"🧒"[39m[33m,[39mboy[33m:[39m[32m"👦"[39m[33m,[39mgirl[33m:[39m[32m"👧"[39m[33m,[39madult[33m:[39m[32m"🧑"[39m[33m,[39mman[33m:[39m[32m"👨"[39m[33m,[39mwoman[33m:[39m[32m"👩"[39m[33m,[39mblonde_woman[33m:[39m[32m"👱‍♀️"[39m[33m,[39mblonde_man[33m:[39m[32m"👱"[39m[33m,[39mbearded_person[33m:[39m[32m"🧔"[39m[33m,[39molder_adult[33m:[39m[32m"🧓"[39m[33m,[39molder_man[33m:[39m[32m"👴"[39m[33m,[39molder_woman[33m:[39m[32m"👵"[39m[33m,[39mman_with_gua_pi_mao[33m:[39m[32m"👲"[39m[33m,[39mwoman_with_headscarf[33m:[39m[32m"🧕"[39m[33m,[39mwoman_with_turban[33m:[39m[32m"👳‍♀️"[39m[33m,[39mman_with_turban[33m:[39m[32m"👳"[39m[33m,[39mpolicewoman[33m:[39m[32m"👮‍♀️"[39m[33m,[39mpoliceman[33m:[39m[32m"👮"[39m[33m,[39mconstruction_worker_woman[33m:[39m[32m"👷‍♀️"[39m[33m,[39mconstruction_worker_man[33m:[39m[32m"👷"[39m[33m,[39mguardswoman[33m:[39m[32m"💂‍♀️"[39m[33m,[39mguardsman[33m:[39m[32m"💂"[39m[33m,[39mfemale_detective[33m:[39m[32m"🕵️‍♀️"[39m[33m,[39mmale_detective[33m:[39m[32m"🕵"[39m[33m,[39mwoman_health_worker[33m:[39m[32m"👩‍⚕️"[39m[33m,[39mman_health_worker[33m:[39m[32m"👨‍⚕️"[39m[33m,[39mwoman_farmer[33m:[39m[32m"👩‍🌾"[39m[33m,[39mman_farmer[33m:[39m[32m"👨‍🌾"[39m[33m,[39mwoman_cook[33m:[39m[32m"👩‍🍳"[39m[33m,[39mman_cook[33m:[39m[32m"👨‍🍳"[39m[33m,[39mwoman_student[33m:[39m[32m"👩‍🎓"[39m[33m,[39mman_student[33m:[39m[32m"👨‍🎓"[39m[33m,[39mwoman_singer[33m:[39m[32m"👩‍🎤"[39m[33m,[39mman_singer[33m:[39m[32m"👨‍🎤"[39m[33m,[39mwoman_teacher[33m:[39m[32m"👩‍🏫"[39m[33m,[39mman_teacher[33m:[39m[32m"👨‍🏫"[39m[33m,[39mwoman_factory_worker[33m:[39m[32m"👩‍🏭"[39m[33m,[39mman_factory_worker[33m:[39m[32m"👨‍🏭"[39m[33m,[39mwoman_technologist[33m:[39m[32m"👩‍💻"[39m[33m,[39mman_technologist[33m:[39m[32m"👨‍💻"[39m[33m,[39mwoman_office_worker[33m:[39m[32m"👩‍💼"[39m[33m,[39mman_office_worker[33m:[39m[32m"👨‍💼"[39m[33m,[39mwoman_mechanic[33m:[39m[32m"👩‍🔧"[39m[33m,[39mman_mechanic[33m:[39m[32m"👨‍🔧"[39m[33m,[39mwoman_scientist[33m:[39m[32m"👩‍🔬"[39m[33m,[39mman_scientist[33m:[39m[32m"👨‍🔬"[39m[33m,[39mwoman_artist[33m:[39m[32m"👩‍🎨"[39m[33m,[39mman_artist[33m:[39m[32m"👨‍🎨"[39m[33m,[39mwoman_firefighter[33m:[39m[32m"👩‍🚒"[39m[33m,[39mman_firefighter[33m:[39m[32m"👨‍🚒"[39m[33m,[39mwoman_pilot[33m:[39m[32m"👩‍✈️"[39m[33m,[39mman_pilot[33m:[39m[32m"👨‍✈️"[39m[33m,[39mwoman_astronaut[33m:[39m[32m"👩‍🚀"[39m[33m,[39mman_astronaut[33m:[39m[32m"👨‍🚀"[39m[33m,[39mwoman_judge[33m:[39m[32m"👩‍⚖️"[39m[33m,[39mman_judge[33m:[39m[32m"👨‍⚖️"[39m[33m,[39mwoman_superhero[33m:[39m[32m"🦸‍♀️"[39m[33m,[39mman_superhero[33m:[39m[32m"🦸‍♂️"[39m[33m,[39mwoman_supervillain[33m:[39m[32m"🦹‍♀️"[39m[33m,[39mman_supervillain[33m:[39m[32m"🦹‍♂️"[39m[33m,[39mmrs_claus[33m:[39m[32m"🤶"[39m[33m,[39msanta[33m:[39m[32m"🎅"[39m[33m,[39msorceress[33m:[39m[32m"🧙‍♀️"[39m[33m,[39mwizard[33m:[39m[32m"🧙‍♂️"[39m[33m,[39mwoman_elf[33m:[39m[32m"🧝‍♀️"[39m[33m,[39mman_elf[33m:[39m[32m"🧝‍♂️"[39m[33m,[39mwoman_vampire[33m:[39m[32m"🧛‍♀️"[39m[33m,[39mman_vampire[33m:[39m[32m"🧛‍♂️"[39m[33m,[39mwoman_zombie[33m:[39m[32m"🧟‍♀️"[39m[33m,[39mman_zombie[33m:[39m[32m"🧟‍♂️"[39m[33m,[39mwoman_genie[33m:[39m[32m"🧞‍♀️"[39m[33m,[39mman_genie[33m:[39m[32m"🧞‍♂️"[39m[33m,[39mmermaid[33m:[39m[32m"🧜‍♀️"[39m[33m,[39mmerman[33m:[39m[32m"🧜‍♂️"[39m[33m,[39mwoman_fairy[33m:[39m[32m"🧚‍♀️"[39m[33m,[39mman_fairy[33m:[39m[32m"🧚‍♂️"[39m[33m,[39mangel[33m:[39m[32m"👼"[39m[33m,[39mpregnant_woman[33m:[39m[32m"🤰"[39m[33m,[39mbreastfeeding[33m:[39m[32m"🤱"[39m[33m,[39mprincess[33m:[39m[32m"👸"[39m[33m,[39mprince[33m:[39m[32m"🤴"[39m[33m,[39mbride_with_veil[33m:[39m[32m"👰"[39m[33m,[39mman_in_tuxedo[33m:[39m[32m"🤵"[39m[33m,[39mrunning_woman[33m:[39m[32m"🏃‍♀️"[39m[33m,[39mrunning_man[33m:[39m[32m"🏃"[39m[33m,[39mwalking_woman[33m:[39m[32m"🚶‍♀️"[39m[33m,[39mwalking_man[33m:[39m[32m"🚶"[39m[33m,[39mdancer[33m:[39m[32m"💃"[39m[33m,[39mman_dancing[33m:[39m[32m"🕺"[39m[33m,[39mdancing_women[33m:[39m[32m"👯"[39m[33m,[39mdancing_men[33m:[39m[32m"👯‍♂️"[39m[33m,[39mcouple[33m:[39m[32m"👫"[39m[33m,[39mtwo_men_holding_hands[33m:[39m[32m"👬"[39m[33m,[39mtwo_women_holding_hands[33m:[39m[32m"👭"[39m[33m,[39mbowing_woman[33m:[39m[32m"🙇‍♀️"[39m[33m,[39mbowing_man[33m:[39m[32m"🙇"[39m[33m,[39mman_facepalming[33m:[39m[32m"🤦‍♂️"[39m[33m,[39mwoman_facepalming[33m:[39m[32m"🤦‍♀️"[39m[33m,[39mwoman_shrugging[33m:[39m[32m"🤷"[39m[33m,[39mman_shrugging[33m:[39m[32m"🤷‍♂️"[39m[33m,[39mtipping_hand_woman[33m:[39m[32m"💁"[39m[33m,[39mtipping_hand_man[33m:[39m[32m"💁‍♂️"[39m[33m,[39mno_good_woman[33m:[39m[32m"🙅"[39m[33m,[39mno_good_man[33m:[39m[32m"🙅‍♂️"[39m[33m,[39mok_woman[33m:[39m[32m"🙆"[39m[33m,[39mok_man[33m:[39m[32m"🙆‍♂️"[39m[33m,[39mraising_hand_woman[33m:[39m[32m"🙋"[39m[33m,[39mraising_hand_man[33m:[39m[32m"🙋‍♂️"[39m[33m,[39mpouting_woman[33m:[39m[32m"🙎"[39m[33m,[39mpouting_man[33m:[39m[32m"🙎‍♂️"[39m[33m,[39mfrowning_woman[33m:[39m[32m"🙍"[39m[33m,[39mfrowning_man[33m:[39m[32m"🙍‍♂️"[39m[33m,[39mhaircut_woman[33m:[39m[32m"💇"[39m[33m,[39mhaircut_man[33m:[39m[32m"💇‍♂️"[39m[33m,[39mmassage_woman[33m:[39m[32m"💆"[39m[33m,[39mmassage_man[33m:[39m[32m"💆‍♂️"[39m[33m,[39mwoman_in_steamy_room[33m:[39m[32m"🧖‍♀️"[39m[33m,[39mman_in_steamy_room[33m:[39m[32m"🧖‍♂️"[39m[33m,[39mcouple_with_heart_woman_man[33m:[39m[32m"💑"[39m[33m,[39mcouple_with_heart_woman_woman[33m:[39m[32m"👩‍❤️‍👩"[39m[33m,[39mcouple_with_heart_man_man[33m:[39m[32m"👨‍❤️‍👨"[39m[33m,[39mcouplekiss_man_woman[33m:[39m[32m"💏"[39m[33m,[39mcouplekiss_woman_woman[33m:[39m[32m"👩‍❤️‍💋‍👩"[39m[33m,[39mcouplekiss_man_man[33m:[39m[32m"👨‍❤️‍💋‍👨"[39m[33m,[39mfamily_man_woman_boy[33m:[39m[32m"👪"[39m[33m,[39mfamily_man_woman_girl[33m:[39m[32m"👨‍👩‍👧"[39m[33m,[39mfamily_man_woman_girl_boy[33m:[39m[32m"👨‍👩‍👧‍👦"[39m[33m,[39mfamily_man_woman_boy_boy[33m:[39m[32m"👨‍👩‍👦‍👦"[39m[33m,[39mfamily_man_woman_girl_girl[33m:[39m[32m"👨‍👩‍👧‍👧"[39m[33m,[39mfamily_woman_woman_boy[33m:[39m[32m"👩‍👩‍👦"[39m[33m,[39mfamily_woman_woman_girl[33m:[39m[32m"👩‍👩‍👧"[39m[33m,[39mfamily_woman_woman_girl_boy[33m:[39m[32m"👩‍👩‍👧‍👦"[39m[33m,[39mfamily_woman_woman_boy_boy[33m:[39m[32m"👩‍👩‍👦‍👦"[39m[33m,[39mfamily_woman_woman_girl_girl[33m:[39m[32m"👩‍👩‍👧‍👧"[39m[33m,[39mfamily_man_man_boy[33m:[39m[32m"👨‍👨‍👦"[39m[33m,[39mfamily_man_man_girl[33m:[39m[32m"👨‍👨‍👧"[39m[33m,[39mfamily_man_man_girl_boy[33m:[39m[32m"👨‍👨‍👧‍👦"[39m[33m,[39mfamily_man_man_boy_boy[33m:[39m[32m"👨‍👨‍👦‍👦"[39m[33m,[39mfamily_man_man_girl_girl[33m:[39m[32m"👨‍👨‍👧‍👧"[39m[33m,[39mfamily_woman_boy[33m:[39m[32m"👩‍👦"[39m[33m,[39mfamily_woman_girl[33m:[39m[32m"👩‍👧"[39m[33m,[39mfamily_woman_girl_boy[33m:[39m[32m"👩‍👧‍👦"[39m[33m,[39mfamily_woman_boy_boy[33m:[39m[32m"👩‍👦‍👦"[39m[33m,[39mfamily_woman_girl_girl[33m:[39m[32m"👩‍👧‍👧"[39m[33m,[39mfamily_man_boy[33m:[39m[32m"👨‍👦"[39m[33m,[39mfamily_man_girl[33m:[39m[32m"👨‍👧"[39m[33m,[39mfamily_man_girl_boy[33m:[39m[32m"👨‍👧‍👦"[39m[33m,[39mfamily_man_boy_boy[33m:[39m[32m"👨‍👦‍👦"[39m[33m,[39mfamily_man_girl_girl[33m:[39m[32m"👨‍👧‍👧"[39m[33m,[39myarn[33m:[39m[32m"🧶"[39m[33m,[39mthread[33m:[39m[32m"🧵"[39m[33m,[39mcoat[33m:[39m[32m"🧥"[39m[33m,[39mlabcoat[33m:[39m[32m"🥼"[39m[33m,[39mwomans_clothes[33m:[39m[32m"👚"[39m[33m,[39mtshirt[33m:[39m[32m"👕"[39m[33m,[39mjeans[33m:[39m[32m"👖"[39m[33m,[39mnecktie[33m:[39m[32m"👔"[39m[33m,[39mdress[33m:[39m[32m"👗"[39m[33m,[39mbikini[33m:[39m[32m"👙"[39m[33m,[39mkimono[33m:[39m[32m"👘"[39m[33m,[39mlipstick[33m:[39m[32m"💄"[39m[33m,[39mkiss[33m:[39m[32m"💋"[39m[33m,[39mfootprints[33m:[39m[32m"👣"[39m[33m,[39mflat_shoe[33m:[39m[32m"🥿"[39m[33m,[39mhigh_heel[33m:[39m[32m"👠"[39m[33m,[39msandal[33m:[39m[32m"👡"[39m[33m,[39mboot[33m:[39m[32m"👢"[39m[33m,[39mmans_shoe[33m:[39m[32m"👞"[39m[33m,[39mathletic_shoe[33m:[39m[32m"👟"[39m[33m,[39mhiking_boot[33m:[39m[32m"🥾"[39m[33m,[39msocks[33m:[39m[32m"🧦"[39m[33m,[39mgloves[33m:[39m[32m"🧤"[39m[33m,[39mscarf[33m:[39m[32m"🧣"[39m[33m,[39mwomans_hat[33m:[39m[32m"👒"[39m[33m,[39mtophat[33m:[39m[32m"🎩"[39m[33m,[39mbilled_hat[33m:[39m[32m"🧢"[39m[33m,[39mrescue_worker_helmet[33m:[39m[32m"⛑"[39m[33m,[39mmortar_board[33m:[39m[32m"🎓"[39m[33m,[39mcrown[33m:[39m[32m"👑"[39m[33m,[39mschool_satchel[33m:[39m[32m"🎒"[39m[33m,[39mluggage[33m:[39m[32m"🧳"[39m[33m,[39mpouch[33m:[39m[32m"👝"[39m[33m,[39mpurse[33m:[39m[32m"👛"[39m[33m,[39mhandbag[33m:[39m[32m"👜"[39m[33m,[39mbriefcase[33m:[39m[32m"💼"[39m[33m,[39meyeglasses[33m:[39m[32m"👓"[39m[33m,[39mdark_sunglasses[33m:[39m[32m"🕶"[39m[33m,[39mgoggles[33m:[39m[32m"🥽"[39m[33m,[39mring[33m:[39m[32m"💍"[39m[33m,[39mclosed_umbrella[33m:[39m[32m"🌂"[39m[33m,[39mdog[33m:[39m[32m"🐶"[39m[33m,[39mcat[33m:[39m[32m"🐱"[39m[33m,[39mmouse[33m:[39m[32m"🐭"[39m[33m,[39mhamster[33m:[39m[32m"🐹"[39m[33m,[39mrabbit[33m:[39m[32m"🐰"[39m[33m,[39mfox_face[33m:[39m[32m"🦊"[39m[33m,[39mbear[33m:[39m[32m"🐻"[39m[33m,[39mpanda_face[33m:[39m[32m"🐼"[39m[33m,[39mkoala[33m:[39m[32m"🐨"[39m[33m,[39mtiger[33m:[39m[32m"🐯"[39m[33m,[39mlion[33m:[39m[32m"🦁"[39m[33m,[39mcow[33m:[39m[32m"🐮"[39m[33m,[39mpig[33m:[39m[32m"🐷"[39m[33m,[39mpig_nose[33m:[39m[32m"🐽"[39m[33m,[39mfrog[33m:[39m[32m"🐸"[39m[33m,[39msquid[33m:[39m[32m"🦑"[39m[33m,[39moctopus[33m:[39m[32m"🐙"[39m[33m,[39mshrimp[33m:[39m[32m"🦐"[39m[33m,[39mmonkey_face[33m:[39m[32m"🐵"[39m[33m,[39mgorilla[33m:[39m[32m"🦍"[39m[33m,[39msee_no_evil[33m:[39m[32m"🙈"[39m[33m,[39mhear_no_evil[33m:[39m[32m"🙉"[39m[33m,[39mspeak_no_evil[33m:[39m[32m"🙊"[39m[33m,[39mmonkey[33m:[39m[32m"🐒"[39m[33m,[39mchicken[33m:[39m[32m"🐔"[39m[33m,[39mpenguin[33m:[39m[32m"🐧"[39m[33m,[39mbird[33m:[39m[32m"🐦"[39m[33m,[39mbaby_chick[33m:[39m[32m"🐤"[39m[33m,[39mhatching_chick[33m:[39m[32m"🐣"[39m[33m,[39mhatched_chick[33m:[39m[32m"🐥"[39m[33m,[39mduck[33m:[39m[32m"🦆"[39m[33m,[39meagle[33m:[39m[32m"🦅"[39m[33m,[39mowl[33m:[39m[32m"🦉"[39m[33m,[39mbat[33m:[39m[32m"🦇"[39m[33m,[39mwolf[33m:[39m[32m"🐺"[39m[33m,[39mboar[33m:[39m[32m"🐗"[39m[33m,[39mhorse[33m:[39m[32m"🐴"[39m[33m,[39municorn[33m:[39m[32m"🦄"[39m[33m,[39mhoneybee[33m:[39m[32m"🐝"[39m[33m,[39mbug[33m:[39m[32m"🐛"[39m[33m,[39mbutterfly[33m:[39m[32m"🦋"[39m[33m,[39msnail[33m:[39m[32m"🐌"[39m[33m,[39mbeetle[33m:[39m[32m"🐞"[39m[33m,[39mant[33m:[39m[32m"🐜"[39m[33m,[39mgrasshopper[33m:[39m[32m"🦗"[39m[33m,[39mspider[33m:[39m[32m"🕷"[39m[33m,[39mscorpion[33m:[39m[32m"🦂"[39m[33m,[39mcrab[33m:[39m[32m"🦀"[39m[33m,[39msnake[33m:[39m[32m"🐍"[39m[33m,[39mlizard[33m:[39m[32m"🦎"[39m[33m,[39m[32m"t-rex"[39m[33m:[39m[32m"🦖"[39m[33m,[39msauropod[33m:[39m[32m"🦕"[39m[33m,[39mturtle[33m:[39m[32m"🐢"[39m[33m,[39mtropical_fish[33m:[39m[32m"🐠"[39m[33m,[39mfish[33m:[39m[32m"🐟"[39m[33m,[39mblowfish[33m:[39m[32m"🐡"[39m[33m,[39mdolphin[33m:[39m[32m"🐬"[39m[33m,[39mshark[33m:[39m[32m"🦈"[39m[33m,[39mwhale[33m:[39m[32m"🐳"[39m[33m,[39mwhale2[33m:[39m[32m"🐋"[39m[33m,[39mcrocodile[33m:[39m[32m"🐊"[39m[33m,[39mleopard[33m:[39m[32m"🐆"[39m[33m,[39mzebra[33m:[39m[32m"🦓"[39m[33m,[39mtiger2[33m:[39m[32m"🐅"[39m[33m,[39mwater_buffalo[33m:[39m[32m"🐃"[39m[33m,[39mox[33m:[39m[32m"🐂"[39m[33m,[39mcow2[33m:[39m[32m"🐄"[39m[33m,[39mdeer[33m:[39m[32m"🦌"[39m[33m,[39mdromedary_camel[33m:[39m[32m"🐪"[39m[33m,[39mcamel[33m:[39m[32m"🐫"[39m[33m,[39mgiraffe[33m:[39m[32m"🦒"[39m[33m,[39melephant[33m:[39m[32m"🐘"[39m[33m,[39mrhinoceros[33m:[39m[32m"🦏"[39m[33m,[39mgoat[33m:[39m[32m"🐐"[39m[33m,[39mram[33m:[39m[32m"🐏"[39m[33m,[39msheep[33m:[39m[32m"🐑"[39m[33m,[39mracehorse[33m:[39m[32m"🐎"[39m[33m,[39mpig2[33m:[39m[32m"🐖"[39m[33m,[39mrat[33m:[39m[32m"🐀"[39m[33m,[39mmouse2[33m:[39m[32m"🐁"[39m[33m,[39mrooster[33m:[39m[32m"🐓"[39m[33m,[39mturkey[33m:[39m[32m"🦃"[39m[33m,[39mdove[33m:[39m[32m"🕊"[39m[33m,[39mdog2[33m:[39m[32m"🐕"[39m[33m,[39mpoodle[33m:[39m[32m"🐩"[39m[33m,[39mcat2[33m:[39m[32m"🐈"[39m[33m,[39mrabbit2[33m:[39m[32m"🐇"[39m[33m,[39mchipmunk[33m:[39m[32m"🐿"[39m[33m,[39mhedgehog[33m:[39m[32m"🦔"[39m[33m,[39mraccoon[33m:[39m[32m"🦝"[39m[33m,[39mllama[33m:[39m[32m"🦙"[39m[33m,[39mhippopotamus[33m:[39m[32m"🦛"[39m[33m,[39mkangaroo[33m:[39m[32m"🦘"[39m[33m,[39mbadger[33m:[39m[32m"🦡"[39m[33m,[39mswan[33m:[39m[32m"🦢"[39m[33m,[39mpeacock[33m:[39m[32m"🦚"[39m[33m,[39mparrot[33m:[39m[32m"🦜"[39m[33m,[39mlobster[33m:[39m[32m"🦞"[39m[33m,[39mmosquito[33m:[39m[32m"🦟"[39m[33m,[39mpaw_prints[33m:[39m[32m"🐾"[39m[33m,[39mdragon[33m:[39m[32m"🐉"[39m[33m,[39mdragon_face[33m:[39m[32m"🐲"[39m[33m,[39mcactus[33m:[39m[32m"🌵"[39m[33m,[39mchristmas_tree[33m:[39m[32m"🎄"[39m[33m,[39mevergreen_tree[33m:[39m[32m"🌲"[39m[33m,[39mdeciduous_tree[33m:[39m[32m"🌳"[39m[33m,[39mpalm_tree[33m:[39m[32m"🌴"[39m[33m,[39mseedling[33m:[39m[32m"🌱"[39m[33m,[39mherb[33m:[39m[32m"🌿"[39m[33m,[39mshamrock[33m:[39m[32m"☘"[39m[33m,[39mfour_leaf_clover[33m:[39m[32m"🍀"[39m[33m,[39mbamboo[33m:[39m[32m"🎍"[39m[33m,[39mtanabata_tree[33m:[39m[32m"🎋"[39m[33m,[39mleaves[33m:[39m[32m"🍃"[39m[33m,[39mfallen_leaf[33m:[39m[32m"🍂"[39m[33m,[39mmaple_leaf[33m:[39m[32m"🍁"[39m[33m,[39mear_of_rice[33m:[39m[32m"🌾"[39m[33m,[39mhibiscus[33m:[39m[32m"🌺"[39m[33m,[39msunflower[33m:[39m[32m"🌻"[39m[33m,[39mrose[33m:[39m[32m"🌹"[39m[33m,[39mwilted_flower[33m:[39m[32m"🥀"[39m[33m,[39mtulip[33m:[39m[32m"🌷"[39m[33m,[39mblossom[33m:[39m[32m"🌼"[39m[33m,[39mcherry_blossom[33m:[39m[32m"🌸"[39m[33m,[39mbouquet[33m:[39m[32m"💐"[39m[33m,[39mmushroom[33m:[39m[32m"🍄"[39m[33m,[39mchestnut[33m:[39m[32m"🌰"[39m[33m,[39mjack_o_lantern[33m:[39m[32m"🎃"[39m[33m,[39mshell[33m:[39m[32m"🐚"[39m[33m,[39mspider_web[33m:[39m[32m"🕸"[39m[33m,[39mearth_americas[33m:[39m[32m"🌎"[39m[33m,[39mearth_africa[33m:[39m[32m"🌍"[39m[33m,[39mearth_asia[33m:[39m[32m"🌏"[39m[33m,[39mfull_moon[33m:[39m[32m"🌕"[39m[33m,[39mwaning_gibbous_moon[33m:[39m[32m"🌖"[39m[33m,[39mlast_quarter_moon[33m:[39m[32m"🌗"[39m[33m,[39mwaning_crescent_moon[33m:[39m[32m"🌘"[39m[33m,[39mnew_moon[33m:[39m[32m"🌑"[39m[33m,[39mwaxing_crescent_moon[33m:[39m[32m"🌒"[39m[33m,[39mfirst_quarter_moon[33m:[39m[32m"🌓"[39m[33m,[39mwaxing_gibbous_moon[33m:[39m[32m"🌔"[39m[33m,[39mnew_moon_with_face[33m:[39m[32m"🌚"[39m[33m,[39mfull_moon_with_face[33m:[39m[32m"🌝"[39m[33m,[39mfirst_quarter_moon_with_face[33m:[39m[32m"🌛"[39m[33m,[39mlast_quarter_moon_with_face[33m:[39m[32m"🌜"[39m[33m,[39msun_with_face[33m:[39m[32m"🌞"[39m[33m,[39mcrescent_moon[33m:[39m[32m"🌙"[39m[33m,[39mstar[33m:[39m[32m"⭐"[39m[33m,[39mstar2[33m:[39m[32m"🌟"[39m[33m,[39mdizzy[33m:[39m[32m"💫"[39m[33m,[39msparkles[33m:[39m[32m"✨"[39m[33m,[39mcomet[33m:[39m[32m"☄"[39m[33m,[39msunny[33m:[39m[32m"☀️"[39m[33m,[39msun_behind_small_cloud[33m:[39m[32m"🌤"[39m[33m,[39mpartly_sunny[33m:[39m[32m"⛅"[39m[33m,[39msun_behind_large_cloud[33m:[39m[32m"🌥"[39m[33m,[39msun_behind_rain_cloud[33m:[39m[32m"🌦"[39m[33m,[39mcloud[33m:[39m[32m"☁️"[39m[33m,[39mcloud_with_rain[33m:[39m[32m"🌧"[39m[33m,[39mcloud_with_lightning_and_rain[33m:[39m[32m"⛈"[39m[33m,[39mcloud_with_lightning[33m:[39m[32m"🌩"[39m[33m,[39mzap[33m:[39m[32m"⚡"[39m[33m,[39mfire[33m:[39m[32m"🔥"[39m[33m,[39mboom[33m:[39m[32m"💥"[39m[33m,[39msnowflake[33m:[39m[32m"❄️"[39m[33m,[39mcloud_with_snow[33m:[39m[32m"🌨"[39m[33m,[39msnowman[33m:[39m[32m"⛄"[39m[33m,[39msnowman_with_snow[33m:[39m[32m"☃"[39m[33m,[39mwind_face[33m:[39m[32m"🌬"[39m[33m,[39mdash[33m:[39m[32m"💨"[39m[33m,[39mtornado[33m:[39m[32m"🌪"[39m[33m,[39mfog[33m:[39m[32m"🌫"[39m[33m,[39mopen_umbrella[33m:[39m[32m"☂"[39m[33m,[39mumbrella[33m:[39m[32m"☔"[39m[33m,[39mdroplet[33m:[39m[32m"💧"[39m[33m,[39msweat_drops[33m:[39m[32m"💦"[39m[33m,[39mocean[33m:[39m[32m"🌊"[39m[33m,[39mgreen_apple[33m:[39m[32m"🍏"[39m[33m,[39mapple[33m:[39m[32m"🍎"[39m[33m,[39mpear[33m:[39m[32m"🍐"[39m[33m,[39mtangerine[33m:[39m[32m"🍊"[39m[33m,[39mlemon[33m:[39m[32m"🍋"[39m[33m,[39mbanana[33m:[39m[32m"🍌"[39m[33m,[39mwatermelon[33m:[39m[32m"🍉"[39m[33m,[39mgrapes[33m:[39m[32m"🍇"[39m[33m,[39mstrawberry[33m:[39m[32m"🍓"[39m[33m,[39mmelon[33m:[39m[32m"🍈"[39m[33m,[39mcherries[33m:[39m[32m"🍒"[39m[33m,[39mpeach[33m:[39m[32m"🍑"[39m[33m,[39mpineapple[33m:[39m[32m"🍍"[39m[33m,[39mcoconut[33m:[39m[32m"🥥"[39m[33m,[39mkiwi_fruit[33m:[39m[32m"🥝"[39m[33m,[39mmango[33m:[39m[32m"🥭"[39m[33m,[39mavocado[33m:[39m[32m"🥑"[39m[33m,[39mbroccoli[33m:[39m[32m"🥦"[39m[33m,[39mtomato[33m:[39m[32m"🍅"[39m[33m,[39meggplant[33m:[39m[32m"🍆"[39m[33m,[39mcucumber[33m:[39m[32m"🥒"[39m[33m,[39mcarrot[33m:[39m[32m"🥕"[39m[33m,[39mhot_pepper[33m:[39m[32m"🌶"[39m[33m,[39mpotato[33m:[39m[32m"🥔"[39m[33m,[39mcorn[33m:[39m[32m"🌽"[39m[33m,[39mleafy_greens[33m:[39m[32m"🥬"[39m[33m,[39msweet_potato[33m:[39m[32m"🍠"[39m[33m,[39mpeanuts[33m:[39m[32m"🥜"[39m[33m,[39mhoney_pot[33m:[39m[32m"🍯"[39m[33m,[39mcroissant[33m:[39m[32m"🥐"[39m[33m,[39mbread[33m:[39m[32m"🍞"[39m[33m,[39mbaguette_bread[33m:[39m[32m"🥖"[39m[33m,[39mbagel[33m:[39m[32m"🥯"[39m[33m,[39mpretzel[33m:[39m[32m"🥨"[39m[33m,[39mcheese[33m:[39m[32m"🧀"[39m[33m,[39megg[33m:[39m[32m"🥚"[39m[33m,[39mbacon[33m:[39m[32m"🥓"[39m[33m,[39msteak[33m:[39m[32m"🥩"[39m[33m,[39mpancakes[33m:[39m[32m"🥞"[39m[33m,[39mpoultry_leg[33m:[39m[32m"🍗"[39m[33m,[39mmeat_on_bone[33m:[39m[32m"🍖"[39m[33m,[39mbone[33m:[39m[32m"🦴"[39m[33m,[39mfried_shrimp[33m:[39m[32m"🍤"[39m[33m,[39mfried_egg[33m:[39m[32m"🍳"[39m[33m,[39mhamburger[33m:[39m[32m"🍔"[39m[33m,[39mfries[33m:[39m[32m"🍟"[39m[33m,[39mstuffed_flatbread[33m:[39m[32m"🥙"[39m[33m,[39mhotdog[33m:[39m[32m"🌭"[39m[33m,[39mpizza[33m:[39m[32m"🍕"[39m[33m,[39msandwich[33m:[39m[32m"🥪"[39m[33m,[39mcanned_food[33m:[39m[32m"🥫"[39m[33m,[39mspaghetti[33m:[39m[32m"🍝"[39m[33m,[39mtaco[33m:[39m[32m"🌮"[39m[33m,[39mburrito[33m:[39m[32m"🌯"[39m[33m,[39mgreen_salad[33m:[39m[32m"🥗"[39m[33m,[39mshallow_pan_of_food[33m:[39m[32m"🥘"[39m[33m,[39mramen[33m:[39m[32m"🍜"[39m[33m,[39mstew[33m:[39m[32m"🍲"[39m[33m,[39mfish_cake[33m:[39m[32m"🍥"[39m[33m,[39mfortune_cookie[33m:[39m[32m"🥠"[39m[33m,[39msushi[33m:[39m[32m"🍣"[39m[33m,[39mbento[33m:[39m[32m"🍱"[39m[33m,[39mcurry[33m:[39m[32m"🍛"[39m[33m,[39mrice_ball[33m:[39m[32m"🍙"[39m[33m,[39mrice[33m:[39m[32m"🍚"[39m[33m,[39mrice_cracker[33m:[39m[32m"🍘"[39m[33m,[39moden[33m:[39m[32m"🍢"[39m[33m,[39mdango[33m:[39m[32m"🍡"[39m[33m,[39mshaved_ice[33m:[39m[32m"🍧"[39m[33m,[39mice_cream[33m:[39m[32m"🍨"[39m[33m,[39micecream[33m:[39m[32m"🍦"[39m[33m,[39mpie[33m:[39m[32m"🥧"[39m[33m,[39mcake[33m:[39m[32m"🍰"[39m[33m,[39mcupcake[33m:[39m[32m"🧁"[39m[33m,[39mmoon_cake[33m:[39m[32m"🥮"[39m[33m,[39mbirthday[33m:[39m[32m"🎂"[39m[33m,[39mcustard[33m:[39m[32m"🍮"[39m[33m,[39mcandy[33m:[39m[32m"🍬"[39m[33m,[39mlollipop[33m:[39m[32m"🍭"[39m[33m,[39mchocolate_bar[33m:[39m[32m"🍫"[39m[33m,[39mpopcorn[33m:[39m[32m"🍿"[39m[33m,[39mdumpling[33m:[39m[32m"🥟"[39m[33m,[39mdoughnut[33m:[39m[32m"🍩"[39m[33m,[39mcookie[33m:[39m[32m"🍪"[39m[33m,[39mmilk_glass[33m:[39m[32m"🥛"[39m[33m,[39mbeer[33m:[39m[32m"🍺"[39m[33m,[39mbeers[33m:[39m[32m"🍻"[39m[33m,[39mclinking_glasses[33m:[39m[32m"🥂"[39m[33m,[39mwine_glass[33m:[39m[32m"🍷"[39m[33m,[39mtumbler_glass[33m:[39m[32m"🥃"[39m[33m,[39mcocktail[33m:[39m[32m"🍸"[39m[33m,[39mtropical_drink[33m:[39m[32m"🍹"[39m[33m,[39mchampagne[33m:[39m[32m"🍾"[39m[33m,[39msake[33m:[39m[32m"🍶"[39m[33m,[39mtea[33m:[39m[32m"🍵"[39m[33m,[39mcup_with_straw[33m:[39m[32m"🥤"[39m[33m,[39mcoffee[33m:[39m[32m"☕"[39m[33m,[39mbaby_bottle[33m:[39m[32m"🍼"[39m[33m,[39msalt[33m:[39m[32m"🧂"[39m[33m,[39mspoon[33m:[39m[32m"🥄"[39m[33m,[39mfork_and_knife[33m:[39m[32m"🍴"[39m[33m,[39mplate_with_cutlery[33m:[39m[32m"🍽"[39m[33m,[39mbowl_with_spoon[33m:[39m[32m"🥣"[39m[33m,[39mtakeout_box[33m:[39m[32m"🥡"[39m[33m,[39mchopsticks[33m:[39m[32m"🥢"[39m[33m,[39msoccer[33m:[39m[32m"⚽"[39m[33m,[39mbasketball[33m:[39m[32m"🏀"[39m[33m,[39mfootball[33m:[39m[32m"🏈"[39m[33m,[39mbaseball[33m:[39m[32m"⚾"[39m[33m,[39msoftball[33m:[39m[32m"🥎"[39m[33m,[39mtennis[33m:[39m[32m"🎾"[39m[33m,[39mvolleyball[33m:[39m[32m"🏐"[39m[33m,[39mrugby_football[33m:[39m[32m"🏉"[39m[33m,[39mflying_disc[33m:[39m[32m"🥏"[39m[33m,[39m[32m"8ball"[39m[33m:[39m[32m"🎱"[39m[33m,[39mgolf[33m:[39m[32m"⛳"[39m[33m,[39mgolfing_woman[33m:[39m[32m"🏌️‍♀️"[39m[33m,[39mgolfing_man[33m:[39m[32m"🏌"[39m[33m,[39mping_pong[33m:[39m[32m"🏓"[39m[33m,[39mbadminton[33m:[39m[32m"🏸"[39m[33m,[39mgoal_net[33m:[39m[32m"🥅"[39m[33m,[39mice_hockey[33m:[39m[32m"🏒"[39m[33m,[39mfield_hockey[33m:[39m[32m"🏑"[39m[33m,[39mlacrosse[33m:[39m[32m"🥍"[39m[33m,[39mcricket[33m:[39m[32m"🏏"[39m[33m,[39mski[33m:[39m[32m"🎿"[39m[33m,[39mskier[33m:[39m[32m"⛷"[39m[33m,[39msnowboarder[33m:[39m[32m"🏂"[39m[33m,[39mperson_fencing[33m:[39m[32m"🤺"[39m[33m,[39mwomen_wrestling[33m:[39m[32m"🤼‍♀️"[39m[33m,[39mmen_wrestling[33m:[39m[32m"🤼‍♂️"[39m[33m,[39mwoman_cartwheeling[33m:[39m[32m"🤸‍♀️"[39m[33m,[39mman_cartwheeling[33m:[39m[32m"🤸‍♂️"[39m[33m,[39mwoman_playing_handball[33m:[39m[32m"🤾‍♀️"[39m[33m,[39mman_playing_handball[33m:[39m[32m"🤾‍♂️"[39m[33m,[39mice_skate[33m:[39m[32m"⛸"[39m[33m,[39mcurling_stone[33m:[39m[32m"🥌"[39m[33m,[39mskateboard[33m:[39m[32m"🛹"[39m[33m,[39msled[33m:[39m[32m"🛷"[39m[33m,[39mbow_and_arrow[33m:[39m[32m"🏹"[39m[33m,[39mfishing_pole_and_fish[33m:[39m[32m"🎣"[39m[33m,[39mboxing_glove[33m:[39m[32m"🥊"[39m[33m,[39mmartial_arts_uniform[33m:[39m[32m"🥋"[39m[33m,[39mrowing_woman[33m:[39m[32m"🚣‍♀️"[39m[33m,[39mrowing_man[33m:[39m[32m"🚣"[39m[33m,[39mclimbing_woman[33m:[39m[32m"🧗‍♀️"[39m[33m,[39mclimbing_man[33m:[39m[32m"🧗‍♂️"[39m[33m,[39mswimming_woman[33m:[39m[32m"🏊‍♀️"[39m[33m,[39mswimming_man[33m:[39m[32m"🏊"[39m[33m,[39mwoman_playing_water_polo[33m:[39m[32m"🤽‍♀️"[39m[33m,[39mman_playing_water_polo[33m:[39m[32m"🤽‍♂️"[39m[33m,[39mwoman_in_lotus_position[33m:[39m[32m"🧘‍♀️"[39m[33m,[39mman_in_lotus_position[33m:[39m[32m"🧘‍♂️"[39m[33m,[39msurfing_woman[33m:[39m[32m"🏄‍♀️"[39m[33m,[39msurfing_man[33m:[39m[32m"🏄"[39m[33m,[39mbath[33m:[39m[32m"🛀"[39m[33m,[39mbasketball_woman[33m:[39m[32m"⛹️‍♀️"[39m[33m,[39mbasketball_man[33m:[39m[32m"⛹"[39m[33m,[39mweight_lifting_woman[33m:[39m[32m"🏋️‍♀️"[39m[33m,[39mweight_lifting_man[33m:[39m[32m"🏋"[39m[33m,[39mbiking_woman[33m:[39m[32m"🚴‍♀️"[39m[33m,[39mbiking_man[33m:[39m[32m"🚴"[39m[33m,[39mmountain_biking_woman[33m:[39m[32m"🚵‍♀️"[39m[33m,[39mmountain_biking_man[33m:[39m[32m"🚵"[39m[33m,[39mhorse_racing[33m:[39m[32m"🏇"[39m[33m,[39mbusiness_suit_levitating[33m:[39m[32m"🕴"[39m[33m,[39mtrophy[33m:[39m[32m"🏆"[39m[33m,[39mrunning_shirt_with_sash[33m:[39m[32m"🎽"[39m[33m,[39mmedal_sports[33m:[39m[32m"🏅"[39m[33m,[39mmedal_military[33m:[39m[32m"🎖"[39m[33m,[39m[32m"1st_place_medal"[39m[33m:[39m[32m"🥇"[39m[33m,[39m[32m"2nd_place_medal"[39m[33m:[39m[32m"🥈"[39m[33m,[39m[32m"3rd_place_medal"[39m[33m:[39m[32m"🥉"[39m[33m,[39mreminder_ribbon[33m:[39m[32m"🎗"[39m[33m,[39mrosette[33m:[39m[32m"🏵"[39m[33m,[39mticket[33m:[39m[32m"🎫"[39m[33m,[39mtickets[33m:[39m[32m"🎟"[39m[33m,[39mperforming_arts[33m:[39m[32m"🎭"[39m[33m,[39mart[33m:[39m[32m"🎨"[39m[33m,[39mcircus_tent[33m:[39m[32m"🎪"[39m[33m,[39mwoman_juggling[33m:[39m[32m"🤹‍♀️"[39m[33m,[39mman_juggling[33m:[39m[32m"🤹‍♂️"[39m[33m,[39mmicrophone[33m:[39m[32m"🎤"[39m[33m,[39mheadphones[33m:[39m[32m"🎧"[39m[33m,[39mmusical_score[33m:[39m[32m"🎼"[39m[33m,[39mmusical_keyboard[33m:[39m[32m"🎹"[39m[33m,[39mdrum[33m:[39m[32m"🥁"[39m[33m,[39msaxophone[33m:[39m[32m"🎷"[39m[33m,[39mtrumpet[33m:[39m[32m"🎺"[39m[33m,[39mguitar[33m:[39m[32m"🎸"[39m[33m,[39mviolin[33m:[39m[32m"🎻"[39m[33m,[39mclapper[33m:[39m[32m"🎬"[39m[33m,[39mvideo_game[33m:[39m[32m"🎮"[39m[33m,[39mspace_invader[33m:[39m[32m"👾"[39m[33m,[39mdart[33m:[39m[32m"🎯"[39m[33m,[39mgame_die[33m:[39m[32m"🎲"[39m[33m,[39mchess_pawn[33m:[39m[32m"♟"[39m[33m,[39mslot_machine[33m:[39m[32m"🎰"[39m[33m,[39mjigsaw[33m:[39m[32m"🧩"[39m[33m,[39mbowling[33m:[39m[32m"🎳"[39m[33m,[39mred_car[33m:[39m[32m"🚗"[39m[33m,[39mtaxi[33m:[39m[32m"🚕"[39m[33m,[39mblue_car[33m:[39m[32m"🚙"[39m[33m,[39mbus[33m:[39m[32m"🚌"[39m[33m,[39mtrolleybus[33m:[39m[32m"🚎"[39m[33m,[39mracing_car[33m:[39m[32m"🏎"[39m[33m,[39mpolice_car[33m:[39m[32m"🚓"[39m[33m,[39mambulance[33m:[39m[32m"🚑"[39m[33m,[39mfire_engine[33m:[39m[32m"🚒"[39m[33m,[39mminibus[33m:[39m[32m"🚐"[39m[33m,[39mtruck[33m:[39m[32m"🚚"[39m[33m,[39marticulated_lorry[33m:[39m[32m"🚛"[39m[33m,[39mtractor[33m:[39m[32m"🚜"[39m[33m,[39mkick_scooter[33m:[39m[32m"🛴"[39m[33m,[39mmotorcycle[33m:[39m[32m"🏍"[39m[33m,[39mbike[33m:[39m[32m"🚲"[39m[33m,[39mmotor_scooter[33m:[39m[32m"🛵"[39m[33m,[39mrotating_light[33m:[39m[32m"🚨"[39m[33m,[39moncoming_police_car[33m:[39m[32m"🚔"[39m[33m,[39moncoming_bus[33m:[39m[32m"🚍"[39m[33m,[39moncoming_automobile[33m:[39m[32m"🚘"[39m[33m,[39moncoming_taxi[33m:[39m[32m"🚖"[39m[33m,[39maerial_tramway[33m:[39m[32m"🚡"[39m[33m,[39mmountain_cableway[33m:[39m[32m"🚠"[39m[33m,[39msuspension_railway[33m:[39m[32m"🚟"[39m[33m,[39mrailway_car[33m:[39m[32m"🚃"[39m[33m,[39mtrain[33m:[39m[32m"🚋"[39m[33m,[39mmonorail[33m:[39m[32m"🚝"[39m[33m,[39mbullettrain_side[33m:[39m[32m"🚄"[39m[33m,[39mbullettrain_front[33m:[39m[32m"🚅"[39m[33m,[39mlight_rail[33m:[39m[32m"🚈"[39m[33m,[39mmountain_railway[33m:[39m[32m"🚞"[39m[33m,[39msteam_locomotive[33m:[39m[32m"🚂"[39m[33m,[39mtrain2[33m:[39m[32m"🚆"[39m[33m,[39mmetro[33m:[39m[32m"🚇"[39m[33m,[39mtram[33m:[39m[32m"🚊"[39m[33m,[39mstation[33m:[39m[32m"🚉"[39m[33m,[39mflying_saucer[33m:[39m[32m"🛸"[39m[33m,[39mhelicopter[33m:[39m[32m"🚁"[39m[33m,[39msmall_airplane[33m:[39m[32m"🛩"[39m[33m,[39mairplane[33m:[39m[32m"✈️"[39m[33m,[39mflight_departure[33m:[39m[32m"🛫"[39m[33m,[39mflight_arrival[33m:[39m[32m"🛬"[39m[33m,[39msailboat[33m:[39m[32m"⛵"[39m[33m,[39mmotor_boat[33m:[39m[32m"🛥"[39m[33m,[39mspeedboat[33m:[39m[32m"🚤"[39m[33m,[39mferry[33m:[39m[32m"⛴"[39m[33m,[39mpassenger_ship[33m:[39m[32m"🛳"[39m[33m,[39mrocket[33m:[39m[32m"🚀"[39m[33m,[39martificial_satellite[33m:[39m[32m"🛰"[39m[33m,[39mseat[33m:[39m[32m"💺"[39m[33m,[39mcanoe[33m:[39m[32m"🛶"[39m[33m,[39manchor[33m:[39m[32m"⚓"[39m[33m,[39mconstruction[33m:[39m[32m"🚧"[39m[33m,[39mfuelpump[33m:[39m[32m"⛽"[39m[33m,[39mbusstop[33m:[39m[32m"🚏"[39m[33m,[39mvertical_traffic_light[33m:[39m[32m"🚦"[39m[33m,[39mtraffic_light[33m:[39m[32m"🚥"[39m[33m,[39mcheckered_flag[33m:[39m[32m"🏁"[39m[33m,[39mship[33m:[39m[32m"🚢"[39m[33m,[39mferris_wheel[33m:[39m[32m"🎡"[39m[33m,[39mroller_coaster[33m:[39m[32m"🎢"[39m[33m,[39mcarousel_horse[33m:[39m[32m"🎠"[39m[33m,[39mbuilding_construction[33m:[39m[32m"🏗"[39m[33m,[39mfoggy[33m:[39m[32m"🌁"[39m[33m,[39mtokyo_tower[33m:[39m[32m"🗼"[39m[33m,[39mfactory[33m:[39m[32m"🏭"[39m[33m,[39mfountain[33m:[39m[32m"⛲"[39m[33m,[39mrice_scene[33m:[39m[32m"🎑"[39m[33m,[39mmountain[33m:[39m[32m"⛰"[39m[33m,[39mmountain_snow[33m:[39m[32m"🏔"[39m[33m,[39mmount_fuji[33m:[39m[32m"🗻"[39m[33m,[39mvolcano[33m:[39m[32m"🌋"[39m[33m,[39mjapan[33m:[39m[32m"🗾"[39m[33m,[39mcamping[33m:[39m[32m"🏕"[39m[33m,[39mtent[33m:[39m[32m"⛺"[39m[33m,[39mnational_park[33m:[39m[32m"🏞"[39m[33m,[39mmotorway[33m:[39m[32m"🛣"[39m[33m,[39mrailway_track[33m:[39m[32m"🛤"[39m[33m,[39msunrise[33m:[39m[32m"🌅"[39m[33m,[39msunrise_over_mountains[33m:[39m[32m"🌄"[39m[33m,[39mdesert[33m:[39m[32m"🏜"[39m[33m,[39mbeach_umbrella[33m:[39m[32m"🏖"[39m[33m,[39mdesert_island[33m:[39m[32m"🏝"[39m[33m,[39mcity_sunrise[33m:[39m[32m"🌇"[39m[33m,[39mcity_sunset[33m:[39m[32m"🌆"[39m[33m,[39mcityscape[33m:[39m[32m"🏙"[39m[33m,[39mnight_with_stars[33m:[39m[32m"🌃"[39m[33m,[39mbridge_at_night[33m:[39m[32m"🌉"[39m[33m,[39mmilky_way[33m:[39m[32m"🌌"[39m[33m,[39mstars[33m:[39m[32m"🌠"[39m[33m,[39msparkler[33m:[39m[32m"🎇"[39m[33m,[39mfireworks[33m:[39m[32m"🎆"[39m[33m,[39mrainbow[33m:[39m[32m"🌈"[39m[33m,[39mhouses[33m:[39m[32m"🏘"[39m[33m,[39meuropean_castle[33m:[39m[32m"🏰"[39m[33m,[39mjapanese_castle[33m:[39m[32m"🏯"[39m[33m,[39mstadium[33m:[39m[32m"🏟"[39m[33m,[39mstatue_of_liberty[33m:[39m[32m"🗽"[39m[33m,[39mhouse[33m:[39m[32m"🏠"[39m[33m,[39mhouse_with_garden[33m:[39m[32m"🏡"[39m[33m,[39mderelict_house[33m:[39m[32m"🏚"[39m[33m,[39moffice[33m:[39m[32m"🏢"[39m[33m,[39mdepartment_store[33m:[39m[32m"🏬"[39m[33m,[39mpost_office[33m:[39m[32m"🏣"[39m[33m,[39meuropean_post_office[33m:[39m[32m"🏤"[39m[33m,[39mhospital[33m:[39m[32m"🏥"[39m[33m,[39mbank[33m:[39m[32m"🏦"[39m[33m,[39mhotel[33m:[39m[32m"🏨"[39m[33m,[39mconvenience_store[33m:[39m[32m"🏪"[39m[33m,[39mschool[33m:[39m[32m"🏫"[39m[33m,[39mlove_hotel[33m:[39m[32m"🏩"[39m[33m,[39mwedding[33m:[39m[32m"💒"[39m[33m,[39mclassical_building[33m:[39m[32m"🏛"[39m[33m,[39mchurch[33m:[39m[32m"⛪"[39m[33m,[39mmosque[33m:[39m[32m"🕌"[39m[33m,[39msynagogue[33m:[39m[32m"🕍"[39m[33m,[39mkaaba[33m:[39m[32m"🕋"[39m[33m,[39mshinto_shrine[33m:[39m[32m"⛩"[39m[33m,[39mwatch[33m:[39m[32m"⌚"[39m[33m,[39miphone[33m:[39m[32m"📱"[39m[33m,[39mcalling[33m:[39m[32m"📲"[39m[33m,[39mcomputer[33m:[39m[32m"💻"[39m[33m,[39mkeyboard[33m:[39m[32m"⌨"[39m[33m,[39mdesktop_computer[33m:[39m[32m"🖥"[39m[33m,[39mprinter[33m:[39m[32m"🖨"[39m[33m,[39mcomputer_mouse[33m:[39m[32m"🖱"[39m[33m,[39mtrackball[33m:[39m[32m"🖲"[39m[33m,[39mjoystick[33m:[39m[32m"🕹"[39m[33m,[39mclamp[33m:[39m[32m"🗜"[39m[33m,[39mminidisc[33m:[39m[32m"💽"[39m[33m,[39mfloppy_disk[33m:[39m[32m"💾"[39m[33m,[39mcd[33m:[39m[32m"💿"[39m[33m,[39mdvd[33m:[39m[32m"📀"[39m[33m,[39mvhs[33m:[39m[32m"📼"[39m[33m,[39mcamera[33m:[39m[32m"📷"[39m[33m,[39mcamera_flash[33m:[39m[32m"📸"[39m[33m,[39mvideo_camera[33m:[39m[32m"📹"[39m[33m,[39mmovie_camera[33m:[39m[32m"🎥"[39m[33m,[39mfilm_projector[33m:[39m[32m"📽"[39m[33m,[39mfilm_strip[33m:[39m[32m"🎞"[39m[33m,[39mtelephone_receiver[33m:[39m[32m"📞"[39m[33m,[39mphone[33m:[39m[32m"☎️"[39m[33m,[39mpager[33m:[39m[32m"📟"[39m[33m,[39mfax[33m:[39m[32m"📠"[39m[33m,[39mtv[33m:[39m[32m"📺"[39m[33m,[39mradio[33m:[39m[32m"📻"[39m[33m,[39mstudio_microphone[33m:[39m[32m"🎙"[39m[33m,[39mlevel_slider[33m:[39m[32m"🎚"[39m[33m,[39mcontrol_knobs[33m:[39m[32m"🎛"[39m[33m,[39mcompass[33m:[39m[32m"🧭"[39m[33m,[39mstopwatch[33m:[39m[32m"⏱"[39m[33m,[39mtimer_clock[33m:[39m[32m"⏲"[39m[33m,[39malarm_clock[33m:[39m[32m"⏰"[39m[33m,[39mmantelpiece_clock[33m:[39m[32m"🕰"[39m[33m,[39mhourglass_flowing_sand[33m:[39m[32m"⏳"[39m[33m,[39mhourglass[33m:[39m[32m"⌛"[39m[33m,[39msatellite[33m:[39m[32m"📡"[39m[33m,[39mbattery[33m:[39m[32m"🔋"[39m[33m,[39melectric_plug[33m:[39m[32m"🔌"[39m[33m,[39mbulb[33m:[39m[32m"💡"[39m[33m,[39mflashlight[33m:[39m[32m"🔦"[39m[33m,[39mcandle[33m:[39m[32m"🕯"[39m[33m,[39mfire_extinguisher[33m:[39m[32m"🧯"[39m[33m,[39mwastebasket[33m:[39m[32m"🗑"[39m[33m,[39moil_drum[33m:[39m[32m"🛢"[39m[33m,[39mmoney_with_wings[33m:[39m[32m"💸"[39m[33m,[39mdollar[33m:[39m[32m"💵"[39m[33m,[39myen[33m:[39m[32m"💴"[39m[33m,[39meuro[33m:[39m[32m"💶"[39m[33m,[39mpound[33m:[39m[32m"💷"[39m[33m,[39mmoneybag[33m:[39m[32m"💰"[39m[33m,[39mcredit_card[33m:[39m[32m"💳"[39m[33m,[39mgem[33m:[39m[32m"💎"[39m[33m,[39mbalance_scale[33m:[39m[32m"⚖"[39m[33m,[39mtoolbox[33m:[39m[32m"🧰"[39m[33m,[39mwrench[33m:[39m[32m"🔧"[39m[33m,[39mhammer[33m:[39m[32m"🔨"[39m[33m,[39mhammer_and_pick[33m:[39m[32m"⚒"[39m[33m,[39mhammer_and_wrench[33m:[39m[32m"🛠"[39m[33m,[39mpick[33m:[39m[32m"⛏"[39m[33m,[39mnut_and_bolt[33m:[39m[32m"🔩"[39m[33m,[39mgear[33m:[39m[32m"⚙"[39m[33m,[39mbrick[33m:[39m[32m"🧱"[39m[33m,[39mchains[33m:[39m[32m"⛓"[39m[33m,[39mmagnet[33m:[39m[32m"🧲"[39m[33m,[39mgun[33m:[39m[32m"🔫"[39m[33m,[39mbomb[33m:[39m[32m"💣"[39m[33m,[39mfirecracker[33m:[39m[32m"🧨"[39m[33m,[39mhocho[33m:[39m[32m"🔪"[39m[33m,[39mdagger[33m:[39m[32m"🗡"[39m[33m,[39mcrossed_swords[33m:[39m[32m"⚔"[39m[33m,[39mshield[33m:[39m[32m"🛡"[39m[33m,[39msmoking[33m:[39m[32m"🚬"[39m[33m,[39mskull_and_crossbones[33m:[39m[32m"☠"[39m[33m,[39mcoffin[33m:[39m[32m"⚰"[39m[33m,[39mfuneral_urn[33m:[39m[32m"⚱"[39m[33m,[39mamphora[33m:[39m[32m"🏺"[39m[33m,[39mcrystal_ball[33m:[39m[32m"🔮"[39m[33m,[39mprayer_beads[33m:[39m[32m"📿"[39m[33m,[39mnazar_amulet[33m:[39m[32m"🧿"[39m[33m,[39mbarber[33m:[39m[32m"💈"[39m[33m,[39malembic[33m:[39m[32m"⚗"[39m[33m,[39mtelescope[33m:[39m[32m"🔭"[39m[33m,[39mmicroscope[33m:[39m[32m"🔬"[39m[33m,[39mhole[33m:[39m[32m"🕳"[39m[33m,[39mpill[33m:[39m[32m"💊"[39m[33m,[39msyringe[33m:[39m[32m"💉"[39m[33m,[39mdna[33m:[39m[32m"🧬"[39m[33m,[39mmicrobe[33m:[39m[32m"🦠"[39m[33m,[39mpetri_dish[33m:[39m[32m"🧫"[39m[33m,[39mtest_tube[33m:[39m[32m"🧪"[39m[33m,[39mthermometer[33m:[39m[32m"🌡"[39m[33m,[39mbroom[33m:[39m[32m"🧹"[39m[33m,[39mbasket[33m:[39m[32m"🧺"[39m[33m,[39mtoilet_paper[33m:[39m[32m"🧻"[39m[33m,[39mlabel[33m:[39m[32m"🏷"[39m[33m,[39mbookmark[33m:[39m[32m"🔖"[39m[33m,[39mtoilet[33m:[39m[32m"🚽"[39m[33m,[39mshower[33m:[39m[32m"🚿"[39m[33m,[39mbathtub[33m:[39m[32m"🛁"[39m[33m,[39msoap[33m:[39m[32m"🧼"[39m[33m,[39msponge[33m:[39m[32m"🧽"[39m[33m,[39mlotion_bottle[33m:[39m[32m"🧴"[39m[33m,[39mkey[33m:[39m[32m"🔑"[39m[33m,[39mold_key[33m:[39m[32m"🗝"[39m[33m,[39mcouch_and_lamp[33m:[39m[32m"🛋"[39m[33m,[39msleeping_bed[33m:[39m[32m"🛌"[39m[33m,[39mbed[33m:[39m[32m"🛏"[39m[33m,[39mdoor[33m:[39m[32m"🚪"[39m[33m,[39mbellhop_bell[33m:[39m[32m"🛎"[39m[33m,[39mteddy_bear[33m:[39m[32m"🧸"[39m[33m,[39mframed_picture[33m:[39m[32m"🖼"[39m[33m,[39mworld_map[33m:[39m[32m"🗺"[39m[33m,[39mparasol_on_ground[33m:[39m[32m"⛱"[39m[33m,[39mmoyai[33m:[39m[32m"🗿"[39m[33m,[39mshopping[33m:[39m[32m"🛍"[39m[33m,[39mshopping_cart[33m:[39m[32m"🛒"[39m[33m,[39mballoon[33m:[39m[32m"🎈"[39m[33m,[39mflags[33m:[39m[32m"🎏"[39m[33m,[39mribbon[33m:[39m[32m"🎀"[39m[33m,[39mgift[33m:[39m[32m"🎁"[39m[33m,[39mconfetti_ball[33m:[39m[32m"🎊"[39m[33m,[39mtada[33m:[39m[32m"🎉"[39m[33m,[39mdolls[33m:[39m[32m"🎎"[39m[33m,[39mwind_chime[33m:[39m[32m"🎐"[39m[33m,[39mcrossed_flags[33m:[39m[32m"🎌"[39m[33m,[39mizakaya_lantern[33m:[39m[32m"🏮"[39m[33m,[39mred_envelope[33m:[39m[32m"🧧"[39m[33m,[39memail[33m:[39m[32m"✉️"[39m[33m,[39menvelope_with_arrow[33m:[39m[32m"📩"[39m[33m,[39mincoming_envelope[33m:[39m[32m"📨"[39m[33m,[39m[32m"e-mail"[39m[33m:[39m[32m"📧"[39m[33m,[39mlove_letter[33m:[39m[32m"💌"[39m[33m,[39mpostbox[33m:[39m[32m"📮"[39m[33m,[39mmailbox_closed[33m:[39m[32m"📪"[39m[33m,[39mmailbox[33m:[39m[32m"📫"[39m[33m,[39mmailbox_with_mail[33m:[39m[32m"📬"[39m[33m,[39mmailbox_with_no_mail[33m:[39m[32m"📭"[39m[33m,[39m[36mpackage[39m[33m:[39m[32m"📦"[39m[33m,[39mpostal_horn[33m:[39m[32m"📯"[39m[33m,[39minbox_tray[33m:[39m[32m"📥"[39m[33m,[39moutbox_tray[33m:[39m[32m"📤"[39m[33m,[39mscroll[33m:[39m[32m"📜"[39m[33m,[39mpage_with_curl[33m:[39m[32m"📃"[39m[33m,[39mbookmark_tabs[33m:[39m[32m"📑"[39m[33m,[39mreceipt[33m:[39m[32m"🧾"[39m[33m,[39mbar_chart[33m:[39m[32m"📊"[39m[33m,[39mchart_with_upwards_trend[33m:[39m[32m"📈"[39m[33m,[39mchart_with_downwards_trend[33m:[39m[32m"📉"[39m[33m,[39mpage_facing_up[33m:[39m[32m"📄"[39m[33m,[39mdate[33m:[39m[32m"📅"[39m[33m,[39mcalendar[33m:[39m[32m"📆"[39m[33m,[39mspiral_calendar[33m:[39m[32m"🗓"[39m[33m,[39mcard_index[33m:[39m[32m"📇"[39m[33m,[39mcard_file_box[33m:[39m[32m"🗃"[39m[33m,[39mballot_box[33m:[39m[32m"🗳"[39m[33m,[39mfile_cabinet[33m:[39m[32m"🗄"[39m[33m,[39mclipboard[33m:[39m[32m"📋"[39m[33m,[39mspiral_notepad[33m:[39m[32m"🗒"[39m[33m,[39mfile_folder[33m:[39m[32m"📁"[39m[33m,[39mopen_file_folder[33m:[39m[32m"📂"[39m[33m,[39mcard_index_dividers[33m:[39m[32m"🗂"[39m[33m,[39mnewspaper_roll[33m:[39m[32m"🗞"[39m[33m,[39mnewspaper[33m:[39m[32m"📰"[39m[33m,[39mnotebook[33m:[39m[32m"📓"[39m[33m,[39mclosed_book[33m:[39m[32m"📕"[39m[33m,[39mgreen_book[33m:[39m[32m"📗"[39m[33m,[39mblue_book[33m:[39m[32m"📘"[39m[33m,[39morange_book[33m:[39m[32m"📙"[39m[33m,[39mnotebook_with_decorative_cover[33m:[39m[32m"📔"[39m[33m,[39mledger[33m:[39m[32m"📒"[39m[33m,[39mbooks[33m:[39m[32m"📚"[39m[33m,[39mopen_book[33m:[39m[32m"📖"[39m[33m,[39msafety_pin[33m:[39m[32m"🧷"[39m[33m,[39mlink[33m:[39m[32m"🔗"[39m[33m,[39mpaperclip[33m:[39m[32m"📎"[39m[33m,[39mpaperclips[33m:[39m[32m"🖇"[39m[33m,[39mscissors[33m:[39m[32m"✂️"[39m[33m,[39mtriangular_ruler[33m:[39m[32m"📐"[39m[33m,[39mstraight_ruler[33m:[39m[32m"📏"[39m[33m,[39mabacus[33m:[39m[32m"🧮"[39m[33m,[39mpushpin[33m:[39m[32m"📌"[39m[33m,[39mround_pushpin[33m:[39m[32m"📍"[39m[33m,[39mtriangular_flag_on_post[33m:[39m[32m"🚩"[39m[33m,[39mwhite_flag[33m:[39m[32m"🏳"[39m[33m,[39mblack_flag[33m:[39m[32m"🏴"[39m[33m,[39mrainbow_flag[33m:[39m[32m"🏳️‍🌈"[39m[33m,[39mclosed_lock_with_key[33m:[39m[32m"🔐"[39m[33m,[39mlock[33m:[39m[32m"🔒"[39m[33m,[39munlock[33m:[39m[32m"🔓"[39m[33m,[39mlock_with_ink_pen[33m:[39m[32m"🔏"[39m[33m,[39mpen[33m:[39m[32m"🖊"[39m[33m,[39mfountain_pen[33m:[39m[32m"🖋"[39m[33m,[39mblack_nib[33m:[39m[32m"✒️"[39m[33m,[39mmemo[33m:[39m[32m"📝"[39m[33m,[39mpencil2[33m:[39m[32m"✏️"[39m[33m,[39mcrayon[33m:[39m[32m"🖍"[39m[33m,[39mpaintbrush[33m:[39m[32m"🖌"[39m[33m,[39mmag[33m:[39m[32m"🔍"[39m[33m,[39mmag_right[33m:[39m[32m"🔎"[39m[33m,[39mheart[33m:[39m[32m"❤️"[39m[33m,[39morange_heart[33m:[39m[32m"🧡"[39m[33m,[39myellow_heart[33m:[39m[32m"💛"[39m[33m,[39mgreen_heart[33m:[39m[32m"💚"[39m[33m,[39mblue_heart[33m:[39m[32m"💙"[39m[33m,[39mpurple_heart[33m:[39m[32m"💜"[39m[33m,[39mblack_heart[33m:[39m[32m"🖤"[39m[33m,[39mbroken_heart[33m:[39m[32m"💔"[39m[33m,[39mheavy_heart_exclamation[33m:[39m[32m"❣"[39m[33m,[39mtwo_hearts[33m:[39m[32m"💕"[39m[33m,[39mrevolving_hearts[33m:[39m[32m"💞"[39m[33m,[39mheartbeat[33m:[39m[32m"💓"[39m[33m,[39mheartpulse[33m:[39m[32m"💗"[39m[33m,[39msparkling_heart[33m:[39m[32m"💖"[39m[33m,[39mcupid[33m:[39m[32m"💘"[39m[33m,[39mgift_heart[33m:[39m[32m"💝"[39m[33m,[39mheart_decoration[33m:[39m[32m"💟"[39m[33m,[39mpeace_symbol[33m:[39m[32m"☮"[39m[33m,[39mlatin_cross[33m:[39m[32m"✝"[39m[33m,[39mstar_and_crescent[33m:[39m[32m"☪"[39m[33m,[39mom[33m:[39m[32m"🕉"[39m[33m,[39mwheel_of_dharma[33m:[39m[32m"☸"[39m[33m,[39mstar_of_david[33m:[39m[32m"✡"[39m[33m,[39msix_pointed_star[33m:[39m[32m"🔯"[39m[33m,[39mmenorah[33m:[39m[32m"🕎"[39m[33m,[39myin_yang[33m:[39m[32m"☯"[39m[33m,[39morthodox_cross[33m:[39m[32m"☦"[39m[33m,[39mplace_of_worship[33m:[39m[32m"🛐"[39m[33m,[39mophiuchus[33m:[39m[32m"⛎"[39m[33m,[39maries[33m:[39m[32m"♈"[39m[33m,[39mtaurus[33m:[39m[32m"♉"[39m[33m,[39mgemini[33m:[39m[32m"♊"[39m[33m,[39mcancer[33m:[39m[32m"♋"[39m[33m,[39mleo[33m:[39m[32m"♌"[39m[33m,[39mvirgo[33m:[39m[32m"♍"[39m[33m,[39mlibra[33m:[39m[32m"♎"[39m[33m,[39mscorpius[33m:[39m[32m"♏"[39m[33m,[39msagittarius[33m:[39m[32m"♐"[39m[33m,[39mcapricorn[33m:[39m[32m"♑"[39m[33m,[39maquarius[33m:[39m[32m"♒"[39m[33m,[39mpisces[33m:[39m[32m"♓"[39m[33m,[39mid[33m:[39m[32m"🆔"[39m[33m,[39matom_symbol[33m:[39m[32m"⚛"[39m[33m,[39mu7a7a[33m:[39m[32m"🈳"[39m[33m,[39mu5272[33m:[39m[32m"🈹"[39m[33m,[39mradioactive[33m:[39m[32m"☢"[39m[33m,[39mbiohazard[33m:[39m[32m"☣"[39m[33m,[39mmobile_phone_off[33m:[39m[32m"📴"[39m[33m,[39mvibration_mode[33m:[39m[32m"📳"[39m[33m,[39mu6709[33m:[39m[32m"🈶"[39m[33m,[39mu7121[33m:[39m[32m"🈚"[39m[33m,[39mu7533[33m:[39m[32m"🈸"[39m[33m,[39mu55b6[33m:[39m[32m"🈺"[39m[33m,[39mu6708[33m:[39m[32m"🈷️"[39m[33m,[39meight_pointed_black_star[33m:[39m[32m"✴️"[39m[33m,[39mvs[33m:[39m[32m"🆚"[39m[33m,[39maccept[33m:[39m[32m"🉑"[39m[33m,[39mwhite_flower[33m:[39m[32m"💮"[39m[33m,[39mideograph_advantage[33m:[39m[32m"🉐"[39m[33m,[39msecret[33m:[39m[32m"㊙️"[39m[33m,[39mcongratulations[33m:[39m[32m"㊗️"[39m[33m,[39mu5408[33m:[39m[32m"🈴"[39m[33m,[39mu6e80[33m:[39m[32m"🈵"[39m[33m,[39mu7981[33m:[39m[32m"🈲"[39m[33m,[39ma[33m:[39m[32m"🅰️"[39m[33m,[39mb[33m:[39m[32m"🅱️"[39m[33m,[39mab[33m:[39m[32m"🆎"[39m[33m,[39mcl[33m:[39m[32m"🆑"[39m[33m,[39mo2[33m:[39m[32m"🅾️"[39m[33m,[39msos[33m:[39m[32m"🆘"[39m[33m,[39mno_entry[33m:[39m[32m"⛔"[39m[33m,[39mname_badge[33m:[39m[32m"📛"[39m[33m,[39mno_entry_sign[33m:[39m[32m"🚫"[39m[33m,[39mx[33m:[39m[32m"❌"[39m[33m,[39mo[33m:[39m[32m"⭕"[39m[33m,[39mstop_sign[33m:[39m[32m"🛑"[39m[33m,[39manger[33m:[39m[32m"💢"[39m[33m,[39mhotsprings[33m:[39m[32m"♨️"[39m[33m,[39mno_pedestrians[33m:[39m[32m"🚷"[39m[33m,[39mdo_not_litter[33m:[39m[32m"🚯"[39m[33m,[39mno_bicycles[33m:[39m[32m"🚳"[39m[33m,[39m[32m"non-potable_water"[39m[33m:[39m[32m"🚱"[39m[33m,[39munderage[33m:[39m[32m"🔞"[39m[33m,[39mno_mobile_phones[33m:[39m[32m"📵"[39m[33m,[39mexclamation[33m:[39m[32m"❗"[39m[33m,[39mgrey_exclamation[33m:[39m[32m"❕"[39m[33m,[39mquestion[33m:[39m[32m"❓"[39m[33m,[39mgrey_question[33m:[39m[32m"❔"[39m[33m,[39mbangbang[33m:[39m[32m"‼️"[39m[33m,[39minterrobang[33m:[39m[32m"⁉️"[39m[33m,[39mlow_brightness[33m:[39m[32m"🔅"[39m[33m,[39mhigh_brightness[33m:[39m[32m"🔆"[39m[33m,[39mtrident[33m:[39m[32m"🔱"[39m[33m,[39mfleur_de_lis[33m:[39m[32m"⚜"[39m[33m,[39mpart_alternation_mark[33m:[39m[32m"〽️"[39m[33m,[39mwarning[33m:[39m[32m"⚠️"[39m[33m,[39mchildren_crossing[33m:[39m[32m"🚸"[39m[33m,[39mbeginner[33m:[39m[32m"🔰"[39m[33m,[39mrecycle[33m:[39m[32m"♻️"[39m[33m,[39mu6307[33m:[39m[32m"🈯"[39m[33m,[39mchart[33m:[39m[32m"💹"[39m[33m,[39msparkle[33m:[39m[32m"❇️"[39m[33m,[39meight_spoked_asterisk[33m:[39m[32m"✳️"[39m[33m,[39mnegative_squared_cross_mark[33m:[39m[32m"❎"[39m[33m,[39mwhite_check_mark[33m:[39m[32m"✅"[39m[33m,[39mdiamond_shape_with_a_dot_inside[33m:[39m[32m"💠"[39m[33m,[39mcyclone[33m:[39m[32m"🌀"[39m[33m,[39mloop[33m:[39m[32m"➿"[39m[33m,[39mglobe_with_meridians[33m:[39m[32m"🌐"[39m[33m,[39mm[33m:[39m[32m"Ⓜ️"[39m[33m,[39matm[33m:[39m[32m"🏧"[39m[33m,[39msa[33m:[39m[32m"🈂️"[39m[33m,[39mpassport_control[33m:[39m[32m"🛂"[39m[33m,[39mcustoms[33m:[39m[32m"🛃"[39m[33m,[39mbaggage_claim[33m:[39m[32m"🛄"[39m[33m,[39mleft_luggage[33m:[39m[32m"🛅"[39m[33m,[39mwheelchair[33m:[39m[32m"♿"[39m[33m,[39mno_smoking[33m:[39m[32m"🚭"[39m[33m,[39mwc[33m:[39m[32m"🚾"[39m[33m,[39mparking[33m:[39m[32m"🅿️"[39m[33m,[39mpotable_water[33m:[39m[32m"🚰"[39m[33m,[39mmens[33m:[39m[32m"🚹"[39m[33m,[39mwomens[33m:[39m[32m"🚺"[39m[33m,[39mbaby_symbol[33m:[39m[32m"🚼"[39m[33m,[39mrestroom[33m:[39m[32m"🚻"[39m[33m,[39mput_litter_in_its_place[33m:[39m[32m"🚮"[39m[33m,[39mcinema[33m:[39m[32m"🎦"[39m[33m,[39msignal_strength[33m:[39m[32m"📶"[39m[33m,[39mkoko[33m:[39m[32m"🈁"[39m[33m,[39mng[33m:[39m[32m"🆖"[39m[33m,[39mok[33m:[39m[32m"🆗"[39m[33m,[39mup[33m:[39m[32m"🆙"[39m[33m,[39mcool[33m:[39m[32m"🆒"[39m[33m,[39m[36mnew[39m[33m:[39m[32m"🆕"[39m[33m,[39mfree[33m:[39m[32m"🆓"[39m[33m,[39mzero[33m:[39m[32m"0️⃣"[39m[33m,[39mone[33m:[39m[32m"1️⃣"[39m[33m,[39mtwo[33m:[39m[32m"2️⃣"[39m[33m,[39mthree[33m:[39m[32m"3️⃣"[39m[33m,[39mfour[33m:[39m[32m"4️⃣"[39m[33m,[39mfive[33m:[39m[32m"5️⃣"[39m[33m,[39msix[33m:[39m[32m"6️⃣"[39m[33m,[39mseven[33m:[39m[32m"7️⃣"[39m[33m,[39meight[33m:[39m[32m"8️⃣"[39m[33m,[39mnine[33m:[39m[32m"9️⃣"[39m[33m,[39mkeycap_ten[33m:[39m[32m"🔟"[39m[33m,[39masterisk[33m:[39m[32m"*⃣"[39m[33m,[39meject_button[33m:[39m[32m"⏏️"[39m[33m,[39marrow_forward[33m:[39m[32m"▶️"[39m[33m,[39mpause_button[33m:[39m[32m"⏸"[39m[33m,[39mnext_track_button[33m:[39m[32m"⏭"[39m[33m,[39mstop_button[33m:[39m[32m"⏹"[39m[33m,[39mrecord_button[33m:[39m[32m"⏺"[39m[33m,[39mplay_or_pause_button[33m:[39m[32m"⏯"[39m[33m,[39mprevious_track_button[33m:[39m[32m"⏮"[39m[33m,[39mfast_forward[33m:[39m[32m"⏩"[39m[33m,[39mrewind[33m:[39m[32m"⏪"[39m[33m,[39mtwisted_rightwards_arrows[33m:[39m[32m"🔀"[39m[33m,[39mrepeat[33m:[39m[32m"🔁"[39m[33m,[39mrepeat_one[33m:[39m[32m"🔂"[39m[33m,[39marrow_backward[33m:[39m[32m"◀️"[39m[33m,[39marrow_up_small[33m:[39m[32m"🔼"[39m[33m,[39marrow_down_small[33m:[39m[32m"🔽"[39m[33m,[39marrow_double_up[33m:[39m[32m"⏫"[39m[33m,[39marrow_double_down[33m:[39m[32m"⏬"[39m[33m,[39marrow_right[33m:[39m[32m"➡️"[39m[33m,[39marrow_left[33m:[39m[32m"⬅️"[39m[33m,[39marrow_up[33m:[39m[32m"⬆️"[39m[33m,[39marrow_down[33m:[39m[32m"⬇️"[39m[33m,[39marrow_upper_right[33m:[39m[32m"↗️"[39m[33m,[39marrow_lower_right[33m:[39m[32m"↘️"[39m[33m,[39marrow_lower_left[33m:[39m[32m"↙️"[39m[33m,[39marrow_upper_left[33m:[39m[32m"↖️"[39m[33m,[39marrow_up_down[33m:[39m[32m"↕️"[39m[33m,[39mleft_right_arrow[33m:[39m[32m"↔️"[39m[33m,[39marrows_counterclockwise[33m:[39m[32m"🔄"[39m[33m,[39marrow_right_hook[33m:[39m[32m"↪️"[39m[33m,[39mleftwards_arrow_with_hook[33m:[39m[32m"↩️"[39m[33m,[39marrow_heading_up[33m:[39m[32m"⤴️"[39m[33m,[39marrow_heading_down[33m:[39m[32m"⤵️"[39m[33m,[39mhash[33m:[39m[32m"#️⃣"[39m[33m,[39minformation_source[33m:[39m[32m"ℹ️"[39m[33m,[39mabc[33m:[39m[32m"🔤"[39m[33m,[39mabcd[33m:[39m[32m"🔡"[39m[33m,[39mcapital_abcd[33m:[39m[32m"🔠"[39m[33m,[39msymbols[33m:[39m[32m"🔣"[39m[33m,[39mmusical_note[33m:[39m[32m"🎵"[39m[33m,[39mnotes[33m:[39m[32m"🎶"[39m[33m,[39mwavy_dash[33m:[39m[32m"〰️"[39m[33m,[39mcurly_loop[33m:[39m[32m"➰"[39m[33m,[39mheavy_check_mark[33m:[39m[32m"✔️"[39m[33m,[39marrows_clockwise[33m:[39m[32m"🔃"[39m[33m,[39mheavy_plus_sign[33m:[39m[32m"➕"[39m[33m,[39mheavy_minus_sign[33m:[39m[32m"➖"[39m[33m,[39mheavy_division_sign[33m:[39m[32m"➗"[39m[33m,[39mheavy_multiplication_x[33m:[39m[32m"✖️"[39m[33m,[39minfinity[33m:[39m[32m"♾"[39m[33m,[39mheavy_dollar_sign[33m:[39m[32m"💲"[39m[33m,[39mcurrency_exchange[33m:[39m[32m"💱"[39m[33m,[39mcopyright[33m:[39m[32m"©️"[39m[33m,[39mregistered[33m:[39m[32m"®️"[39m[33m,[39mtm[33m:[39m[32m"™️"[39m[33m,[39mend[33m:[39m[32m"🔚"[39m[33m,[39mback[33m:[39m[32m"🔙"[39m[33m,[39mon[33m:[39m[32m"🔛"[39m[33m,[39mtop[33m:[39m[32m"🔝"[39m[33m,[39msoon[33m:[39m[32m"🔜"[39m[33m,[39mballot_box_with_check[33m:[39m[32m"☑️"[39m[33m,[39mradio_button[33m:[39m[32m"🔘"[39m[33m,[39mwhite_circle[33m:[39m[32m"⚪"[39m[33m,[39mblack_circle[33m:[39m[32m"⚫"[39m[33m,[39mred_circle[33m:[39m[32m"🔴"[39m[33m,[39mlarge_blue_circle[33m:[39m[32m"🔵"[39m[33m,[39msmall_orange_diamond[33m:[39m[32m"🔸"[39m[33m,[39msmall_blue_diamond[33m:[39m[32m"🔹"[39m[33m,[39mlarge_orange_diamond[33m:[39m[32m"🔶"[39m[33m,[39mlarge_blue_diamond[33m:[39m[32m"🔷"[39m[33m,[39msmall_red_triangle[33m:[39m[32m"🔺"[39m[33m,[39mblack_small_square[33m:[39m[32m"▪️"[39m[33m,[39mwhite_small_square[33m:[39m[32m"▫️"[39m[33m,[39mblack_large_square[33m:[39m[32m"⬛"[39m[33m,[39mwhite_large_square[33m:[39m[32m"⬜"[39m[33m,[39msmall_red_triangle_down[33m:[39m[32m"🔻"[39m[33m,[39mblack_medium_square[33m:[39m[32m"◼️"[39m[33m,[39mwhite_medium_square[33m:[39m[32m"◻️"[39m[33m,[39mblack_medium_small_square[33m:[39m[32m"◾"[39m[33m,[39mwhite_medium_small_square[33m:[39m[32m"◽"[39m[33m,[39mblack_square_button[33m:[39m[32m"🔲"[39m[33m,[39mwhite_square_button[33m:[39m[32m"🔳"[39m[33m,[39mspeaker[33m:[39m[32m"🔈"[39m[33m,[39msound[33m:[39m[32m"🔉"[39m[33m,[39mloud_sound[33m:[39m[32m"🔊"[39m[33m,[39mmute[33m:[39m[32m"🔇"[39m[33m,[39mmega[33m:[39m[32m"📣"[39m[33m,[39mloudspeaker[33m:[39m[32m"📢"[39m[33m,[39mbell[33m:[39m[32m"🔔"[39m[33m,[39mno_bell[33m:[39m[32m"🔕"[39m[33m,[39mblack_joker[33m:[39m[32m"🃏"[39m[33m,[39mmahjong[33m:[39m[32m"🀄"[39m[33m,[39mspades[33m:[39m[32m"♠️"[39m[33m,[39mclubs[33m:[39m[32m"♣️"[39m[33m,[39mhearts[33m:[39m[32m"♥️"[39m[33m,[39mdiamonds[33m:[39m[32m"♦️"[39m[33m,[39mflower_playing_cards[33m:[39m[32m"🎴"[39m[33m,[39mthought_balloon[33m:[39m[32m"💭"[39m[33m,[39mright_anger_bubble[33m:[39m[32m"🗯"[39m[33m,[39mspeech_balloon[33m:[39m[32m"💬"[39m[33m,[39mleft_speech_bubble[33m:[39m[32m"🗨"[39m[33m,[39mclock1[33m:[39m[32m"🕐"[39m[33m,[39mclock2[33m:[39m[32m"🕑"[39m[33m,[39mclock3[33m:[39m[32m"🕒"[39m[33m,[39mclock4[33m:[39m[32m"🕓"[39m[33m,[39mclock5[33m:[39m[32m"🕔"[39m[33m,[39mclock6[33m:[39m[32m"🕕"[39m[33m,[39mclock7[33m:[39m[32m"🕖"[39m[33m,[39mclock8[33m:[39m[32m"🕗"[39m[33m,[39mclock9[33m:[39m[32m"🕘"[39m[33m,[39mclock10[33m:[39m[32m"🕙"[39m[33m,[39mclock11[33m:[39m[32m"🕚"[39m[33m,[39mclock12[33m:[39m[32m"🕛"[39m[33m,[39mclock130[33m:[39m[32m"🕜"[39m[33m,[39mclock230[33m:[39m[32m"🕝"[39m[33m,[39mclock330[33m:[39m[32m"🕞"[39m[33m,[39mclock430[33m:[39m[32m"🕟"[39m[33m,[39mclock530[33m:[39m[32m"🕠"[39m[33m,[39mclock630[33m:[39m[32m"🕡"[39m[33m,[39mclock730[33m:[39m[32m"🕢"[39m[33m,[39mclock830[33m:[39m[32m"🕣"[39m[33m,[39mclock930[33m:[39m[32m"🕤"[39m[33m,[39mclock1030[33m:[39m[32m"🕥"[39m[33m,[39mclock1130[33m:[39m[32m"🕦"[39m[33m,[39mclock1230[33m:[39m[32m"🕧"[39m[33m,[39mafghanistan[33m:[39m[32m"🇦🇫"[39m[33m,[39maland_islands[33m:[39m[32m"🇦🇽"[39m[33m,[39malbania[33m:[39m[32m"🇦🇱"[39m[33m,[39malgeria[33m:[39m[32m"🇩🇿"[39m[33m,[39mamerican_samoa[33m:[39m[32m"🇦🇸"[39m[33m,[39mandorra[33m:[39m[32m"🇦🇩"[39m[33m,[39mangola[33m:[39m[32m"🇦🇴"[39m[33m,[39manguilla[33m:[39m[32m"🇦🇮"[39m[33m,[39mantarctica[33m:[39m[32m"🇦🇶"[39m[33m,[39mantigua_barbuda[33m:[39m[32m"🇦🇬"[39m[33m,[39margentina[33m:[39m[32m"🇦🇷"[39m[33m,[39marmenia[33m:[39m[32m"🇦🇲"[39m[33m,[39maruba[33m:[39m[32m"🇦🇼"[39m[33m,[39maustralia[33m:[39m[32m"🇦🇺"[39m[33m,[39maustria[33m:[39m[32m"🇦🇹"[39m[33m,[39mazerbaijan[33m:[39m[32m"🇦🇿"[39m[33m,[39mbahamas[33m:[39m[32m"🇧🇸"[39m[33m,[39mbahrain[33m:[39m[32m"🇧🇭"[39m[33m,[39mbangladesh[33m:[39m[32m"🇧🇩"[39m[33m,[39mbarbados[33m:[39m[32m"🇧🇧"[39m[33m,[39mbelarus[33m:[39m[32m"🇧🇾"[39m[33m,[39mbelgium[33m:[39m[32m"🇧🇪"[39m[33m,[39mbelize[33m:[39m[32m"🇧🇿"[39m[33m,[39mbenin[33m:[39m[32m"🇧🇯"[39m[33m,[39mbermuda[33m:[39m[32m"🇧🇲"[39m[33m,[39mbhutan[33m:[39m[32m"🇧🇹"[39m[33m,[39mbolivia[33m:[39m[32m"🇧🇴"[39m[33m,[39mcaribbean_netherlands[33m:[39m[32m"🇧🇶"[39m[33m,[39mbosnia_herzegovina[33m:[39m[32m"🇧🇦"[39m[33m,[39mbotswana[33m:[39m[32m"🇧🇼"[39m[33m,[39mbrazil[33m:[39m[32m"🇧🇷"[39m[33m,[39mbritish_indian_ocean_territory[33m:[39m[32m"🇮🇴"[39m[33m,[39mbritish_virgin_islands[33m:[39m[32m"🇻🇬"[39m[33m,[39mbrunei[33m:[39m[32m"🇧🇳"[39m[33m,[39mbulgaria[33m:[39m[32m"🇧🇬"[39m[33m,[39mburkina_faso[33m:[39m[32m"🇧🇫"[39m[33m,[39mburundi[33m:[39m[32m"🇧🇮"[39m[33m,[39mcape_verde[33m:[39m[32m"🇨🇻"[39m[33m,[39mcambodia[33m:[39m[32m"🇰🇭"[39m[33m,[39mcameroon[33m:[39m[32m"🇨🇲"[39m[33m,[39mcanada[33m:[39m[32m"🇨🇦"[39m[33m,[39mcanary_islands[33m:[39m[32m"🇮🇨"[39m[33m,[39mcayman_islands[33m:[39m[32m"🇰🇾"[39m[33m,[39mcentral_african_republic[33m:[39m[32m"🇨🇫"[39m[33m,[39mchad[33m:[39m[32m"🇹🇩"[39m[33m,[39mchile[33m:[39m[32m"🇨🇱"[39m[33m,[39mcn[33m:[39m[32m"🇨🇳"[39m[33m,[39mchristmas_island[33m:[39m[32m"🇨🇽"[39m[33m,[39mcocos_islands[33m:[39m[32m"🇨🇨"[39m[33m,[39mcolombia[33m:[39m[32m"🇨🇴"[39m[33m,[39mcomoros[33m:[39m[32m"🇰🇲"[39m[33m,[39mcongo_brazzaville[33m:[39m[32m"🇨🇬"[39m[33m,[39mcongo_kinshasa[33m:[39m[32m"🇨🇩"[39m[33m,[39mcook_islands[33m:[39m[32m"🇨🇰"[39m[33m,[39mcosta_rica[33m:[39m[32m"🇨🇷"[39m[33m,[39mcroatia[33m:[39m[32m"🇭🇷"[39m[33m,[39mcuba[33m:[39m[32m"🇨🇺"[39m[33m,[39mcuracao[33m:[39m[32m"🇨🇼"[39m[33m,[39mcyprus[33m:[39m[32m"🇨🇾"[39m[33m,[39mczech_republic[33m:[39m[32m"🇨🇿"[39m[33m,[39mdenmark[33m:[39m[32m"🇩🇰"[39m[33m,[39mdjibouti[33m:[39m[32m"🇩🇯"[39m[33m,[39mdominica[33m:[39m[32m"🇩🇲"[39m[33m,[39mdominican_republic[33m:[39m[32m"🇩🇴"[39m[33m,[39mecuador[33m:[39m[32m"🇪🇨"[39m[33m,[39megypt[33m:[39m[32m"🇪🇬"[39m[33m,[39mel_salvador[33m:[39m[32m"🇸🇻"[39m[33m,[39mequatorial_guinea[33m:[39m[32m"🇬🇶"[39m[33m,[39meritrea[33m:[39m[32m"🇪🇷"[39m[33m,[39mestonia[33m:[39m[32m"🇪🇪"[39m[33m,[39methiopia[33m:[39m[32m"🇪🇹"[39m[33m,[39meu[33m:[39m[32m"🇪🇺"[39m[33m,[39mfalkland_islands[33m:[39m[32m"🇫🇰"[39m[33m,[39mfaroe_islands[33m:[39m[32m"🇫🇴"[39m[33m,[39mfiji[33m:[39m[32m"🇫🇯"[39m[33m,[39mfinland[33m:[39m[32m"🇫🇮"[39m[33m,[39mfr[33m:[39m[32m"🇫🇷"[39m[33m,[39mfrench_guiana[33m:[39m[32m"🇬🇫"[39m[33m,[39mfrench_polynesia[33m:[39m[32m"🇵🇫"[39m[33m,[39mfrench_southern_territories[33m:[39m[32m"🇹🇫"[39m[33m,[39mgabon[33m:[39m[32m"🇬🇦"[39m[33m,[39mgambia[33m:[39m[32m"🇬🇲"[39m[33m,[39mgeorgia[33m:[39m[32m"🇬🇪"[39m[33m,[39mde[33m:[39m[32m"🇩🇪"[39m[33m,[39mghana[33m:[39m[32m"🇬🇭"[39m[33m,[39mgibraltar[33m:[39m[32m"🇬🇮"[39m[33m,[39mgreece[33m:[39m[32m"🇬🇷"[39m[33m,[39mgreenland[33m:[39m[32m"🇬🇱"[39m[33m,[39mgrenada[33m:[39m[32m"🇬🇩"[39m[33m,[39mguadeloupe[33m:[39m[32m"🇬🇵"[39m[33m,[39mguam[33m:[39m[32m"🇬🇺"[39m[33m,[39mguatemala[33m:[39m[32m"🇬🇹"[39m[33m,[39mguernsey[33m:[39m[32m"🇬🇬"[39m[33m,[39mguinea[33m:[39m[32m"🇬🇳"[39m[33m,[39mguinea_bissau[33m:[39m[32m"🇬🇼"[39m[33m,[39mguyana[33m:[39m[32m"🇬🇾"[39m[33m,[39mhaiti[33m:[39m[32m"🇭🇹"[39m[33m,[39mhonduras[33m:[39m[32m"🇭🇳"[39m[33m,[39mhong_kong[33m:[39m[32m"🇭🇰"[39m[33m,[39mhungary[33m:[39m[32m"🇭🇺"[39m[33m,[39miceland[33m:[39m[32m"🇮🇸"[39m[33m,[39mindia[33m:[39m[32m"🇮🇳"[39m[33m,[39mindonesia[33m:[39m[32m"🇮🇩"[39m[33m,[39miran[33m:[39m[32m"🇮🇷"[39m[33m,[39miraq[33m:[39m[32m"🇮🇶"[39m[33m,[39mireland[33m:[39m[32m"🇮🇪"[39m[33m,[39misle_of_man[33m:[39m[32m"🇮🇲"[39m[33m,[39misrael[33m:[39m[32m"🇮🇱"[39m[33m,[39mit[33m:[39m[32m"🇮🇹"[39m[33m,[39mcote_divoire[33m:[39m[32m"🇨🇮"[39m[33m,[39mjamaica[33m:[39m[32m"🇯🇲"[39m[33m,[39mjp[33m:[39m[32m"🇯🇵"[39m[33m,[39mjersey[33m:[39m[32m"🇯🇪"[39m[33m,[39mjordan[33m:[39m[32m"🇯🇴"[39m[33m,[39mkazakhstan[33m:[39m[32m"🇰🇿"[39m[33m,[39mkenya[33m:[39m[32m"🇰🇪"[39m[33m,[39mkiribati[33m:[39m[32m"🇰🇮"[39m[33m,[39mkosovo[33m:[39m[32m"🇽🇰"[39m[33m,[39mkuwait[33m:[39m[32m"🇰🇼"[39m[33m,[39mkyrgyzstan[33m:[39m[32m"🇰🇬"[39m[33m,[39mlaos[33m:[39m[32m"🇱🇦"[39m[33m,[39mlatvia[33m:[39m[32m"🇱🇻"[39m[33m,[39mlebanon[33m:[39m[32m"🇱🇧"[39m[33m,[39mlesotho[33m:[39m[32m"🇱🇸"[39m[33m,[39mliberia[33m:[39m[32m"🇱🇷"[39m[33m,[39mlibya[33m:[39m[32m"🇱🇾"[39m[33m,[39mliechtenstein[33m:[39m[32m"🇱🇮"[39m[33m,[39mlithuania[33m:[39m[32m"🇱🇹"[39m[33m,[39mluxembourg[33m:[39m[32m"🇱🇺"[39m[33m,[39mmacau[33m:[39m[32m"🇲🇴"[39m[33m,[39mmacedonia[33m:[39m[32m"🇲🇰"[39m[33m,[39mmadagascar[33m:[39m[32m"🇲🇬"[39m[33m,[39mmalawi[33m:[39m[32m"🇲🇼"[39m[33m,[39mmalaysia[33m:[39m[32m"🇲🇾"[39m[33m,[39mmaldives[33m:[39m[32m"🇲🇻"[39m[33m,[39mmali[33m:[39m[32m"🇲🇱"[39m[33m,[39mmalta[33m:[39m[32m"🇲🇹"[39m[33m,[39mmarshall_islands[33m:[39m[32m"🇲🇭"[39m[33m,[39mmartinique[33m:[39m[32m"🇲🇶"[39m[33m,[39mmauritania[33m:[39m[32m"🇲🇷"[39m[33m,[39mmauritius[33m:[39m[32m"🇲🇺"[39m[33m,[39mmayotte[33m:[39m[32m"🇾🇹"[39m[33m,[39mmexico[33m:[39m[32m"🇲🇽"[39m[33m,[39mmicronesia[33m:[39m[32m"🇫🇲"[39m[33m,[39mmoldova[33m:[39m[32m"🇲🇩"[39m[33m,[39mmonaco[33m:[39m[32m"🇲🇨"[39m[33m,[39mmongolia[33m:[39m[32m"🇲🇳"[39m[33m,[39mmontenegro[33m:[39m[32m"🇲🇪"[39m[33m,[39mmontserrat[33m:[39m[32m"🇲🇸"[39m[33m,[39mmorocco[33m:[39m[32m"🇲🇦"[39m[33m,[39mmozambique[33m:[39m[32m"🇲🇿"[39m[33m,[39mmyanmar[33m:[39m[32m"🇲🇲"[39m[33m,[39mnamibia[33m:[39m[32m"🇳🇦"[39m[33m,[39mnauru[33m:[39m[32m"🇳🇷"[39m[33m,[39mnepal[33m:[39m[32m"🇳🇵"[39m[33m,[39mnetherlands[33m:[39m[32m"🇳🇱"[39m[33m,[39mnew_caledonia[33m:[39m[32m"🇳🇨"[39m[33m,[39mnew_zealand[33m:[39m[32m"🇳🇿"[39m[33m,[39mnicaragua[33m:[39m[32m"🇳🇮"[39m[33m,[39mniger[33m:[39m[32m"🇳🇪"[39m[33m,[39mnigeria[33m:[39m[32m"🇳🇬"[39m[33m,[39mniue[33m:[39m[32m"🇳🇺"[39m[33m,[39mnorfolk_island[33m:[39m[32m"🇳🇫"[39m[33m,[39mnorthern_mariana_islands[33m:[39m[32m"🇲🇵"[39m[33m,[39mnorth_korea[33m:[39m[32m"🇰🇵"[39m[33m,[39mnorway[33m:[39m[32m"🇳🇴"[39m[33m,[39moman[33m:[39m[32m"🇴🇲"[39m[33m,[39mpakistan[33m:[39m[32m"🇵🇰"[39m[33m,[39mpalau[33m:[39m[32m"🇵🇼"[39m[33m,[39mpalestinian_territories[33m:[39m[32m"🇵🇸"[39m[33m,[39mpanama[33m:[39m[32m"🇵🇦"[39m[33m,[39mpapua_new_guinea[33m:[39m[32m"🇵🇬"[39m[33m,[39mparaguay[33m:[39m[32m"🇵🇾"[39m[33m,[39mperu[33m:[39m[32m"🇵🇪"[39m[33m,[39mphilippines[33m:[39m[32m"🇵🇭"[39m[33m,[39mpitcairn_islands[33m:[39m[32m"🇵🇳"[39m[33m,[39mpoland[33m:[39m[32m"🇵🇱"[39m[33m,[39mportugal[33m:[39m[32m"🇵🇹"[39m[33m,[39mpuerto_rico[33m:[39m[32m"🇵🇷"[39m[33m,[39mqatar[33m:[39m[32m"🇶🇦"[39m[33m,[39mreunion[33m:[39m[32m"🇷🇪"[39m[33m,[39mromania[33m:[39m[32m"🇷🇴"[39m[33m,[39mru[33m:[39m[32m"🇷🇺"[39m[33m,[39mrwanda[33m:[39m[32m"🇷🇼"[39m[33m,[39mst_barthelemy[33m:[39m[32m"🇧🇱"[39m[33m,[39mst_helena[33m:[39m[32m"🇸🇭"[39m[33m,[39mst_kitts_nevis[33m:[39m[32m"🇰🇳"[39m[33m,[39mst_lucia[33m:[39m[32m"🇱🇨"[39m[33m,[39mst_pierre_miquelon[33m:[39m[32m"🇵🇲"[39m[33m,[39mst_vincent_grenadines[33m:[39m[32m"🇻🇨"[39m[33m,[39msamoa[33m:[39m[32m"🇼🇸"[39m[33m,[39msan_marino[33m:[39m[32m"🇸🇲"[39m[33m,[39msao_tome_principe[33m:[39m[32m"🇸🇹"[39m[33m,[39msaudi_arabia[33m:[39m[32m"🇸🇦"[39m[33m,[39msenegal[33m:[39m[32m"🇸🇳"[39m[33m,[39mserbia[33m:[39m[32m"🇷🇸"[39m[33m,[39mseychelles[33m:[39m[32m"🇸🇨"[39m[33m,[39msierra_leone[33m:[39m[32m"🇸🇱"[39m[33m,[39msingapore[33m:[39m[32m"🇸🇬"[39m[33m,[39msint_maarten[33m:[39m[32m"🇸🇽"[39m[33m,[39mslovakia[33m:[39m[32m"🇸🇰"[39m[33m,[39mslovenia[33m:[39m[32m"🇸🇮"[39m[33m,[39msolomon_islands[33m:[39m[32m"🇸🇧"[39m[33m,[39msomalia[33m:[39m[32m"🇸🇴"[39m[33m,[39msouth_africa[33m:[39m[32m"🇿🇦"[39m[33m,[39msouth_georgia_south_sandwich_islands[33m:[39m[32m"🇬🇸"[39m[33m,[39mkr[33m:[39m[32m"🇰🇷"[39m[33m,[39msouth_sudan[33m:[39m[32m"🇸🇸"[39m[33m,[39mes[33m:[39m[32m"🇪🇸"[39m[33m,[39msri_lanka[33m:[39m[32m"🇱🇰"[39m[33m,[39msudan[33m:[39m[32m"🇸🇩"[39m[33m,[39msuriname[33m:[39m[32m"🇸🇷"[39m[33m,[39mswaziland[33m:[39m[32m"🇸🇿"[39m[33m,[39msweden[33m:[39m[32m"🇸🇪"[39m[33m,[39mswitzerland[33m:[39m[32m"🇨🇭"[39m[33m,[39msyria[33m:[39m[32m"🇸🇾"[39m[33m,[39mtaiwan[33m:[39m[32m"🇹🇼"[39m[33m,[39mtajikistan[33m:[39m[32m"🇹🇯"[39m[33m,[39mtanzania[33m:[39m[32m"🇹🇿"[39m[33m,[39mthailand[33m:[39m[32m"🇹🇭"[39m[33m,[39mtimor_leste[33m:[39m[32m"🇹🇱"[39m[33m,[39mtogo[33m:[39m[32m"🇹🇬"[39m[33m,[39mtokelau[33m:[39m[32m"🇹🇰"[39m[33m,[39mtonga[33m:[39m[32m"🇹🇴"[39m[33m,[39mtrinidad_tobago[33m:[39m[32m"🇹🇹"[39m[33m,[39mtunisia[33m:[39m[32m"🇹🇳"[39m[33m,[39mtr[33m:[39m[32m"🇹🇷"[39m[33m,[39mturkmenistan[33m:[39m[32m"🇹🇲"[39m[33m,[39mturks_caicos_islands[33m:[39m[32m"🇹🇨"[39m[33m,[39mtuvalu[33m:[39m[32m"🇹🇻"[39m[33m,[39muganda[33m:[39m[32m"🇺🇬"[39m[33m,[39mukraine[33m:[39m[32m"🇺🇦"[39m[33m,[39munited_arab_emirates[33m:[39m[32m"🇦🇪"[39m[33m,[39muk[33m:[39m[32m"🇬🇧"[39m[33m,[39mengland[33m:[39m[32m"🏴󠁧󠁢󠁥󠁮󠁧󠁿"[39m[33m,[39mscotland[33m:[39m[32m"🏴󠁧󠁢󠁳󠁣󠁴󠁿"[39m[33m,[39mwales[33m:[39m[32m"🏴󠁧󠁢󠁷󠁬󠁳󠁿"[39m[33m,[39mus[33m:[39m[32m"🇺🇸"[39m[33m,[39mus_virgin_islands[33m:[39m[32m"🇻🇮"[39m[33m,[39muruguay[33m:[39m[32m"🇺🇾"[39m[33m,[39muzbekistan[33m:[39m[32m"🇺🇿"[39m[33m,[39mvanuatu[33m:[39m[32m"🇻🇺"[39m[33m,[39mvatican_city[33m:[39m[32m"🇻🇦"[39m[33m,[39mvenezuela[33m:[39m[32m"🇻🇪"[39m[33m,[39mvietnam[33m:[39m[32m"🇻🇳"[39m[33m,[39mwallis_futuna[33m:[39m[32m"🇼🇫"[39m[33m,[39mwestern_sahara[33m:[39m[32m"🇪🇭"[39m[33m,[39myemen[33m:[39m[32m"🇾🇪"[39m[33m,[39mzambia[33m:[39m[32m"🇿🇲"[39m[33m,[39mzimbabwe[33m:[39m[32m"🇿🇼"[39m[33m,[39munited_nations[33m:[39m[32m"🇺🇳"[39m[33m,[39mpirate_flag[33m:[39m[32m"🏴‍☠️"[39m}[33m,[39mah[33m=[39m[35m/:\+1:|:-1:|:[\w-]+:/g[39m[33m,[39mrh[33m=[39m[35m/(?:_|-(?!1))/g[39m[33m,[39mnh[33m=[39m{padSpaceAfter[33m:[39m[33m![39m[35m1[39m[33m,[39maccessible[33m:[39m[33m![39m[35m1[39m}[33m,[39mih[33m=[39me[33m=>[39m{[36mconst[39m a[33m=[39m[33mObject[39m[33m.[39massign({}[33m,[39mnh[33m,[39me)[33m,[39mn[33m=[39m[33m![39m[33m![39ma[33m.[39mpadSpaceAfter[33m,[39mi[33m=[39m[33m![39m[33m![39ma[33m.[39maccessible[33m,[39mo[33m=[39m[[ah[33m,[39m[36mfunction[39m(s){[36mlet[39m l[33m=[39m(c[33m=[39ms)[33m&&[39mth[(d[33m=>[39m[35m/:.+:/[39m[33m.[39mtest(d)[33m?[39md[33m.[39mslice([35m1[39m[33m,[39m[33m-[39m[35m1[39m)[33m:[39md)(c)][33m;[39m[36mvar[39m c[33m;[39m[36mreturn[39m l[33m===[39m[36mvoid[39m [35m0[39m[33m?[39m[33m![39m[35m1[39m[33m:[39m(n[33m&&[39m(l[33m+=[39m[32m" "[39m)[33m,[39mi[33m?[39m[36mfunction[39m(d[33m,[39mm){[36mreturn[39m{type[33m:[39m[32m"text"[39m[33m,[39mvalue[33m:[39md[33m,[39mdata[33m:[39m{hName[33m:[39m[32m"span"[39m[33m,[39mhProperties[33m:[39m{role[33m:[39m[32m"img"[39m[33m,[39mariaLabel[33m:[39mm}[33m,[39mhChildren[33m:[39m[{type[33m:[39m[32m"text"[39m[33m,[39mvalue[33m:[39md}]}}}(l[33m,[39ms[33m.[39mslice([35m1[39m[33m,[39m[33m-[39m[35m1[39m)[33m.[39mreplace(rh[33m,[39m[32m" "[39m)[33m+[39m[32m" emoji"[39m)[33m:[39ml)}]][33m;[39m[36mreturn[39m [36mfunction[39m(s){ji(s[33m,[39mo)}}[33m,[39moh[33m=[39mq(e[33m=>[39m{[36mconst[39m{mode[33m:[39ma}[33m=[39m[33mCe[39m()[33m;[39m[36mreturn[39m p([32m"div"[39m[33m,[39m{className[33m:[39m[32m"c1-text-content"[39m[33m,[39mchildren[33m:[39m[e[33m.[39mheader[33m&&[39mt([33mIt[39m[33m,[39m{heading[33m:[39me[33m.[39mheader[33m.[39mprops[33m.[39mheading[33m,[39mdescription[33m:[39me[33m.[39mheader[33m.[39mprops[33m.[39mdescription})[33m,[39mt([33mWa[39m[33m,[39m{textMarkdown[33m:[39me[33m.[39mtextMarkdown[33m,[39mvariant[33m:[39me[33m.[39mvariant[33m,[39moptions[33m:[39m{remarkPlugins[33m:[39m[[33mQr[39m[33m,[39m[[33mFi[39m[33m,[39m{singleDollarTextMath[33m:[39m[33m![39m[35m1[39m}][33m,[39mih[33m,[39m[[33mZa[39m[33m,[39m{breaks[33m:[39m[33m![39m[35m0[39m}][33m,[39muo[33m,[39m[33mMm[39m][33m,[39mrehypePlugins[33m:[39m[[33mDi[39m][33m,[39mcomponents[33m:[39m{span[33m:[39mho[33m,[39mdiv[33m:[39m[33mOm[39m}}[33m,[39mclassName[33m:[39mfe([32m"c1-markdown-renderer"[39m[33m,[39m{[32m"c1-markdown-renderer-dark-mode"[39m[33m:[39ma[33m===[39m[32m"dark"[39m})})]})})[33m,[39msh[33m=[39m[33mA[39m[33m.[39mextend({children[33m:[39mr[33m.[39marray(r[33m.[39munion([[33mLt[39m[33m,[39m[33mDe[39m[33m,[39mmn[33m,[39mpt[33m,[39m[33mAe[39m]))[33m.[39moptional()})[33m,[39m[33mGo[39m[33m=[39mz[33m.[39mextend({component[33m:[39mr[33m.[39mliteral([32m"CarouselItem"[39m)[33m,[39mprops[33m:[39msh})[33m,[39mlh[33m=[39m[33mA[39m[33m.[39mextend({children[33m:[39mr[33m.[39marray([33mGo[39m)})[33m,[39m[33mJo[39m[33m=[39mz[33m.[39mextend({component[33m:[39mr[33m.[39mliteral([32m"CarouselContent"[39m)[33m,[39mprops[33m:[39mlh})[33m,[39m[33mQo[39m[33m=[39m[33mA[39m[33m.[39mextend({icon[33m:[39mke})[33m,[39mes[33m=[39mz[33m.[39mextend({component[33m:[39mr[33m.[39mliteral([32m"CarouselPrevious"[39m)[33m,[39mprops[33m:[39m[33mQo[39m})[33m,[39mts[33m=[39mz[33m.[39mextend({component[33m:[39mr[33m.[39mliteral([32m"CarouselNext"[39m)[33m,[39mprops[33m:[39m[33mQo[39m})[33m,[39mch[33m=[39m[33mA[39m[33m.[39mextend({itemsToScroll[33m:[39mr[33m.[39mnumber()[33m.[39moptional()[33m,[39mnoSnap[33m:[39mr[33m.[39mboolean()[33m.[39moptional()[33m,[39mshowButtons[33m:[39mr[33m.[39mboolean()[33m.[39moptional()[33m,[39mchildren[33m:[39mr[33m.[39marray(r[33m.[39munion([[33mJo[39m[33m,[39mes[33m,[39mts]))})[33m,[39mpn[33m=[39mz[33m.[39mextend({component[33m:[39mr[33m.[39mliteral([32m"Carousel"[39m)[33m,[39mprops[33m:[39mch})[33m,[39mdh[33m=[39mq(e[33m=>[39m{[36mconst[39m{content[33m:[39ma[33m,[39mheader[33m:[39mn[33m,[39m[33m...[39mi}[33m=[39me[33m,[39mo[33m=[39m[33mD[39m([36mnull[39m)[33m,[39m[s[33m,[39ml][33m=[39m[33mF[39m({left[33m:[39m[33m![39m[35m1[39m[33m,[39mright[33m:[39m[33m![39m[35m1[39m})[33m,[39mc[33m=[39m$(m[33m=>[39m{l(h[33m=>[39m({[33m...[39mh[33m,[39mleft[33m:[39mm}))}[33m,[39m[])[33m,[39md[33m=[39m$(m[33m=>[39m{l(h[33m=>[39m({[33m...[39mh[33m,[39mright[33m:[39mm}))}[33m,[39m[])[33m;[39m[36mreturn[39m a[33m!=[39m[36mnull[39m[33m&&[39ma[33m.[39mlength[33m?[39mp([32m"div"[39m[33m,[39m{className[33m:[39m[32m"c1-carousel-wrapper"[39m[33m,[39mchildren[33m:[39m[n[33m&&[39mp([32m"div"[39m[33m,[39m{className[33m:[39m[32m"c1-carousel-header"[39m[33m,[39mchildren[33m:[39m[t([33mK[39m[33m,[39m{[33m...[39mn})[33m,[39mp([32m"div"[39m[33m,[39m{className[33m:[39m[32m"c1-carousel-buttons"[39m[33m,[39mchildren[33m:[39m[t(ie[33m,[39m{variant[33m:[39m[32m"secondary"[39m[33m,[39msize[33m:[39m[32m"small"[39m[33m,[39monClick[33m:[39m()[33m=>[39m{[36mvar[39m m[33m;[39m[36mreturn[39m(m[33m=[39mo[33m.[39mcurrent)[33m==[39m[36mnull[39m[33m?[39m[36mvoid[39m [35m0[39m[33m:[39mm[33m.[39mscroll([32m"left"[39m)}[33m,[39mdisabled[33m:[39m[33m![39ms[33m.[39mleft[33m,[39micon[33m:[39mt(la[33m,[39m{})})[33m,[39mt(ie[33m,[39m{variant[33m:[39m[32m"secondary"[39m[33m,[39msize[33m:[39m[32m"small"[39m[33m,[39monClick[33m:[39m()[33m=>[39m{[36mvar[39m m[33m;[39m[36mreturn[39m(m[33m=[39mo[33m.[39mcurrent)[33m==[39m[36mnull[39m[33m?[39m[36mvoid[39m [35m0[39m[33m:[39mm[33m.[39mscroll([32m"right"[39m)}[33m,[39mdisabled[33m:[39m[33m![39ms[33m.[39mright[33m,[39micon[33m:[39mt([33mAt[39m[33m,[39m{})})]})]})[33m,[39mp([33mXr[39m[33m,[39m{[33m...[39mi[33m,[39mvariant[33m:[39m[32m"sunk"[39m[33m,[39mref[33m:[39mo[33m,[39mshowButtons[33m:[39m[33m![39mn[33m,[39monScrollLeftEnabled[33m:[39mc[33m,[39monScrollRightEnabled[33m:[39md[33m,[39mchildren[33m:[39m[t([33mZr[39m[33m,[39m{children[33m:[39ma[33m==[39m[36mnull[39m[33m?[39m[36mvoid[39m [35m0[39m[33m:[39ma[33m.[39mmap((m[33m,[39mh)[33m=>[39m{[36mvar[39m u[33m,[39mg[33m;[39m[36mreturn[39m p([33mYr[39m[33m,[39m{children[33m:[39m[(u[33m=[39mm[33m.[39mchildren)[33m==[39m[36mnull[39m[33m?[39m[36mvoid[39m [35m0[39m[33m:[39mu[33m.[39mmap((b[33m,[39mf)[33m=>[39mt([33mK[39m[33m,[39m{component[33m:[39mb[33m.[39mcomponent[33m,[39mprops[33m:[39mb[33m.[39mprops}[33m,[39mf))[33m,[39mm[33m.[39mfooter[33m&&[39mt([32m"div"[39m[33m,[39m{className[33m:[39m[32m"c1-carousel-v2-item-footer"[39m[33m,[39mchildren[33m:[39m(g[33m=[39mm[33m.[39mfooter)[33m==[39m[36mnull[39m[33m?[39m[36mvoid[39m [35m0[39m[33m:[39mg[33m.[39mmap((b[33m,[39mf)[33m=>[39mt([33mK[39m[33m,[39m{component[33m:[39mb[33m.[39mcomponent[33m,[39mprops[33m:[39mb[33m.[39mprops}[33m,[39mf))})]}[33m,[39mh)})})[33m,[39mt(vi[33m,[39m{icon[33m:[39mt([33mAt[39m[33m,[39m{})})[33m,[39mt(wi[33m,[39m{icon[33m:[39mt(la[33m,[39m{})})]})]})[33m:[39m[36mnull[39m})[33m,[39mmh[33m=[39m[33mA[39m[33m.[39mextend({children[33m:[39mr[33m.[39marray(r[33m.[39munion([[33mDe[39m[33m,[39mbe[33m,[39mpt[33m,[39m[33mAe[39m[33m,[39m[33mLt[39m[33m.[39mextend({})[33m.[39mdescribe([32m"$exclude:"[39m)[33m,[39mwt]))[33m.[39moptional()[33m,[39mfooter[33m:[39mr[33m.[39marray([33mLt[39m)[33m.[39moptional()})[33m,[39mph[33m=[39m[33mA[39m[33m.[39mextend({header[33m:[39mbe[33m.[39moptional()[33m,[39mcontent[33m:[39mr[33m.[39marray(mh)})[33m,[39msr[33m=[39mz[33m.[39mextend({component[33m:[39mr[33m.[39mliteral([32m"CarouselV2"[39m)[33m,[39mprops[33m:[39mph})[33m,[39mhh[33m=[39m[33mA[39m[33m.[39mextend({name[33m:[39mr[33m.[39mstring()[33m.[39m[36mdefault[39m([32m""[39m)[33m,[39mcolumns[33m:[39mr[33m.[39marray(r[33m.[39mobject({type[33m:[39mr[33m.[39m[36menum[39m([[32m"text"[39m[33m,[39m[32m"number"[39m[33m,[39m[32m"date-single"[39m[33m,[39m[32m"select"[39m[33m,[39m[32m"url"[39m])[33m,[39mkey[33m:[39mr[33m.[39mstring()[33m.[39m[36mdefault[39m([32m"default"[39m)[33m,[39mheader[33m:[39mr[33m.[39mstring()[33m.[39m[36mdefault[39m([32m""[39m)[33m,[39mwidth[33m:[39mr[33m.[39mnumber()[33m.[39moptional()[33m,[39moptions[33m:[39mr[33m.[39marray(r[33m.[39mobject({value[33m:[39mr[33m.[39mstring()[33m,[39mlabel[33m:[39mr[33m.[39mstring()}))[33m.[39moptional()}))[33m,[39mdata[33m:[39mr[33m.[39marray(r[33m.[39mobject({id[33m:[39mr[33m.[39mstring()[33m,[39mvalues[33m:[39mr[33m.[39marray(r[33m.[39munion([r[33m.[39mstring()[33m,[39mr[33m.[39mnumber()]))}))[33m.[39m[36mdefault[39m([])})[33m,[39m[36mas[39m[33m=[39mz[33m.[39mextend({component[33m:[39mr[33m.[39mliteral([32m"EditableTable"[39m)[33m,[39mprops[33m:[39mhh})[33m,[39muh[33m=[39m[33mA[39m[33m.[39mextend({text[33m:[39mr[33m.[39mstring()[33m.[39m[36mdefault[39m([32m""[39m)})[33m,[39mgh[33m=[39mz[33m.[39mextend({component[33m:[39mr[33m.[39mliteral([32m"FollowUpItem"[39m)[33m,[39mprops[33m:[39muh})[33m,[39m_h[33m=[39m[33mA[39m[33m.[39mextend({followUpText[33m:[39mr[33m.[39marray(r[33m.[39mstring()[33m.[39m[36mdefault[39m([32m""[39m))[33m.[39m[36mdefault[39m([])})[33m,[39mrs[33m=[39mz[33m.[39mextend({component[33m:[39mr[33m.[39mliteral([32m"FollowUpBlock"[39m)[33m,[39mprops[33m:[39m_h})[33m,[39mfh[33m=[39mq(e[33m=>[39m{[36mconst[39m a[33m=[39m$e()[33m,[39m{searchImage[33m:[39mn}[33m=[39mxe()[33m,[39m[i[33m,[39mo][33m=[39m[33mF[39m([36mnull[39m)[33m,[39ms[33m=[39m[33mD[39m([])[33m,[39ml[33m=[39m[33mD[39m([35m0[39m)[33m,[39mc[33m=[39me[33m.[39mimagesAlt[33m,[39md[33m=[39me[33m.[39mimagesSrc[33m,[39mm[33m=[39md[33m&&[39md[33m.[39mlength[33m>[39m[35m0[39m[33m?[39md[33m:[39mc[33m,[39mh[33m=[39md[33m&&[39md[33m.[39mlength[33m>[39m[35m0[39m[33m,[39mu[33m=[39m[36masync[39m()[33m=>[39m{[36mif[39m([33m![39mh){[36mconst[39m y[33m=[39mm[33m.[39mmap([36masync[39m(v[33m,[39m[33mN[39m)[33m=>[39m{[36mconst[39m{thumbnailUrl[33m:[39mx}[33m=[39m[36mawait[39m [33mRr[39m(v[33m,[39mn)[33m;[39m[36mreturn[39m{src[33m:[39mx[33m,[39malt[33m:[39mc[[33mN[39m]}})[33m,[39m_[33m=[39m[36mawait[39m [33mPromise[39m[33m.[39mall(y)[33m;[39mo(_)}m[33m.[39mforEach([36masync[39m(y[33m,[39m_)[33m=>[39m{[36mconst[39m v[33m=[39mh[33m?[39m[36masync[39m [33mC[39m[33m=>[39m({url[33m:[39m[33mC[39m[33m,[39mthumbnailUrl[33m:[39m[36mvoid[39m [35m0[39m})[33m:[39mn[33m,[39m{url[33m:[39m[33mN[39m}[33m=[39m[36mawait[39m [33mRr[39m(y[33m,[39mv)[33m,[39mx[33m=[39m[36mnew[39m [33mImage[39m[33m;[39mx[33m.[39msrc[33m=[39m[33mN[39m[33m,[39m[36mawait[39m [36mnew[39m [33mPromise[39m(([33mC[39m[33m,[39mk)[33m=>[39m{x[33m.[39monload[33m=[39m[33mC[39m[33m,[39mx[33m.[39monerror[33m=[39mk})[33m,[39mo([33mC[39m[33m=>[39m{[36mconst[39m k[33m=[39m[][33m;[39m[36mreturn[39m([33mC[39m[33m||[39m[])[33m.[39mforEach(([33mS[39m[33m,[39mw)[33m=>[39m{k[w][33m=[39m[33mS[39m})[33m,[39mk[_][33m=[39m{src[33m:[39m[33mN[39m[33m,[39malt[33m:[39mc[_]}[33m,[39mk})})}[33m;[39m[36mif[39m([33mV[39m(()[33m=>[39m{(n[33m||[39mh)[33m&&[39mm[33m&&[39mm[33m.[39mlength[33m!==[39m[35m0[39m[33m&&[39m[33m![39mi[33m&&[39m(a[33m&&[39ml[33m.[39mcurrent[33m!==[39m[33m-[39m[35m1[39m[33m?[39maa(s[33m.[39mcurrent[33m,[39mm)[33m?[39m(l[33m.[39mcurrent[33m+=[39m[35m1[39m[33m,[39ml[33m.[39mcurrent[33m>=[39m[35m3[39m[33m&&[39m(u()[33m,[39ml[33m.[39mcurrent[33m=[39m[33m-[39m[35m1[39m))[33m:[39m(s[33m.[39mcurrent[33m=[39mm[33m,[39ml[33m.[39mcurrent[33m=[39m[35m1[39m)[33m:[39ma[33m||[39mu())}[33m,[39m[a[33m,[39mm[33m,[39ml[33m.[39mcurrent[33m,[39mh])[33m,[39m[33m![39mn[33m&&[39m[33m![39mh[33m||[39m[33m![39mm[33m||[39mm[33m.[39mlength[33m===[39m[35m0[39m)[36mreturn[39m [36mnull[39m[33m;[39m[36mif[39m([33m![39mi)[36mreturn[39m t([32m"div"[39m[33m,[39m{className[33m:[39m[32m"c1-image-gallery-loader-wrapper"[39m[33m,[39mchildren[33m:[39mt([32m"div"[39m[33m,[39m{className[33m:[39m[32m"c1-image-gallery-loader"[39m})})[33m;[39m[36mconst[39m{imagesAlt[33m:[39mg[33m,[39mimagesSrc[33m:[39mb[33m,[39m[33m...[39mf}[33m=[39me[33m;[39m[36mreturn[39m t([33mCc[39m[33m,[39m{images[33m:[39mi[33m,[39m[33m...[39mf})})[33m,[39mbh[33m=[39m[33mA[39m[33m.[39mextend({imagesSrc[33m:[39mr[33m.[39marray(r[33m.[39mstring())[33m.[39moptional()[33m,[39mimagesAlt[33m:[39mr[33m.[39marray(r[33m.[39mstring())})[33m,[39mlr[33m=[39mz[33m.[39mextend({component[33m:[39mr[33m.[39mliteral([32m"ImageGallery"[39m)[33m,[39mprops[33m:[39mbh})[33m,[39m[33mCa[39m[33m=[39m{[33mImage[39m[33m:[39m{variant[33m:[39m[32m"ImageBlock"[39m}}[33m,[39myh[33m=[39me[33m=>[39m{[36mconst[39m{largeLeft[33m:[39ma[33m,[39msmallRight[33m:[39mn[33m,[39mheaderLeft[33m:[39mi[33m,[39mheaderRight[33m:[39mo}[33m=[39me[33m;[39m[36mreturn[39m p([32m"div"[39m[33m,[39m{className[33m:[39m[32m"c1-layout-row-ls-container"[39m[33m,[39mchildren[33m:[39m[p([32m"div"[39m[33m,[39m{className[33m:[39m[32m"c1-layout-row-ls-large-container"[39m[33m,[39mchildren[33m:[39m[t([33mK[39m[33m,[39m{[33m...[39mi[33m||[39m{}[33m,[39moverridesProps[33m:[39m[33mCa[39m})[33m,[39ma[33m.[39mmap((s[33m,[39ml)[33m=>[39mt([33mK[39m[33m,[39m{[33m...[39ms[33m,[39moverridesProps[33m:[39m[33mCa[39m}[33m,[39ml))]})[33m,[39mt([33mOe[39m[33m,[39m{orientation[33m:[39m[32m"vertical"[39m[33m,[39mclassName[33m:[39m[32m"c1-layout-row-separator"[39m})[33m,[39mp([32m"div"[39m[33m,[39m{className[33m:[39m[32m"c1-layout-row-ls-small-container"[39m[33m,[39mchildren[33m:[39m[t([33mK[39m[33m,[39m{[33m...[39mo[33m||[39m{}[33m,[39moverridesProps[33m:[39m[33mCa[39m})[33m,[39mn[33m==[39m[36mnull[39m[33m?[39m[36mvoid[39m [35m0[39m[33m:[39mn[33m.[39mmap((s[33m,[39ml)[33m=>[39mt([33mK[39m[33m,[39m{[33m...[39ms[33m,[39moverridesProps[33m:[39m[33mCa[39m}[33m,[39ml))]})]})}[33m,[39m[33mSa[39m[33m=[39m{[33mImage[39m[33m:[39m{variant[33m:[39m[32m"ImageBlock"[39m}[33m,[39m[33mPieChartV2[39m[33m:[39m{legendVariant[33m:[39m[32m"default"[39m[33m,[39mmaxChartSize[33m:[39m[35m326[39m[33m,[39mminChartSize[33m:[39m[35m296[39m}[33m,[39m[33mRadialChartV2[39m[33m:[39m{legendVariant[33m:[39m[32m"default"[39m[33m,[39mmaxChartSize[33m:[39m[35m326[39m[33m,[39mminChartSize[33m:[39m[35m296[39m}}[33m,[39mvh[33m=[39me[33m=>[39m{[36mconst[39m{mediumLeft[33m:[39ma[33m,[39mmediumRight[33m:[39mn[33m,[39mheaderLeft[33m:[39mi[33m,[39mheaderRight[33m:[39mo}[33m=[39me[33m;[39m[36mreturn[39m p([32m"div"[39m[33m,[39m{className[33m:[39m[32m"c1-layout-row-mm-container"[39m[33m,[39mchildren[33m:[39m[p([32m"div"[39m[33m,[39m{className[33m:[39m[32m"c1-layout-row-mm-medium-left-container"[39m[33m,[39mchildren[33m:[39m[t([33mK[39m[33m,[39m{[33m...[39mi[33m||[39m{}[33m,[39moverridesProps[33m:[39m[33mSa[39m})[33m,[39ma[33m.[39mmap((s[33m,[39ml)[33m=>[39mt([33mK[39m[33m,[39m{[33m...[39ms[33m,[39moverridesProps[33m:[39m[33mSa[39m}[33m,[39ml))]})[33m,[39mt([33mOe[39m[33m,[39m{orientation[33m:[39m[32m"vertical"[39m[33m,[39mclassName[33m:[39m[32m"c1-layout-row-separator"[39m})[33m,[39mp([32m"div"[39m[33m,[39m{className[33m:[39m[32m"c1-layout-row-mm-medium-right-container"[39m[33m,[39mchildren[33m:[39m[t([33mK[39m[33m,[39m{[33m...[39mo[33m||[39m{}[33m,[39moverridesProps[33m:[39m[33mSa[39m})[33m,[39mn[33m==[39m[36mnull[39m[33m?[39m[36mvoid[39m [35m0[39m[33m:[39mn[33m.[39mmap((s[33m,[39ml)[33m=>[39mt([33mK[39m[33m,[39m{[33m...[39ms[33m,[39moverridesProps[33m:[39m[33mSa[39m}[33m,[39ml))]})]})}[33m,[39mwh[33m=[39me[33m=>[39m{[36mconst[39m{smallLeft[33m:[39ma[33m,[39mlargeRight[33m:[39mn[33m,[39mheaderLeft[33m:[39mi[33m,[39mheaderRight[33m:[39mo[33m,[39mcomponentPropOverrides[33m:[39ms}[33m=[39me[33m;[39m[36mreturn[39m p([32m"div"[39m[33m,[39m{className[33m:[39m[32m"c1-layout-row-sl-container"[39m[33m,[39mchildren[33m:[39m[p([32m"div"[39m[33m,[39m{className[33m:[39m[32m"c1-layout-row-sl-small-container"[39m[33m,[39mchildren[33m:[39m[t([33mK[39m[33m,[39m{[33m...[39mi[33m||[39m{}[33m,[39moverridesProps[33m:[39ms})[33m,[39ma[33m.[39mmap((l[33m,[39mc)[33m=>[39mt([33mK[39m[33m,[39m{[33m...[39ml[33m,[39moverridesProps[33m:[39ms}[33m,[39mc))]})[33m,[39mt([33mOe[39m[33m,[39m{orientation[33m:[39m[32m"vertical"[39m[33m,[39mclassName[33m:[39m[32m"c1-layout-row-separator"[39m})[33m,[39mp([32m"div"[39m[33m,[39m{className[33m:[39m[32m"c1-layout-row-sl-large-container"[39m[33m,[39mchildren[33m:[39m[t([33mK[39m[33m,[39m{[33m...[39mo[33m||[39m{}[33m,[39moverridesProps[33m:[39ms})[33m,[39mn[33m==[39m[36mnull[39m[33m?[39m[36mvoid[39m [35m0[39m[33m:[39mn[33m.[39mmap((l[33m,[39mc)[33m=>[39mt([33mK[39m[33m,[39m{[33m...[39ml[33m,[39moverridesProps[33m:[39ms}[33m,[39mc))]})]})}[33m,[39mxh[33m=[39mq(({props[33m:[39me})[33m=>[39m{[36mconst[39m a[33m=[39m[33mDt[39m()[33m,[39mn[33m=[39m[33mFt[39m()[33m;[39m[36mif[39m([33m![39me[33m.[39mbuttons[33m||[39m[33m![39mn)[36mreturn[39m [36mnull[39m[33m;[39m[36mconst[39m{component[33m:[39mi[33m,[39mprops[33m:[39mo}[33m=[39me[33m.[39mbuttons[33m,[39m{children[33m:[39ms[33m,[39m[33m...[39ml}[33m=[39mo[33m,[39mc[33m=[39ms[33m.[39mmap((d[33m,[39mm)[33m=>[39m{[36mconst[39m h[33m=[39md[33m.[39mprops[33m;[39m[36mreturn[39m(h[33m.[39mname[33m||[39mh[33m.[39mchildren)[33m.[39mtoLowerCase()[33m.[39mincludes([32m"submit"[39m)[33m?[39mt([33mK[39m[33m,[39m{component[33m:[39m[32m"Button"[39m[33m,[39mprops[33m:[39m{[33m...[39mh[33m,[39monClick[33m:[39m()[33m=>[39m{[36mvar[39m g[33m,[39mb[33m;[39mn[33m.[39mvalidateForm()[33m&&[39ma(h[33m.[39mchildren[33m,[39m[32m"User clicked on Button: "[39m[33m+[39m(h[33m.[39mname[33m||[39mh[33m.[39mchildren)[33m,[39me[33m.[39mname[33m,[39m{type[33m:[39m(g[33m=[39mh[33m.[39maction)[33m==[39m[36mnull[39m[33m?[39m[36mvoid[39m [35m0[39m[33m:[39mg[33m.[39mtype[33m,[39mparams[33m:[39m((b[33m=[39mh[33m.[39maction)[33m==[39m[36mnull[39m[33m?[39m[36mvoid[39m [35m0[39m[33m:[39mb[33m.[39mprops)[33m?[39m[33m?[39m{}})}}}[33m,[39m[32m`form-button-${m}`[39m)[33m:[39mt([33mK[39m[33m,[39m{component[33m:[39m[32m"Button"[39m[33m,[39mprops[33m:[39mh}[33m,[39m[32m`form-button-${m}`[39m)})[33m;[39m[36mreturn[39m t([33mK[39m[33m,[39m{component[33m:[39mi[33m,[39mprops[33m:[39m{variant[33m:[39m[32m"horizontal"[39m[33m,[39m[33m...[39ml[33m,[39mchildren[33m:[39mc}})})[33m,[39mkh[33m=[39mq(e[33m=>[39m{[36mconst[39m{children[33m:[39ma[33m,[39mname[33m:[39mn}[33m=[39me[33m,[39mi[33m=[39m(o[33m=>[39m{[36mconst[39m[s[33m,[39ml][33m=[39m[33mF[39m({})[33m,[39mc[33m=[39m[33mD[39m({})[33m,[39md[33m=[39m$((u[33m,[39mg[33m,[39mb)[33m=>[39m{c[33m.[39mcurrent[u][33m=[39m{rules[33m:[39mg[33m,[39mgetValue[33m:[39mb}}[33m,[39m[])[33m,[39mm[33m=[39m$((u[33m,[39mg[33m,[39mb)[33m=>[39m{[36mfor[39m([36mconst[39m f [36mof[39m tm){[36mconst[39m y[33m=[39mb[f][33m;[39m[36mif[39m(y[33m!==[39m[36mvoid[39m [35m0[39m){[36mconst[39m _[33m=[39m([35m0[39m[33m,[39mam[f])(g[33m,[39my)[33m;[39m[36mif[39m(_)[36mreturn[39m l(v[33m=>[39m({[33m...[39mv[33m,[39m[u][33m:[39m_}))[33m,[39m[33m![39m[35m1[39m}}[36mreturn[39m l(f[33m=>[39m({[33m...[39mf[33m,[39m[u][33m:[39m[36mvoid[39m [35m0[39m}))[33m,[39m[33m![39m[35m0[39m}[33m,[39m[])[33m,[39mh[33m=[39m$(()[33m=>[39m{[36mlet[39m u[33m=[39m[33m![39m[35m0[39m[33m;[39m[36mfor[39m([36mconst[39m g [36min[39m c[33m.[39mcurrent){[36mconst[39m b[33m=[39mc[33m.[39mcurrent[g][33m;[39m[36mif[39m([33m![39mb)[36mcontinue[39m[33m;[39m[36mconst[39m f[33m=[39mb[33m.[39mgetValue(o[33m,[39mg)[33m;[39mm(g[33m,[39mf[33m,[39mb[33m.[39mrules)[33m||[39m(u[33m=[39m[33m![39m[35m1[39m)}[36mreturn[39m u}[33m,[39m[o[33m,[39mm])[33m;[39m[36mreturn[39m ne(()[33m=>[39m({formName[33m:[39mo[33m,[39merrors[33m:[39ms[33m,[39mvalidateField[33m:[39mm[33m,[39mregisterField[33m:[39md[33m,[39mvalidateForm[33m:[39mh})[33m,[39m[o[33m,[39ms[33m,[39mm[33m,[39md[33m,[39mh])})(n)[33m;[39m[36mreturn[39m t(oo[33m.[39m[33mProvider[39m[33m,[39m{value[33m:[39mi[33m,[39mchildren[33m:[39mp([32m"div"[39m[33m,[39m{className[33m:[39m[32m"c1-form"[39m[33m,[39mchildren[33m:[39m[a[33m.[39mmap((o[33m,[39ms)[33m=>[39mt([33mK[39m[33m,[39m{component[33m:[39m[32m"FormControl"[39m[33m,[39mprops[33m:[39m{[33m...[39mo}}[33m,[39m[32m`form-control-${s}`[39m))[33m,[39mt(xh[33m,[39m{props[33m:[39me})]})})})[33m,[39mgt[33m=[39m({tooltipHeading[33m:[39me[33m,[39mtooltipContent[33m:[39ma[33m,[39mchildren[33m:[39mn[33m,[39mclassName[33m:[39mi[33m,[39mside[33m:[39mo[33m=[39m[32m"bottom"[39m[33m,[39malign[33m:[39ms[33m=[39m[32m"start"[39m[33m,[39msideOffset[33m:[39ml[33m=[39m[35m5[39m[33m,[39malignOffset[33m:[39mc[33m=[39m[35m0[39m[33m,[39mdelayDuration[33m:[39md[33m=[39m[35m100[39m[33m,[39mshowOnlyWhenTruncated[33m:[39mm[33m=[39m[33m![39m[35m1[39m})[33m=>[39m{[36mconst[39m{portalThemeClassName[33m:[39mh}[33m=[39m[33mCe[39m()[33m,[39mu[33m=[39m[33mD[39m([36mnull[39m)[33m,[39m[g[33m,[39mb][33m=[39m[33mF[39m([33m![39m[35m1[39m)[33m,[39m[f[33m,[39my][33m=[39m[33mF[39m([33m![39m[35m1[39m)[33m,[39m_[33m=[39m[33mPe[39m[33m.[39m[33mChildren[39m[33m.[39monly(n)[33m,[39mv[33m=[39mgi(_)[33m&&[39mm[33m?[39mtc(_[33m,[39m{ref[33m:[39mu})[33m:[39mn[33m;[39mqe(()[33m=>[39m{[36mconst[39m [33mC[39m[33m=[39m()[33m=>[39m{[36mif[39m(u[33m.[39mcurrent){[36mconst[39m{children[33m:[39mk}[33m=[39mu[33m.[39mcurrent[33m,[39m[33mS[39m[33m=[39m[33mArray[39m[33m.[39m[36mfrom[39m(k)[33m;[39m[36mlet[39m w[33m,[39m[33mP[39m[33m;[39m[36mif[39m(e[33m&&[39m(w[33m=[39m[33mS[39m[[35m0[39m])[33m,[39ma[33m&&[39m([33mP[39m[33m=[39me[33m?[39m[33mS[39m[[35m1[39m][33m:[39m[33mS[39m[[33mS[39m[33m.[39mlength[33m-[39m[35m1[39m])[33m,[39mw){[36mconst[39m [33mI[39m[33m=[39mw[33m.[39mscrollWidth[33m>[39mw[33m.[39mclientWidth[33m||[39mw[33m.[39mscrollHeight[33m>[39mw[33m.[39mclientHeight[33m;[39m[33mI[39m[33m!==[39mg[33m&&[39mb([33mI[39m)}[36mif[39m([33mP[39m){[36mconst[39m [33mI[39m[33m=[39m[33mP[39m[33m.[39mscrollWidth[33m>[39m[33mP[39m[33m.[39mclientWidth[33m||[39m[33mP[39m[33m.[39mscrollHeight[33m>[39m[33mP[39m[33m.[39mclientHeight[33m;[39m[33mI[39m[33m!==[39mf[33m&&[39my([33mI[39m)}}}[33m;[39m[36mif[39m(m){[33mC[39m()[33m;[39m[36mconst[39m k[33m=[39m[36mnew[39m [33mResizeObserver[39m([33mC[39m)[33m,[39m[33mS[39m[33m=[39mu[33m.[39mcurrent[33m;[39m[36mreturn[39m [33mS[39m[33m&&[39mk[33m.[39mobserve([33mS[39m)[33m,[39m()[33m=>[39m{[33mS[39m[33m&&[39mk[33m.[39munobserve([33mS[39m)}}}[33m,[39m[n[33m,[39mm[33m,[39mg[33m,[39mf[33m,[39me[33m,[39ma])[33m;[39m[36mconst[39m [33mN[39m[33m=[39mm[33m?[39mg[33m?[39me[33m:[39m[36mvoid[39m [35m0[39m[33m:[39me[33m,[39mx[33m=[39mm[33m?[39mf[33m?[39ma[33m:[39m[36mvoid[39m [35m0[39m[33m:[39ma[33m;[39m[36mreturn[39m [33mN[39m[33m||[39mx[33m?[39mt(he[33m.[39m[33mProvider[39m[33m,[39m{children[33m:[39mp(he[33m.[39m[33mRoot[39m[33m,[39m{delayDuration[33m:[39md[33m,[39mchildren[33m:[39m[t(he[33m.[39m[33mTrigger[39m[33m,[39m{asChild[33m:[39m[33m![39m[35m0[39m[33m,[39mchildren[33m:[39mv})[33m,[39mt(he[33m.[39m[33mPortal[39m[33m,[39m{children[33m:[39mt(he[33m.[39m[33mContent[39m[33m,[39m{className[33m:[39m[33mT[39m([32m"c1-tooltip-content"[39m[33m,[39mh[33m,[39mi)[33m,[39mside[33m:[39mo[33m,[39malign[33m:[39ms[33m,[39msideOffset[33m:[39ml[33m,[39malignOffset[33m:[39mc[33m,[39mchildren[33m:[39mp([32m"div"[39m[33m,[39m{className[33m:[39m[32m"c1-tooltip-body"[39m[33m,[39mchildren[33m:[39m[[33mN[39m[33m&&[39mt([32m"span"[39m[33m,[39m{className[33m:[39m[32m"c1-tooltip-heading"[39m[33m,[39mchildren[33m:[39m[33mN[39m})[33m,[39mx[33m&&[39mt([32m"span"[39m[33m,[39m{className[33m:[39m[32m"c1-tooltip-text-content"[39m[33m,[39mchildren[33m:[39mx})]})})})]})})[33m:[39mt([33mQ[39m[33m,[39m{children[33m:[39mv})}[33m,[39m[33mNh[39m[33m=[39mq(e[33m=>[39m{[36mconst[39m{data[33m:[39ma[33m,[39m[33m...[39mn}[33m=[39me[33m;[39m[36mswitch[39m(e[33m.[39mtype){[36mcase[39m[32m"line"[39m[33m:[39m[36mreturn[39m t([33mUi[39m[33m,[39m{[33m...[39mn[33m,[39mdata[33m:[39ma})[33m;[39m[36mcase[39m[32m"bar"[39m[33m:[39m[36mreturn[39m t([33mHi[39m[33m,[39m{[33m...[39mn[33m,[39mdata[33m:[39ma})[33m;[39m[36mcase[39m[32m"area"[39m[33m:[39m[36mreturn[39m t([33mVi[39m[33m,[39m{[33m...[39mn[33m,[39mdata[33m:[39ma})}})[33m,[39m[33mCh[39m[33m=[39m[33mA[39m[33m.[39mextend({type[33m:[39mr[33m.[39m[36menum[39m([[32m"line"[39m[33m,[39m[32m"bar"[39m[33m,[39m[32m"area"[39m])[33m,[39mdata[33m:[39mr[33m.[39marray(r[33m.[39mnumber())})[33m,[39mns[33m=[39mz[33m.[39mextend({component[33m:[39mr[33m.[39mliteral([32m"MiniChart"[39m)[33m,[39mprops[33m:[39m[33mCh[39m})[33m,[39m[33mSh[39m[33m=[39m[33mA[39m[33m.[39mextend({amount[33m:[39mr[33m.[39mstring()[33m.[39m[36mdefault[39m([32m""[39m)[33m,[39mdescription[33m:[39mr[33m.[39mstring()[33m.[39m[36mdefault[39m([32m""[39m)[33m,[39mchild[33m:[39mr[33m.[39munion([ke[33m,[39m[33mAe[39m[33m,[39m[33mWo[39m])})[33m,[39mis[33m=[39mz[33m.[39mextend({component[33m:[39mr[33m.[39mliteral([32m"DataTile"[39m)[33m,[39mprops[33m:[39m[33mSh[39m})[33m,[39m[33mTh[39m[33m=[39m[33mA[39m[33m.[39mextend({title[33m:[39mr[33m.[39mstring()[33m.[39m[36mdefault[39m([32m""[39m)[33m,[39mlabel[33m:[39mr[33m.[39mstring()[33m.[39m[36mdefault[39m([32m""[39m)[33m,[39mchild[33m:[39mr[33m.[39munion([ke[33m,[39m[33mAe[39m])})[33m,[39mos[33m=[39mz[33m.[39mextend({component[33m:[39mr[33m.[39mliteral([32m"ProfileTile"[39m)[33m,[39mprops[33m:[39m[33mTh[39m})[33m,[39m[33mEh[39m[33m=[39m[33mA[39m[33m.[39mextend({number[33m:[39mr[33m.[39mstring()[33m.[39m[36mdefault[39m([32m""[39m)[33m,[39mlabel[33m:[39mr[33m.[39mstring()[33m.[39m[36mdefault[39m([32m""[39m)})[33m,[39mss[33m=[39mz[33m.[39mextend({component[33m:[39mr[33m.[39mliteral([32m"Stats"[39m)[33m,[39mprops[33m:[39m[33mEh[39m})[33m,[39m[33mPh[39m[33m=[39m[33mA[39m[33m.[39mextend({lhs[33m:[39mr[33m.[39munion([os[33m,[39mis])[33m,[39mrhs[33m:[39mr[33m.[39munion([ss[33m,[39mns])[33m.[39moptional()})[33m,[39mls[33m=[39mz[33m.[39mextend({component[33m:[39mr[33m.[39mliteral([32m"MiniCard"[39m)[33m,[39mprops[33m:[39m[33mPh[39m})[33m,[39m[33mIh[39m[33m=[39m[33mA[39m[33m.[39mextend({children[33m:[39mr[33m.[39marray(ls)[33m.[39m[36mdefault[39m([])})[33m,[39mcr[33m=[39mz[33m.[39mextend({component[33m:[39mr[33m.[39mliteral([32m"MiniCardBlock"[39m)[33m,[39mprops[33m:[39m[33mIh[39m})[33m,[39m[33mAh[39m[33m=[39mr[33m.[39mobject({title[33m:[39mr[33m.[39mstring()[33m.[39m[36mdefault[39m([32m""[39m)[33m,[39mdetails[33m:[39m[33mDe[39m})[33m,[39mcs[33m=[39mz[33m.[39mextend({component[33m:[39mr[33m.[39mliteral([32m"StepsItem"[39m)[33m,[39mprops[33m:[39m[33mAh[39m})[33m,[39m[33mLh[39m[33m=[39m[33mA[39m[33m.[39mextend({header[33m:[39mbe[33m.[39moptional()[33m,[39mchildren[33m:[39mr[33m.[39marray(cs)})[33m,[39mxt[33m=[39mz[33m.[39mextend({component[33m:[39mr[33m.[39mliteral([32m"Steps"[39m)[33m,[39mprops[33m:[39m[33mLh[39m})[33m,[39mds[33m=[39mr[33m.[39marray(r[33m.[39munion([[33mDe[39m[33m,[39m[33mGe[39m[33m,[39mxt[33m,[39mbe[33m,[39mwt]))[33m.[39mdescribe([32m"$ref:smallSlotComponent"[39m)[33m,[39m[33mKn[39m[33m=[39mr[33m.[39marray(r[33m.[39munion([be[33m,[39m[33mDe[39m[33m,[39m[33mGe[39m[33m,[39mxt[33m,[39mvt[33m,[39m[33mAe[39m[33m,[39mcr[33m,[39mjt[33m,[39mwt]))[33m.[39mdescribe([32m"$ref:mediumSlotComponent"[39m)[33m,[39mms[33m=[39mr[33m.[39marray(r[33m.[39munion([[33mDe[39m[33m,[39m[33mGe[39m[33m,[39mxt[33m,[39mvt[33m,[39m[33mAe[39m[33m,[39mlr[33m,[39m[33mVt[39m[33m,[39mjt[33m,[39mbe[33m,[39m[33mHt[39m[33m,[39mwt]))[33m.[39mdescribe([32m"$ref:largeSlotComponent"[39m)[33m,[39m[33mMh[39m[33m=[39mr[33m.[39mobject({variant[33m:[39mr[33m.[39mliteral([32m"M-M"[39m)[33m,[39mrows[33m:[39mr[33m.[39marray(r[33m.[39mobject({headerLeft[33m:[39mbe[33m.[39moptional()[33m,[39mmediumLeft[33m:[39m[33mKn[39m[33m,[39mheaderRight[33m:[39mbe[33m.[39moptional()[33m,[39mmediumRight[33m:[39m[33mKn[39m[33m.[39moptional()}))})[33m,[39m$h[33m=[39mr[33m.[39mobject({variant[33m:[39mr[33m.[39mliteral([32m"L-S"[39m)[33m,[39mrows[33m:[39mr[33m.[39marray(r[33m.[39mobject({headerLeft[33m:[39mbe[33m.[39moptional()[33m,[39mlargeLeft[33m:[39mms[33m,[39mheaderRight[33m:[39mbe[33m.[39moptional()[33m,[39msmallRight[33m:[39mds[33m.[39moptional()}))})[33m,[39m[33mOh[39m[33m=[39mr[33m.[39mobject({variant[33m:[39mr[33m.[39mliteral([32m"S-L"[39m)[33m,[39mrows[33m:[39mr[33m.[39marray(r[33m.[39mobject({headerLeft[33m:[39mbe[33m.[39moptional()[33m,[39msmallLeft[33m:[39mds[33m,[39mheaderRight[33m:[39mbe[33m.[39moptional()[33m,[39mlargeRight[33m:[39mms[33m.[39moptional()}))})[33m,[39mzh[33m=[39m[33mA[39m[33m.[39mextend({children[33m:[39mr[33m.[39munion([[33mMh[39m[33m,[39m$h[33m,[39m[33mOh[39m])})[33m,[39mhn[33m=[39mz[33m.[39mextend({component[33m:[39mr[33m.[39mliteral([32m"Layout"[39m)[33m,[39mprops[33m:[39mzh})[33m,[39m[33mBh[39m[33m=[39m[33mA[39m[33m.[39mextend({title[33m:[39mr[33m.[39mstring()[33m.[39m[36mdefault[39m([32m""[39m)[33m,[39micon[33m:[39mr[33m.[39mstring()[33m.[39m[36mdefault[39m([32m""[39m)})[33m,[39mps[33m=[39mz[33m.[39mextend({component[33m:[39mr[33m.[39mliteral([32m"Section"[39m)[33m,[39mprops[33m:[39m[33mBh[39m})[33m,[39m[33mRh[39m[33m=[39m{info[33m:[39m[32m"c1-callout-v2-info"[39m[33m,[39mdanger[33m:[39m[32m"c1-callout-v2-danger"[39m[33m,[39mwarning[33m:[39m[32m"c1-callout-v2-warning"[39m[33m,[39msuccess[33m:[39m[32m"c1-callout-v2-success"[39m[33m,[39mneutral[33m:[39m[32m"c1-callout-v2-neutral"[39m}[33m,[39m[33mDh[39m[33m=[39mq(e[33m=>[39m{[36mconst[39m{actions[33m:[39ma[33m,[39mrowIndex[33m:[39mn[33m,[39mrowData[33m:[39mi}[33m=[39me[33m,[39m{portalThemeClassName[33m:[39mo}[33m=[39m[33mCe[39m()[33m,[39ms[33m=[39m[33mDt[39m()[33m,[39m{isOpen[33m:[39ml[33m,[39mhandleMouseEnter[33m:[39mc[33m,[39mhandleMouseLeave[33m:[39md[33m,[39mhandleTriggerClick[33m:[39mm[33m,[39mhandleContentClick[33m:[39mh[33m,[39mcloseTooltip[33m:[39mu[33m,[39mgetPointerDownOutsideHandler[33m:[39mg}[33m=[39mon()[33m;[39m[36mif[39m([33m![39ma[33m||[39ma[33m.[39mlength[33m===[39m[35m0[39m)[36mreturn[39m [36mnull[39m[33m;[39m[36mconst[39m b[33m=[39mf[33m=>[39m{[36mvar[39m y[33m,[39m_[33m;[39ms(f[33m.[39mlabel[33m,[39m[32m`User clicked on table action: ${f.label} for row ${n+1} with data: ${i.filter(v=>typeof v!="object")}`[39m[33m,[39m[36mvoid[39m [35m0[39m[33m,[39m{type[33m:[39m(y[33m=[39mf[33m.[39maction)[33m==[39m[36mnull[39m[33m?[39m[36mvoid[39m [35m0[39m[33m:[39my[33m.[39mtype[33m,[39mparams[33m:[39m{[33m...[39m(_[33m=[39mf[33m.[39maction)[33m==[39m[36mnull[39m[33m?[39m[36mvoid[39m [35m0[39m[33m:[39m_[33m.[39mprops}})}[33m;[39m[36mif[39m(a[33m.[39mlength[33m===[39m[35m1[39m[33m&&[39ma[[35m0[39m]){[36mconst[39m f[33m=[39ma[[35m0[39m][33m;[39m[36mreturn[39m t([32m"div"[39m[33m,[39m{className[33m:[39m[32m"c1-table-action-cell"[39m[33m,[39mchildren[33m:[39mp([32m"button"[39m[33m,[39m{className[33m:[39m[32m"c1-table-action-single-button"[39m[33m,[39monClick[33m:[39m()[33m=>[39mb(f)[33m,[39m[32m"aria-label"[39m[33m:[39mf[33m.[39mlabel[33m,[39mchildren[33m:[39m[f[33m.[39mleftIcon[33m&&[39mt(de[33m,[39m{name[33m:[39mf[33m.[39mleftIcon[33m.[39mprops[33m.[39mname[33m,[39mcategory[33m:[39mf[33m.[39mleftIcon[33m.[39mprops[33m.[39mcategory[33m,[39msize[33m:[39m[35m14[39m})[33m,[39mt([32m"span"[39m[33m,[39m{children[33m:[39mf[33m.[39mlabel})[33m,[39mf[33m.[39mrightIcon[33m&&[39mt(de[33m,[39m{name[33m:[39mf[33m.[39mrightIcon[33m.[39mprops[33m.[39mname[33m,[39mcategory[33m:[39mf[33m.[39mrightIcon[33m.[39mprops[33m.[39mcategory[33m,[39msize[33m:[39m[35m14[39m})]})})}[36mreturn[39m t([32m"div"[39m[33m,[39m{className[33m:[39m[32m"c1-table-action-cell"[39m[33m,[39mchildren[33m:[39mt(he[33m.[39m[33mProvider[39m[33m,[39m{delayDuration[33m:[39m[35m0[39m[33m,[39mchildren[33m:[39mp(he[33m.[39m[33mRoot[39m[33m,[39m{open[33m:[39ml[33m,[39mchildren[33m:[39m[t(he[33m.[39m[33mTrigger[39m[33m,[39m{asChild[33m:[39m[33m![39m[35m0[39m[33m,[39mchildren[33m:[39mt(ie[33m,[39m{variant[33m:[39m[32m"tertiary"[39m[33m,[39msize[33m:[39m[32m"extra-small"[39m[33m,[39mclassName[33m:[39m[32m"c1-table-action-trigger"[39m[33m,[39micon[33m:[39mt([33mZc[39m[33m,[39m{size[33m:[39m[35m12[39m})[33m,[39m[32m"aria-label"[39m[33m:[39m[32m"More actions"[39m[33m,[39m[32m"aria-expanded"[39m[33m:[39ml[33m,[39m[32m"aria-haspopup"[39m[33m:[39m[32m"menu"[39m[33m,[39monClick[33m:[39mm[33m,[39monMouseEnter[33m:[39mc[33m,[39monMouseLeave[33m:[39md})})[33m,[39mt(he[33m.[39m[33mPortal[39m[33m,[39m{children[33m:[39mt(he[33m.[39m[33mContent[39m[33m,[39m{side[33m:[39m[32m"bottom"[39m[33m,[39malign[33m:[39m[32m"end"[39m[33m,[39msideOffset[33m:[39m[35m4[39m[33m,[39malignOffset[33m:[39m[35m0[39m[33m,[39mcollisionPadding[33m:[39m[35m8[39m[33m,[39monMouseEnter[33m:[39mc[33m,[39monMouseLeave[33m:[39md[33m,[39monClick[33m:[39mh[33m,[39monPointerDownOutside[33m:[39mg([32m".c1-table-action-trigger"[39m)[33m,[39mclassName[33m:[39m[33mT[39m([32m"c1-table-action-tooltip"[39m[33m,[39mo)[33m,[39mchildren[33m:[39mt([32m"div"[39m[33m,[39m{className[33m:[39m[32m"c1-table-action-menu"[39m[33m,[39mrole[33m:[39m[32m"menu"[39m[33m,[39mchildren[33m:[39ma[33m.[39mmap((f[33m,[39my)[33m=>[39mp([32m"button"[39m[33m,[39m{role[33m:[39m[32m"menuitem"[39m[33m,[39mclassName[33m:[39m[32m"c1-table-action-menu-item"[39m[33m,[39monClick[33m:[39m()[33m=>[39m{b(f)[33m,[39mu()}[33m,[39m[32m"aria-label"[39m[33m:[39mf[33m.[39mlabel[33m,[39mchildren[33m:[39m[f[33m.[39mleftIcon[33m&&[39mt(de[33m,[39m{name[33m:[39mf[33m.[39mleftIcon[33m.[39mprops[33m.[39mname[33m,[39mcategory[33m:[39mf[33m.[39mleftIcon[33m.[39mprops[33m.[39mcategory[33m,[39msize[33m:[39m[35m14[39m})[33m,[39mt([32m"span"[39m[33m,[39m{children[33m:[39mf[33m.[39mlabel})[33m,[39mf[33m.[39mrightIcon[33m&&[39mt(de[33m,[39m{name[33m:[39mf[33m.[39mrightIcon[33m.[39mprops[33m.[39mname[33m,[39mcategory[33m:[39mf[33m.[39mrightIcon[33m.[39mprops[33m.[39mcategory[33m,[39msize[33m:[39m[35m14[39m})]}[33m,[39m[32m`c1-table-action-menu-item-${y}`[39m))})})})]})})})})[33m,[39m[33mFh[39m[33m=[39mq(e[33m=>[39m{[36mconst[39m{tableHeader[33m:[39ma[33m,[39mtableBody[33m:[39mn[33m,[39m[33m...[39mi}[33m=[39me[33m,[39mo[33m=[39m[33mD[39m([36mnull[39m)[33m,[39ms[33m=[39m[33mD[39m([36mnull[39m)[33m,[39m[l[33m,[39mc][33m=[39m[33mF[39m([33m![39m[35m1[39m)[33m,[39m[d[33m,[39mm][33m=[39m[33mF[39m([33m![39m[35m1[39m)[33m,[39m[h[33m,[39mu][33m=[39m[33mF[39m([33m![39m[35m1[39m)[33m,[39mg[33m=[39m[33mD[39m([])[33m;[39m[33mV[39m(()[33m=>[39m{[36mconst[39m y[33m=[39ms[33m.[39mcurrent[33m,[39m_[33m=[39mo[33m.[39mcurrent[33m;[39m[36mif[39m([33m![39my[33m||[39m[33m![39m_)[36mreturn[39m[33m;[39m[36mconst[39m v[33m=[39m()[33m=>[39m{[36mconst[39m [33mC[39m[33m=[39my[33m.[39mscrollWidth[33m>[39my[33m.[39mclientWidth[33m;[39mc([33mC[39m)[33m,[39mm(y[33m.[39mscrollLeft[33m>[39m[35m0[39m)[33m,[39mu(y[33m.[39mscrollLeft[33m<[39m[33my[39m[33m.[39mscrollWidth[33m-[39my[33m.[39mclientWidth[33m-[39m[35m1[39m)[33m;[39m[36mconst[39m k[33m=[39m_[33m.[39mquerySelectorAll([32m"thead th"[39m)[33m;[39m[36mif[39m([33m![39mk[33m||[39mk[33m.[39mlength[33m===[39m[35m0[39m)[36mreturn[39m [36mvoid[39m(g[33m.[39mcurrent[33m=[39m[])[33m;[39m[36mconst[39m [33mS[39m[33m=[39my[33m.[39mgetBoundingClientRect()[33m,[39mw[33m=[39m[][33m;[39mk[33m.[39mforEach([33mI[39m[33m=>[39m{[36mconst[39m [33mL[39m[33m=[39m[33mI[39m[33m.[39mgetBoundingClientRect()[33m.[39mleft[33m-[39m[33mS[39m[33m.[39mleft[33m+[39my[33m.[39mscrollLeft[33m;[39mw[33m.[39mpush([33mMath[39m[33m.[39mmax([35m0[39m[33m,[39m[33mMath[39m[33m.[39mround([33mL[39m)))})[33m;[39m[36mconst[39m [33mP[39m[33m=[39m[33mArray[39m[33m.[39m[36mfrom[39m([36mnew[39m [33mSet[39m(w))[33m.[39msort(([33mI[39m[33m,[39m[33mL[39m)[33m=>[39m[33mI[39m[33m-[39m[33mL[39m)[33m;[39mg[33m.[39mcurrent[33m=[39m[33mP[39m}[33m;[39mv()[33m;[39m[36mconst[39m [33mN[39m[33m=[39m[36mnew[39m [33mResizeObserver[39m(()[33m=>[39mv())[33m;[39m[33mN[39m[33m.[39mobserve(y)[33m;[39m[36mconst[39m x[33m=[39m()[33m=>[39m{m(y[33m.[39mscrollLeft[33m>[39m[35m0[39m)[33m,[39mu(y[33m.[39mscrollLeft[33m<[39m[33my[39m[33m.[39mscrollWidth[33m-[39my[33m.[39mclientWidth[33m-[39m[35m1[39m)}[33m;[39m[36mreturn[39m y[33m.[39maddEventListener([32m"scroll"[39m[33m,[39mx)[33m,[39m()[33m=>[39m{[33mN[39m[33m.[39mdisconnect()[33m,[39my[33m.[39mremoveEventListener([32m"scroll"[39m[33m,[39mx)}}[33m,[39m[n[33m,[39ma])[33m;[39m[36mconst[39m b[33m=[39m$(()[33m=>[39m{[36mconst[39m y[33m=[39ms[33m.[39mcurrent[33m;[39m[36mif[39m([33m![39my[33m||[39mg[33m.[39mcurrent[33m.[39mlength[33m===[39m[35m0[39m)[36mreturn[39m[33m;[39m[36mconst[39m _[33m=[39my[33m.[39mscrollLeft[33m,[39mv[33m=[39mg[33m.[39mcurrent[33m.[39mfind([33mC[39m[33m=>[39m[33mC[39m[33m>[39m_[33m+[39m[35m1[39m)[33m,[39m[33mN[39m[33m=[39my[33m.[39mscrollWidth[33m-[39my[33m.[39mclientWidth[33m,[39mx[33m=[39m[36mtypeof[39m v[33m==[39m[32m"number"[39m[33m?[39mv[33m:[39m[33mN[39m[33m;[39my[33m.[39mscrollTo({left[33m:[39m[33mMath[39m[33m.[39mmin(x[33m,[39m[33mN[39m)[33m,[39mbehavior[33m:[39m[32m"smooth"[39m})}[33m,[39m[])[33m,[39mf[33m=[39m$(()[33m=>[39m{[36mconst[39m y[33m=[39ms[33m.[39mcurrent[33m;[39m[36mif[39m([33m![39my[33m||[39mg[33m.[39mcurrent[33m.[39mlength[33m===[39m[35m0[39m)[36mreturn[39m[33m;[39m[36mconst[39m _[33m=[39my[33m.[39mscrollLeft[33m,[39mv[33m=[39mg[33m.[39mcurrent[33m.[39mfilter([33mN[39m[33m=>[39m[33mN[39m[33m<[39m_[33m-[39m[35m1[39m)[33m.[39mat([33m-[39m[35m1[39m)[33m?[39m[33m?[39m[35m0[39m[33m;[39my[33m.[39mscrollTo({left[33m:[39m[33mMath[39m[33m.[39mmax([35m0[39m[33m,[39mv)[33m,[39mbehavior[33m:[39m[32m"smooth"[39m})}[33m,[39m[])[33m;[39m[36mreturn[39m p([32m"div"[39m[33m,[39m{className[33m:[39m[32m"c1-table-wrapper"[39m[33m,[39mref[33m:[39mo[33m,[39mtabIndex[33m:[39m[35m0[39m[33m,[39mchildren[33m:[39m[l[33m&&[39mp([33mQ[39m[33m,[39m{children[33m:[39m[t([32m"div"[39m[33m,[39m{className[33m:[39m[32m"c1-table-scroll-control c1-left "[39m[33m+[39m(d[33m?[39m[32m"enabled"[39m[33m:[39m[32m"disabled"[39m)[33m,[39mchildren[33m:[39mt(ie[33m,[39m{[32m"aria-label"[39m[33m:[39m[32m"Scroll left"[39m[33m,[39msize[33m:[39m[32m"small"[39m[33m,[39mvariant[33m:[39m[32m"secondary"[39m[33m,[39monClick[33m:[39mf[33m,[39mdisabled[33m:[39m[33m![39md[33m,[39micon[33m:[39mt(la[33m,[39m{size[33m:[39m[35m16[39m})})})[33m,[39mt([32m"div"[39m[33m,[39m{className[33m:[39m[32m"c1-table-scroll-control c1-right "[39m[33m+[39m(h[33m?[39m[32m"enabled"[39m[33m:[39m[32m"disabled"[39m)[33m,[39mchildren[33m:[39mt(ie[33m,[39m{[32m"aria-label"[39m[33m:[39m[32m"Scroll right"[39m[33m,[39msize[33m:[39m[32m"small"[39m[33m,[39mvariant[33m:[39m[32m"secondary"[39m[33m,[39monClick[33m:[39mb[33m,[39mdisabled[33m:[39m[33m![39mh[33m,[39micon[33m:[39mt([33mAt[39m[33m,[39m{size[33m:[39m[35m16[39m})})})]})[33m,[39mp(xi[33m,[39m{containerRef[33m:[39ms[33m,[39mcontainerClassName[33m:[39m[32m"c1-table-scroll-container"[39m[33m,[39mstyle[33m:[39m{width[33m:[39ml[33m?[39m[32m"max-content"[39m[33m:[39m[32m"100%"[39m}[33m,[39m[33m...[39mi[33m,[39mchildren[33m:[39m[t(ki[33m,[39m{children[33m:[39mt(za[33m,[39m{children[33m:[39ma[33m.[39mrows[33m.[39mmap((y[33m,[39m_)[33m=>[39m{[36mvar[39m [33mN[39m[33m;[39m[36mconst[39m v[33m=[39m(([33mN[39m[33m=[39ma[33m.[39mrows[_])[33m==[39m[36mnull[39m[33m?[39m[36mvoid[39m [35m0[39m[33m:[39m[33mN[39m[33m.[39mtype)[33m||[39m[32m"string"[39m[33m;[39m[36mreturn[39m t([33mNi[39m[33m,[39m{className[33m:[39m[32m"c1-table-head"[39m[33m,[39mchildren[33m:[39mp([32m"div"[39m[33m,[39m{className[33m:[39m[32m`c1-table-head-content ${v==="number"?"c1-table-align-right":"c1-table-align-left"}`[39m[33m,[39mchildren[33m:[39m[y[33m.[39micon[33m&&[39mt([33mK[39m[33m,[39m{[33m...[39my[33m.[39micon})[33m,[39my[33m.[39mchildren]})}[33m,[39m[32m`table-head-${_}`[39m)})})})[33m,[39mt([33mCi[39m[33m,[39m{children[33m:[39mn[33m.[39mrows[33m.[39mmap((y[33m,[39m_)[33m=>[39mt(za[33m,[39m{children[33m:[39my[33m.[39mchildren[33m.[39mmap((v[33m,[39m[33mN[39m)[33m=>[39m{[36mvar[39m k[33m;[39m[36mconst[39m x[33m=[39m((k[33m=[39ma[33m.[39mrows[[33mN[39m])[33m==[39m[36mnull[39m[33m?[39m[36mvoid[39m [35m0[39m[33m:[39mk[33m.[39mtype)[33m||[39m[32m"string"[39m[33m,[39m[33mC[39m[33m=[39mx[33m===[39m[32m"number"[39m[33m?[39m[32m"c1-align-right"[39m[33m:[39m[32m"c1-align-left"[39m[33m;[39m[36mreturn[39m x[33m===[39m[32m"action"[39m[33m?[39mt($r[33m,[39m{className[33m:[39m[32m`c1-table-cell ${C}`[39m[33m,[39mchildren[33m:[39mt([33mDh[39m[33m,[39m{actions[33m:[39mv[33m,[39mrowIndex[33m:[39m_[33m,[39mrowData[33m:[39my[33m.[39mchildren})}[33m,[39m[32m`table-body-cell-${N}`[39m)[33m:[39mt($r[33m,[39m{className[33m:[39m[32m`c1-table-cell ${C}`[39m[33m,[39mchildren[33m:[39m(()[33m=>[39m{[36mswitch[39m([36mtypeof[39m v){[36mcase[39m[32m"string"[39m[33m:[39m[36mcase[39m[32m"number"[39m[33m:[39m[36mreturn[39m t([33mEe[39m[33m,[39m{content[33m:[39mv})[33m;[39m[36mcase[39m[32m"object"[39m[33m:[39m[36mreturn[39m v[33m.[39mcomponent[33m===[39m[32m"TagBlock"[39m[33m?[39mt([33mKo[39m[33m,[39m{children[33m:[39mv[33m.[39mprops[33m.[39mchildren[33m,[39msize[33m:[39m[32m"sm"[39m})[33m:[39mt([33mK[39m[33m,[39m{[33m...[39mv})}})()}[33m,[39m[32m`table-body-cell-${N}`[39m)})}[33m,[39m[32m`table-body-row-${_}`[39m))})]})]})})[33m,[39mjh[33m=[39m[33mA[39m[33m.[39mextend({value[33m:[39mr[33m.[39mstring()[33m,[39mtrigger[33m:[39mr[33m.[39mobject({text[33m:[39mr[33m.[39mstring()[33m,[39micon[33m:[39mke[33m.[39moptional()})[33m,[39mcontent[33m:[39mr[33m.[39marray(r[33m.[39munion([[33mGe[39m[33m,[39m[33mDe[39m[33m,[39mjt[33m,[39mvt[33m,[39m[33mVt[39m[33m,[39mua[33m,[39mir[33m,[39m[33mAe[39m[33m,[39mpt[33m,[39mxt[33m,[39msr[33m,[39mor[33m,[39mbe[33m,[39mdn[33m,[39mpn[33m,[39m[33mYa[39m[33m,[39m[33mGa[39m[33m,[39m[33mJa[39m[33m,[39mtr[33m,[39mer[33m,[39m[33mQa[39m[33m,[39m[33mHt[39m[33m,[39mwt]))[33m.[39moptional()})[33m,[39m[33mVh[39m[33m=[39m[33mA[39m[33m.[39mextend({header[33m:[39mbe[33m.[39moptional()[33m,[39mchildren[33m:[39mr[33m.[39marray(jh)})[33m,[39mun[33m=[39mz[33m.[39mextend({component[33m:[39mr[33m.[39mliteral([32m"Tabs"[39m)[33m,[39mprops[33m:[39m[33mVh[39m})[33m,[39m[33mHh[39m[33m=[39mq(e[33m=>[39m{[36mconst[39m{children[33m:[39ma[33m,[39mheader[33m:[39mn[33m,[39m[33m...[39mi}[33m=[39me[33m,[39mo[33m=[39m$e()[33m,[39m[s[33m,[39ml][33m=[39m[33mF[39m([32m""[39m)[33m,[39mc[33m=[39m[33mD[39m([33m![39m[35m1[39m)[33m,[39md[33m=[39m[33mD[39m([35m0[39m)[33m;[39m[36mreturn[39m [33mV[39m(()[33m=>[39m{[36mvar[39m m[33m,[39mh[33m;[39ma[33m!=[39m[36mnull[39m[33m&&[39ma[33m.[39mlength[33m&&[39m(o[33m&&[39ma[33m.[39mlength[33m>[39md[33m.[39mcurrent[33m&&[39m[33m![39mc[33m.[39mcurrent[33m?[39ml(((m[33m=[39ma[a[33m.[39mlength[33m-[39m[35m1[39m])[33m==[39m[36mnull[39m[33m?[39m[36mvoid[39m [35m0[39m[33m:[39mm[33m.[39mvalue)[33m||[39m[32m""[39m)[33m:[39m[33m![39ms[33m&&[39ma[33m.[39mlength[33m>[39m[35m0[39m[33m&&[39ml(((h[33m=[39ma[[35m0[39m])[33m==[39m[36mnull[39m[33m?[39m[36mvoid[39m [35m0[39m[33m:[39mh[33m.[39mvalue)[33m||[39m[32m""[39m)[33m,[39md[33m.[39mcurrent[33m=[39ma[33m.[39mlength)}[33m,[39m[a[33m,[39ms[33m,[39mo])[33m,[39ma[33m!=[39m[36mnull[39m[33m&&[39ma[33m.[39mlength[33m?[39mp([32m"div"[39m[33m,[39m{className[33m:[39m[32m"c1-tabs-wrapper"[39m[33m,[39mchildren[33m:[39m[n[33m&&[39mt([33mK[39m[33m,[39m{[33m...[39mn})[33m,[39mp([33mSc[39m[33m,[39m{value[33m:[39ms[33m,[39monValueChange[33m:[39mm[33m=>[39m{c[33m.[39mcurrent[33m=[39m[33m![39m[35m0[39m[33m,[39ml(m)}[33m,[39m[33m...[39mi[33m,[39mchildren[33m:[39m[t([33mTc[39m[33m,[39m{children[33m:[39ma[33m==[39m[36mnull[39m[33m?[39m[36mvoid[39m [35m0[39m[33m:[39ma[33m.[39mmap((m[33m,[39mh)[33m=>[39mt([33mEc[39m[33m,[39m{value[33m:[39mm[33m.[39mvalue[33m,[39mtext[33m:[39mm[33m.[39mtrigger[33m.[39mtext[33m,[39micon[33m:[39mm[33m.[39mtrigger[33m.[39micon[33m?[39mt(de[33m,[39m{name[33m:[39mm[33m.[39mtrigger[33m.[39micon[33m.[39mprops[33m.[39mname[33m,[39mcategory[33m:[39mm[33m.[39mtrigger[33m.[39micon[33m.[39mprops[33m.[39mcategory})[33m:[39m[36mvoid[39m [35m0[39m}[33m,[39m[32m`tab-trigger-${h}`[39m))})[33m,[39ma[33m==[39m[36mnull[39m[33m?[39m[36mvoid[39m [35m0[39m[33m:[39ma[33m.[39mmap((m[33m,[39mh)[33m=>[39m{[36mvar[39m u[33m;[39m[36mreturn[39m t([33mPc[39m[33m,[39m{value[33m:[39mm[33m.[39mvalue[33m,[39mchildren[33m:[39m(u[33m=[39mm[33m.[39mcontent)[33m==[39m[36mnull[39m[33m?[39m[36mvoid[39m [35m0[39m[33m:[39mu[33m.[39mmap((g[33m,[39mb)[33m=>[39mt([33mK[39m[33m,[39m{[33m...[39mg}[33m,[39m[32m`tab-content-child-${h}-${b}`[39m))}[33m,[39m[32m`tab-content-${h}`[39m)})]})]})[33m:[39m[36mnull[39m})[33m,[39m[33mUh[39m[33m=[39m[33mA[39m[33m.[39mextend({value[33m:[39mr[33m.[39mstring()[33m,[39mtrigger[33m:[39mr[33m.[39mstring()[33m,[39mcontent[33m:[39mr[33m.[39marray(r[33m.[39munion([ua[33m,[39m[33mHt[39m[33m,[39mpt[33m,[39m[33mGe[39m[33m,[39mbe[33m,[39m[33mAe[39m[33m,[39m[33mDe[39m[33m,[39mjt[33m,[39mvt[33m,[39msr[33m,[39mor[33m,[39mxt[33m,[39mlr[33m,[39mcr[33m,[39mhn[33m,[39m[33mVt[39m[33m,[39mun[33m,[39mir]))})[33m,[39mqh[33m=[39m[33mA[39m[33m.[39mextend({isFoldable[33m:[39mr[33m.[39mboolean()[33m.[39m[36mdefault[39m([33m![39m[35m0[39m)[33m,[39msections[33m:[39mr[33m.[39marray([33mUh[39m)})[33m,[39mhs[33m=[39mz[33m.[39mextend({component[33m:[39mr[33m.[39mliteral([32m"SectionBlock"[39m)[33m,[39mprops[33m:[39mqh})[33m,[39m[33mWh[39m[33m=[39mqa(({className[33m:[39me[33m,[39mstyle[33m:[39ma[33m,[39m[33m...[39mn}[33m,[39mi)[33m=>[39mt(ca[33m.[39m[33mRoot[39m[33m,[39m{ref[33m:[39mi[33m,[39mclassName[33m:[39m[33mT[39m([32m"c1-foldable-section-root"[39m[33m,[39me)[33m,[39mstyle[33m:[39ma[33m,[39m[33m...[39mn}))[33m,[39m[33mKh[39m[33m=[39mqa(({className[33m:[39me[33m,[39mstyle[33m:[39ma[33m,[39mvalue[33m:[39mn[33m,[39m[33m...[39mi}[33m,[39mo)[33m=>[39mt(ca[33m.[39m[33mItem[39m[33m,[39m{ref[33m:[39mo[33m,[39mclassName[33m:[39m[33mT[39m([32m"c1-foldable-section-item"[39m[33m,[39me)[33m,[39mstyle[33m:[39ma[33m,[39mvalue[33m:[39mn[33m,[39m[33m...[39mi}))[33m,[39m[33mXh[39m[33m=[39mqa(({className[33m:[39me[33m,[39mstyle[33m:[39ma[33m,[39mtext[33m:[39mn[33m,[39m[33m...[39mi}[33m,[39mo)[33m=>[39mt(ca[33m.[39m[33mHeader[39m[33m,[39m{className[33m:[39m[33mT[39m([32m"c1-foldable-section-header"[39m)[33m,[39mchildren[33m:[39mt(ca[33m.[39m[33mTrigger[39m[33m,[39m{ref[33m:[39mo[33m,[39mclassName[33m:[39m[33mT[39m([32m"c1-foldable-section-trigger"[39m[33m,[39me)[33m,[39mstyle[33m:[39ma[33m,[39m[33m...[39mi[33m,[39mchildren[33m:[39mp([32m"div"[39m[33m,[39m{className[33m:[39m[32m"c1-foldable-section-trigger-content-wrapper"[39m[33m,[39mchildren[33m:[39m[t([33mOe[39m[33m,[39m{className[33m:[39m[32m"c1-foldable-section-trigger-content-separator"[39m})[33m,[39mp([32m"div"[39m[33m,[39m{className[33m:[39m[32m"c1-foldable-section-trigger-content-icon-button-wrapper"[39m[33m,[39mchildren[33m:[39m[t(ie[33m,[39m{icon[33m:[39mt([33mAt[39m[33m,[39m{className[33m:[39m[32m"c1-foldable-section-trigger-content-icon-button-icon"[39m})[33m,[39msize[33m:[39m[32m"extra-small"[39m[33m,[39mvariant[33m:[39m[32m"secondary"[39m[33m,[39mclassName[33m:[39m[32m"c1-foldable-section-trigger-content-icon-button"[39m})[33m,[39mt([32m"div"[39m[33m,[39m{className[33m:[39m[32m"c1-foldable-section-trigger-content-text"[39m[33m,[39mchildren[33m:[39mn})]})]})})}))[33m,[39m[33mZh[39m[33m=[39mqa(({className[33m:[39me[33m,[39mstyle[33m:[39ma[33m,[39mchildren[33m:[39mn[33m,[39m[33m...[39mi}[33m,[39mo)[33m=>[39mt(ca[33m.[39m[33mContent[39m[33m,[39m{ref[33m:[39mo[33m,[39mclassName[33m:[39m[33mT[39m([32m"c1-foldable-section-content"[39m[33m,[39me)[33m,[39mstyle[33m:[39ma[33m,[39m[33m...[39mi[33m,[39mchildren[33m:[39mn}))[33m,[39m[33mYh[39m[33m=[39me[33m=>[39m{[36mconst[39m{trigger[33m:[39ma[33m,[39mchildren[33m:[39mn}[33m=[39me[33m;[39m[36mreturn[39m t([32m"div"[39m[33m,[39m{className[33m:[39m[32m"c1-section-v2"[39m[33m,[39mchildren[33m:[39mp([32m"div"[39m[33m,[39m{className[33m:[39m[32m"c1-section-v2-wrapper"[39m[33m,[39mchildren[33m:[39m[t([33mOe[39m[33m,[39m{orientation[33m:[39m[32m"horizontal"[39m})[33m,[39mt([32m"div"[39m[33m,[39m{className[33m:[39m[32m"c1-section-v2-header"[39m[33m,[39mchildren[33m:[39mt([32m"div"[39m[33m,[39m{className[33m:[39m[32m"c1-section-v2-header-trigger"[39m[33m,[39mchildren[33m:[39ma})})[33m,[39mt([32m"div"[39m[33m,[39m{className[33m:[39m[32m"c1-section-v2-content"[39m[33m,[39mchildren[33m:[39mn})]})})}[33m,[39m[33mXn[39m[33m=[39m{[33mImage[39m[33m:[39m{variant[33m:[39m[32m"ImageBlock"[39m}}[33m,[39m[33mGh[39m[33m=[39mr[33m.[39munion([un[33m,[39mua[33m,[39mir[33m,[39mpt[33m,[39m[33mGe[39m[33m,[39mrs[33m,[39mmn[33m,[39m[33mAe[39m[33m,[39m[33mDe[39m[33m,[39mjt[33m,[39mvt[33m,[39msr[33m,[39mor[33m,[39mxt[33m,[39mlr[33m,[39mcr[33m,[39mhn[33m,[39m[36mas[39m[33m,[39m[33mVt[39m[33m,[39mhs[33m,[39mbe[33m,[39mps[33m,[39m[33mYa[39m[33m,[39m[33mGa[39m[33m,[39mdn[33m,[39m[33mJa[39m[33m,[39mtr[33m,[39mer[33m,[39m[33mQa[39m[33m,[39mpn[33m,[39m[33mHt[39m[33m,[39mwt])[33m,[39m[33mJh[39m[33m=[39mr[33m.[39mobject({url[33m:[39mr[33m.[39mstring()[33m.[39moptional()[33m,[39mtitle[33m:[39mr[33m.[39mstring()[33m,[39msourceName[33m:[39mr[33m.[39mstring()})[33m,[39m[33mQh[39m[33m=[39m[33mA[39m[33m.[39mextend({variant[33m:[39mr[33m.[39m[36menum[39m([[32m"clear"[39m[33m,[39m[32m"card"[39m[33m,[39m[32m"sunk"[39m])[33m.[39moptional()[33m,[39mwidth[33m:[39mr[33m.[39m[36menum[39m([[32m"standard"[39m[33m,[39m[32m"full"[39m])[33m.[39moptional()[33m,[39mchildren[33m:[39mr[33m.[39marray([33mGh[39m)[33m.[39m[36mdefault[39m([])[33m,[39msources[33m:[39mr[33m.[39marray([33mJh[39m)[33m.[39moptional()})[33m,[39meu[33m=[39mz[33m.[39mextend({component[33m:[39mr[33m.[39mliteral([32m"Card"[39m)[33m,[39mprops[33m:[39m[33mQh[39m})[33m,[39mtu[33m=[39mq(e[33m=>[39m{[36mconst[39m{followUpText[33m:[39ma[33m,[39m[33m...[39mn}[33m=[39me[33m,[39mi[33m=[39ma[33m==[39m[36mnull[39m[33m?[39m[36mvoid[39m [35m0[39m[33m:[39ma[33m.[39mmap(o[33m=>[39m({component[33m:[39m[32m"FollowUpItem"[39m[33m,[39mprops[33m:[39m{text[33m:[39mo[33m,[39micon[33m:[39m{component[33m:[39m[32m"Icon"[39m[33m,[39mprops[33m:[39m{name[33m:[39m[32m"plus"[39m}}}}))[33m;[39m[36mreturn[39m p([32m"div"[39m[33m,[39m{className[33m:[39m[32m"c1-follow-up-block-wrapper"[39m[33m,[39mchildren[33m:[39m[t([32m"div"[39m[33m,[39m{className[33m:[39m[32m"c1-follow-up"[39m[33m,[39mchildren[33m:[39m[32m"Related Queries"[39m})[33m,[39mt([33mIc[39m[33m,[39m{[33m...[39mn[33m,[39mchildren[33m:[39mi[33m==[39m[36mnull[39m[33m?[39m[36mvoid[39m [35m0[39m[33m:[39mi[33m.[39mmap((o[33m,[39ms)[33m=>[39mt([33mK[39m[33m,[39m{[33m...[39mo}[33m,[39m[32m`${o.component}-${s}`[39m))})]})})[33m,[39m[33mDr[39m[33m=[39me[33m=>[39m[33mArray[39m[33m.[39misArray(e)[33m?[39me[33m.[39mmap((a[33m,[39mn)[33m=>[39ma[33m.[39mcomponent[33m?[39mt([33mK[39m[33m,[39m{[33m...[39ma}[33m,[39m[32m`${a.component}-${n}`[39m)[33m:[39m[33mDr[39m(a))[33m:[39m[36mtypeof[39m e[33m==[39m[32m"string"[39m[33m||[39me [36minstanceof[39m [33mDate[39m[33m||[39mgi(e)[33m?[39me[33m:[39m[36mtypeof[39m e[33m==[39m[32m"object"[39m[33m&&[39me[33m!==[39m[36mnull[39m[33m?[39me[33m.[39mcomponent[33m?[39mt([33mK[39m[33m,[39m{[33m...[39me})[33m:[39m[33mObject[39m[33m.[39mentries(e)[33m.[39mreduce((a[33m,[39m[n[33m,[39mi])[33m=>[39m(a[n][33m=[39m[33mDr[39m(i)[33m,[39ma)[33m,[39m{})[33m:[39me[33m,[39m[33mY[39m[33m=[39me[33m=>[39mq(a[33m=>[39m{[36mconst[39m n[33m=[39m[33mObject[39m[33m.[39mentries(a)[33m.[39mreduce((i[33m,[39m[o[33m,[39ms])[33m=>[39m(i[o][33m=[39m[33mDr[39m(s)[33m,[39mi)[33m,[39m{})[33m;[39m[36mreturn[39m t(e[33m,[39m{[33m...[39mn})})[33m,[39m[33mFr[39m[33m=[39m({isEditing[33m:[39me[33m,[39misSelected[33m:[39ma[33m,[39mrowIndex[33m:[39mn[33m,[39mcolumnId[33m:[39mi[33m,[39monNavigate[33m:[39mo[33m,[39monStartEdit[33m:[39ms[33m,[39monSave[33m:[39ml[33m,[39monCancel[33m:[39mc[33m,[39monStartEditWithChar[33m:[39md})[33m=>[39m({handleKeyDown[33m:[39m$(m[33m=>[39m{[36mif[39m(e)[36mswitch[39m(m[33m.[39mkey){[36mcase[39m[32m"Enter"[39m[33m:[39mm[33m.[39mpreventDefault()[33m,[39ml()[33m,[39mo([32m"down"[39m)[33m;[39m[36mbreak[39m[33m;[39m[36mcase[39m[32m"Tab"[39m[33m:[39mm[33m.[39mpreventDefault()[33m,[39ml()[33m,[39mm[33m.[39mshiftKey[33m?[39mo([32m"left"[39m)[33m:[39mo([32m"right"[39m)[33m;[39m[36mbreak[39m[33m;[39m[36mcase[39m[32m"Escape"[39m[33m:[39mm[33m.[39mpreventDefault()[33m,[39mc()}[36melse[39m [36mif[39m(a)[36mswitch[39m(m[33m.[39mkey){[36mcase[39m[32m"Enter"[39m[33m:[39m[36mcase[39m[32m"F2"[39m[33m:[39mm[33m.[39mpreventDefault()[33m,[39ms(n[33m,[39mi)[33m;[39m[36mbreak[39m[33m;[39m[36mcase[39m[32m"Tab"[39m[33m:[39mm[33m.[39mpreventDefault()[33m,[39mm[33m.[39mshiftKey[33m?[39mo([32m"left"[39m)[33m:[39mo([32m"right"[39m)[33m;[39m[36mbreak[39m[33m;[39m[36mcase[39m[32m"ArrowUp"[39m[33m:[39mm[33m.[39mpreventDefault()[33m,[39mo([32m"up"[39m)[33m;[39m[36mbreak[39m[33m;[39m[36mcase[39m[32m"ArrowDown"[39m[33m:[39mm[33m.[39mpreventDefault()[33m,[39mo([32m"down"[39m)[33m;[39m[36mbreak[39m[33m;[39m[36mcase[39m[32m"ArrowLeft"[39m[33m:[39mm[33m.[39mpreventDefault()[33m,[39mo([32m"left"[39m)[33m;[39m[36mbreak[39m[33m;[39m[36mcase[39m[32m"ArrowRight"[39m[33m:[39mm[33m.[39mpreventDefault()[33m,[39mo([32m"right"[39m)[33m;[39m[36mbreak[39m[33m;[39m[36mdefault[39m[33m:[39mm[33m.[39mkey[33m.[39mlength[33m!==[39m[35m1[39m[33m||[39mm[33m.[39mctrlKey[33m||[39mm[33m.[39mmetaKey[33m||[39mm[33m.[39maltKey[33m||[39m(m[33m.[39mpreventDefault()[33m,[39ms(n[33m,[39mi)[33m,[39md[33m==[39m[36mnull[39m[33m||[39md(m[33m.[39mkey))}}[33m,[39m[e[33m,[39ma[33m,[39mn[33m,[39mi[33m,[39mo[33m,[39ms[33m,[39ml[33m,[39mc[33m,[39md])})[33m,[39mjr[33m=[39m({isSelected[33m:[39me[33m,[39misEditing[33m:[39ma})[33m=>[39mp([33mQ[39m[33m,[39m{children[33m:[39m[t([32m"div"[39m[33m,[39m{className[33m:[39m[33mT[39m([32m"c1-editable-table-cell-outline-top"[39m[33m,[39me[33m&&[39m[32m"c1-editable-table-cell-outline-top-selected"[39m[33m,[39ma[33m&&[39m[32m"c1-editable-table-cell-outline-top-editing"[39m)})[33m,[39mt([32m"div"[39m[33m,[39m{className[33m:[39m[33mT[39m([32m"c1-editable-table-cell-outline-bottom"[39m[33m,[39me[33m&&[39m[32m"c1-editable-table-cell-outline-bottom-selected"[39m[33m,[39ma[33m&&[39m[32m"c1-editable-table-cell-outline-bottom-editing"[39m)})[33m,[39mt([32m"div"[39m[33m,[39m{className[33m:[39m[33mT[39m([32m"c1-editable-table-cell-outline-left"[39m[33m,[39me[33m&&[39m[32m"c1-editable-table-cell-outline-left-selected"[39m[33m,[39ma[33m&&[39m[32m"c1-editable-table-cell-outline-left-editing"[39m)})[33m,[39mt([32m"div"[39m[33m,[39m{className[33m:[39m[33mT[39m([32m"c1-editable-table-cell-outline-right"[39m[33m,[39me[33m&&[39m[32m"c1-editable-table-cell-outline-right-selected"[39m[33m,[39ma[33m&&[39m[32m"c1-editable-table-cell-outline-right-editing"[39m)})]})[33m,[39m[33mCr[39m[33m=[39m({value[33m:[39me[33m,[39mrowIndex[33m:[39ma[33m,[39mcolumnId[33m:[39mn[33m,[39misSelected[33m:[39mi[33m,[39misEditing[33m:[39mo[33m,[39monSelect[33m:[39ms[33m,[39monStartEdit[33m:[39ml[33m,[39monFinishEdit[33m:[39mc[33m,[39monNavigate[33m:[39md[33m,[39mtable[33m:[39mm[33m,[39minputType[33m:[39mh[33m,[39mparseOnSave[33m:[39mu[33m,[39mrenderDisplay[33m:[39mg})[33m=>[39m{[36mconst[39m[b[33m,[39mf][33m=[39m[33mF[39m(e[33m==[39m[36mnull[39m[33m?[39m[32m""[39m[33m:[39m[33mString[39m(e))[33m,[39my[33m=[39m[33mD[39m([36mnull[39m)[33m,[39m_[33m=[39m[33mD[39m([36mnull[39m)[33m;[39m[33mV[39m(()[33m=>[39m{f(e[33m==[39m[36mnull[39m[33m?[39m[32m""[39m[33m:[39m[33mString[39m(e))}[33m,[39m[e])[33m,[39m[33mV[39m(()[33m=>[39m{o[33m&&[39my[33m.[39mcurrent[33m&&[39m(y[33m.[39mcurrent[33m.[39mfocus()[33m,[39my[33m.[39mcurrent[33m.[39mselect())}[33m,[39m[o])[33m,[39m[33mV[39m(()[33m=>[39m{i[33m&&[39m[33m![39mo[33m&&[39m_[33m.[39mcurrent[33m&&[39m_[33m.[39mcurrent[33m.[39mfocus()}[33m,[39m[i[33m,[39mo])[33m;[39m[36mconst[39m v[33m=[39m$(()[33m=>[39m{[36mvar[39m k[33m;[39m[36mconst[39m [33mC[39m[33m=[39mu(b)[33m;[39m(k[33m=[39mm[33m.[39moptions[33m.[39mmeta)[33m==[39m[36mnull[39m[33m||[39mk[33m.[39mupdateData(a[33m,[39mn[33m,[39m[33mC[39m)[33m,[39mc([33m![39m[35m0[39m)}[33m,[39m[b[33m,[39mu[33m,[39ma[33m,[39mn[33m,[39mm[33m.[39moptions[33m.[39mmeta[33m,[39mc])[33m,[39m[33mN[39m[33m=[39m$(()[33m=>[39m{f(e[33m==[39m[36mnull[39m[33m?[39m[32m""[39m[33m:[39m[33mString[39m(e))[33m,[39mc([33m![39m[35m1[39m)}[33m,[39m[e[33m,[39mc])[33m,[39m{handleKeyDown[33m:[39mx}[33m=[39m[33mFr[39m({isEditing[33m:[39mo[33m,[39misSelected[33m:[39mi[33m,[39mrowIndex[33m:[39ma[33m,[39mcolumnId[33m:[39mn[33m,[39monNavigate[33m:[39md[33m,[39monStartEdit[33m:[39ml[33m,[39monSave[33m:[39mv[33m,[39monCancel[33m:[39m[33mN[39m[33m,[39monStartEditWithChar[33m:[39m[33mC[39m[33m=>[39mf([33mC[39m)})[33m;[39m[36mreturn[39m p([32m"div"[39m[33m,[39m{ref[33m:[39m_[33m,[39mclassName[33m:[39m[32m"c1-editable-table-cell-base "[39m[33m,[39monClickCapture[33m:[39m[33mC[39m[33m=>[39m{[33mC[39m[33m.[39mstopPropagation()[33m,[39mi[33m||[39mo[33m?[39ml(a[33m,[39mn)[33m:[39ms(a[33m,[39mn)}[33m,[39monKeyDown[33m:[39mx[33m,[39monBlur[33m:[39m[33mC[39m[33m=>[39m{[36mif[39m([33m![39mo)[36mreturn[39m[33m;[39m[36mconst[39m k[33m=[39m[33mC[39m[33m.[39mcurrentTarget[33m,[39m[33mS[39m[33m=[39m[33mC[39m[33m.[39mrelatedTarget[33m;[39m[33mS[39m[33m&&[39mk[33m.[39mcontains([33mS[39m)[33m||[39mv()}[33m,[39mtabIndex[33m:[39m[35m0[39m[33m,[39mstyle[33m:[39m{outline[33m:[39m[32m"none"[39m}[33m,[39mchildren[33m:[39m[t(jr[33m,[39m{isSelected[33m:[39mi[33m,[39misEditing[33m:[39mo})[33m,[39m(()[33m=>[39m{[36mif[39m(o)[36mreturn[39m t([32m"input"[39m[33m,[39m{ref[33m:[39my[33m,[39mtype[33m:[39mh[33m,[39mvalue[33m:[39mb[33m,[39monChange[33m:[39m[33mC[39m[33m=>[39mf([33mC[39m[33m.[39mtarget[33m.[39mvalue)[33m,[39monKeyDown[33m:[39mx[33m,[39mclassName[33m:[39m[32m"c1-editable-table-cell-input"[39m})[33m;[39m[36mif[39m(h[33m===[39m[32m"url"[39m){[36mconst[39m [33mC[39m[33m=[39me[33m==[39m[36mnull[39m[33m?[39m[32m""[39m[33m:[39m[33mString[39m(e)[33m,[39mk[33m=[39m([33mS[39m[33m=>[39m{[36mif[39m([36mtypeof[39m [33mS[39m[33m!=[39m[32m"string"[39m)[36mreturn[39m[33m![39m[35m1[39m[33m;[39m[36mconst[39m w[33m=[39m[33mS[39m[33m.[39mtrim()[33m;[39m[36mreturn[39m[33m![39m[33m![39mw[33m&&[39m[36mnew[39m [33mRegExp[39m([32m"^(https?:\\/\\/)?((([a-z\\d]([a-z\\d-]*[a-z\\d])*)\\.?)+[a-z]{2,}|((\\d{1,3}\\.){3}\\d{1,3}))(\\:\\d+)?(\\/[-a-z\\d%_.~+]*)*(\\?[;&a-z\\d%_.~+=-]*)?(\\#[-a-z\\d_]*)?$"[39m[33m,[39m[32m"i"[39m)[33m.[39mtest(w)})([33mC[39m)[33m;[39m[36mreturn[39m p([32m"div"[39m[33m,[39m{className[33m:[39m[32m"c1-editable-table-display-url-container"[39m[33m,[39mchildren[33m:[39m[t([33mJr[39m[33m,[39m{size[33m:[39m[35m16[39m[33m,[39mclassName[33m:[39m[32m"c1-editable-table-display-url-icon"[39m})[33m,[39mt([32m"a"[39m[33m,[39m{href[33m:[39m[33mC[39m[33m,[39mtarget[33m:[39m[32m"_blank"[39m[33m,[39mrel[33m:[39m[32m"noopener noreferrer"[39m[33m,[39mclassName[33m:[39m[33mT[39m([32m"c1-editable-table-display-url"[39m)[33m,[39monClick[33m:[39m[33mS[39m[33m=>[39m{[33mS[39m[33m.[39mstopPropagation()}[33m,[39mchildren[33m:[39mg[33m?[39mg(e)[33m:[39me[33m?[39m[33m?[39m[32m""[39m})[33m,[39m[33m![39mk[33m&&[39mt(gt[33m,[39m{tooltipContent[33m:[39m[32m"This might not be a valid URL"[39m[33m,[39mside[33m:[39m[32m"right"[39m[33m,[39mchildren[33m:[39mt([32m"div"[39m[33m,[39m{children[33m:[39mt([33mMi[39m[33m,[39m{size[33m:[39m[35m16[39m[33m,[39mclassName[33m:[39m[32m"c1-editable-table-display-url-warning-icon"[39m})})})]})}[36mreturn[39m t([32m"span"[39m[33m,[39m{className[33m:[39m[33mT[39m({[32m"c1-editable-table-display-text"[39m[33m:[39mh[33m===[39m[32m"text"[39m[33m,[39m[32m"c1-editable-table-display-number"[39m[33m:[39mh[33m===[39m[32m"number"[39m})[33m,[39mchildren[33m:[39mg[33m?[39mg(e)[33m:[39me[33m?[39m[33m?[39m[32m""[39m})})()]})}[33m,[39mau[33m=[39m{text[33m:[39me[33m=>[39mt([33mCr[39m[33m,[39m{[33m...[39me[33m,[39minputType[33m:[39m[32m"text"[39m[33m,[39mparseOnSave[33m:[39ma[33m=>[39ma})[33m,[39mnumber[33m:[39me[33m=>[39mt([33mCr[39m[33m,[39m{[33m...[39me[33m,[39minputType[33m:[39m[32m"number"[39m[33m,[39mparseOnSave[33m:[39ma[33m=>[39m{[36mconst[39m n[33m=[39mparseFloat(a)[33m;[39m[36mreturn[39m [33mNumber[39m[33m.[39misFinite(n)[33m?[39mn[33m:[39m[35m0[39m}[33m,[39mrenderDisplay[33m:[39ma[33m=>[39ma[33m==[39m[36mnull[39m[33m?[39m[32m""[39m[33m:[39m[33mString[39m(a)})[33m,[39m[32m"date-single"[39m[33m:[39me[33m=>[39m{[36mconst[39m{value[33m:[39ma[33m,[39mrowIndex[33m:[39mn[33m,[39mcolumnId[33m:[39mi[33m,[39misSelected[33m:[39mo[33m,[39misEditing[33m:[39ms[33m,[39monSelect[33m:[39ml[33m,[39monStartEdit[33m:[39mc[33m,[39monFinishEdit[33m:[39md[33m,[39monNavigate[33m:[39mm[33m,[39mtable[33m:[39mh}[33m=[39me[33m,[39m[u[33m,[39mg][33m=[39m[33mF[39m(a)[33m,[39mb[33m=[39m[33mD[39m([36mnull[39m)[33m;[39m[33mV[39m(()[33m=>[39m{g(a)}[33m,[39m[a])[33m,[39m[33mV[39m(()[33m=>[39m{o[33m&&[39m[33m![39ms[33m&&[39mb[33m.[39mcurrent[33m&&[39mb[33m.[39mcurrent[33m.[39mfocus()}[33m,[39m[o[33m,[39ms])[33m;[39m[36mconst[39m f[33m=[39m$(()[33m=>[39m{g(a)[33m,[39md([33m![39m[35m1[39m)}[33m,[39m[a[33m,[39md])[33m,[39my[33m=[39mc[33m,[39m{handleKeyDown[33m:[39m_}[33m=[39m[33mFr[39m({isEditing[33m:[39ms[33m,[39misSelected[33m:[39mo[33m,[39mrowIndex[33m:[39mn[33m,[39mcolumnId[33m:[39mi[33m,[39monNavigate[33m:[39mm[33m,[39monStartEdit[33m:[39my[33m,[39monSave[33m:[39m()[33m=>[39m{}[33m,[39monCancel[33m:[39mf})[33m,[39mv[33m=[39m$(x[33m=>[39m{[36mif[39m(s)[36mswitch[39m(x[33m.[39mkey){[36mcase[39m[32m"Tab"[39m[33m:[39m[36mreturn[39m x[33m.[39mpreventDefault()[33m,[39mx[33m.[39mstopPropagation()[33m,[39m[36mvoid[39m(x[33m.[39mshiftKey[33m?[39mm([32m"left"[39m)[33m:[39mm([32m"right"[39m))[33m;[39m[36mcase[39m[32m"Enter"[39m[33m:[39m[36mreturn[39m x[33m.[39mpreventDefault()[33m,[39mx[33m.[39mstopPropagation()[33m,[39m[36mvoid[39m m([32m"down"[39m)[33m;[39m[36mcase[39m[32m"Escape"[39m[33m:[39m[36mreturn[39m x[33m.[39mpreventDefault()[33m,[39mx[33m.[39mstopPropagation()[33m,[39m[36mvoid[39m f()}_(x)}[33m,[39m[s[33m,[39mf[33m,[39mm[33m,[39m_])[33m,[39m[33mN[39m[33m=[39mx[33m=>[39m{[36mvar[39m [33mC[39m[33m;[39mg(x)[33m,[39m([33mC[39m[33m=[39mh[33m.[39moptions[33m.[39mmeta)[33m==[39m[36mnull[39m[33m||[39m[33mC[39m[33m.[39mupdateData(n[33m,[39mi[33m,[39mx[33m==[39m[36mnull[39m[33m?[39m[36mvoid[39m [35m0[39m[33m:[39mx[33m.[39mtoString())[33m,[39md([33m![39m[35m0[39m)}[33m;[39m[36mreturn[39m p([32m"div"[39m[33m,[39m{ref[33m:[39mb[33m,[39mclassName[33m:[39m[32m"c1-editable-table-cell-base "[39m[33m,[39monClickCapture[33m:[39mx[33m=>[39m{s[33m||[39m(x[33m.[39mstopPropagation()[33m,[39mo[33m?[39mo[33m?[39my(n[33m,[39mi)[33m:[39md([33m![39m[35m0[39m)[33m:[39ml(n[33m,[39mi))}[33m,[39monKeyDown[33m:[39mv[33m,[39mtabIndex[33m:[39m[35m0[39m[33m,[39mstyle[33m:[39m{outline[33m:[39m[32m"none"[39m}[33m,[39mchildren[33m:[39m[t(jr[33m,[39m{isSelected[33m:[39mo[33m,[39misEditing[33m:[39ms})[33m,[39mt([33mEi[39m[33m,[39m{selectedSingleDate[33m:[39mu[33m,[39msetSelectedSingleDate[33m:[39m[33mN[39m[33m,[39mmode[33m:[39m[32m"single"[39m[33m,[39misOpen[33m:[39ms[33m,[39msetIsOpen[33m:[39mx[33m=>[39m{x[33m||[39md([33m![39m[35m0[39m)}})]})}[33m,[39mselect[33m:[39me[33m=>[39m{[36mvar[39m w[33m,[39m[33mP[39m[33m;[39m[36mconst[39m{value[33m:[39ma[33m,[39mrowIndex[33m:[39mn[33m,[39mcolumnId[33m:[39mi[33m,[39misSelected[33m:[39mo[33m,[39misEditing[33m:[39ms[33m,[39monSelect[33m:[39ml[33m,[39monStartEdit[33m:[39mc[33m,[39monFinishEdit[33m:[39md[33m,[39monNavigate[33m:[39mm[33m,[39mtable[33m:[39mh}[33m=[39me[33m,[39m[u[33m,[39mg][33m=[39m[33mF[39m(a[33m||[39m[32m""[39m)[33m,[39mb[33m=[39m[33mD[39m([36mnull[39m)[33m,[39mf[33m=[39mh[33m.[39mgetColumn(i)[33m,[39my[33m=[39m(([33mP[39m[33m=[39m(w[33m=[39mf[33m==[39m[36mnull[39m[33m?[39m[36mvoid[39m [35m0[39m[33m:[39mf[33m.[39mcolumnDef)[33m==[39m[36mnull[39m[33m?[39m[36mvoid[39m [35m0[39m[33m:[39mw[33m.[39mmeta)[33m==[39m[36mnull[39m[33m?[39m[36mvoid[39m [35m0[39m[33m:[39m[33mP[39m[33m.[39moptions)[33m||[39m[][33m;[39m[33mV[39m(()[33m=>[39m{g(a[33m||[39m[32m""[39m)}[33m,[39m[a])[33m,[39m[33mV[39m(()[33m=>[39m{o[33m&&[39m[33m![39ms[33m&&[39mb[33m.[39mcurrent[33m&&[39mb[33m.[39mcurrent[33m.[39mfocus()}[33m,[39m[o[33m,[39ms])[33m;[39m[36mconst[39m _[33m=[39m$(()[33m=>[39m{[36mvar[39m [33mI[39m[33m;[39m([33mI[39m[33m=[39mh[33m.[39moptions[33m.[39mmeta)[33m==[39m[36mnull[39m[33m||[39m[33mI[39m[33m.[39mupdateData(n[33m,[39mi[33m,[39mu)[33m,[39md([33m![39m[35m0[39m)}[33m,[39m[u[33m,[39mn[33m,[39mi[33m,[39mh[33m.[39moptions[33m.[39mmeta[33m,[39md])[33m,[39mv[33m=[39m$(()[33m=>[39m{g(a[33m||[39m[32m""[39m)[33m,[39md([33m![39m[35m1[39m)}[33m,[39m[a[33m,[39md])[33m,[39m[33mN[39m[33m=[39m$(([33mI[39m[33m,[39m[33mL[39m)[33m=>[39m{c([33mI[39m[33m,[39m[33mL[39m)}[33m,[39m[c])[33m,[39m{handleKeyDown[33m:[39mx}[33m=[39m[33mFr[39m({isEditing[33m:[39ms[33m,[39misSelected[33m:[39mo[33m,[39mrowIndex[33m:[39mn[33m,[39mcolumnId[33m:[39mi[33m,[39monNavigate[33m:[39mm[33m,[39monStartEdit[33m:[39m[33mN[39m[33m,[39monSave[33m:[39m_[33m,[39monCancel[33m:[39mv})[33m,[39m[33mC[39m[33m=[39m$([33mI[39m[33m=>[39m{[36mif[39m(s)[36mswitch[39m([33mI[39m[33m.[39mkey){[36mcase[39m[32m"Tab"[39m[33m:[39m[36mreturn[39m [33mI[39m[33m.[39mpreventDefault()[33m,[39m[33mI[39m[33m.[39mstopPropagation()[33m,[39m_()[33m,[39m[36mvoid[39m([33mI[39m[33m.[39mshiftKey[33m?[39mm([32m"left"[39m)[33m:[39mm([32m"right"[39m))[33m;[39m[36mcase[39m[32m"Escape"[39m[33m:[39m[36mreturn[39m [33mI[39m[33m.[39mpreventDefault()[33m,[39m[33mI[39m[33m.[39mstopPropagation()[33m,[39m[36mvoid[39m v()}x([33mI[39m)}[33m,[39m[s[33m,[39m_[33m,[39mv[33m,[39mm[33m,[39mx])[33m,[39mk[33m=[39m[33mI[39m[33m=>[39m{[36mvar[39m [33mL[39m[33m;[39mg([33mI[39m)[33m,[39m([33mL[39m[33m=[39mh[33m.[39moptions[33m.[39mmeta)[33m==[39m[36mnull[39m[33m||[39m[33mL[39m[33m.[39mupdateData(n[33m,[39mi[33m,[39m[33mI[39m)[33m,[39md([33m![39m[35m0[39m)}[33m,[39m[33mS[39m[33m=[39m[33mI[39m[33m=>[39m{[33m![39m[33mI[39m[33m&&[39ms[33m&&[39md([33m![39m[35m1[39m)}[33m;[39m[36mreturn[39m p([32m"div"[39m[33m,[39m{ref[33m:[39mb[33m,[39mclassName[33m:[39m[32m"c1-editable-table-cell-base "[39m[33m,[39monClick[33m:[39m()[33m=>[39m{o[33m||[39ms[33m?[39mo[33m&&[39m[33m![39ms[33m&&[39m[33mN[39m(n[33m,[39mi)[33m:[39ml(n[33m,[39mi)}[33m,[39monKeyDown[33m:[39m[33mC[39m[33m,[39mtabIndex[33m:[39m[35m0[39m[33m,[39mstyle[33m:[39m{outline[33m:[39m[32m"none"[39m}[33m,[39mchildren[33m:[39m[t(jr[33m,[39m{isSelected[33m:[39mo[33m,[39misEditing[33m:[39ms})[33m,[39mp(_d[33m,[39m{value[33m:[39mu[33m,[39monValueChange[33m:[39mk[33m,[39mopen[33m:[39ms[33m,[39monOpenChange[33m:[39m[33mS[39m[33m,[39mchildren[33m:[39m[t(fd[33m,[39m{className[33m:[39m[32m"w-full"[39m[33m,[39mchildren[33m:[39mt(bd[33m,[39m{placeholder[33m:[39m[32m"Select an option"[39m})})[33m,[39mt(yd[33m,[39m{children[33m:[39my[33m.[39mmap([33mI[39m[33m=>[39mt(vd[33m,[39m{value[33m:[39m[33mI[39m[33m.[39mvalue[33m,[39mclassName[33m:[39m[32m"c1-editable-table-select-item"[39m[33m,[39mchildren[33m:[39m[33mI[39m[33m.[39mlabel}[33m,[39m[33mI[39m[33m.[39mvalue))})]})]})}[33m,[39murl[33m:[39me[33m=>[39mt([33mCr[39m[33m,[39m{[33m...[39me[33m,[39minputType[33m:[39m[32m"url"[39m[33m,[39mparseOnSave[33m:[39ma[33m=>[39ma[33m,[39mrenderDisplay[33m:[39ma[33m=>[39ma[33m==[39m[36mnull[39m[33m?[39m[32m""[39m[33m:[39m[33mString[39m(a)})}[33m,[39mru[33m=[39me[33m=>[39m{[36mvar[39m d[33m,[39mm[33m,[39mh[33m,[39mu[33m;[39m[36mconst[39m a[33m=[39me[33m.[39mcolumn[33m.[39mid[33m,[39mn[33m=[39me[33m.[39mcolumns[33m.[39mfind(g[33m=>[39mg[33m.[39mkey[33m===[39ma)[33m,[39mi[33m=[39m[36mfunction[39m(g){[36mreturn[39m au[g[33m?[39m[33m?[39m[32m"text"[39m]}((n[33m==[39m[36mnull[39m[33m?[39m[36mvoid[39m [35m0[39m[33m:[39mn[33m.[39mtype)[33m||[39m[32m"text"[39m)[33m,[39mo[33m=[39me[33m.[39mrow[33m.[39mindex[33m,[39ms[33m=[39ma[33m,[39ml[33m=[39m((d[33m=[39me[33m.[39mselectedPosition)[33m==[39m[36mnull[39m[33m?[39m[36mvoid[39m [35m0[39m[33m:[39md[33m.[39mrow)[33m===[39mo[33m&&[39m((m[33m=[39me[33m.[39mselectedPosition)[33m==[39m[36mnull[39m[33m?[39m[36mvoid[39m [35m0[39m[33m:[39mm[33m.[39mcolumn)[33m===[39ms[33m,[39mc[33m=[39m((h[33m=[39me[33m.[39meditingPosition)[33m==[39m[36mnull[39m[33m?[39m[36mvoid[39m [35m0[39m[33m:[39mh[33m.[39mrow)[33m===[39mo[33m&&[39m((u[33m=[39me[33m.[39meditingPosition)[33m==[39m[36mnull[39m[33m?[39m[36mvoid[39m [35m0[39m[33m:[39mu[33m.[39mcolumn)[33m===[39ms[33m;[39m[36mreturn[39m t(i[33m,[39m{value[33m:[39me[33m.[39mgetValue()[33m,[39mrowIndex[33m:[39mo[33m,[39mcolumnId[33m:[39ms[33m,[39misSelected[33m:[39ml[33m,[39misEditing[33m:[39mc[33m,[39monSelect[33m:[39me[33m.[39mhandleCellSelect[33m,[39monStartEdit[33m:[39me[33m.[39mhandleStartEdit[33m,[39monFinishEdit[33m:[39me[33m.[39mhandleFinishEdit[33m,[39monNavigate[33m:[39me[33m.[39mhandleNavigate[33m,[39mtable[33m:[39me[33m.[39mtable})}[33m,[39mnu[33m=[39m({data[33m:[39me[33m,[39mcolumns[33m:[39ma[33m,[39monDataChange[33m:[39mn[33m,[39mclassName[33m:[39mi[33m=[39m[32m""[39m})[33m=>[39m{[36mconst[39m[o[33m,[39ms][33m=[39m[33mF[39m([36mnull[39m)[33m,[39m[l[33m,[39mc][33m=[39m[33mF[39m([36mnull[39m)[33m,[39md[33m=[39m[33mD[39m([36mnull[39m)[33m,[39mm[33m=[39m[33mD[39m([36mnull[39m)[33m,[39m[h[33m,[39mu][33m=[39m[33mF[39m([33m![39m[35m1[39m)[33m,[39m[g[33m,[39mb][33m=[39m[33mF[39m([33m![39m[35m1[39m)[33m,[39m[f[33m,[39my][33m=[39m[33mF[39m([33m![39m[35m1[39m)[33m,[39m[_[33m,[39mv][33m=[39m[33mF[39m([])[33m,[39m[33mN[39m[33m=[39m$(([33mM[39m[33m,[39m[33mE[39m[33m,[39mj)[33m=>[39m{[36mconst[39m [33mO[39m[33m=[39me[[33mM[39m][33m;[39m[36mif[39m([33m![39m[33mO[39m)[36mreturn[39m[33m;[39m[36mconst[39m [33mB[39m[33m=[39m[[33m...[39me][33m;[39m[33mB[39m[[33mM[39m][33m=[39m{[33m...[39m[33mO[39m[33m,[39m[[33mE[39m][33m:[39mj}[33m,[39mn[33m==[39m[36mnull[39m[33m||[39mn([33mB[39m)}[33m,[39m[e[33m,[39mn])[33m,[39mx[33m=[39m$(([33mM[39m[33m,[39m[33mE[39m)[33m=>[39m{s({row[33m:[39m[33mM[39m[33m,[39mcolumn[33m:[39m[33mE[39m})[33m,[39mc([36mnull[39m)}[33m,[39m[])[33m,[39m[33mC[39m[33m=[39m$(([33mM[39m[33m,[39m[33mE[39m)[33m=>[39m{[36mvar[39m [33mO[39m[33m;[39m[36mconst[39m j[33m=[39m([33mO[39m[33m=[39ma[33m.[39mfind([33mB[39m[33m=>[39m[33mB[39m[33m.[39mkey[33m===[39m[33mE[39m))[33m==[39m[36mnull[39m[33m?[39m[36mvoid[39m [35m0[39m[33m:[39m[33mO[39m[33m.[39mtype[33m;[39mct(j[33m,[39m[32m"Cell type not found"[39m)[33m,[39ms({row[33m:[39m[33mM[39m[33m,[39mcolumn[33m:[39m[33mE[39m})[33m,[39mc({row[33m:[39m[33mM[39m[33m,[39mcolumn[33m:[39m[33mE[39m[33m,[39mcellType[33m:[39mj})}[33m,[39m[a])[33m,[39mk[33m=[39m$([33mM[39m[33m=>[39m{c([36mnull[39m)}[33m,[39m[])[33m,[39m[33mS[39m[33m=[39m$([33mM[39m[33m=>[39m{[36mvar[39m oe[33m;[39m[36mif[39m([33m![39mo)[36mreturn[39m[33m;[39m[36mconst[39m{row[33m:[39m[33mE[39m[33m,[39mcolumn[33m:[39mj}[33m=[39mo[33m,[39m[33mO[39m[33m=[39ma[33m.[39mfindIndex(se[33m=>[39mse[33m.[39mkey[33m===[39mj)[33m;[39m[36mlet[39m [33mB[39m[33m=[39m[33mE[39m[33m,[39m[33mW[39m[33m=[39m[33mO[39m[33m;[39m[36mswitch[39m([33mM[39m){[36mcase[39m[32m"up"[39m[33m:[39m[33mB[39m[33m=[39m[33mMath[39m[33m.[39mmax([35m0[39m[33m,[39m[33mE[39m[33m-[39m[35m1[39m)[33m;[39m[36mbreak[39m[33m;[39m[36mcase[39m[32m"down"[39m[33m:[39m[33mB[39m[33m=[39m[33mMath[39m[33m.[39mmin(e[33m.[39mlength[33m-[39m[35m1[39m[33m,[39m[33mE[39m[33m+[39m[35m1[39m)[33m;[39m[36mbreak[39m[33m;[39m[36mcase[39m[32m"left"[39m[33m:[39m[33mW[39m[33m=[39m[33mMath[39m[33m.[39mmax([35m0[39m[33m,[39m[33mO[39m[33m-[39m[35m1[39m)[33m;[39m[36mbreak[39m[33m;[39m[36mcase[39m[32m"right"[39m[33m:[39m[33mW[39m[33m=[39m[33mMath[39m[33m.[39mmin(a[33m.[39mlength[33m-[39m[35m1[39m[33m,[39m[33mO[39m[33m+[39m[35m1[39m)}[36mconst[39m [33mG[39m[33m=[39m((oe[33m=[39ma[[33mW[39m])[33m==[39m[36mnull[39m[33m?[39m[36mvoid[39m [35m0[39m[33m:[39moe[33m.[39mkey)[33m||[39mj[33m;[39ms({row[33m:[39m[33mB[39m[33m,[39mcolumn[33m:[39m[33mG[39m})[33m,[39mc([36mnull[39m)}[33m,[39m[o[33m,[39ma[33m,[39me[33m.[39mlength])[33m;[39m[33mV[39m(()[33m=>[39m{[36mconst[39m [33mM[39m[33m=[39mj[33m=>[39m{[36mif[39m([33m![39ml[33m&&[39mdocument[33m.[39mactiveElement[33m===[39md[33m.[39mcurrent[33m&&[39mj[33m.[39mkey[33m===[39m[32m"Tab"[39m[33m&&[39m(j[33m.[39mpreventDefault()[33m,[39m[33m![39mo[33m&&[39me[33m.[39mlength[33m>[39m[35m0[39m[33m&&[39ma[33m.[39mlength[33m>[39m[35m0[39m)){[36mconst[39m [33mO[39m[33m=[39ma[[35m0[39m][33m;[39m[33mO[39m[33m&&[39ms({row[33m:[39m[35m0[39m[33m,[39mcolumn[33m:[39m[33mO[39m[33m.[39mkey})}}[33m,[39m[33mE[39m[33m=[39md[33m.[39mcurrent[33m;[39m[36mif[39m([33mE[39m)[36mreturn[39m [33mE[39m[33m.[39maddEventListener([32m"keydown"[39m[33m,[39m[33mM[39m)[33m,[39m()[33m=>[39m{[33mE[39m[33m.[39mremoveEventListener([32m"keydown"[39m[33m,[39m[33mM[39m)}}[33m,[39m[l[33m,[39mo[33m,[39me[33m.[39mlength[33m,[39ma])[33m,[39m[33mV[39m(()[33m=>[39m{[36mconst[39m [33mM[39m[33m=[39m[33mE[39m[33m=>[39m{[36mconst[39m j[33m=[39m(l[33m==[39m[36mnull[39m[33m?[39m[36mvoid[39m [35m0[39m[33m:[39ml[33m.[39mcellType)[33m&&[39m[[32m"date-single"[39m[33m,[39m[32m"select"[39m][33m.[39mincludes(l[33m==[39m[36mnull[39m[33m?[39m[36mvoid[39m [35m0[39m[33m:[39ml[33m.[39mcellType)[33m;[39m[33m![39md[33m.[39mcurrent[33m||[39md[33m.[39mcurrent[33m.[39mcontains([33mE[39m[33m.[39mtarget)[33m||[39mj[33m||[39m(s([36mnull[39m)[33m,[39mc([36mnull[39m))}[33m;[39m[36mreturn[39m document[33m.[39maddEventListener([32m"click"[39m[33m,[39m[33mM[39m)[33m,[39m()[33m=>[39m{document[33m.[39mremoveEventListener([32m"click"[39m[33m,[39m[33mM[39m)}}[33m,[39m[l[33m==[39m[36mnull[39m[33m?[39m[36mvoid[39m [35m0[39m[33m:[39ml[33m.[39mcellType])[33m;[39m[36mconst[39m w[33m=[39mhd()[33m,[39m[33mP[39m[33m=[39ma[33m.[39mmap([33mM[39m[33m=>[39mw[33m.[39maccessor([33mM[39m[33m.[39mkey[33m,[39m{header[33m:[39m[33mM[39m[33m.[39mheader[33m,[39mminSize[33m:[39m[35m0[39m[33m,[39msize[33m:[39m[33mM[39m[33m.[39mwidth[33m||[39m[35m120[39m[33m,[39mmeta[33m:[39m[33mM[39m[33m.[39moptions[33m?[39m{options[33m:[39m[33mM[39m[33m.[39moptions[33m,[39mtype[33m:[39m[33mM[39m[33m.[39mtype}[33m:[39m{type[33m:[39m[33mM[39m[33m.[39mtype}}))[33m,[39m[33mI[39m[33m=[39mud({data[33m:[39me[33m,[39mcolumns[33m:[39m[33mP[39m[33m,[39mgetCoreRowModel[33m:[39mgd()[33m,[39mmeta[33m:[39m{updateData[33m:[39m[33mN[39m}})[33m,[39m[33mL[39m[33m=[39m$([33mM[39m[33m=>[39m{[36mswitch[39m([33mM[39m){[36mcase[39m[32m"url"[39m[33m:[39m[36mreturn[39m t([33mJr[39m[33m,[39m{size[33m:[39m[35m16[39m})[33m;[39m[36mcase[39m[32m"date-single"[39m[33m:[39m[36mreturn[39m t([33mJc[39m[33m,[39m{size[33m:[39m[35m16[39m})[33m;[39m[36mcase[39m[32m"select"[39m[33m:[39m[36mreturn[39m t([33mGc[39m[33m,[39m{size[33m:[39m[35m16[39m})[33m;[39m[36mdefault[39m[33m:[39m[36mreturn[39m t([33mYc[39m[33m,[39m{size[33m:[39m[35m16[39m})}}[33m,[39m[])[33m;[39m[33mV[39m(()[33m=>[39m{[36mconst[39m [33mM[39m[33m=[39mm[33m.[39mcurrent[33m,[39m[33mE[39m[33m=[39md[33m.[39mcurrent[33m;[39m[36mif[39m([33m![39m[33mM[39m[33m||[39m[33m![39m[33mE[39m)[36mreturn[39m[33m;[39m[36mconst[39m j[33m=[39m()[33m=>[39m{[36mconst[39m [33mW[39m[33m=[39m[33mM[39m[33m.[39mscrollWidth[33m>[39m[33mM[39m[33m.[39mclientWidth[33m;[39mu([33mW[39m)[33m,[39mb([33mM[39m[33m.[39mscrollLeft[33m>[39m[35m0[39m)[33m,[39my([33mM[39m[33m.[39mscrollLeft[33m<[39m[33mM[39m[33m.[39mscrollWidth[33m-[39m[33mM[39m[33m.[39mclientWidth[33m-[39m[35m1[39m)[33m;[39m[36mconst[39m [33mG[39m[33m=[39m[33mE[39m[33m.[39mquerySelectorAll([32m"thead th"[39m)[33m;[39m[36mif[39m([33m![39m[33mG[39m[33m||[39m[33mG[39m[33m.[39mlength[33m===[39m[35m0[39m)[36mreturn[39m [36mvoid[39m v([])[33m;[39m[36mconst[39m oe[33m=[39m[33mM[39m[33m.[39mgetBoundingClientRect()[33m,[39mse[33m=[39m[][33m;[39m[33mG[39m[33m.[39mforEach(le[33m=>[39m{[36mconst[39m ge[33m=[39mle[33m.[39mgetBoundingClientRect()[33m.[39mleft[33m-[39moe[33m.[39mleft[33m+[39m[33mM[39m[33m.[39mscrollLeft[33m;[39mse[33m.[39mpush([33mMath[39m[33m.[39mmax([35m0[39m[33m,[39m[33mMath[39m[33m.[39mround(ge)))})[33m;[39m[36mconst[39m ve[33m=[39m[33mArray[39m[33m.[39m[36mfrom[39m([36mnew[39m [33mSet[39m(se))[33m.[39msort((le[33m,[39mge)[33m=>[39mle[33m-[39mge)[33m;[39mv(ve)}[33m;[39mj()[33m;[39m[36mconst[39m [33mO[39m[33m=[39m[36mnew[39m [33mResizeObserver[39m(()[33m=>[39mj())[33m;[39m[33mO[39m[33m.[39mobserve([33mM[39m)[33m;[39m[36mconst[39m [33mB[39m[33m=[39m()[33m=>[39m{b([33mM[39m[33m.[39mscrollLeft[33m>[39m[35m0[39m)[33m,[39my([33mM[39m[33m.[39mscrollLeft[33m<[39m[33mM[39m[33m.[39mscrollWidth[33m-[39m[33mM[39m[33m.[39mclientWidth[33m-[39m[35m1[39m)}[33m;[39m[36mreturn[39m [33mM[39m[33m.[39maddEventListener([32m"scroll"[39m[33m,[39m[33mB[39m)[33m,[39m()[33m=>[39m{[33mO[39m[33m.[39mdisconnect()[33m,[39m[33mM[39m[33m.[39mremoveEventListener([32m"scroll"[39m[33m,[39m[33mB[39m)}}[33m,[39m[a[33m,[39me])[33m;[39m[36mconst[39m [33mR[39m[33m=[39m$(()[33m=>[39m{[36mconst[39m [33mM[39m[33m=[39mm[33m.[39mcurrent[33m;[39m[36mif[39m([33m![39m[33mM[39m[33m||[39m_[33m.[39mlength[33m===[39m[35m0[39m)[36mreturn[39m[33m;[39m[36mconst[39m [33mE[39m[33m=[39m[33mM[39m[33m.[39mscrollLeft[33m,[39mj[33m=[39m_[33m.[39mfind([33mW[39m[33m=>[39m[33mW[39m[33m>[39m[33mE[39m[33m+[39m[35m1[39m)[33m,[39m[33mO[39m[33m=[39m[33mM[39m[33m.[39mscrollWidth[33m-[39m[33mM[39m[33m.[39mclientWidth[33m,[39m[33mB[39m[33m=[39m[36mtypeof[39m j[33m==[39m[32m"number"[39m[33m?[39mj[33m:[39m[33mO[39m[33m;[39m[33mM[39m[33m.[39mscrollTo({left[33m:[39m[33mMath[39m[33m.[39mmin([33mB[39m[33m,[39m[33mO[39m)[33m,[39mbehavior[33m:[39m[32m"smooth"[39m})}[33m,[39m[_])[33m,[39m[33mH[39m[33m=[39m$(()[33m=>[39m{[36mconst[39m [33mM[39m[33m=[39mm[33m.[39mcurrent[33m;[39m[36mif[39m([33m![39m[33mM[39m[33m||[39m_[33m.[39mlength[33m===[39m[35m0[39m)[36mreturn[39m[33m;[39m[36mconst[39m [33mE[39m[33m=[39m[33mM[39m[33m.[39mscrollLeft[33m,[39mj[33m=[39m_[33m.[39mfilter([33mO[39m[33m=>[39m[33mO[39m[33m<[39m[33mE[39m[33m-[39m[35m1[39m)[33m.[39mat([33m-[39m[35m1[39m)[33m?[39m[33m?[39m[35m0[39m[33m;[39m[33mM[39m[33m.[39mscrollTo({left[33m:[39m[33mMath[39m[33m.[39mmax([35m0[39m[33m,[39mj)[33m,[39mbehavior[33m:[39m[32m"smooth"[39m})}[33m,[39m[_])[33m;[39m[36mreturn[39m p([32m"div"[39m[33m,[39m{className[33m:[39m[32m`c1-editable-table-wrapper ${i}`[39m[33m,[39mref[33m:[39md[33m,[39mtabIndex[33m:[39m[35m0[39m[33m,[39mchildren[33m:[39m[h[33m&&[39mp([33mQ[39m[33m,[39m{children[33m:[39m[t([32m"div"[39m[33m,[39m{className[33m:[39m[32m"c1-editable-table-scroll-control c1-left "[39m[33m+[39m(g[33m?[39m[32m"enabled"[39m[33m:[39m[32m"disabled"[39m)[33m,[39mchildren[33m:[39mt(ie[33m,[39m{[32m"aria-label"[39m[33m:[39m[32m"Scroll left"[39m[33m,[39msize[33m:[39m[32m"small"[39m[33m,[39mvariant[33m:[39m[32m"secondary"[39m[33m,[39monClick[33m:[39m[33mH[39m[33m,[39mdisabled[33m:[39m[33m![39mg[33m,[39micon[33m:[39mt(la[33m,[39m{size[33m:[39m[35m16[39m})})})[33m,[39mt([32m"div"[39m[33m,[39m{className[33m:[39m[32m"c1-editable-table-scroll-control c1-right "[39m[33m+[39m(f[33m?[39m[32m"enabled"[39m[33m:[39m[32m"disabled"[39m)[33m,[39mchildren[33m:[39mt(ie[33m,[39m{[32m"aria-label"[39m[33m:[39m[32m"Scroll right"[39m[33m,[39msize[33m:[39m[32m"small"[39m[33m,[39mvariant[33m:[39m[32m"secondary"[39m[33m,[39monClick[33m:[39m[33mR[39m[33m,[39mdisabled[33m:[39m[33m![39mf[33m,[39micon[33m:[39mt([33mAt[39m[33m,[39m{size[33m:[39m[35m16[39m})})})]})[33m,[39mt([32m"div"[39m[33m,[39m{className[33m:[39m[32m"c1-editable-table-scroll-container"[39m[33m,[39mref[33m:[39mm[33m,[39mchildren[33m:[39mp([32m"table"[39m[33m,[39m{className[33m:[39m[32m"c1-editable-table-table"[39m[33m,[39mstyle[33m:[39m{width[33m:[39mh[33m?[39m[32m"max-content"[39m[33m:[39m[32m"100%"[39m}[33m,[39mchildren[33m:[39m[t([32m"thead"[39m[33m,[39m{children[33m:[39m[33mI[39m[33m.[39mgetHeaderGroups()[33m.[39mmap([33mM[39m[33m=>[39mt([32m"tr"[39m[33m,[39m{children[33m:[39m[33mM[39m[33m.[39mheaders[33m.[39mmap([33mE[39m[33m=>[39m{[36mvar[39m j[33m;[39m[36mreturn[39m t([32m"th"[39m[33m,[39m{style[33m:[39m{width[33m:[39m[33mE[39m[33m.[39mgetSize()}[33m,[39mchildren[33m:[39mp([32m"div"[39m[33m,[39m{className[33m:[39m[32m"c1-editable-table-header-container"[39m[33m,[39mchildren[33m:[39m[[33mE[39m[33m.[39misPlaceholder[33m?[39m[36mnull[39m[33m:[39m[33mRn[39m([33mE[39m[33m.[39mcolumn[33m.[39mcolumnDef[33m.[39mheader[33m,[39m[33mE[39m[33m.[39mgetContext())[33m,[39mt([32m"div"[39m[33m,[39m{className[33m:[39m[32m"c1-editable-table-header-icon"[39m[33m,[39mchildren[33m:[39m((j[33m=[39m[33mE[39m[33m.[39mcolumn[33m.[39mcolumnDef[33m.[39mmeta)[33m==[39m[36mnull[39m[33m?[39m[36mvoid[39m [35m0[39m[33m:[39mj[33m.[39mtype)[33m&&[39m[33mL[39m([33mE[39m[33m.[39mcolumn[33m.[39mcolumnDef[33m.[39mmeta[33m.[39mtype)})]})}[33m,[39m[33mE[39m[33m.[39mid)})}[33m,[39m[33mM[39m[33m.[39mid))})[33m,[39mt([32m"tbody"[39m[33m,[39m{children[33m:[39m[33mI[39m[33m.[39mgetRowModel()[33m.[39mrows[33m.[39mmap([33mM[39m[33m=>[39mt([32m"tr"[39m[33m,[39m{children[33m:[39m[33mM[39m[33m.[39mgetVisibleCells()[33m.[39mmap([33mE[39m[33m=>[39mt([32m"td"[39m[33m,[39m{style[33m:[39m{width[33m:[39m[33mE[39m[33m.[39mcolumn[33m.[39mgetSize()}[33m,[39mchildren[33m:[39m[33mRn[39m(ru[33m,[39m{[33m...[39m[33mE[39m[33m.[39mgetContext()[33m,[39mcolumns[33m:[39ma[33m,[39mselectedPosition[33m:[39mo[33m,[39meditingPosition[33m:[39ml[33m,[39mhandleCellSelect[33m:[39mx[33m,[39mhandleStartEdit[33m:[39m[33mC[39m[33m,[39mhandleFinishEdit[33m:[39mk[33m,[39mhandleNavigate[33m:[39m[33mS[39m})}[33m,[39m[33mE[39m[33m.[39mid))}[33m,[39m[33mM[39m[33m.[39mid))})]})})]})}[33m,[39miu[33m=[39mq(e[33m=>[39m{[36mconst[39m{icon[33m:[39ma[33m,[39mactionLabel[33m:[39mn[33m,[39monClick[33m:[39mi}[33m=[39me[33m,[39m{portalThemeClassName[33m:[39mo}[33m=[39m[33mCe[39m()[33m;[39m[36mreturn[39m t(he[33m.[39m[33mProvider[39m[33m,[39m{delayDuration[33m:[39m[35m0[39m[33m,[39mchildren[33m:[39mp(he[33m.[39m[33mRoot[39m[33m,[39m{children[33m:[39m[t([32m"div"[39m[33m,[39m{className[33m:[39m[32m"c1-explore-button-container"[39m[33m,[39mchildren[33m:[39mt(he[33m.[39m[33mTrigger[39m[33m,[39m{asChild[33m:[39m[33m![39m[35m0[39m[33m,[39mchildren[33m:[39mt([32m"button"[39m[33m,[39m{type[33m:[39m[32m"button"[39m[33m,[39mclassName[33m:[39m[32m"c1-explore-button"[39m[33m,[39monClick[33m:[39mi[33m,[39m[32m"aria-label"[39m[33m:[39mn[33m,[39mstyle[33m:[39m{width[33m:[39m[32m"max-content"[39m}[33m,[39mchildren[33m:[39ma[33m&&[39mt(de[33m,[39m{[33m...[39ma[33m.[39mprops[33m,[39msize[33m:[39m[35m12[39m})})})})[33m,[39mt(he[33m.[39m[33mPortal[39m[33m,[39m{children[33m:[39mt(he[33m.[39m[33mContent[39m[33m,[39m{side[33m:[39m[32m"bottom"[39m[33m,[39malign[33m:[39m[32m"start"[39m[33m,[39msideOffset[33m:[39m[35m4[39m[33m,[39mclassName[33m:[39m[33mT[39m([32m"c1-explore-button-tooltip"[39m[33m,[39mo)[33m,[39mchildren[33m:[39mn})})]})})})[33m,[39m[33mXe[39m[33m=[39m(e[33m,[39ma[33m,[39mn[33m,[39mi[33m,[39mo[33m,[39ms[33m,[39ml)[33m=>[39m{[36mvar[39m d[33m,[39mm[33m,[39mh[33m,[39mu[33m,[39mg[33m,[39mb[33m,[39mf[33m,[39my[33m;[39m[36mlet[39m c[33m;[39m[36mif[39m([33m![39ml[33m&&[39m[32m"description"[39m[36min[39m e){[36mif[39m((d[33m=[39me[33m.[39mdescription)[33m!=[39m[36mnull[39m[33m&&[39md[33m.[39mstartsWith([32m"$exclude:"[39m)[33m&&[39mo)[36mreturn[39m [36mnull[39m[33m;[39m[36mif[39m((m[33m=[39me[33m.[39mdescription)[33m!=[39m[36mnull[39m[33m&&[39mm[33m.[39mstartsWith([32m"$ref:"[39m)){[36mconst[39m _[33m=[39me[33m.[39mdescription[33m.[39msubstring([35m5[39m)[33m;[39m[36mreturn[39m s[_][33m||[39m(s[_][33m=[39m[33mXe[39m(e[33m,[39ma[33m,[39mn[33m,[39mi[33m,[39mo[33m,[39ms[33m,[39m[33m![39m[35m0[39m))[33m,[39m{$ref[33m:[39m[32m`#/$defs/${_}`[39m}}c[33m=[39me[33m.[39mdescription[33m||[39m[36mvoid[39m [35m0[39m}[36mswitch[39m([33m![39m[35m0[39m){[36mcase[39m e [36minstanceof[39m r[33m.[39m[33mZodString[39m[33m:[39m{[36mconst[39m _[33m=[39m{}[33m;[39m[36mreturn[39m[32m"_def"[39m[36min[39m e[33m&&[39me[33m.[39m_def[33m.[39mchecks[33m.[39msome(v[33m=>[39mv[33m.[39mkind[33m===[39m[32m"max"[39m)[33m&&[39m(_[33m.[39mmaxLength[33m=[39m(h[33m=[39me[33m.[39m_def[33m.[39mchecks[33m.[39mfind(v[33m=>[39mv[33m.[39mkind[33m===[39m[32m"max"[39m))[33m==[39m[36mnull[39m[33m?[39m[36mvoid[39m [35m0[39m[33m:[39mh[33m.[39mvalue)[33m,[39m[32m"_def"[39m[36min[39m e[33m&&[39me[33m.[39m_def[33m.[39mchecks[33m.[39msome(v[33m=>[39mv[33m.[39mkind[33m===[39m[32m"min"[39m)[33m&&[39m(_[33m.[39mminLength[33m=[39m(u[33m=[39me[33m.[39m_def[33m.[39mchecks[33m.[39mfind(v[33m=>[39mv[33m.[39mkind[33m===[39m[32m"min"[39m))[33m==[39m[36mnull[39m[33m?[39m[36mvoid[39m [35m0[39m[33m:[39mu[33m.[39mvalue)[33m,[39m{type[33m:[39m[32m"string"[39m[33m,[39m[33m...[39m_}}[36mcase[39m e [36minstanceof[39m r[33m.[39m[33mZodNumber[39m[33m:[39m[36mreturn[39m{type[33m:[39m[32m"number"[39m}[33m;[39m[36mcase[39m e [36minstanceof[39m r[33m.[39m[33mZodBoolean[39m[33m:[39m[36mreturn[39m{type[33m:[39m[32m"boolean"[39m}[33m;[39m[36mcase[39m e [36minstanceof[39m r[33m.[39m[33mZodEnum[39m[33m:[39m[36mreturn[39m{type[33m:[39m[32m"string"[39m[33m,[39m[36menum[39m[33m:[39me[33m.[39m_def[33m.[39mvalues}[33m;[39m[36mcase[39m e [36minstanceof[39m r[33m.[39m[33mZodDate[39m[33m:[39m[36mreturn[39m{type[33m:[39m[32m"string"[39m[33m,[39mformat[33m:[39m[32m"date"[39m}[33m;[39m[36mcase[39m e [36minstanceof[39m r[33m.[39m[33mZodObject[39m[33m:[39m{[36mconst[39m _[33m=[39me[33m.[39mshape[33m;[39m[36mif[39m(_[33m.[39mcomponent[33m&&[39m[36mtypeof[39m((g[33m=[39m_[33m.[39mcomponent[33m.[39m_def)[33m==[39m[36mnull[39m[33m?[39m[36mvoid[39m [35m0[39m[33m:[39mg[33m.[39mvalue)[33m==[39m[32m"string"[39m[33m&&[39mn[_[33m.[39mcomponent[33m.[39m_def[33m.[39mvalue][33m&&[39m(n[_[33m.[39mcomponent[33m.[39m_def[33m.[39mvalue][33m,[39m(b[33m=[39mn[_[33m.[39mcomponent[33m.[39m_def[33m.[39mvalue])[33m==[39m[36mnull[39m[33m?[39m[36mvoid[39m [35m0[39m[33m:[39mb[33m.[39misBaseComponent))[36mreturn[39m{$ref[33m:[39m[32m`#/$defs/${_.component._def.value}`[39m}[33m;[39m[36mconst[39m v[33m=[39m{}[33m,[39m[33mN[39m[33m=[39m[][33m;[39m[36mfor[39m([36mconst[39m[x[33m,[39m[33mC[39m][36mof[39m [33mObject[39m[33m.[39mentries(_)){[36mconst[39m k[33m=[39m[33mXe[39m([33mC[39m[33m,[39mx[33m,[39mn[33m,[39mi[33m,[39mo[33m,[39ms)[33m;[39mk[33m&&[39m(v[x][33m=[39mk[33m,[39m[33mC[39m [36minstanceof[39m r[33m.[39m[33mZodOptional[39m[33m||[39m[33mN[39m[33m.[39mpush(x))}[36mreturn[39m{type[33m:[39m[32m"object"[39m[33m,[39m[33m...[39mc[33m?[39m{description[33m:[39mc}[33m:[39m{}[33m,[39mproperties[33m:[39mv[33m,[39mrequired[33m:[39m[33mN[39m[33m.[39mlength[33m>[39m[35m0[39m[33m?[39m[33mN[39m[33m:[39m[36mvoid[39m [35m0[39m[33m,[39madditionalProperties[33m:[39m[33m![39m[35m1[39m}}[36mcase[39m e [36minstanceof[39m r[33m.[39m[33mZodArray[39m[33m:[39m{[36mconst[39m _[33m=[39me[33m.[39melement[33m,[39mv[33m=[39m[33mXe[39m(_[33m,[39ma[33m,[39mn[33m,[39mi[33m,[39mo[33m,[39ms)[33m,[39m[33mN[39m[33m=[39m(f[33m=[39me[33m.[39m_def[33m.[39mmaxLength)[33m==[39m[36mnull[39m[33m?[39m[36mvoid[39m [35m0[39m[33m:[39mf[33m.[39mvalue[33m,[39mx[33m=[39m(y[33m=[39me[33m.[39m_def[33m.[39mminLength)[33m==[39m[36mnull[39m[33m?[39m[36mvoid[39m [35m0[39m[33m:[39my[33m.[39mvalue[33m;[39m[36mreturn[39m v[33m?[39m{type[33m:[39m[32m"array"[39m[33m,[39m[33m...[39mc[33m?[39m{description[33m:[39mc}[33m:[39m{}[33m,[39mitems[33m:[39mv[33m,[39m[33m...[39m[33mN[39m[33m?[39m{maxItems[33m:[39m[33mN[39m}[33m:[39m{}[33m,[39m[33m...[39mx[33m?[39m{minItems[33m:[39mx}[33m:[39m{}}[33m:[39m[36mnull[39m}[36mcase[39m e [36minstanceof[39m r[33m.[39m[33mZodDefault[39m[33m:[39m{[36mconst[39m _[33m=[39m[33mXe[39m(e[33m.[39m_def[33m.[39minnerType[33m,[39ma[33m,[39mn[33m,[39mi[33m,[39mo[33m,[39ms[33m,[39ml)[33m;[39m[36mreturn[39m _[33m?[39m{[33m...[39m_[33m,[39m[36mdefault[39m[33m:[39me[33m.[39m_def[33m.[39mdefaultValue()}[33m:[39m[36mnull[39m}[36mcase[39m e [36minstanceof[39m r[33m.[39m[33mZodUnion[39m[33m:[39m{[36mconst[39m _[33m=[39me[33m.[39m_def[33m.[39moptions[33m.[39mmap(v[33m=>[39m[33mXe[39m(v[33m,[39ma[33m,[39mn[33m,[39mi[33m,[39mo[33m,[39ms))[33m.[39mfilter([33mBoolean[39m)[33m;[39m[36mreturn[39m _[33m.[39mlength[33m===[39m[35m1[39m[33m&&[39m_[[35m0[39m][33m?[39m_[[35m0[39m][33m:[39m{oneOf[33m:[39m_}}[36mcase[39m e [36minstanceof[39m r[33m.[39m[33mZodOptional[39m[33m:[39m[36mreturn[39m [33mXe[39m(e[33m.[39m_def[33m.[39minnerType[33m,[39ma[33m,[39mn[33m,[39mi[33m,[39mo[33m,[39ms[33m,[39ml)[33m;[39m[36mcase[39m e [36minstanceof[39m r[33m.[39m[33mZodNullable[39m[33m:[39m{[36mconst[39m _[33m=[39m[33mXe[39m(e[33m.[39m_def[33m.[39minnerType[33m,[39ma[33m,[39mn[33m,[39mi[33m,[39mo[33m,[39ms[33m,[39ml)[33m,[39mv[33m=[39m[][33m;[39m[36mreturn[39m _[33m&&[39mv[33m.[39mpush(_)[33m,[39mv[33m.[39mpush({type[33m:[39m[32m"null"[39m})[33m,[39m{oneOf[33m:[39mv}}[36mcase[39m e [36minstanceof[39m r[33m.[39m[33mZodLiteral[39m[33m:[39m[36mreturn[39m{[36mconst[39m[33m:[39me[33m.[39mvalue}[33m;[39m[36mcase[39m e [36minstanceof[39m r[33m.[39m[33mZodRecord[39m[33m:[39m{[36mconst[39m _[33m=[39me[33m.[39m_def[33m.[39mvalueType[33m,[39mv[33m=[39m[33mXe[39m(_[33m,[39ma[33m,[39mn[33m,[39mi[33m,[39mo[33m,[39ms)[33m;[39m[36mreturn[39m v[33m?[39m{type[33m:[39m[32m"object"[39m[33m,[39madditionalProperties[33m:[39mv}[33m:[39m[36mnull[39m}[36mcase[39m e [36minstanceof[39m r[33m.[39m[33mZodAny[39m[33m:[39m[36mdefault[39m[33m:[39m[36mreturn[39m{type[33m:[39m[32m"any"[39m}}}[33m,[39mou[33m=[39m(e[33m,[39ma[33m,[39mn[33m,[39mi[33m,[39mo[33m,[39ms)[33m=>[39m{[36mconst[39m l[33m=[39me[33m.[39mschema[33m;[39m[36mif[39m([33m![39m(l [36minstanceof[39m r[33m.[39m[33mZodObject[39m))[36mthrow[39m [36mnew[39m [33mError[39m([32m"Schema is not a zod object"[39m)[33m;[39m[36mconst[39m c[33m=[39m{type[33m:[39m[32m"object"[39m[33m,[39mproperties[33m:[39m{component[33m:[39m{[36mconst[39m[33m:[39ma}}[33m,[39mrequired[33m:[39m[[32m"component"[39m[33m,[39m[32m"props"[39m]}[33m,[39md[33m=[39mc[33m.[39mproperties[33m;[39m[36mfor[39m([36mconst[39m[m[33m,[39mh][36mof[39m [33mObject[39m[33m.[39mentries(l[33m.[39mshape)){[36mconst[39m u[33m=[39m[33mXe[39m(h[33m,[39mm[33m,[39mn[33m,[39mi[33m,[39mo[33m,[39ms)[33m;[39mu[33m&&[39m(d[m][33m=[39mu)}[36mreturn[39m c}[33m,[39mgn[33m=[39m(e[33m,[39ma[33m=[39m[32m"Card"[39m[33m,[39mn[33m,[39mi)[33m=>[39m{[36mconst[39m o[33m=[39m{name[33m:[39m[32m"thesys_kit_schema"[39m[33m,[39mschema[33m:[39m{$schema[33m:[39m[32m"http://json-schema.org/draft-07/schema#"[39m[33m,[39mtype[33m:[39m[32m"object"[39m[33m,[39mproperties[33m:[39m{component[33m:[39m{type[33m:[39m[32m"object"[39m[33m,[39mdescription[33m:[39m[32m"The root component to render"[39m[33m,[39mproperties[33m:[39m{}[33m,[39mrequired[33m:[39m[]}[33m,[39merror[33m:[39m{oneOf[33m:[39m[{type[33m:[39m[32m"null"[39m}[33m,[39m{type[33m:[39m[32m"string"[39m[33m,[39mdescription[33m:[39m[32m"Explanation of why the request violates schema constraints"[39m}]}}[33m,[39m$defs[33m:[39m{}[33m,[39mstrict[33m:[39m[33m![39m[35m0[39m[33m,[39madditionalProperties[33m:[39m[33m![39m[35m1[39m[33m,[39mrequired[33m:[39m[[32m"component"[39m[33m,[39m[32m"error"[39m]}}[33m;[39m[36mfor[39m([36mconst[39m[s[33m,[39ml][36mof[39m [33mObject[39m[33m.[39mentries(e)){[36mif[39m([33m![39ml[33m.[39misBaseComponent[33m||[39ml[33m.[39mdeprecated[33m&&[39mn)[36mcontinue[39m[33m;[39m[36mconst[39m c[33m=[39mou(l[33m,[39ms[33m,[39me[33m,[39mn[33m,[39mi[33m,[39mo[33m.[39mschema[33m.[39m$defs)[33m;[39m[36mif[39m([33m![39mc[33m||[39m[33m![39m([32m"type"[39m[36min[39m c)[33m||[39mc[33m.[39mtype[33m!==[39m[32m"object"[39m)[36mthrow[39m [36mnew[39m [33mError[39m([32m"Component schema is not an object"[39m)[33m;[39ms[33m===[39ma[33m?[39m(o[33m.[39mschema[33m.[39mproperties[33m.[39mcomponent[33m.[39mproperties[33m=[39mc[33m.[39mproperties[33m,[39mo[33m.[39mschema[33m.[39mproperties[33m.[39mcomponent[33m.[39mrequired[33m=[39mc[33m.[39mrequired[33m||[39m[])[33m:[39mo[33m.[39mschema[33m.[39m$defs[s][33m=[39mc}[36mreturn[39m o}[33m,[39m[33mMt[39m[33m=[39m{[33mAccordion[39m[33m:[39m{component[33m:[39me[33m=>[39m{[36mconst[39m{children[33m:[39ma[33m,[39mheader[33m:[39mn[33m,[39m[33m...[39mi}[33m=[39me[33m,[39mo[33m=[39m$e()[33m,[39m[s[33m,[39ml][33m=[39m[33mF[39m([36mvoid[39m [35m0[39m)[33m,[39mc[33m=[39m[33mD[39m([33m![39m[35m1[39m)[33m,[39md[33m=[39m[33mD[39m([35m0[39m)[33m;[39m[36mreturn[39m [33mV[39m(()[33m=>[39m{[36mvar[39m m[33m;[39m[36mif[39m(a[33m!=[39m[36mnull[39m[33m&&[39ma[33m.[39mlength){[36mif[39m(o[33m&&[39ma[33m.[39mlength[33m>[39md[33m.[39mcurrent[33m&&[39m[33m![39mc[33m.[39mcurrent){[36mconst[39m h[33m=[39ma[a[33m.[39mlength[33m-[39m[35m1[39m][33m;[39mh[33m!=[39m[36mnull[39m[33m&&[39mh[33m.[39mvalue[33m&&[39ml(h[33m.[39mvalue)}[36melse[39m[33m![39ms[33m&&[39ma[33m.[39mlength[33m>[39m[35m0[39m[33m&&[39ml((m[33m=[39ma[[35m0[39m])[33m==[39m[36mnull[39m[33m?[39m[36mvoid[39m [35m0[39m[33m:[39mm[33m.[39mvalue)[33m;[39md[33m.[39mcurrent[33m=[39ma[33m.[39mlength}}[33m,[39m[a[33m,[39mo])[33m,[39mp([32m"div"[39m[33m,[39m{className[33m:[39m[32m"c1-accordion-wrapper"[39m[33m,[39mchildren[33m:[39m[n[33m&&[39mt([33mK[39m[33m,[39m{[33m...[39mn})[33m,[39mt(cc[33m,[39m{type[33m:[39m[32m"single"[39m[33m,[39mcollapsible[33m:[39m[33m![39m[35m0[39m[33m,[39mvalue[33m:[39ms[33m,[39mvariant[33m:[39m[32m"sunk"[39m[33m,[39monValueChange[33m:[39mm[33m=>[39m{c[33m.[39mcurrent[33m=[39m[33m![39m[35m0[39m[33m,[39ml(m)}[33m,[39m[33m...[39mi[33m,[39mchildren[33m:[39ma[33m==[39m[36mnull[39m[33m?[39m[36mvoid[39m [35m0[39m[33m:[39ma[33m.[39mmap((m[33m,[39mh)[33m=>[39m{[36mvar[39m u[33m;[39m[36mreturn[39m p(dc[33m,[39m{value[33m:[39mm[33m.[39mvalue[33m,[39mchildren[33m:[39m[t(mc[33m,[39m{text[33m:[39mm[33m.[39mtrigger[33m.[39mtext[33m,[39mchildren[33m:[39mt([33mK[39m[33m,[39m{[33m...[39mm[33m.[39mtrigger[33m.[39micon}[33m,[39m[32m`trigger-${h}`[39m)})[33m,[39mt(pc[33m,[39m{children[33m:[39m(u[33m=[39mm[33m.[39mcontent)[33m==[39m[36mnull[39m[33m?[39m[36mvoid[39m [35m0[39m[33m:[39mu[33m.[39mmap((g[33m,[39mb)[33m=>[39mt([33mK[39m[33m,[39m{[33m...[39mg}[33m,[39m[32m`content-${b}`[39m))})]}[33m,[39mh)})})]})}[33m,[39mschema[33m:[39mir[33m,[39misBaseComponent[33m:[39m[33m![39m[35m0[39m}[33m,[39m[33mButton[39m[33m:[39m{component[33m:[39m[33mY[39m(we)[33m,[39mschema[33m:[39m[33mLt[39m[33m,[39misBaseComponent[33m:[39m[33m![39m[35m0[39m[33m,[39m[33mExtraProps[39m[33m:[39me[33m=>[39m{[36mvar[39m o[33m;[39m[36mconst[39m{onAction[33m:[39ma[33m,[39mformContext[33m:[39mn}[33m=[39me[33m.[39mhooks[33m||[39m{}[33m,[39mi[33m=[39mn[33m==[39m[36mnull[39m[33m?[39m[36mvoid[39m [35m0[39m[33m:[39mn[33m.[39mformName[33m;[39m[36mreturn[39m{name[33m:[39me[33m.[39mprops[33m.[39mchildren[33m,[39monClick[33m:[39m((o[33m=[39me[33m.[39mprops)[33m==[39m[36mnull[39m[33m?[39m[36mvoid[39m [35m0[39m[33m:[39mo[33m.[39monClick)[33m||[39m(()[33m=>[39m{[36mvar[39m s[33m,[39ml[33m,[39mc[33m,[39md[33m;[39m[36mreturn[39m a(e[33m.[39mprops[33m.[39mchildren[33m,[39m[32m"User clicked on Button: "[39m[33m+[39me[33m.[39mprops[33m.[39mname[33m,[39mi[33m,[39m{type[33m:[39m(l[33m=[39m(s[33m=[39me[33m.[39mprops)[33m==[39m[36mnull[39m[33m?[39m[36mvoid[39m [35m0[39m[33m:[39ms[33m.[39maction)[33m==[39m[36mnull[39m[33m?[39m[36mvoid[39m [35m0[39m[33m:[39ml[33m.[39mtype[33m,[39mparams[33m:[39m((d[33m=[39m(c[33m=[39me[33m.[39mprops)[33m==[39m[36mnull[39m[33m?[39m[36mvoid[39m [35m0[39m[33m:[39mc[33m.[39maction)[33m==[39m[36mnull[39m[33m?[39m[36mvoid[39m [35m0[39m[33m:[39md[33m.[39mprops)[33m?[39m[33m?[39m{}})})[33m,[39maction[33m:[39m[36mvoid[39m [35m0[39m}}}[33m,[39m[33mCard[39m[33m:[39m{component[33m:[39me[33m=>[39m{[36mconst[39m{children[33m:[39ma[33m,[39msources[33m:[39mn[33m,[39m[33m...[39mi}[33m=[39me[33m,[39mo[33m=[39m$e()[33m,[39ms[33m=[39m[33mD[39m([36mnull[39m)[33m;[39m[36mreturn[39m(({ref[33m:[39ml[33m,[39misStreaming[33m:[39mc})[33m=>[39m{[33mV[39m(()[33m=>[39m{[36mif[39m([33m![39ml[33m.[39mcurrent[33m||[39m[33m![39mc)[36mreturn[39m[33m;[39m[36mconst[39m d[33m=[39ml[33m.[39mcurrent[33m,[39mm[33m=[39mh[33m=>[39m{requestAnimationFrame(()[33m=>[39m{[36mvar[39m u[33m,[39mg[33m;[39m(g[33m=[39m(u[33m=[39mh[33m.[39mtarget)[33m.[39mblur)[33m==[39m[36mnull[39m[33m||[39mg[33m.[39mcall(u)})}[33m;[39m[36mreturn[39m d[33m.[39maddEventListener([32m"focusin"[39m[33m,[39mm)[33m,[39m()[33m=>[39m{d[33m.[39mremoveEventListener([32m"focusin"[39m[33m,[39mm)}}[33m,[39m[c[33m,[39ml])})({ref[33m:[39ms[33m,[39misStreaming[33m:[39mo})[33m,[39mt([33mPm[39m[33m,[39m{sources[33m:[39mn[33m,[39mchildren[33m:[39mp(yi[33m,[39m{[33m...[39mi[33m,[39mwidth[33m:[39m[32m"full"[39m[33m,[39mvariant[33m:[39m[32m"card"[39m[33m,[39mclassName[33m:[39m[33mT[39m({[32m"c1-card--streaming"[39m[33m:[39mo})[33m,[39mref[33m:[39ms[33m,[39mchildren[33m:[39m[a[33m.[39mmap((l[33m,[39mc)[33m=>[39mt([33mK[39m[33m,[39m{[33m...[39ml[33m,[39moverridesProps[33m:[39m[33mQp[39m}[33m,[39mc))[33m,[39mt([33mJp[39m[33m,[39m{})]})})}[33m,[39mschema[33m:[39meu[33m,[39misBaseComponent[33m:[39m[33m![39m[35m0[39m}[33m,[39m[33mCheckBoxGroup[39m[33m:[39m{component[33m:[39mip[33m,[39mschema[33m:[39m[33mTo[39m[33m,[39misBaseComponent[33m:[39m[33m![39m[35m0[39m[33m,[39m[33mExtraProps[39m[33m:[39me[33m=>[39m({variant[33m:[39m[32m"clear"[39m})}[33m,[39m[33mCheckBoxItem[39m[33m:[39m{component[33m:[39m[33mMc[39m[33m,[39mschema[33m:[39m[33mSo[39m[33m,[39misBaseComponent[33m:[39m[33m![39m[35m1[39m[33m,[39m[33mExtraProps[39m[33m:[39me[33m=>[39m{[36mconst[39m{getFormFieldValue[33m:[39ma[33m,[39mformContext[33m:[39mn}[33m=[39me[33m.[39mhooks[33m,[39mi[33m=[39mn[33m==[39m[36mnull[39m[33m?[39m[36mvoid[39m [35m0[39m[33m:[39mn[33m.[39mformName[33m,[39mo[33m=[39me[33m.[39mprops[33m.[39mname[33m||[39me[33m.[39mprops[33m.[39mvalue[33m,[39ms[33m=[39me[33m.[39mprops[33m.[39mdefaultChecked[33m,[39ml[33m=[39ma(i[33m,[39mo)[33m;[39m[36mreturn[39m [33mKe[39m({formName[33m:[39mi[33m,[39mcomponentType[33m:[39m[32m"CheckBoxItem"[39m[33m,[39mname[33m:[39mo[33m,[39mexistingValue[33m:[39ml[33m,[39mdefaultValue[33m:[39ms})[33m,[39m{checked[33m:[39ml[33m?[39m[33m?[39ms}}}[33m,[39m[33mFollowUpBlock[39m[33m:[39m{component[33m:[39mtu[33m,[39mschema[33m:[39mrs[33m,[39misBaseComponent[33m:[39m[33m![39m[35m0[39m}[33m,[39m[33mFollowUpItem[39m[33m:[39m{component[33m:[39m[33mY[39m([33mRc[39m)[33m,[39mschema[33m:[39mgh[33m,[39misBaseComponent[33m:[39m[33m![39m[35m1[39m[33m,[39m[33mExtraProps[39m[33m:[39me[33m=>[39m{[36mconst[39m{onAction[33m:[39ma[33m,[39mformContext[33m:[39mn}[33m=[39me[33m.[39mhooks[33m||[39m{}[33m,[39mi[33m=[39mn[33m==[39m[36mnull[39m[33m?[39m[36mvoid[39m [35m0[39m[33m:[39mn[33m.[39mformName[33m;[39m[36mreturn[39m{onClick[33m:[39m()[33m=>[39m{a(e[33m.[39mprops[33m.[39mtext[33m,[39m[32m"User clicked on FollowUpItem: "[39m[33m+[39me[33m.[39mprops[33m.[39mtext[33m,[39mi)}}}}[33m,[39m[33mButtonGroup[39m[33m:[39m{component[33m:[39m[33mY[39m([33mBc[39m)[33m,[39mschema[33m:[39m[33mGe[39m[33m,[39misBaseComponent[33m:[39m[33m![39m[35m0[39m}[33m,[39m[33mCardHeader[39m[33m:[39m{component[33m:[39m[33mY[39m([33mOn[39m)[33m,[39mschema[33m:[39mwt[33m,[39misBaseComponent[33m:[39m[33m![39m[35m0[39m[33m,[39mdeprecated[33m:[39m[33m![39m[35m0[39m}[33m,[39m[33mHeader[39m[33m:[39m{component[33m:[39m[33mY[39m([33mOn[39m)[33m,[39mschema[33m:[39mmn[33m,[39misBaseComponent[33m:[39m[33m![39m[35m0[39m}[33m,[39m[33mIcon[39m[33m:[39m{component[33m:[39mde[33m,[39mschema[33m:[39mke[33m,[39misBaseComponent[33m:[39m[33m![39m[35m0[39m[33m,[39m[33mExtraProps[39m[33m:[39me[33m=>[39m({size[33m:[39m[35m14[39m})}[33m,[39m[33mIconButton[39m[33m:[39m{component[33m:[39m[33mY[39m(ie)[33m,[39mschema[33m:[39man[33m,[39misBaseComponent[33m:[39m[33m![39m[35m0[39m[33m,[39m[33mExtraProps[39m[33m:[39me[33m=>[39m{[36mvar[39m o[33m;[39m[36mconst[39m{onAction[33m:[39ma[33m,[39mformContext[33m:[39mn}[33m=[39me[33m.[39mhooks[33m||[39m{}[33m,[39mi[33m=[39mn[33m==[39m[36mnull[39m[33m?[39m[36mvoid[39m [35m0[39m[33m:[39mn[33m.[39mformName[33m;[39m[36mreturn[39m{onClick[33m:[39m((o[33m=[39me[33m.[39mprops)[33m==[39m[36mnull[39m[33m?[39m[36mvoid[39m [35m0[39m[33m:[39mo[33m.[39monClick)[33m||[39m(()[33m=>[39m{[36mvar[39m s[33m,[39ml[33m;[39m[36mreturn[39m a(e[33m.[39mprops[33m.[39mname[33m,[39m[32m"User clicked on IconButton: "[39m[33m+[39me[33m.[39mprops[33m.[39mname[33m,[39mi[33m,[39m{type[33m:[39m(s[33m=[39me[33m.[39mprops[33m.[39maction)[33m==[39m[36mnull[39m[33m?[39m[36mvoid[39m [35m0[39m[33m:[39ms[33m.[39mtype[33m,[39mparams[33m:[39m((l[33m=[39me[33m.[39mprops[33m.[39maction)[33m==[39m[36mnull[39m[33m?[39m[36mvoid[39m [35m0[39m[33m:[39ml[33m.[39mprops)[33m?[39m[33m?[39m{}})})}}}[33m,[39m[33mImage[39m[33m:[39m{component[33m:[39mut[33m,[39mschema[33m:[39m[33mAe[39m[33m,[39misBaseComponent[33m:[39m[33m![39m[35m0[39m}[33m,[39m[33mImageGallery[39m[33m:[39m{component[33m:[39mfh[33m,[39mschema[33m:[39mlr[33m,[39misBaseComponent[33m:[39m[33m![39m[35m0[39m}[33m,[39m[33mInput[39m[33m:[39m{component[33m:[39m[33mY[39m([33mOt[39m)[33m,[39mschema[33m:[39m[33mPo[39m[33m,[39misBaseComponent[33m:[39m[33m![39m[35m0[39m[33m,[39m[33mExtraProps[39m[33m:[39me[33m=>[39m{[36mconst[39m{updateContext[33m:[39ma[33m,[39mgetFormFieldValue[33m:[39mn[33m,[39mformContext[33m:[39mi}[33m=[39me[33m.[39mhooks[33m,[39mo[33m=[39mi[33m==[39m[36mnull[39m[33m?[39m[36mvoid[39m [35m0[39m[33m:[39mi[33m.[39mformName[33m,[39ms[33m=[39me[33m.[39mprops[33m.[39mname[33m,[39ml[33m=[39me[33m.[39mprops[33m.[39mdefaultValue[33m,[39mc[33m=[39mn(o[33m,[39ms)[33m,[39md[33m=[39mc[33m?[39m[33m?[39ml[33m;[39m[36mreturn[39m [33mKe[39m({formName[33m:[39mo[33m,[39mcomponentType[33m:[39m[32m"Input"[39m[33m,[39mname[33m:[39ms[33m,[39mexistingValue[33m:[39mc[33m,[39mdefaultValue[33m:[39ml})[33m,[39m{size[33m:[39m[32m"large"[39m[33m,[39mdefaultValue[33m:[39md[33m,[39monChange[33m:[39mm[33m=>[39m{i[33m!=[39m[36mnull[39m[33m&&[39mi[33m.[39mvalidateField[33m&&[39me[33m.[39mprops[33m.[39mrules[33m&&[39mi[33m.[39mvalidateField(s[33m,[39mm[33m.[39mtarget[33m.[39mvalue[33m,[39me[33m.[39mprops[33m.[39mrules)}[33m,[39monBlur[33m:[39mm[33m=>[39m{m[33m.[39mtarget[33m.[39mvalue[33m!==[39md[33m&&[39m(a(o[33m,[39m[32m"Input"[39m[33m,[39ms[33m,[39mm[33m.[39mtarget[33m.[39mvalue)[33m,[39mi[33m!=[39m[36mnull[39m[33m&&[39mi[33m.[39mvalidateField[33m&&[39me[33m.[39mprops[33m.[39mrules[33m&&[39mi[33m.[39mvalidateField(s[33m,[39mm[33m.[39mtarget[33m.[39mvalue[33m,[39me[33m.[39mprops[33m.[39mrules))}}}}[33m,[39m[33mListBlock[39m[33m:[39m{component[33m:[39m[33mMp[39m[33m,[39mschema[33m:[39m[33mHt[39m[33m,[39misBaseComponent[33m:[39m[33m![39m[35m0[39m[33m,[39mdeprecated[33m:[39m[33m![39m[35m0[39m}[33m,[39m[33mListItem[39m[33m:[39m{component[33m:[39m[33mY[39m(zc)[33m,[39mschema[33m:[39m[33mOp[39m[33m,[39misBaseComponent[33m:[39m[33m![39m[35m1[39m[33m,[39mdeprecated[33m:[39m[33m![39m[35m0[39m}[33m,[39m[33mList[39m[33m:[39m{component[33m:[39me[33m=>[39m{[36mconst[39m{heading[33m:[39ma[33m,[39mdescription[33m:[39mn[33m,[39mitems[33m:[39mi[33m,[39mvariant[33m:[39mo}[33m=[39me[33m,[39ms[33m=[39mi[33m==[39m[36mnull[39m[33m?[39m[36mvoid[39m [35m0[39m[33m:[39mi[33m.[39msome(c[33m=>[39mc[33m.[39msubtitle)[33m,[39ml[33m=[39mar()[33m;[39m[36mreturn[39m p([32m"div"[39m[33m,[39m{className[33m:[39m[32m"c1-list"[39m[33m,[39mchildren[33m:[39m[(a[33m||[39mn)[33m&&[39mt([33mIt[39m[33m,[39m{heading[33m:[39ma[33m,[39mdescription[33m:[39mn})[33m,[39mt([32m"div"[39m[33m,[39m{className[33m:[39m[32m"c1-list-items"[39m[33m,[39mchildren[33m:[39mi[33m==[39m[36mnull[39m[33m?[39m[36mvoid[39m [35m0[39m[33m:[39mi[33m.[39mmap((c[33m,[39md)[33m=>[39mt([33mIp[39m[33m,[39m{title[33m:[39mc[33m.[39mtitle[33m,[39msubtitle[33m:[39mc[33m.[39msubtitle[33m,[39mvariant[33m:[39mo[33m,[39miconName[33m:[39mc[33m.[39miconName[33m,[39miconCategory[33m:[39mc[33m.[39miconCategory[33m,[39mimage[33m:[39mc[33m.[39mimage[33m,[39mindex[33m:[39md[33m,[39mlistHasSubtitle[33m:[39ms[33m,[39mitemAction[33m:[39mc[33m.[39mitemAction}[33m,[39m[32m`list-item-${l}-${d}`[39m))})]})}[33m,[39mschema[33m:[39m[33mVt[39m[33m,[39misBaseComponent[33m:[39m[33m![39m[35m0[39m}[33m,[39m[33mRadioGroup[39m[33m:[39m{component[33m:[39mup[33m,[39mschema[33m:[39m[33mAo[39m[33m,[39misBaseComponent[33m:[39m[33m![39m[35m0[39m[33m,[39m[33mExtraProps[39m[33m:[39me[33m=>[39m{[36mconst[39m{updateContext[33m:[39ma[33m,[39mgetFormFieldValue[33m:[39mn[33m,[39mformContext[33m:[39mi}[33m=[39me[33m.[39mhooks[33m,[39mo[33m=[39mi[33m==[39m[36mnull[39m[33m?[39m[36mvoid[39m [35m0[39m[33m:[39mi[33m.[39mformName[33m,[39ms[33m=[39me[33m.[39mprops[33m.[39mname[33m,[39ml[33m=[39me[33m.[39mprops[33m.[39mdefaultValue[33m,[39mc[33m=[39mn(o[33m,[39ms)[33m;[39m[33mKe[39m({formName[33m:[39mo[33m,[39mcomponentType[33m:[39m[32m"RadioGroup"[39m[33m,[39mname[33m:[39ms[33m,[39mexistingValue[33m:[39mc[33m,[39mdefaultValue[33m:[39ml})[33m;[39m[36mconst[39m d[33m=[39mc[33m?[39m[33m?[39ml[33m;[39m[36mreturn[39m{value[33m:[39md[33m,[39morientation[33m:[39m[32m"vertical"[39m[33m,[39mvariant[33m:[39m[32m"clear"[39m[33m,[39monValueChange[33m:[39mm[33m=>[39m{m[33m!==[39md[33m&&[39m(a(o[33m,[39m[32m"RadioGroup"[39m[33m,[39ms[33m,[39mm)[33m,[39mi[33m!=[39m[36mnull[39m[33m&&[39mi[33m.[39mvalidateField[33m&&[39me[33m.[39mprops[33m.[39mrules[33m&&[39mi[33m.[39mvalidateField(s[33m,[39mm[33m,[39me[33m.[39mprops[33m.[39mrules))}}}}[33m,[39m[33mRadioItem[39m[33m:[39m{component[33m:[39m[33mY[39m([33mOc[39m)[33m,[39mschema[33m:[39m[33mIo[39m[33m,[39misBaseComponent[33m:[39m[33m![39m[35m1[39m}[33m,[39m[33mSelect[39m[33m:[39m{component[33m:[39myp[33m,[39mschema[33m:[39m[33mOo[39m[33m,[39misBaseComponent[33m:[39m[33m![39m[35m0[39m[33m,[39m[33mExtraProps[39m[33m:[39me[33m=>[39m{[36mconst[39m{updateContext[33m:[39ma[33m,[39mgetFormFieldValue[33m:[39mn[33m,[39mformContext[33m:[39mi}[33m=[39me[33m.[39mhooks[33m,[39mo[33m=[39mi[33m==[39m[36mnull[39m[33m?[39m[36mvoid[39m [35m0[39m[33m:[39mi[33m.[39mformName[33m,[39ms[33m=[39me[33m.[39mprops[33m.[39mname[33m,[39ml[33m=[39me[33m.[39mprops[33m.[39mdefaultValue[33m,[39mc[33m=[39mn(o[33m,[39ms)[33m;[39m[33mKe[39m({formName[33m:[39mo[33m,[39mcomponentType[33m:[39m[32m"Select"[39m[33m,[39mname[33m:[39ms[33m,[39mexistingValue[33m:[39mc[33m,[39mdefaultValue[33m:[39ml})[33m;[39m[36mconst[39m d[33m=[39mc[33m?[39m[33m?[39ml[33m;[39m[36mreturn[39m{size[33m:[39m[32m"lg"[39m[33m,[39mvalue[33m:[39md[33m,[39monValueChange[33m:[39mm[33m=>[39m{m[33m!==[39md[33m&&[39m(a(o[33m,[39m[32m"Select"[39m[33m,[39ms[33m,[39mm)[33m,[39mi[33m!=[39m[36mnull[39m[33m&&[39mi[33m.[39mvalidateField[33m&&[39me[33m.[39mprops[33m.[39mrules[33m&&[39mi[33m.[39mvalidateField(s[33m,[39mm[33m,[39me[33m.[39mprops[33m.[39mrules))}}}}[33m,[39m[33mSelectItem[39m[33m:[39m{component[33m:[39m[33mQt[39m[33m,[39mschema[33m:[39m$o[33m,[39misBaseComponent[33m:[39m[33m![39m[35m1[39m}[33m,[39m[33mSelectLabel[39m[33m:[39m{component[33m:[39m[33mLc[39m[33m,[39mschema[33m:[39m[33mLo[39m[33m,[39misBaseComponent[33m:[39m[33m![39m[35m1[39m}[33m,[39m[33mSelectSeparator[39m[33m:[39m{component[33m:[39m[33mAc[39m[33m,[39mschema[33m:[39m[33mMo[39m[33m,[39misBaseComponent[33m:[39m[33m![39m[35m1[39m}[33m,[39m[33mSwitchGroup[39m[33m:[39m{component[33m:[39mop[33m,[39mschema[33m:[39m[33mRo[39m[33m,[39misBaseComponent[33m:[39m[33m![39m[35m0[39m[33m,[39m[33mExtraProps[39m[33m:[39me[33m=>[39m({variant[33m:[39m[32m"clear"[39m})}[33m,[39m[33mSwitchItem[39m[33m:[39m{component[33m:[39m[33mY[39m([33mGr[39m)[33m,[39mschema[33m:[39m[33mBo[39m[33m,[39misBaseComponent[33m:[39m[33m![39m[35m1[39m[33m,[39m[33mExtraProps[39m[33m:[39me[33m=>[39m{[36mconst[39m{getFormFieldValue[33m:[39ma[33m,[39mformContext[33m:[39mn}[33m=[39me[33m.[39mhooks[33m,[39mi[33m=[39mn[33m==[39m[36mnull[39m[33m?[39m[36mvoid[39m [35m0[39m[33m:[39mn[33m.[39mformName[33m,[39mo[33m=[39me[33m.[39mprops[33m.[39mname[33m,[39ms[33m=[39me[33m.[39mprops[33m.[39mdefaultChecked[33m?[39m[33m?[39m[33m![39m[35m1[39m[33m,[39ml[33m=[39ma(i[33m,[39mo)[33m;[39m[36mreturn[39m [33mKe[39m({formName[33m:[39mi[33m,[39mcomponentType[33m:[39m[32m"SwitchItem"[39m[33m,[39mname[33m:[39mo[33m,[39mexistingValue[33m:[39ml[33m,[39mdefaultValue[33m:[39ms})[33m,[39m{checked[33m:[39ml[33m?[39m[33m?[39ms}}}[33m,[39m[33mTileOptionBlock[39m[33m:[39m{component[33m:[39m[33mVo[39m[33m,[39mschema[33m:[39m[33mFo[39m[33m,[39misBaseComponent[33m:[39m[33m![39m[35m0[39m}[33m,[39m[33mTabs[39m[33m:[39m{component[33m:[39m[33mHh[39m[33m,[39mschema[33m:[39mun[33m,[39misBaseComponent[33m:[39m[33m![39m[35m0[39m}[33m,[39m[33mTag[39m[33m:[39m{component[33m:[39m[33mY[39m(bt)[33m,[39mschema[33m:[39m[33mWo[39m[33m,[39misBaseComponent[33m:[39m[33m![39m[35m1[39m}[33m,[39m[33mTagBlock[39m[33m:[39m{component[33m:[39m[33mKo[39m[33m,[39mschema[33m:[39mpt[33m,[39misBaseComponent[33m:[39m[33m![39m[35m0[39m}[33m,[39m[33mTextArea[39m[33m:[39m{component[33m:[39m[33mY[39m($c)[33m,[39mschema[33m:[39m[33mDo[39m[33m,[39misBaseComponent[33m:[39m[33m![39m[35m0[39m[33m,[39m[33mExtraProps[39m[33m:[39me[33m=>[39m{[36mconst[39m{updateContext[33m:[39ma[33m,[39mgetFormFieldValue[33m:[39mn[33m,[39mformContext[33m:[39mi}[33m=[39me[33m.[39mhooks[33m,[39mo[33m=[39mi[33m==[39m[36mnull[39m[33m?[39m[36mvoid[39m [35m0[39m[33m:[39mi[33m.[39mformName[33m,[39ms[33m=[39me[33m.[39mprops[33m.[39mname[33m,[39ml[33m=[39me[33m.[39mprops[33m.[39mdefaultValue[33m,[39mc[33m=[39mn(o[33m,[39ms)[33m;[39m[33mKe[39m({formName[33m:[39mo[33m,[39mcomponentType[33m:[39m[32m"TextArea"[39m[33m,[39mname[33m:[39ms[33m,[39mexistingValue[33m:[39mc[33m,[39mdefaultValue[33m:[39ml})[33m;[39m[36mconst[39m d[33m=[39mc[33m?[39m[33m?[39ml[33m;[39m[36mreturn[39m{defaultValue[33m:[39md[33m,[39monChange[33m:[39mm[33m=>[39m{i[33m!=[39m[36mnull[39m[33m&&[39mi[33m.[39mvalidateField[33m&&[39me[33m.[39mprops[33m.[39mrules[33m&&[39mi[33m.[39mvalidateField(s[33m,[39mm[33m.[39mtarget[33m.[39mvalue[33m,[39me[33m.[39mprops[33m.[39mrules)}[33m,[39monBlur[33m:[39mm[33m=>[39m{m[33m.[39mtarget[33m.[39mvalue[33m!==[39md[33m&&[39m(a(o[33m,[39m[32m"TextArea"[39m[33m,[39ms[33m,[39mm[33m.[39mtarget[33m.[39mvalue)[33m,[39mi[33m!=[39m[36mnull[39m[33m&&[39mi[33m.[39mvalidateField[33m&&[39me[33m.[39mprops[33m.[39mrules[33m&&[39mi[33m.[39mvalidateField(s[33m,[39mm[33m.[39mtarget[33m.[39mvalue[33m,[39me[33m.[39mprops[33m.[39mrules))}}}}[33m,[39m[33mTextContent[39m[33m:[39m{component[33m:[39moh[33m,[39mschema[33m:[39m[33mDe[39m[33m,[39misBaseComponent[33m:[39m[33m![39m[35m0[39m}[33m,[39m[33mTable[39m[33m:[39m{component[33m:[39m[33mFh[39m[33m,[39mschema[33m:[39mua[33m,[39misBaseComponent[33m:[39m[33m![39m[35m0[39m}[33m,[39m[33mEditableTable[39m[33m:[39m{component[33m:[39me[33m=>[39m{[36mconst[39m{data[33m:[39ma[33m,[39mcolumns[33m:[39mn[33m,[39m[33m...[39mi}[33m=[39me[33m,[39mo[33m=[39m[33mRt[39m()[33m,[39ms[33m=[39m[33mBt[39m()[33m,[39ml[33m=[39m[33mDt[39m()[33m,[39mc[33m=[39m$e()[33m,[39md[33m=[39ms(e[33m.[39mname[33m,[39me[33m.[39mname)[33m,[39mm[33m=[39mne(()[33m=>[39mn[33m.[39mmap(k[33m=>[39mk[33m.[39mkey)[33m,[39m[n])[33m,[39mh[33m=[39m$(k[33m=>[39mk[33m.[39mmap([33mS[39m[33m=>[39m({[33m...[39mm[33m.[39mreduce(([33mP[39m[33m,[39m[33mI[39m[33m,[39m[33mL[39m)[33m=>[39m([33mP[39m[[33mI[39m][33m=[39m[33mS[39m[33m.[39mvalues[[33mL[39m][33m,[39m[33mP[39m)[33m,[39m{})[33m,[39mid[33m:[39m[33mS[39m[33m.[39mid}))[33m,[39m[m])[33m,[39mu[33m=[39m$(k[33m=>[39mk[33m.[39mmap([33mS[39m[33m=>[39m({id[33m:[39m[33mS[39m[33m.[39mid[33m,[39mvalues[33m:[39mm[33m.[39mmap(w[33m=>[39m[33mS[39m[w])}))[33m,[39m[m])[33m,[39mg[33m=[39m[33mD[39m([36mvoid[39m [35m0[39m)[33m,[39m[b[33m,[39mf][33m=[39m[33mF[39m(()[33m=>[39mh(d[33m||[39ma))[33m,[39m[y[33m,[39m_][33m=[39m[33mF[39m([35m0[39m)[33m;[39m[33mV[39m(()[33m=>[39m{f(h(d[33m||[39ma))}[33m,[39m[d[33m,[39ma[33m,[39mh])[33m,[39m[33mV[39m(()[33m=>[39m{c[33m||[39mg[33m.[39mcurrent[33m!==[39m[36mvoid[39m [35m0[39m[33m||[39m(g[33m.[39mcurrent[33m=[39m[36mnew[39m [33mMap[39m(h(d[33m||[39ma)[33m.[39mmap(k[33m=>[39m[k[33m.[39mid[33m,[39mk])))}[33m,[39m[c[33m,[39md[33m,[39ma[33m,[39mh])[33m;[39m[36mconst[39m v[33m=[39m$((k[33m,[39m[33mS[39m)[33m=>[39m{[36mif[39m([33m![39m[33mS[39m)[36mreturn[39m [36mvoid[39m _([35m0[39m)[33m;[39m[36mlet[39m w[33m=[39m[35m0[39m[33m;[39m[36mconst[39m [33mP[39m[33m=[39m[36mnew[39m [33mMap[39m(k[33m.[39mmap([33mI[39m[33m=>[39m{[36mconst[39m{id[33m:[39m[33mL[39m[33m,[39m[33m...[39m[33mR[39m}[33m=[39m[33mI[39m[33m;[39m[36mreturn[39m[[33mL[39m[33m,[39m[33mR[39m]}))[33m;[39m[33mS[39m[33m.[39mforEach(([33mI[39m[33m,[39m[33mL[39m)[33m=>[39m{[36mconst[39m [33mR[39m[33m=[39m[33mP[39m[33m.[39m[36mget[39m([33mL[39m)[33m;[39m[36mif[39m([33mR[39m)[36mfor[39m([36mconst[39m [33mH[39m [36mof[39m m)[33mR[39m[[33mH[39m][33m!==[39m[33mI[39m[[33mH[39m][33m&&[39mw[33m++[39m})[33m,[39m_(w)}[33m,[39m[m])[33m,[39m[33mN[39m[33m=[39m$(k[33m=>[39m{v(k[33m,[39mg[33m.[39mcurrent)[33m,[39mf(k)}[33m,[39m[v])[33m,[39mx[33m=[39m$(()[33m=>[39m{_([35m0[39m)[33m,[39mg[33m.[39mcurrent[33m&&[39mf([33mArray[39m[33m.[39m[36mfrom[39m(g[33m.[39mcurrent[33m.[39mvalues()))}[33m,[39m[])[33m,[39m[33mC[39m[33m=[39m$(()[33m=>[39m{o(e[33m.[39mname[33m,[39m[32m"EditableTable"[39m[33m,[39me[33m.[39mname[33m,[39mu(b))[33m,[39ml([32m"Save Changes"[39m[33m,[39m[32m"User wants to save the table changes"[39m[33m,[39me[33m.[39mname)[33m,[39m_([35m0[39m)[33m,[39mg[33m.[39mcurrent[33m=[39m[36mnew[39m [33mMap[39m(b[33m.[39mmap(k[33m=>[39m[k[33m.[39mid[33m,[39mk]))}[33m,[39m[e[33m.[39mname[33m,[39mb[33m,[39mu[33m,[39mo[33m,[39ml])[33m;[39m[36mreturn[39m p([33mQ[39m[33m,[39m{children[33m:[39m[t(nu[33m,[39m{data[33m:[39mb[33m,[39mcolumns[33m:[39mn[33m,[39monDataChange[33m:[39m[33mN[39m[33m,[39m[33m...[39mi})[33m,[39my[33m>[39m[35m0[39m[33m&&[39mp([32m"div"[39m[33m,[39m{className[33m:[39m[32m"c1-editable-table-changes-container"[39m[33m,[39mchildren[33m:[39m[p([32m"div"[39m[33m,[39m{className[33m:[39m[32m"c1-editable-table-changes-count"[39m[33m,[39mchildren[33m:[39m[y[33m,[39m[32m" changes made"[39m]})[33m,[39mp([32m"div"[39m[33m,[39m{className[33m:[39m[32m"c1-editable-table-changes-buttons"[39m[33m,[39mchildren[33m:[39m[t(we[33m,[39m{onClick[33m:[39mx[33m,[39mvariant[33m:[39m[32m"secondary"[39m[33m,[39msize[33m:[39m[32m"small"[39m[33m,[39miconLeft[33m:[39mt([33mQc[39m[33m,[39m{size[33m:[39m[35m16[39m})[33m,[39mchildren[33m:[39m[32m"Reset"[39m})[33m,[39mt(we[33m,[39m{onClick[33m:[39m[33mC[39m[33m,[39mvariant[33m:[39m[32m"primary"[39m[33m,[39msize[33m:[39m[32m"small"[39m[33m,[39miconLeft[33m:[39mt([33mYe[39m[33m,[39m{size[33m:[39m[35m16[39m})[33m,[39mchildren[33m:[39m[32m"Save Changes"[39m})]})]})]})}[33m,[39mschema[33m:[39m[36mas[39m[33m,[39misBaseComponent[33m:[39m[33m![39m[35m0[39m}[33m,[39m[33mSlider[39m[33m:[39m{component[33m:[39me[33m=>[39m{[36mconst[39m{label[33m:[39ma[33m,[39mname[33m:[39mn[33m,[39mvariant[33m:[39mi[33m,[39mmin[33m:[39mo[33m=[39m[35m0[39m[33m,[39mmax[33m:[39ms[33m=[39m[35m100[39m[33m,[39mstep[33m:[39ml[33m,[39mdefaultValue[33m:[39mc[33m,[39m[33m...[39md}[33m=[39me[33m,[39m[m[33m,[39mh][33m=[39m[33mF[39m(c[33m?[39m[33m?[39m[o])[33m,[39m{min[33m:[39mu[33m,[39mmax[33m:[39mg}[33m=[39mne(()[33m=>[39m{[36mconst[39m[k[33m,[39m[33mS[39m][33m=[39mm[33m,[39mw[33m=[39m[33mI[39m[33m=>[39misNaN([33mI[39m)[33m?[39m[32m"Invalid number"[39m[33m:[39m[33mI[39m[33m<[39m[33mo[39m[33m||[39m[33mI[39m[33m>[39ms[33m?[39m[32m`Value must be between ${o} and ${s}`[39m[33m:[39m[32m""[39m[33m,[39m[33mP[39m[33m=[39m{min[33m:[39mw(k)[33m,[39mmax[33m:[39mw([33mS[39m)}[33m;[39m[36mreturn[39m m[33m.[39mlength[33m>[39m[35m1[39m[33m&&[39mk[33m>[39m[33mS[39m[33m&&[39m([33mP[39m[33m.[39mmin[33m=[39m[32m"Min must be less than max"[39m)[33m,[39m[33mP[39m}[33m,[39m[m[33m,[39mo[33m,[39ms])[33m,[39mb[33m=[39m[33mD[39m(d[33m==[39m[36mnull[39m[33m?[39m[36mvoid[39m [35m0[39m[33m:[39md[33m.[39monValueCommit)[33m;[39mb[33m.[39mcurrent[33m=[39md[33m.[39monValueCommit[33m;[39m[36mconst[39m f[33m=[39mne(()[33m=>[39mpd(k[33m=>[39m{[36mvar[39m [33mS[39m[33m;[39m([33mS[39m[33m=[39mb[33m.[39mcurrent)[33m==[39m[36mnull[39m[33m||[39m[33mS[39m[33m.[39mcall(b[33m,[39mk)}[33m,[39m[35m200[39m)[33m,[39m[])[33m;[39m[33mV[39m(()[33m=>[39m()[33m=>[39m{f[33m.[39mflush()}[33m,[39m[f])[33m;[39m[36mconst[39m y[33m=[39m$(k[33m=>[39m{h(k)[33m,[39mf(k)}[33m,[39m[f])[33m;[39m[33mV[39m(()[33m=>[39m{h(c[33m?[39m[33m?[39m[o])}[33m,[39m[c[33m,[39mo])[33m;[39m[36mconst[39m _[33m=[39mm[33m.[39mlength[33m>[39m[35m1[39m[33m,[39mv[33m=[39mi[33m===[39m[32m"discrete"[39m[33m,[39m[33mN[39m[33m=[39mv[33m?[39ml[33m?[39m[33m?[39m[35m1[39m[33m:[39m[33mMath[39m[33m.[39mmax([35m1[39m[33m,[39ml[33m?[39m[33m?[39m[35m1[39m)[33m,[39mx[33m=[39mne(()[33m=>[39m{[36mif[39m(v){[36mconst[39m k[33m=[39m[33mArray[39m[33m.[39m[36mfrom[39m({length[33m:[39m[33mMath[39m[33m.[39mfloor((s[33m-[39mo)[33m/[39m[33mN[39m)[33m+[39m[35m1[39m}[33m,[39m([33mS[39m[33m,[39mw)[33m=>[39mo[33m+[39mw[33m*[39m[33mN[39m)[33m;[39m[36mreturn[39m t([32m"div"[39m[33m,[39m_[33m?[39m{className[33m:[39m[32m"c1-slider-block__controls is-range"[39m[33m,[39mchildren[33m:[39mp([32m"div"[39m[33m,[39m{className[33m:[39m[32m"c1-slider-block__validated-select-container"[39m[33m,[39mchildren[33m:[39m[p(ea[33m,[39m{value[33m:[39m[33mString[39m(m[[35m0[39m])[33m,[39monValueChange[33m:[39m[33mS[39m[33m=>[39my([[33mNumber[39m([33mS[39m)[33m,[39mm[[35m1[39m][33m?[39m[33m?[39ms][33m.[39msort((w[33m,[39m[33mP[39m)[33m=>[39mw[33m-[39m[33mP[39m))[33m,[39mchildren[33m:[39m[t([33mPa[39m[33m,[39m{children[33m:[39mt([33mIa[39m[33m,[39m{})})[33m,[39mt(ta[33m,[39m{children[33m:[39mk[33m.[39mfilter([33mS[39m[33m=>[39m[33mS[39m[33m<[39m(m[[35m1[39m][33m?[39m[33m?[39ms))[33m.[39mmap([33mS[39m[33m=>[39mt([33mQt[39m[33m,[39m{value[33m:[39m[33mString[39m([33mS[39m)[33m,[39mchildren[33m:[39m[33mS[39m}[33m,[39m[33mS[39m))})]})[33m,[39mt([32m"div"[39m[33m,[39m{className[33m:[39m[32m"c1-slider-block__separator"[39m})[33m,[39mp(ea[33m,[39m{value[33m:[39m[33mString[39m(m[[35m1[39m])[33m,[39monValueChange[33m:[39m[33mS[39m[33m=>[39my([m[[35m0[39m][33m?[39m[33m?[39mo[33m,[39m[33mNumber[39m([33mS[39m)][33m.[39msort((w[33m,[39m[33mP[39m)[33m=>[39mw[33m-[39m[33mP[39m))[33m,[39mchildren[33m:[39m[t([33mPa[39m[33m,[39m{children[33m:[39mt([33mIa[39m[33m,[39m{})})[33m,[39mt(ta[33m,[39m{children[33m:[39mk[33m.[39mfilter([33mS[39m[33m=>[39m[33mS[39m[33m>[39m(m[[35m0[39m][33m?[39m[33m?[39mo))[33m.[39mmap([33mS[39m[33m=>[39mt([33mQt[39m[33m,[39m{value[33m:[39m[33mString[39m([33mS[39m)[33m,[39mchildren[33m:[39m[33mS[39m}[33m,[39m[33mS[39m))})]})]})}[33m:[39m{className[33m:[39m[32m"c1-slider-block__controls is-single"[39m[33m,[39mchildren[33m:[39mp(ea[33m,[39m{value[33m:[39m[33mString[39m(m[[35m0[39m])[33m,[39monValueChange[33m:[39m[33mS[39m[33m=>[39my([[33mNumber[39m([33mS[39m)])[33m,[39mchildren[33m:[39m[t([33mPa[39m[33m,[39m{children[33m:[39mt([33mIa[39m[33m,[39m{})})[33m,[39mt(ta[33m,[39m{children[33m:[39mk[33m.[39mmap([33mS[39m[33m=>[39mt([33mQt[39m[33m,[39m{value[33m:[39m[33mString[39m([33mS[39m)[33m,[39mchildren[33m:[39m[33mS[39m}[33m,[39m[33mS[39m))})]})})}[36mreturn[39m p([32m"div"[39m[33m,[39m_[33m?[39m{className[33m:[39m[32m"c1-slider-block__controls c1-slider-block__controls--inputs is-range"[39m[33m,[39mchildren[33m:[39m[p([32m"div"[39m[33m,[39m{className[33m:[39m[32m"c1-slider-block__validated-input-container"[39m[33m,[39mchildren[33m:[39m[t(kr[33m,[39m{value[33m:[39mm[[35m0[39m][33m?[39m[33m?[39mo[33m,[39monChange[33m:[39mk[33m=>[39my([k[33m,[39mm[[35m1[39m][33m?[39m[33m?[39ms])[33m,[39merror[33m:[39mu})[33m,[39mt([32m"div"[39m[33m,[39m{className[33m:[39m[32m"c1-slider-block__separator"[39m})[33m,[39mt(kr[33m,[39m{value[33m:[39mm[[35m1[39m][33m?[39m[33m?[39ms[33m,[39monChange[33m:[39mk[33m=>[39my([m[[35m0[39m][33m?[39m[33m?[39mo[33m,[39mk])[33m,[39merror[33m:[39mg})]})[33m,[39m(u[33m||[39mg)[33m&&[39mp([32m"div"[39m[33m,[39m{className[33m:[39m[32m"c1-slider-block__error-message"[39m[33m,[39mchildren[33m:[39m[t(sa[33m,[39m{size[33m:[39m[35m14[39m})[33m,[39m[32m" "[39m[33m,[39mu[33m||[39mg]})]}[33m:[39m{className[33m:[39m[32m"c1-slider-block__controls c1-slider-block__controls--inputs is-single"[39m[33m,[39mchildren[33m:[39m[t(kr[33m,[39m{value[33m:[39mm[[35m0[39m][33m?[39m[33m?[39mo[33m,[39monChange[33m:[39mk[33m=>[39my([k])[33m,[39merror[33m:[39mu})[33m,[39mu[33m&&[39mp([32m"div"[39m[33m,[39m{className[33m:[39m[32m"c1-slider-block__error-message"[39m[33m,[39mchildren[33m:[39m[t(sa[33m,[39m{size[33m:[39m[35m14[39m})[33m,[39mu]})]})}[33m,[39m[v[33m,[39m_[33m,[39mm[33m,[39mo[33m,[39ms[33m,[39m[33mN[39m[33m,[39mu[33m,[39mg[33m,[39my])[33m;[39m[36mreturn[39m p([32m"div"[39m[33m,[39m{className[33m:[39m[32m"c1-slider-block"[39m[33m,[39mchildren[33m:[39m[p([32m"div"[39m[33m,[39m{className[33m:[39m[33mT[39m([32m"c1-slider-block__header"[39m[33m,[39m{[32m"c1-slider-block__header--with-error"[39m[33m:[39m[33m![39mv[33m&&[39m(_[33m?[39m[33m![39m[33m![39m(u[33m||[39mg)[33m:[39m[33m![39m[33m![39mu)})[33m,[39mchildren[33m:[39m[t([32m"span"[39m[33m,[39m{className[33m:[39m[32m"c1-slider-block__label"[39m[33m,[39mchildren[33m:[39ma})[33m,[39mx]})[33m,[39mt([32m"div"[39m[33m,[39m{className[33m:[39m[32m"c1-slider-block__content"[39m[33m,[39mchildren[33m:[39mt(xc[33m,[39m{[33m...[39md[33m,[39mvalue[33m:[39mm[33m,[39monValueChange[33m:[39mk[33m=>[39m{y([[33m...[39mk][33m.[39msort(([33mS[39m[33m,[39mw)[33m=>[39m[33mS[39m[33m-[39mw))}[33m,[39mmin[33m:[39mo[33m,[39mmax[33m:[39ms[33m,[39mstep[33m:[39m[33mN[39m[33m,[39mvariant[33m:[39mi[33m,[39mname[33m:[39mn})})]})}[33m,[39mschema[33m:[39mzo[33m,[39misBaseComponent[33m:[39m[33m![39m[35m0[39m[33m,[39m[33mExtraProps[39m[33m:[39me[33m=>[39m{[36mconst[39m{updateContext[33m:[39ma[33m,[39mgetFormFieldValue[33m:[39mn[33m,[39mformContext[33m:[39mi}[33m=[39me[33m.[39mhooks[33m,[39mo[33m=[39mi[33m==[39m[36mnull[39m[33m?[39m[36mvoid[39m [35m0[39m[33m:[39mi[33m.[39mformName[33m,[39ms[33m=[39me[33m.[39mprops[33m.[39mname[33m,[39ml[33m=[39me[33m.[39mprops[33m.[39mdefaultValue[33m,[39mc[33m=[39mn(o[33m,[39ms)[33m;[39m[33mKe[39m({formName[33m:[39mo[33m,[39mcomponentType[33m:[39m[32m"Slider"[39m[33m,[39mname[33m:[39ms[33m,[39mexistingValue[33m:[39mc[33m,[39mdefaultValue[33m:[39ml})[33m;[39m[36mconst[39m d[33m=[39mc[33m!==[39m[36mvoid[39m [35m0[39m[33m?[39mc[33m:[39ml[33m.[39mlength[33m===[39m[35m0[39m[33m?[39m[36mvoid[39m [35m0[39m[33m:[39ml[33m;[39m[36mreturn[39m{[33m...[39md[33m&&[39m{defaultValue[33m:[39md}[33m,[39monValueCommit[33m:[39mm[33m=>[39m{aa(m[33m,[39md)[33m||[39m(a(o[33m,[39m[32m"Slider"[39m[33m,[39ms[33m,[39mm)[33m,[39mi[33m!=[39m[36mnull[39m[33m&&[39mi[33m.[39mvalidateField[33m&&[39me[33m.[39mprops[33m.[39mrules[33m&&[39mi[33m.[39mvalidateField(s[33m,[39mm[33m,[39me[33m.[39mprops[33m.[39mrules))}}}}[33m,[39m[33mLineChart[39m[33m:[39m{deprecated[33m:[39m[33m![39m[35m0[39m[33m,[39mcomponent[33m:[39m[33mY[39m([33mHc[39m)[33m,[39mschema[33m:[39m[33mJa[39m[33m,[39misBaseComponent[33m:[39m[33m![39m[35m0[39m[33m,[39m[33mExtraProps[39m[33m:[39me[33m=>[39m{[36mconst[39m{isStreaming[33m:[39ma}[33m=[39me[33m.[39mhooks[33m||[39m{}[33m;[39m[36mreturn[39m{isAnimationActive[33m:[39ma[33m,[39mtheme[33m:[39m[32m"vivid"[39m}}}[33m,[39m[33mPieChart[39m[33m:[39m{deprecated[33m:[39m[33m![39m[35m0[39m[33m,[39mcomponent[33m:[39m[33mY[39m(zn)[33m,[39mschema[33m:[39m[33mQa[39m[33m,[39misBaseComponent[33m:[39m[33m![39m[35m0[39m[33m,[39m[33mExtraProps[39m[33m:[39me[33m=>[39m{[36mconst[39m{isStreaming[33m:[39ma}[33m=[39me[33m.[39mhooks[33m||[39m{}[33m;[39m[36mreturn[39m{isAnimationActive[33m:[39ma[33m,[39mtheme[33m:[39m[32m"vivid"[39m}}}[33m,[39m[33mRadarChart[39m[33m:[39m{deprecated[33m:[39m[33m![39m[35m0[39m[33m,[39mcomponent[33m:[39m[33mY[39m(xm)[33m,[39mschema[33m:[39mer[33m,[39misBaseComponent[33m:[39m[33m![39m[35m0[39m[33m,[39m[33mExtraProps[39m[33m:[39me[33m=>[39m{[36mconst[39m{isStreaming[33m:[39ma}[33m=[39me[33m.[39mhooks[33m||[39m{}[33m;[39m[36mreturn[39m{isAnimationActive[33m:[39ma[33m,[39mtheme[33m:[39m[32m"vivid"[39m}}}[33m,[39m[33mRadialChart[39m[33m:[39m{deprecated[33m:[39m[33m![39m[35m0[39m[33m,[39mcomponent[33m:[39m[33mY[39m([33mCm[39m)[33m,[39mschema[33m:[39mtr[33m,[39misBaseComponent[33m:[39m[33m![39m[35m0[39m[33m,[39m[33mExtraProps[39m[33m:[39me[33m=>[39m{[36mconst[39m{isStreaming[33m:[39ma}[33m=[39me[33m.[39mhooks[33m||[39m{}[33m;[39m[36mreturn[39m{isAnimationActive[33m:[39ma[33m,[39mtheme[33m:[39m[32m"vivid"[39m}}}[33m,[39m[33mBarChart[39m[33m:[39m{deprecated[33m:[39m[33m![39m[35m0[39m[33m,[39mcomponent[33m:[39m[33mY[39m([33mVc[39m)[33m,[39mschema[33m:[39m[33mGa[39m[33m,[39misBaseComponent[33m:[39m[33m![39m[35m0[39m[33m,[39m[33mExtraProps[39m[33m:[39me[33m=>[39m{[36mconst[39m{isStreaming[33m:[39ma}[33m=[39me[33m.[39mhooks[33m||[39m{}[33m;[39m[36mreturn[39m{isAnimationActive[33m:[39ma[33m,[39mtheme[33m:[39m[32m"sunset"[39m}}}[33m,[39m[33mAreaChart[39m[33m:[39m{deprecated[33m:[39m[33m![39m[35m0[39m[33m,[39mcomponent[33m:[39m[33mY[39m(jc)[33m,[39mschema[33m:[39m[33mYa[39m[33m,[39misBaseComponent[33m:[39m[33m![39m[35m0[39m[33m,[39m[33mExtraProps[39m[33m:[39me[33m=>[39m{[36mconst[39m{isStreaming[33m:[39ma}[33m=[39me[33m.[39mhooks[33m||[39m{}[33m;[39m[36mreturn[39m{isAnimationActive[33m:[39ma[33m,[39mtheme[33m:[39m[32m"vivid"[39m}}}[33m,[39m[33mLineChartV2[39m[33m:[39m{component[33m:[39mot([33mGm[39m[33m,[39m[32m"2d"[39m[33m,[39m[32m"LineChartV2"[39m)[33m,[39mschema[33m:[39mfo[33m,[39misBaseComponent[33m:[39m[33m![39m[35m0[39m[33m,[39m[33mExtraProps[39m[33m:[39me[33m=>[39m{[36mconst[39m{isStreaming[33m:[39ma}[33m=[39me[33m.[39mhooks[33m||[39m{}[33m;[39m[36mreturn[39m{isAnimationActive[33m:[39ma[33m,[39mtheme[33m:[39m[32m"vivid"[39m[33m,[39mcategoryKey[33m:[39m[32m"category"[39m}}}[33m,[39m[33mPieChartV2[39m[33m:[39m{component[33m:[39mot(zn[33m,[39m[32m"1d"[39m[33m,[39m[32m"PieChartV2"[39m)[33m,[39mschema[33m:[39mbo[33m,[39misBaseComponent[33m:[39m[33m![39m[35m0[39m[33m,[39m[33mExtraProps[39m[33m:[39me[33m=>[39m{[36mconst[39m{isStreaming[33m:[39ma}[33m=[39me[33m.[39mhooks[33m||[39m{}[33m;[39m[36mreturn[39m{isAnimationActive[33m:[39ma[33m,[39mtheme[33m:[39m[32m"vivid"[39m[33m,[39mdataKey[33m:[39m[32m"value"[39m[33m,[39mcategoryKey[33m:[39m[32m"category"[39m}}}[33m,[39m[33mRadarChartV2[39m[33m:[39m{component[33m:[39mot([33mQm[39m[33m,[39m[32m"2d"[39m[33m,[39m[32m"RadarChartV2"[39m)[33m,[39mschema[33m:[39myo[33m,[39misBaseComponent[33m:[39m[33m![39m[35m0[39m[33m,[39m[33mExtraProps[39m[33m:[39me[33m=>[39m{[36mconst[39m{isStreaming[33m:[39ma}[33m=[39me[33m.[39mhooks[33m||[39m{}[33m;[39m[36mreturn[39m{isAnimationActive[33m:[39ma[33m,[39mtheme[33m:[39m[32m"vivid"[39m[33m,[39mcategoryKey[33m:[39m[32m"category"[39m}}}[33m,[39m[33mRadialChartV2[39m[33m:[39m{component[33m:[39mot(tp[33m,[39m[32m"1d"[39m[33m,[39m[32m"RadialChartV2"[39m)[33m,[39mschema[33m:[39mvo[33m,[39misBaseComponent[33m:[39m[33m![39m[35m0[39m[33m,[39m[33mExtraProps[39m[33m:[39me[33m=>[39m{[36mconst[39m{isStreaming[33m:[39ma}[33m=[39me[33m.[39mhooks[33m||[39m{}[33m;[39m[36mreturn[39m{isAnimationActive[33m:[39ma[33m,[39mtheme[33m:[39m[32m"vivid"[39m[33m,[39mdataKey[33m:[39m[32m"value"[39m[33m,[39mcategoryKey[33m:[39m[32m"category"[39m}}}[33m,[39m[33mBarChartV2[39m[33m:[39m{component[33m:[39mot([33mZm[39m[33m,[39m[32m"2d"[39m[33m,[39m[32m"BarChartV2"[39m)[33m,[39mschema[33m:[39m_o[33m,[39misBaseComponent[33m:[39m[33m![39m[35m0[39m[33m,[39m[33mExtraProps[39m[33m:[39me[33m=>[39m{[36mconst[39m{isStreaming[33m:[39ma}[33m=[39me[33m.[39mhooks[33m||[39m{}[33m;[39m[36mreturn[39m{isAnimationActive[33m:[39ma[33m,[39mtheme[33m:[39m[32m"sunset"[39m[33m,[39mcategoryKey[33m:[39m[32m"category"[39m}}}[33m,[39m[33mAreaChartV2[39m[33m:[39m{component[33m:[39mot([33mKm[39m[33m,[39m[32m"2d"[39m[33m,[39m[32m"AreaChartV2"[39m)[33m,[39mschema[33m:[39mgo[33m,[39misBaseComponent[33m:[39m[33m![39m[35m0[39m[33m,[39m[33mExtraProps[39m[33m:[39me[33m=>[39m{[36mconst[39m{isStreaming[33m:[39ma}[33m=[39me[33m.[39mhooks[33m||[39m{}[33m;[39m[36mreturn[39m{isAnimationActive[33m:[39ma[33m,[39mtheme[33m:[39m[32m"vivid"[39m[33m,[39mcategoryKey[33m:[39m[32m"category"[39m}}}[33m,[39m[33mSingleStackedBarChart[39m[33m:[39m{component[33m:[39mot(ko[33m,[39m[32m"1d"[39m[33m,[39m[32m"SingleStackedBarChart"[39m)[33m,[39mschema[33m:[39mxo[33m,[39misBaseComponent[33m:[39m[33m![39m[35m0[39m[33m,[39m[33mExtraProps[39m[33m:[39me[33m=>[39m{[36mconst[39m{isStreaming[33m:[39ma}[33m=[39me[33m.[39mhooks[33m||[39m{}[33m;[39m[36mreturn[39m{isAnimationActive[33m:[39ma[33m,[39mtheme[33m:[39m[32m"vivid"[39m[33m,[39mcategoryKey[33m:[39m[32m"category"[39m[33m,[39mdataKey[33m:[39m[32m"value"[39m}}}[33m,[39m[33mScatterChart[39m[33m:[39m{component[33m:[39mot([33mUc[39m[33m,[39m[32m"scatter"[39m[33m,[39m[32m"ScatterChart"[39m)[33m,[39mschema[33m:[39mwo[33m,[39misBaseComponent[33m:[39m[33m![39m[35m0[39m[33m,[39m[33mExtraProps[39m[33m:[39me[33m=>[39m{[36mconst[39m{isStreaming[33m:[39ma}[33m=[39me[33m.[39mhooks[33m||[39m{}[33m;[39m[36mreturn[39m{isAnimationActive[33m:[39ma[33m,[39mshape[33m:[39m[32m"square"[39m[33m,[39mtheme[33m:[39m[32m"vivid"[39m[33m,[39mcategoryKey[33m:[39m[32m"category"[39m}}}[33m,[39m[33mDatePicker[39m[33m:[39m{component[33m:[39m[33mY[39m([33mEi[39m)[33m,[39mschema[33m:[39m[33mEo[39m[33m,[39misBaseComponent[33m:[39m[33m![39m[35m0[39m[33m,[39m[33mExtraProps[39m[33m:[39me[33m=>[39m{[36mconst[39m{updateContext[33m:[39ma[33m,[39mformContext[33m:[39mn}[33m=[39me[33m.[39mhooks[33m||[39m{}[33m,[39mi[33m=[39mn[33m==[39m[36mnull[39m[33m?[39m[36mvoid[39m [35m0[39m[33m:[39mn[33m.[39mformName[33m,[39mo[33m=[39me[33m.[39mprops[33m.[39mname[33m;[39m[36mlet[39m s[33m;[39me[33m.[39mprops[33m.[39mmode[33m===[39m[32m"single"[39m[33m&&[39me[33m.[39mprops[33m.[39msingleDefaultDate[33m&&[39m(s[33m=[39m{date[33m:[39me[33m.[39mprops[33m.[39msingleDefaultDate[33m,[39mmode[33m:[39m[32m"single"[39m})[33m,[39me[33m.[39mprops[33m.[39mmode[33m===[39m[32m"range"[39m[33m&&[39me[33m.[39mprops[33m.[39mrangeDefaultDates[33m&&[39me[33m.[39mprops[33m.[39mrangeDefaultDates[33m.[39mlength[33m===[39m[35m2[39m[33m&&[39m(s[33m=[39m{dateRange[33m:[39me[33m.[39mprops[33m.[39mrangeDefaultDates[33m,[39mmode[33m:[39m[32m"range"[39m})[33m;[39m[36mconst[39m l[33m=[39me[33m.[39mhooks[33m.[39mgetFormFieldValue(i[33m,[39mo)[33m,[39mc[33m=[39m{}[33m;[39m[36mif[39m(l[33m||[39ms){[36mconst[39m d[33m=[39ml[33m||[39ms[33m;[39md[33m.[39mmode[33m===[39m[32m"single"[39m[33m&&[39md[33m.[39mdate[33m&&[39m(c[33m.[39mselectedSingleDate[33m=[39md[33m.[39mdate)[33m,[39md[33m.[39mmode[33m===[39m[32m"range"[39m[33m&&[39md[33m.[39mdateRange[33m&&[39md[33m.[39mdateRange[33m.[39mlength[33m===[39m[35m2[39m[33m&&[39m(c[33m.[39mselectedRangeDates[33m=[39m{[36mfrom[39m[33m:[39m[36mnew[39m [33mDate[39m(d[33m.[39mdateRange[[35m0[39m])[33m,[39mto[33m:[39m[36mnew[39m [33mDate[39m(d[33m.[39mdateRange[[35m1[39m])})}[36mreturn[39m [33mKe[39m({formName[33m:[39mi[33m,[39mcomponentType[33m:[39m[32m"DatePicker"[39m[33m,[39mname[33m:[39mo[33m,[39mexistingValue[33m:[39ml[33m,[39mdefaultValue[33m:[39ms})[33m,[39m{[33m...[39mc[33m,[39msetSelectedSingleDate[33m:[39md[33m=>[39m{[36mconst[39m m[33m=[39m{mode[33m:[39m[32m"single"[39m[33m,[39mdate[33m:[39md[33m.[39mtoString()}[33m;[39ma(i[33m,[39m[32m"DatePicker"[39m[33m,[39me[33m.[39mprops[33m.[39mname[33m,[39mm)[33m,[39mn[33m!=[39m[36mnull[39m[33m&&[39mn[33m.[39mvalidateField[33m&&[39me[33m.[39mprops[33m.[39mrules[33m&&[39mn[33m.[39mvalidateField(o[33m,[39mm[33m,[39me[33m.[39mprops[33m.[39mrules)}[33m,[39msetSelectedRangeDates[33m:[39md[33m=>[39m{[36mvar[39m h[33m,[39mu[33m;[39m[36mconst[39m m[33m=[39m{mode[33m:[39m[32m"range"[39m[33m,[39mdateRange[33m:[39m[(h[33m=[39md[33m==[39m[36mnull[39m[33m?[39m[36mvoid[39m [35m0[39m[33m:[39md[33m.[39m[36mfrom[39m)[33m==[39m[36mnull[39m[33m?[39m[36mvoid[39m [35m0[39m[33m:[39mh[33m.[39mtoString()[33m,[39m(u[33m=[39md[33m==[39m[36mnull[39m[33m?[39m[36mvoid[39m [35m0[39m[33m:[39md[33m.[39mto)[33m==[39m[36mnull[39m[33m?[39m[36mvoid[39m [35m0[39m[33m:[39mu[33m.[39mtoString()]}[33m;[39ma(i[33m,[39m[32m"DatePickerRange"[39m[33m,[39me[33m.[39mprops[33m.[39mname[33m,[39mm)[33m,[39mn[33m!=[39m[36mnull[39m[33m&&[39mn[33m.[39mvalidateField[33m&&[39me[33m.[39mprops[33m.[39mrules[33m&&[39mn[33m.[39mvalidateField(o[33m,[39mm[33m,[39me[33m.[39mprops[33m.[39mrules)}}}}[33m,[39m[33mFormControl[39m[33m:[39m{component[33m:[39msp[33m,[39mschema[33m:[39m[33mSp[39m[33m,[39misBaseComponent[33m:[39m[33m![39m[35m1[39m}[33m,[39m[33mForm[39m[33m:[39m{component[33m:[39mkh[33m,[39mschema[33m:[39mvt[33m,[39misBaseComponent[33m:[39m[33m![39m[35m0[39m}[33m,[39m[33mCarousel[39m[33m:[39m{component[33m:[39m[33mY[39m([33mXr[39m)[33m,[39mschema[33m:[39mpn[33m,[39misBaseComponent[33m:[39m[33m![39m[35m0[39m[33m,[39mdeprecated[33m:[39m[33m![39m[35m0[39m}[33m,[39m[33mCarouselItem[39m[33m:[39m{component[33m:[39m[33mY[39m([33mYr[39m)[33m,[39mschema[33m:[39m[33mGo[39m[33m,[39misBaseComponent[33m:[39m[33m![39m[35m1[39m[33m,[39mdeprecated[33m:[39m[33m![39m[35m0[39m}[33m,[39m[33mCarouselContent[39m[33m:[39m{component[33m:[39m[33mY[39m([33mZr[39m)[33m,[39mschema[33m:[39m[33mJo[39m[33m,[39misBaseComponent[33m:[39m[33m![39m[35m1[39m[33m,[39mdeprecated[33m:[39m[33m![39m[35m0[39m}[33m,[39m[33mCarouselPrevious[39m[33m:[39m{component[33m:[39m[33mY[39m(wi)[33m,[39mschema[33m:[39mes[33m,[39misBaseComponent[33m:[39m[33m![39m[35m1[39m[33m,[39mdeprecated[33m:[39m[33m![39m[35m0[39m}[33m,[39m[33mCarouselNext[39m[33m:[39m{component[33m:[39m[33mY[39m(vi)[33m,[39mschema[33m:[39mts[33m,[39misBaseComponent[33m:[39m[33m![39m[35m1[39m[33m,[39mdeprecated[33m:[39m[33m![39m[35m0[39m}[33m,[39m[33mCarouselV2[39m[33m:[39m{component[33m:[39mdh[33m,[39mschema[33m:[39msr[33m,[39misBaseComponent[33m:[39m[33m![39m[35m0[39m}[33m,[39m[33mSteps[39m[33m:[39m{component[33m:[39me[33m=>[39m{[36mconst[39m{children[33m:[39ma[33m,[39mheader[33m:[39mn[33m,[39m[33m...[39mi}[33m=[39me[33m;[39m[36mreturn[39m p([32m"div"[39m[33m,[39m{className[33m:[39m[32m"c1-steps-wrapper"[39m[33m,[39mchildren[33m:[39m[n[33m&&[39mt([33mK[39m[33m,[39m{[33m...[39mn[33m,[39mcomponent[33m:[39m[32m"InlineHeader"[39m})[33m,[39mt([33mLr[39m[33m,[39m{[33m...[39mi[33m,[39mchildren[33m:[39ma[33m==[39m[36mnull[39m[33m?[39m[36mvoid[39m [35m0[39m[33m:[39ma[33m.[39mmap((o[33m,[39ms)[33m=>[39mt([33mMr[39m[33m,[39m{title[33m:[39mt([33mEe[39m[33m,[39m{content[33m:[39mo[33m.[39mprops[33m.[39mtitle})[33m,[39mdetails[33m:[39mt([33mK[39m[33m,[39m{[33m...[39mo[33m.[39mprops[33m.[39mdetails})}[33m,[39ms))})]})}[33m,[39mschema[33m:[39mxt[33m,[39misBaseComponent[33m:[39m[33m![39m[35m0[39m}[33m,[39m[33mStepsItem[39m[33m:[39m{component[33m:[39m[33mY[39m(qc)[33m,[39mschema[33m:[39mcs[33m,[39misBaseComponent[33m:[39m[33m![39m[35m1[39m}[33m,[39m[33mCallout[39m[33m:[39m{component[33m:[39me[33m=>[39m{[36mconst[39m{variant[33m:[39ma[33m=[39m[32m"neutral"[39m[33m,[39mtitle[33m:[39mn[33m,[39mdescription[33m:[39mi[33m,[39m[33m...[39mo}[33m=[39me[33m;[39m[36mreturn[39m t(bi[33m,[39m{variant[33m:[39ma[33m,[39mtitle[33m:[39mn[33m,[39mdescription[33m:[39mi[33m,[39micon[33m:[39mt([33mK[39m[33m,[39m{component[33m:[39m[32m"Icon"[39m[33m,[39mprops[33m:[39m{name[33m:[39m{neutral[33m:[39m[32m"info"[39m[33m,[39minfo[33m:[39m[32m"info"[39m[33m,[39mwarning[33m:[39m[32m"circle-alert"[39m[33m,[39msuccess[33m:[39m[32m"circle-check"[39m}[a]}})[33m,[39m[33m...[39mo})}[33m,[39mschema[33m:[39mdn[33m,[39misBaseComponent[33m:[39m[33m![39m[35m0[39m[33m,[39mdeprecated[33m:[39m[33m![39m[35m0[39m}[33m,[39m[33mCalloutV2[39m[33m:[39m{component[33m:[39m[33mY[39m(e[33m=>[39m{[36mconst[39m{title[33m:[39ma[33m,[39mdescription[33m:[39mn[33m,[39mvariant[33m:[39mi[33m,[39m[33m...[39mo}[33m=[39me[33m;[39m[36mreturn[39m p([32m"div"[39m[33m,[39m{className[33m:[39m[33mT[39m([32m"c1-callout-v2"[39m[33m,[39m[33mRh[39m[i])[33m,[39m[33m...[39mo[33m,[39mchildren[33m:[39m[t([32m"span"[39m[33m,[39m{className[33m:[39m[32m"c1-callout-v2-title"[39m[33m,[39mchildren[33m:[39mt([33mEe[39m[33m,[39m{content[33m:[39ma})})[33m,[39mt([32m"span"[39m[33m,[39m{className[33m:[39m[32m"c1-callout-v2-description"[39m[33m,[39mchildren[33m:[39mt([33mEe[39m[33m,[39m{content[33m:[39mn})})]})})[33m,[39mschema[33m:[39mor[33m,[39misBaseComponent[33m:[39m[33m![39m[35m0[39m}[33m,[39m[33mMiniChart[39m[33m:[39m{component[33m:[39m[33mY[39m([33mNh[39m)[33m,[39mschema[33m:[39mns[33m,[39misBaseComponent[33m:[39m[33m![39m[35m0[39m[33m,[39m[33mExtraProps[39m[33m:[39me[33m=>[39m{[36mconst[39m{isStreaming[33m:[39ma}[33m=[39me[33m.[39mhooks[33m||[39m{}[33m;[39m[36mreturn[39m{isAnimationActive[33m:[39ma[33m,[39mtheme[33m:[39m[32m"sunset"[39m}}}[33m,[39m[33mMiniCard[39m[33m:[39m{component[33m:[39m[33mY[39m(e[33m=>[39m{[36mconst[39m{lhs[33m:[39ma[33m,[39mrhs[33m:[39mn[33m,[39m[33m...[39mi}[33m=[39me[33m;[39m[36mreturn[39m p([32m"div"[39m[33m,[39m{className[33m:[39m[32m"c1-mini-card"[39m[33m,[39m[33m...[39mi[33m,[39mchildren[33m:[39m[a[33m&&[39mt([32m"div"[39m[33m,[39m{className[33m:[39m[32m"c1-mini-card-lhs"[39m[33m,[39mchildren[33m:[39ma})[33m,[39mn[33m&&[39mt([32m"div"[39m[33m,[39m{className[33m:[39m[32m"c1-mini-card-rhs"[39m[33m,[39mchildren[33m:[39mn})]})})[33m,[39mschema[33m:[39mls[33m,[39misBaseComponent[33m:[39m[33m![39m[35m0[39m}[33m,[39m[33mProfileTile[39m[33m:[39m{component[33m:[39m[33mY[39m(e[33m=>[39m{[36mconst[39m{title[33m:[39ma[33m,[39mlabel[33m:[39mn[33m,[39mchild[33m:[39mi[33m,[39m[33m...[39mo}[33m=[39me[33m,[39ms[33m=[39mi[33m==[39m[36mnull[39m[33m?[39m[36mvoid[39m [35m0[39m[33m:[39mi[33m.[39mprops[33m,[39ml[33m=[39m[33mT[39m([32m"c1-profile-tile"[39m[33m,[39m{[32m"c1-profile-tile-with-image"[39m[33m:[39m(s[33m==[39m[36mnull[39m[33m?[39m[36mvoid[39m [35m0[39m[33m:[39ms[33m.[39mcomponent)[33m===[39m[32m"Image"[39m[33m,[39m[32m"c1-profile-tile-with-icon"[39m[33m:[39m(s[33m==[39m[36mnull[39m[33m?[39m[36mvoid[39m [35m0[39m[33m:[39ms[33m.[39mcomponent)[33m===[39m[32m"Icon"[39m})[33m;[39m[36mreturn[39m p([32m"div"[39m[33m,[39m{className[33m:[39ml[33m,[39m[33m...[39mo[33m,[39mchildren[33m:[39m[t([32m"div"[39m[33m,[39m{className[33m:[39m[32m"c1-profile-tile-tag-image-container"[39m[33m,[39mchildren[33m:[39m(()[33m=>[39m{[36mif[39m([33m![39mi)[36mreturn[39m [36mnull[39m[33m;[39m[36mif[39m(s[33m.[39mcomponent[33m===[39m[32m"Image"[39m){[36mconst[39m c[33m=[39ms[33m.[39mprops[33m;[39m[36mreturn[39m t([32m"div"[39m[33m,[39m{className[33m:[39m[32m"c1-profile-tile-profile-image"[39m[33m,[39mchildren[33m:[39mt(ut[33m,[39m{src[33m:[39mc[33m.[39msrc[33m,[39malt[33m:[39mc[33m.[39malt[33m,[39maspectRatio[33m:[39m[32m"1:1"[39m})})}[36mif[39m(s[33m.[39mcomponent[33m===[39m[32m"Icon"[39m){[36mconst[39m c[33m=[39ms[33m.[39mprops[33m;[39m[36mreturn[39m t([32m"div"[39m[33m,[39m{className[33m:[39m[32m"c1-profile-tile-icon"[39m[33m,[39mchildren[33m:[39mt(de[33m,[39m{name[33m:[39mc[33m.[39mname[33m,[39mcategory[33m:[39mc[33m.[39mcategory})})}[36mreturn[39m [36mnull[39m})()})[33m,[39mt(gt[33m,[39m{tooltipHeading[33m:[39ma[33m,[39mtooltipContent[33m:[39mn[33m,[39mshowOnlyWhenTruncated[33m:[39m[33m![39m[35m0[39m[33m,[39mchildren[33m:[39mp([32m"div"[39m[33m,[39m{className[33m:[39m[32m"c1-profile-tile-content-container"[39m[33m,[39mchildren[33m:[39m[t([32m"div"[39m[33m,[39m{className[33m:[39m[32m"c1-profile-tile-title"[39m[33m,[39mchildren[33m:[39mt([33mEe[39m[33m,[39m{content[33m:[39ma})})[33m,[39mt([32m"div"[39m[33m,[39m{className[33m:[39m[32m"c1-profile-tile-label"[39m[33m,[39mchildren[33m:[39mt([33mEe[39m[33m,[39m{content[33m:[39mn})})]})})]})})[33m,[39mschema[33m:[39mos[33m,[39misBaseComponent[33m:[39m[33m![39m[35m0[39m}[33m,[39m[33mStats[39m[33m:[39m{component[33m:[39m[33mY[39m(e[33m=>[39m{[36mconst[39m{number[33m:[39ma[33m,[39mlabel[33m:[39mn[33m,[39m[33m...[39mi}[33m=[39me[33m;[39m[36mreturn[39m t(gt[33m,[39m{tooltipHeading[33m:[39ma[33m,[39mtooltipContent[33m:[39mn[33m,[39mshowOnlyWhenTruncated[33m:[39m[33m![39m[35m0[39m[33m,[39mchildren[33m:[39mp([32m"div"[39m[33m,[39m{className[33m:[39m[32m"c1-stats-card"[39m[33m,[39m[33m...[39mi[33m,[39mchildren[33m:[39m[t([32m"div"[39m[33m,[39m{className[33m:[39m[32m"c1-stats-card-revenue"[39m[33m,[39mchildren[33m:[39mt([33mEe[39m[33m,[39m{content[33m:[39ma})})[33m,[39mt([32m"div"[39m[33m,[39m{className[33m:[39m[32m"c1-stats-card-percentage"[39m[33m,[39mchildren[33m:[39mt([33mEe[39m[33m,[39m{content[33m:[39mn})})]})})})[33m,[39mschema[33m:[39mss[33m,[39misBaseComponent[33m:[39m[33m![39m[35m0[39m}[33m,[39m[33mDataTile[39m[33m:[39m{component[33m:[39m[33mY[39m(e[33m=>[39m{[36mconst[39m{amount[33m:[39ma[33m,[39mdescription[33m:[39mn[33m,[39mchild[33m:[39mi[33m,[39m[33m...[39mo}[33m=[39me[33m;[39m[36mreturn[39m p([32m"div"[39m[33m,[39m{className[33m:[39m[32m"c1-data-tile-card"[39m[33m,[39m[33m...[39mo[33m,[39mchildren[33m:[39m[t([32m"div"[39m[33m,[39m{className[33m:[39m[32m"c1-data-tile-card-content"[39m[33m,[39mchildren[33m:[39m(()[33m=>[39m{[36mif[39m([33m![39mi)[36mreturn[39m [36mnull[39m[33m;[39m[36mconst[39m s[33m=[39mi[33m.[39mprops[33m;[39m[36mif[39m(s[33m.[39mcomponent[33m===[39m[32m"Image"[39m){[36mconst[39m l[33m=[39ms[33m.[39mprops[33m;[39m[36mreturn[39m t([32m"div"[39m[33m,[39m{className[33m:[39m[32m"c1-data-tile-card-profile-image"[39m[33m,[39mchildren[33m:[39mt(ut[33m,[39m{src[33m:[39ml[33m.[39msrc[33m,[39malt[33m:[39ml[33m.[39malt[33m,[39maspectRatio[33m:[39m[32m"1:1"[39m})})}[36mif[39m(s[33m.[39mcomponent[33m===[39m[32m"Tag"[39m){[36mconst[39m l[33m=[39ms[33m.[39mprops[33m;[39m[36mreturn[39m t([32m"div"[39m[33m,[39m{className[33m:[39m[32m"c1-data-tile-card-tag"[39m[33m,[39mchildren[33m:[39mt(bt[33m,[39m{text[33m:[39ml[33m.[39mtext[33m,[39micon[33m:[39ml[33m.[39miconName[33m?[39mt(de[33m,[39m{name[33m:[39ml[33m.[39miconName[33m,[39mcategory[33m:[39ml[33m.[39miconCategory})[33m:[39m[36mvoid[39m [35m0[39m[33m,[39msize[33m:[39m[32m"sm"[39m[33m,[39mvariant[33m:[39ml[33m.[39mvariant})})}[36mif[39m(s[33m.[39mcomponent[33m===[39m[32m"Icon"[39m){[36mconst[39m l[33m=[39ms[33m.[39mprops[33m;[39m[36mreturn[39m t([32m"div"[39m[33m,[39m{className[33m:[39m[32m"c1-data-tile-card-icon"[39m[33m,[39mchildren[33m:[39mt(de[33m,[39m{name[33m:[39ml[33m.[39mname[33m,[39mcategory[33m:[39ml[33m.[39mcategory})})}[36mreturn[39m [36mnull[39m})()})[33m,[39mt(gt[33m,[39m{tooltipHeading[33m:[39ma[33m,[39mtooltipContent[33m:[39mn[33m,[39mshowOnlyWhenTruncated[33m:[39m[33m![39m[35m0[39m[33m,[39mchildren[33m:[39mp([32m"div"[39m[33m,[39m{className[33m:[39m[32m"c1-data-tile-card-amount-container"[39m[33m,[39mchildren[33m:[39m[t([32m"div"[39m[33m,[39m{className[33m:[39m[32m"c1-data-tile-card-amount"[39m[33m,[39mchildren[33m:[39mt([33mEe[39m[33m,[39m{content[33m:[39ma})})[33m,[39mt([32m"div"[39m[33m,[39m{className[33m:[39m[32m"c1-data-tile-card-description"[39m[33m,[39mchildren[33m:[39mt([33mEe[39m[33m,[39m{content[33m:[39mn})})]})})]})})[33m,[39mschema[33m:[39mis[33m,[39misBaseComponent[33m:[39m[33m![39m[35m0[39m}[33m,[39m[33mSection[39m[33m:[39m{component[33m:[39me[33m=>[39m{[36mconst[39m{icon[33m:[39ma[33m,[39mtitle[33m:[39mn}[33m=[39me[33m;[39m[36mreturn[39m t([32m"div"[39m[33m,[39m{className[33m:[39m[32m"c1-section"[39m[33m,[39mchildren[33m:[39mp([32m"div"[39m[33m,[39m{className[33m:[39m[32m"c1-section-wrapper"[39m[33m,[39mchildren[33m:[39m[t([33mOe[39m[33m,[39m{orientation[33m:[39m[32m"horizontal"[39m})[33m,[39mp([32m"div"[39m[33m,[39m{className[33m:[39m[32m"c1-section-header"[39m[33m,[39mchildren[33m:[39m[a[33m&&[39mt([32m"div"[39m[33m,[39m{className[33m:[39m[32m"c1-section-header-icon"[39m[33m,[39mchildren[33m:[39mt(de[33m,[39m{name[33m:[39ma[33m,[39msize[33m:[39m[35m18[39m})})[33m,[39mt([32m"div"[39m[33m,[39m{className[33m:[39m[32m"c1-section-header-title"[39m[33m,[39mchildren[33m:[39mn})]})]})})}[33m,[39mschema[33m:[39mps[33m,[39misBaseComponent[33m:[39m[33m![39m[35m0[39m[33m,[39mdeprecated[33m:[39m[33m![39m[35m0[39m}[33m,[39m[33mSectionBlock[39m[33m:[39m{component[33m:[39me[33m=>[39m{[36mconst[39m{sections[33m:[39ma[33m=[39m[][33m,[39misFoldable[33m:[39mn[33m=[39m[33m![39m[35m0[39m[33m,[39m[33m...[39mi}[33m=[39me[33m,[39mo[33m=[39mne(()[33m=>[39ma[33m||[39m[][33m,[39m[a])[33m,[39ms[33m=[39mne(()[33m=>[39m{[36mvar[39m b[33m;[39m[36mreturn[39m(b[33m=[39mo[[35m0[39m])[33m==[39m[36mnull[39m[33m?[39m[36mvoid[39m [35m0[39m[33m:[39mb[33m.[39mvalue}[33m,[39m[o[33m.[39mlength[33m>[39m[35m0[39m])[33m,[39ml[33m=[39m$e()[33m,[39m[c[33m,[39md][33m=[39m[33mF[39m([])[33m,[39mm[33m=[39m[33mD[39m([33m![39m[35m1[39m)[33m,[39mh[33m=[39m[33mD[39m([35m0[39m)[33m,[39mu[33m=[39m[33mD[39m(l)[33m;[39m[33mV[39m(()[33m=>[39m{[36mif[39m(o[33m.[39mlength[33m!==[39m[35m0[39m){[36mif[39m(l[33m&&[39mo[33m.[39mlength[33m>[39mh[33m.[39mcurrent[33m&&[39m[33m![39mm[33m.[39mcurrent){[36mconst[39m b[33m=[39mo[o[33m.[39mlength[33m-[39m[35m1[39m][33m;[39mb[33m!=[39m[36mnull[39m[33m&&[39mb[33m.[39mvalue[33m&&[39m[33m![39mc[33m.[39mincludes(b[33m.[39mvalue)[33m&&[39md(f[33m=>[39m[[33m...[39mf[33m,[39mb[33m.[39mvalue])}[36melse[39m c[33m.[39mlength[33m===[39m[35m0[39m[33m&&[39md(s[33m?[39m[s][33m:[39m[])[33m;[39mh[33m.[39mcurrent[33m=[39mo[33m.[39mlength}}[33m,[39m[o[33m,[39ml])[33m,[39m[33mV[39m(()[33m=>[39m{u[33m.[39mcurrent[33m&&[39m[33m![39ml[33m&&[39m[33m![39mm[33m.[39mcurrent[33m&&[39mo[33m.[39mlength[33m>[39m[35m0[39m[33m&&[39md(s[33m?[39m[s][33m:[39m[])[33m,[39mu[33m.[39mcurrent[33m=[39ml}[33m,[39m[l])[33m;[39m[36mconst[39m g[33m=[39m$(b[33m=>[39m{m[33m.[39mcurrent[33m=[39m[33m![39m[35m0[39m[33m,[39md(b[33m||[39m[])}[33m,[39m[])[33m;[39m[36mreturn[39m n[33m?[39mt([33mWh[39m[33m,[39m{type[33m:[39m[32m"multiple"[39m[33m,[39mvalue[33m:[39mc[33m,[39monValueChange[33m:[39mg[33m,[39m[33m...[39mi[33m,[39mchildren[33m:[39mo[33m.[39mmap((b[33m,[39mf)[33m=>[39m{[36mvar[39m y[33m;[39m[36mreturn[39m p([33mKh[39m[33m,[39m{value[33m:[39mb[33m.[39mvalue[33m,[39mchildren[33m:[39m[t([33mXh[39m[33m,[39m{text[33m:[39mb[33m.[39mtrigger})[33m,[39mt([33mZh[39m[33m,[39m{children[33m:[39m(y[33m=[39mb[33m.[39mcontent)[33m==[39m[36mnull[39m[33m?[39m[36mvoid[39m [35m0[39m[33m:[39my[33m.[39mmap((_[33m,[39mv)[33m=>[39mt([33mK[39m[33m,[39m{[33m...[39m_[33m,[39moverridesProps[33m:[39m[33mXn[39m}[33m,[39m[32m`content-${f}-${v}`[39m))})]}[33m,[39mf)})})[33m:[39mt([33mQ[39m[33m,[39m{children[33m:[39mo[33m.[39mmap((b[33m,[39mf)[33m=>[39m{[36mvar[39m _[33m;[39m[36mif[39m([33m![39mb)[36mreturn[39m [36mnull[39m[33m;[39m[36mconst[39m y[33m=[39m((_[33m=[39mb[33m.[39mcontent)[33m==[39m[36mnull[39m[33m?[39m[36mvoid[39m [35m0[39m[33m:[39m_[33m.[39mmap((v[33m,[39m[33mN[39m)[33m=>[39mt([33mK[39m[33m,[39m{[33m...[39mv[33m,[39moverridesProps[33m:[39m[33mXn[39m}[33m,[39m[32m`content-${f}-${N}`[39m)))[33m?[39m[33m?[39m[36mnull[39m[33m;[39m[36mreturn[39m t([33mYh[39m[33m,[39m{trigger[33m:[39mb[33m.[39mtrigger[33m?[39m[33m?[39m[32m""[39m[33m,[39mchildren[33m:[39my}[33m,[39mf)})})}[33m,[39mschema[33m:[39mhs[33m,[39misBaseComponent[33m:[39m[33m![39m[35m0[39m}[33m,[39m[33mMiniCardBlock[39m[33m:[39m{component[33m:[39m[33mY[39m(e[33m=>[39m{[36mconst[39m{children[33m:[39ma[33m,[39m[33m...[39mn}[33m=[39me[33m;[39m[36mreturn[39m t([32m"div"[39m[33m,[39m{className[33m:[39m[32m"c1-mini-card-block"[39m[33m,[39m[33m...[39mn[33m,[39mchildren[33m:[39ma})})[33m,[39mschema[33m:[39mcr[33m,[39misBaseComponent[33m:[39m[33m![39m[35m0[39m}[33m,[39m[33mLayout[39m[33m:[39m{component[33m:[39m({children[33m:[39me})[33m=>[39m{[36mif[39m([33m![39me)[36mreturn[39m [36mnull[39m[33m;[39m[36mconst[39m{variant[33m:[39ma[33m,[39mrows[33m:[39mn}[33m=[39me[33m;[39m[36mreturn[39m t([32m"div"[39m[33m,[39m{className[33m:[39m[32m"c1-layout-container"[39m[33m,[39mchildren[33m:[39mn[33m.[39mmap((i[33m,[39mo)[33m=>[39m((s[33m,[39ml)[33m=>[39m{[36mswitch[39m(a){[36mcase[39m[32m"L-S"[39m[33m:[39m[36mreturn[39m t(yh[33m,[39m{[33m...[39ms}[33m,[39ml)[33m;[39m[36mcase[39m[32m"S-L"[39m[33m:[39m[36mreturn[39m t(wh[33m,[39m{[33m...[39ms}[33m,[39ml)[33m;[39m[36mcase[39m[32m"M-M"[39m[33m:[39m[36mreturn[39m t(vh[33m,[39m{[33m...[39ms}[33m,[39ml)[33m;[39m[36mdefault[39m[33m:[39m[36mreturn[39m [36mnull[39m}})(i[33m,[39mo))})}[33m,[39mschema[33m:[39mhn[33m,[39misBaseComponent[33m:[39m[33m![39m[35m0[39m}[33m,[39m[33mInlineHeader[39m[33m:[39m{component[33m:[39m[33mIt[39m[33m,[39mschema[33m:[39mbe[33m,[39misBaseComponent[33m:[39m[33m![39m[35m0[39m}[33m,[39m[33mExploreButton[39m[33m:[39m{component[33m:[39miu[33m,[39mschema[33m:[39mnr[33m,[39misBaseComponent[33m:[39m[33m![39m[35m0[39m[33m,[39m[33mExtraProps[39m[33m:[39me[33m=>[39m{[36mconst[39m{onAction[33m:[39ma[33m,[39mformContext[33m:[39mn}[33m=[39me[33m.[39mhooks[33m||[39m{}[33m,[39mi[33m=[39mn[33m==[39m[36mnull[39m[33m?[39m[36mvoid[39m [35m0[39m[33m:[39mn[33m.[39mformName[33m;[39m[36mreturn[39m{onClick[33m:[39m()[33m=>[39m{[36mvar[39m o[33m,[39ms[33m,[39ml[33m,[39mc[33m;[39ma(e[33m.[39mprops[33m.[39mactionLabel[33m,[39m[32m`User clicked on ExploreButton: ${e.props.actionLabel} for option: ${e.props.parentValue}`[39m[33m,[39mi[33m,[39m{type[33m:[39m(s[33m=[39m(o[33m=[39me[33m.[39mprops)[33m==[39m[36mnull[39m[33m?[39m[36mvoid[39m [35m0[39m[33m:[39mo[33m.[39maction)[33m==[39m[36mnull[39m[33m?[39m[36mvoid[39m [35m0[39m[33m:[39ms[33m.[39mtype[33m,[39mparams[33m:[39m((c[33m=[39m(l[33m=[39me[33m.[39mprops)[33m==[39m[36mnull[39m[33m?[39m[36mvoid[39m [35m0[39m[33m:[39ml[33m.[39maction)[33m==[39m[36mnull[39m[33m?[39m[36mvoid[39m [35m0[39m[33m:[39mc[33m.[39mprops)[33m?[39m[33m?[39m{}})}}}}}[33m,[39mus[33m=[39m[36mnew[39m [33mMap[39m([33mObject[39m[33m.[39mkeys([33mMt[39m)[33m.[39mmap(e[33m=>[39m[e[33m.[39mtoLowerCase()[33m,[39me]))[33m,[39msu[33m=[39mgn([33mMt[39m[33m,[39m[32m"Card"[39m[33m,[39m[33m![39m[35m1[39m[33m,[39m[33m![39m[35m1[39m)[33m;[39m[36mvar[39m ra[33m=[39m(e[33m=>[39m(e[33m.[39m[33mPRESENTATION[39m[33m=[39m[32m"presentation"[39m[33m,[39me[33m.[39m[33mREPORT[39m[33m=[39m[32m"report"[39m[33m,[39me[33m.[39m[33mDEFAULT[39m[33m=[39m[32m"default"[39m[33m,[39me))(ra[33m||[39m{})[33m;[39m[36mconst[39m gs[33m=[39m[33mPe[39m[33m.[39mcreateContext({type[33m:[39m[32m"default"[39m[33m,[39mcomponentLibrary[33m:[39m[33mMt[39m})[33m;[39m[36mvar[39m [33mSe[39m[33m=[39m(e[33m=>[39m(e[33m.[39m[33mCARD[39m[33m=[39m[32m"Card"[39m[33m,[39me[33m.[39m[33mPRESENTATION[39m[33m=[39m[32m"Presentation"[39m[33m,[39me[33m.[39m[33mREPORT[39m[33m=[39m[32m"Report"[39m[33m,[39me))([33mSe[39m[33m||[39m{})[33m;[39m[36mconst[39m lu[33m=[39m[33mSd[39m()([33mEd[39m(e[33m=>[39m({activeArtifact[33m:[39m[36mnull[39m[33m,[39museArtifactCounter[33m:[39m[35m0[39m[33m,[39martifacts[33m:[39m{}[33m,[39msetActiveArtifact[33m:[39m(a[33m,[39mn)[33m=>[39m{e(i[33m=>[39m{[36mvar[39m s[33m;[39m[36mconst[39m o[33m=[39m(s[33m=[39mi[33m.[39martifacts[a])[33m==[39m[36mnull[39m[33m?[39m[36mvoid[39m [35m0[39m[33m:[39ms[33m.[39mfind(l[33m=>[39ml[33m.[39mversion[33m===[39mn)[33m;[39mo[33m?[39mi[33m.[39mactiveArtifact[33m=[39m{[33m...[39mo[33m,[39martifactId[33m:[39ma}[33m:[39mconsole[33m.[39merror([32m`Artifact ${a} version ${n} not found`[39m)})}[33m,[39mclearActiveArtifact[33m:[39m()[33m=>[39m{e({activeArtifact[33m:[39m[36mnull[39m})}[33m,[39mregisterArtifact[33m:[39m(a[33m,[39mn[33m,[39mi)[33m=>[39m{e(o[33m=>[39m{[36mconst[39m s[33m=[39m{version[33m:[39mn[33m,[39martifactType[33m:[39mi}[33m;[39mo[33m.[39martifacts[a][33m?[39mo[33m.[39martifacts[a][33m.[39mfind(l[33m=>[39ml[33m.[39mversion[33m===[39mn)[33m||[39mo[33m.[39martifacts[a][33m.[39mpush(s)[33m:[39mo[33m.[39martifacts[a][33m=[39m[s]})}[33m,[39munregisterArtifact[33m:[39m(a[33m,[39mn)[33m=>[39m{e(i[33m=>[39m{i[33m.[39martifacts[a][33m&&[39m(i[33m.[39martifacts[a][33m=[39mi[33m.[39martifacts[a][33m.[39mfilter(o[33m=>[39mo[33m.[39mversion[33m!==[39mn)[33m,[39mi[33m.[39martifacts[a][33m.[39mlength[33m===[39m[35m0[39m[33m&&[39m[36mdelete[39m i[33m.[39martifacts[a])})}[33m,[39mupdateUseArtifactCounter[33m:[39ma[33m=>[39m{e(n[33m=>[39m{n[33m.[39museArtifactCounter[33m+=[39ma})}[33m,[39msetArtifactHTMLNode[33m:[39ma[33m=>[39m{e({artifactHTMLNode[33m:[39ma})}[33m,[39martifactHTMLNode[33m:[39m[36mnull[39m})))[33m,[39mdr[33m=[39me[33m=>[39m[33mTd[39m(lu[33m,[39mda(e))[33m,[39mmr[33m=[39m()[33m=>[39m{[36mconst[39m{isArtifactActive[33m:[39me[33m,[39mupdateUseArtifactCounter[33m:[39ma[33m,[39mactiveArtifact[33m:[39mn}[33m=[39mdr(i[33m=>[39m({isArtifactActive[33m:[39m[33m![39m[33m![39mi[33m.[39mactiveArtifact[33m,[39mupdateUseArtifactCounter[33m:[39mi[33m.[39mupdateUseArtifactCounter[33m,[39mactiveArtifact[33m:[39mi[33m.[39mactiveArtifact}))[33m;[39m[36mreturn[39m [33mV[39m(()[33m=>[39m(a([35m1[39m)[33m,[39m()[33m=>[39m{a([33m-[39m[35m1[39m)})[33m,[39m[a])[33m,[39m{isArtifactActive[33m:[39me[33m,[39mrenderArtifact[33m:[39m$(()[33m=>[39mt(cu[33m,[39m{})[33m,[39m[])[33m,[39mactiveArtifact[33m:[39mn}}[33m,[39m_s[33m=[39m({artifactId[33m:[39me[33m,[39mversion[33m:[39ma})[33m=>[39m{[36mconst[39m{setArtifactActiveInternal[33m:[39mn[33m,[39misArtifactActive[33m:[39mi[33m,[39msetArtifactInactive[33m:[39mo}[33m=[39mdr(c[33m=>[39m{[36mvar[39m d[33m,[39mm[33m;[39m[36mreturn[39m{setArtifactActiveInternal[33m:[39mc[33m.[39msetActiveArtifact[33m,[39msetArtifactInactive[33m:[39mc[33m.[39mclearActiveArtifact[33m,[39misArtifactActive[33m:[39m((d[33m=[39mc[33m.[39mactiveArtifact)[33m==[39m[36mnull[39m[33m?[39m[36mvoid[39m [35m0[39m[33m:[39md[33m.[39martifactId)[33m===[39me[33m&&[39m((m[33m=[39mc[33m.[39mactiveArtifact)[33m==[39m[36mnull[39m[33m?[39m[36mvoid[39m [35m0[39m[33m:[39mm[33m.[39mversion)[33m===[39ma}})[33m,[39ms[33m=[39m$(()[33m=>[39m{n(e[33m,[39ma)}[33m,[39m[e[33m,[39ma[33m,[39mn])[33m,[39ml[33m=[39m[33mD[39m(i)[33m;[39m[36mreturn[39m l[33m.[39mcurrent[33m=[39mi[33m,[39m[33mV[39m(()[33m=>[39m()[33m=>[39m{l[33m.[39mcurrent[33m&&[39mo()}[33m,[39m[o])[33m,[39m{closeArtifact[33m:[39mo[33m,[39mopenArtifact[33m:[39ms[33m,[39misArtifactActive[33m:[39mi}}[33m,[39mcu[33m=[39mq(()[33m=>[39m{[36mconst[39m{activeArtifact[33m:[39me[33m,[39msetArtifactHTMLNodeInternal[33m:[39ma}[33m=[39mdr(i[33m=>[39m({activeArtifact[33m:[39mi[33m.[39mactiveArtifact[33m,[39msetArtifactHTMLNodeInternal[33m:[39mi[33m.[39msetArtifactHTMLNode}))[33m,[39mn[33m=[39m$(i[33m=>[39m{a(i[33m===[39m[36mnull[39m[33m?[39m[36mnull[39m[33m:[39mi[33m.[39mparentElement)}[33m,[39m[a])[33m;[39m[36mreturn[39m e[33m?[39mt([32m"div"[39m[33m,[39m{ref[33m:[39mn[33m,[39mstyle[33m:[39m{display[33m:[39m[32m"none"[39m}})[33m:[39m[36mnull[39m})[33m,[39mfs[33m=[39m({artifactId[33m:[39me[33m,[39mversion[33m:[39ma[33m,[39martifactType[33m:[39mn[33m,[39m[33mComponent[39m[33m:[39mi[33m,[39m[33m...[39mo})[33m=>[39m{[36mconst[39m{registerArtifact[33m:[39ms[33m,[39munregisterArtifact[33m:[39ml[33m,[39misArtifactActive[33m:[39mc[33m,[39mshouldRenderBySelf[33m:[39md[33m,[39martifactHTMLNode[33m:[39mm}[33m=[39mdr(u[33m=>[39m{[36mvar[39m g[33m,[39mb[33m;[39m[36mreturn[39m{shouldRenderBySelf[33m:[39mu[33m.[39museArtifactCounter[33m===[39m[35m0[39m[33m,[39mregisterArtifact[33m:[39mu[33m.[39mregisterArtifact[33m,[39munregisterArtifact[33m:[39mu[33m.[39munregisterArtifact[33m,[39misArtifactActive[33m:[39m((g[33m=[39mu[33m.[39mactiveArtifact)[33m==[39m[36mnull[39m[33m?[39m[36mvoid[39m [35m0[39m[33m:[39mg[33m.[39martifactId)[33m===[39me[33m&&[39m((b[33m=[39mu[33m.[39mactiveArtifact)[33m==[39m[36mnull[39m[33m?[39m[36mvoid[39m [35m0[39m[33m:[39mb[33m.[39mversion)[33m===[39ma[33m,[39martifactHTMLNode[33m:[39mu[33m.[39martifactHTMLNode}})[33m,[39mh[33m=[39mda(u[33m=>[39mu)(o)[33m;[39m[36mreturn[39m [33mV[39m(()[33m=>[39m(s(e[33m,[39ma[33m,[39mn)[33m,[39m()[33m=>[39m{l(e[33m,[39ma)})[33m,[39m[e[33m,[39ma[33m,[39mn[33m,[39ms[33m,[39ml])[33m,[39m(d[33m||[39mm)[33m&&[39mc[33m?[39mt(i[33m,[39m{renderInsideHTMLNode[33m:[39mm[33m,[39m[33m...[39mh})[33m:[39m[36mnull[39m}[33m;[39m[36mvar[39m $t[33m=[39m(e[33m=>[39m(e[33m.[39m[33mAUTO_OPEN[39m[33m=[39m[32m"AUTO_OPEN"[39m[33m,[39me[33m.[39m[33mOPEN_ON_MOUNT[39m[33m=[39m[32m"OPEN_ON_MOUNT"[39m[33m,[39me[33m.[39m[33mOVERVIEW[39m[33m=[39m[32m"OVERVIEW"[39m[33m,[39me))($t[33m||[39m{})[33m;[39m[36mconst[39m bs[33m=[39m[33mIe[39m([36mnull[39m)[33m,[39mdu[33m=[39m({children[33m:[39me[33m,[39mprint[33m:[39ma})[33m=>[39m{[33mV[39m(()[33m=>[39m{window[pu][33m=[39m[32m"true"[39m}[33m,[39m[])[33m;[39m[36mconst[39m n[33m=[39mda(()[33m=>[39ma)([36mvoid[39m [35m0[39m)[33m;[39m[36mreturn[39m p(bs[33m.[39m[33mProvider[39m[33m,[39m{value[33m:[39mn[33m,[39mchildren[33m:[39m[t([32m"style"[39m[33m,[39m{children[33m:[39m[32m`[39m
 [90m   |[39m                                                                                                                                                                                                                                                                                                                                                                                                                                                                                                                                                                                                                                                                                                                                                                                                                                                                                                                                                                                                                                                                                                                                                                                                                                                                                                                                                                                                                                                                                                                                                                                                                                                                                                                                                                                                                                                                                                                                                                                                                                                                                                                                                                                                                                                                                                                                                                                                                                                                                                                                                                                                                                                                                                                                                                                                                                                                                                                                                                                                                                                                                                                                                                                                                                                                                                                                                                                                                                                                                                                                                                                                                                                                                                                                                                                                                                                                                                                                                                                                                                                                                                                                                                                                                                                                                                                                                                                                                                                                                                                                                                                                                                                                                                                                                                                                          [31m[1m^[22m[39m[31m[1m^[22m[39m[31m[1m^[22m[39m[31m[1m^[22m[39m[31m[1m^[22m[39m[31m[1m^[22m[39m[31m[1m^[22m[39m[31m[1m^[22m[39m[31m[1m^[22m[39m[31m[1m^[22m[39m[31m[1m^[22m[39m[31m[1m^[22m[39m[31m[1m^[22m[39m[31m[1m^[22m[39m[31m[1m^[22m[39m[31m[1m^[22m[39m[31m[1m^[22m[39m[31m[1m^[22m[39m[31m[1m^[22m[39m[31m[1m^[22m[39m[31m[1m^[22m[39m[31m[1m^[22m[39m[31m[1m^[22m[39m[31m[1m^[22m[39m[31m[1m^[22m[39m[31m[1m^[22m[39m[31m[1m^[22m[39m[31m[1m^[22m[39m[31m[1m^[22m[39m[31m[1m^[22m[39m[31m[1m^[22m[39m[31m[1m^[22m[39m[31m[1m^[22m[39m[31m[1m^[22m[39m[31m[1m^[22m[39m[31m[1m^[22m[39m[31m[1m^[22m[39m[31m[1m^[22m[39m[31m[1m^[22m[39m[31m[1m^[22m[39m[31m[1m^[22m[39m[31m[1m^[22m[39m[31m[1m^[22m[39m[31m[1m^[22m[39m[31m[1m^[22m[39m[31m[1m^[22m[39m[31m[1m^[22m[39m[31m[1m^[22m[39m[31m[1m^[22m[39m[31m[1m^[22m[39m[31m[1m^[22m[39m[31m[1m^[22m[39m
 [90m 2 |[39m [32m        body>:not(.${_n}) {[39m
 [90m 3 |[39m [32m          display: none;[39m
 [90m 4 |[39m [32m        }[39m[0m



Import trace:
  Server Component:
    ./node_modules/@thesysai/genui-sdk/dist/index.js
    ./src/app/c1thesys/page.tsx

https://nextjs.org/docs/messages/module-not-found


    at ./node_modules/ (crayonai/react-core/dist/stream/processStreamedMessage.js:7:18)
    at <unknown> (https://nextjs.org/docs/messages/module-not-found)
    at ./node_modules/ (crayonai/react-core/dist/hooks/useThreadActions.js:4:19)
    at <unknown> (https://nextjs.org/docs/messages/module-not-found)
    at ./node_modules/ (crayonai/react-core/dist/hooks/useThreadListActions.js:4:19)
    at <unknown> (https://nextjs.org/docs/messages/module-not-found)
    at ./node_modules/ (crayonai/react-core/dist/hooks/useThreadListState.js:4:19)
    at <unknown> (https://nextjs.org/docs/messages/module-not-found)
    at ./node_modules/ (crayonai/react-core/dist/hooks/useThreadManagerSelector.js:4:19)
    at <unknown> (https://nextjs.org/docs/messages/module-not-found)
    at ./node_modules/ (crayonai/react-core/dist/hooks/useThreadState.js:4:19)
    at <unknown> (https://nextjs.org/docs/messages/module-not-found)
    at ./node_modules/ (crayonai/react-core/dist/internal/useThreadListManagerStore.js:5:19)
    at <unknown> (https://nextjs.org/docs/messages/module-not-found)
    at ./node_modules/ (crayonai/react-core/dist/internal/useThreadManagerStore.js:5:19)
    at <unknown> (https://nextjs.org/docs/messages/module-not-found)
    at ./node_modules/ (crayonai/react-core/dist/useThreadListManager.js:5:19)
    at <unknown> (https://nextjs.org/docs/messages/module-not-found)
    at ./node_modules/ (crayonai/react-core/dist/useThreadManager.js:5:19)
    at <unknown> (https://nextjs.org/docs/messages/module-not-found)
    at ./node_modules/ (crayonai/react-ui/dist/components/Shell/store.js:3:1)
    at <unknown> (https://nextjs.org/docs/messages/module-not-found)
    at ./node_modules/ (thesysai/genui-sdk/dist/index.js:1:4670)
    at <unknown> (https://nextjs.org/docs/messages/module-not-found)
    at ./node_modules/ (thesysai/genui-sdk/dist/index.js:1:4724)
    at <unknown> (https://nextjs.org/docs/messages/module-not-found)
    at ./node_modules/ (crayonai/react-core/dist/hooks/useMessage.js:6:19)
    at <unknown> (https://nextjs.org/docs/messages/module-not-found)
    at ./node_modules/ (crayonai/react-core/dist/hooks/useThreadManagerSelector.js:5:19)
    at <unknown> (https://nextjs.org/docs/messages/module-not-found)
    at ./node_modules/ (crayonai/react-ui/dist/components/Shell/store.js:4:1)
    at <unknown> (https://nextjs.org/docs/messages/module-not-found)
    at ./node_modules/ (crayonai/react-ui/dist/components/ThemeProvider/ThemeProvider.js:3:1)
    at <unknown> (https://nextjs.org/docs/messages/module-not-found)
    at ./node_modules/ (thesysai/genui-sdk/dist/index.js:1:4618)
    at <unknown> (https://nextjs.org/docs/messages/module-not-found)
